cpu-bind=MASK - andreas-h100-1, task  0  0 [3557415]: mask 0xf000000000000000e1 set
Resolved 134 packages in 11ms
Checked 121 packages in 530ms
2026-04-23 18:48:45,059 - nanochat.common - [32m[1mINFO[0m - Distributed world size: 1
[rank0]: Traceback (most recent call last):
[rank0]:   File "/usr/lib/python3.10/runpy.py", line 196, in _run_module_as_main
[rank0]:     return _run_code(code, main_globals, None,
[rank0]:   File "/usr/lib/python3.10/runpy.py", line 86, in _run_code
[rank0]:     exec(code, run_globals)
[rank0]:   File "/data/scratch/medhaven/nanochat/scripts/ablation_train.py", line 280, in <module>
[rank0]:     x, y, dataloader_state_dict = next(train_loader)
[rank0]:   File "/data/scratch/medhaven/nanochat/nanochat/dataloader.py", line 127, in tokenizing_distributed_data_loader_with_state_bos_bestfit
[rank0]:     refill_buffer()
[rank0]:   File "/data/scratch/medhaven/nanochat/nanochat/dataloader.py", line 105, in refill_buffer
[rank0]:     doc_batch, (pq_idx, rg_idx, epoch) = next(batches)
[rank0]:   File "/data/scratch/medhaven/nanochat/nanochat/dataloader.py", line 36, in _document_batches
[rank0]:     assert len(parquet_paths) != 0, "No dataset parquet files found, did you run dataset.py?"
[rank0]: AssertionError: No dataset parquet files found, did you run dataset.py?
[rank0]:[W423 18:48:47.881063418 ProcessGroupNCCL.cpp:1524] Warning: WARNING: destroy_process_group() was not called before program exit, which can leak resources. For more info, please see https://pytorch.org/docs/stable/distributed.html#shutdown (function operator())
E0423 18:48:49.076000 3557488 torch/distributed/elastic/multiprocessing/api.py:882] failed (exitcode: 1) local_rank: 0 (pid: 3557670) of binary: /data/scratch/medhaven/nanochat/.venv/bin/python3
Traceback (most recent call last):
  File "/data/scratch/medhaven/nanochat/.venv/bin/torchrun", line 10, in <module>
    sys.exit(main())
  File "/data/scratch/medhaven/nanochat/.venv/lib/python3.10/site-packages/torch/distributed/elastic/multiprocessing/errors/__init__.py", line 357, in wrapper
    return f(*args, **kwargs)
  File "/data/scratch/medhaven/nanochat/.venv/lib/python3.10/site-packages/torch/distributed/run.py", line 936, in main
    run(args)
  File "/data/scratch/medhaven/nanochat/.venv/lib/python3.10/site-packages/torch/distributed/run.py", line 927, in run
    elastic_launch(
  File "/data/scratch/medhaven/nanochat/.venv/lib/python3.10/site-packages/torch/distributed/launcher/api.py", line 156, in __call__
    return launch_agent(self._config, self._entrypoint, list(args))
  File "/data/scratch/medhaven/nanochat/.venv/lib/python3.10/site-packages/torch/distributed/launcher/api.py", line 293, in launch_agent
    raise ChildFailedError(
torch.distributed.elastic.multiprocessing.errors.ChildFailedError: 
============================================================
scripts.ablation_train FAILED
------------------------------------------------------------
Failures:
  <NO_OTHER_FAILURES>
------------------------------------------------------------
Root Cause (first observed failure):
[0]:
  time      : 2026-04-23_18:48:49
  host      : andreas-h100-1.csail.mit.edu
  rank      : 0 (local_rank: 0)
  exitcode  : 1 (pid: 3557670)
  error_file: <N/A>
  traceback : To enable traceback see: https://pytorch.org/docs/stable/elastic/errors.html
============================================================
