cpu-bind=MASK - andreas-h100-1, task  0  0 [3535740]: mask 0xf000000000000000e01 set
Resolved 134 packages in 10ms
Checked 121 packages in 513ms
2026-04-23 18:35:00,321 - nanochat.common - [32m[1mINFO[0m - Distributed world size: 1
[rank0]: Traceback (most recent call last):
[rank0]:   File "/usr/lib/python3.10/runpy.py", line 196, in _run_module_as_main
[rank0]:     return _run_code(code, main_globals, None,
[rank0]:   File "/usr/lib/python3.10/runpy.py", line 86, in _run_code
[rank0]:     exec(code, run_globals)
[rank0]:   File "/data/scratch/medhaven/nanochat/scripts/ablation_train.py", line 105, in <module>
[rank0]:     tokenizer = get_tokenizer()
[rank0]:   File "/data/scratch/medhaven/nanochat/nanochat/tokenizer.py", line 395, in get_tokenizer
[rank0]:     return RustBPETokenizer.from_directory(tokenizer_dir)
[rank0]:   File "/data/scratch/medhaven/nanochat/nanochat/tokenizer.py", line 195, in from_directory
[rank0]:     with open(pickle_path, "rb") as f:
[rank0]: FileNotFoundError: [Errno 2] No such file or directory: '/data/scratch/medhaven/nanochat/cache/tokenizer/tokenizer.pkl'
[rank0]:[W423 18:35:00.396717227 ProcessGroupNCCL.cpp:1524] Warning: WARNING: destroy_process_group() was not called before program exit, which can leak resources. For more info, please see https://pytorch.org/docs/stable/distributed.html#shutdown (function operator())
E0423 18:35:02.137000 3535831 torch/distributed/elastic/multiprocessing/api.py:882] failed (exitcode: 1) local_rank: 0 (pid: 3536159) of binary: /data/scratch/medhaven/nanochat/.venv/bin/python3
Traceback (most recent call last):
  File "/data/scratch/medhaven/nanochat/.venv/bin/torchrun", line 10, in <module>
    sys.exit(main())
  File "/data/scratch/medhaven/nanochat/.venv/lib/python3.10/site-packages/torch/distributed/elastic/multiprocessing/errors/__init__.py", line 357, in wrapper
    return f(*args, **kwargs)
  File "/data/scratch/medhaven/nanochat/.venv/lib/python3.10/site-packages/torch/distributed/run.py", line 936, in main
    run(args)
  File "/data/scratch/medhaven/nanochat/.venv/lib/python3.10/site-packages/torch/distributed/run.py", line 927, in run
    elastic_launch(
  File "/data/scratch/medhaven/nanochat/.venv/lib/python3.10/site-packages/torch/distributed/launcher/api.py", line 156, in __call__
    return launch_agent(self._config, self._entrypoint, list(args))
  File "/data/scratch/medhaven/nanochat/.venv/lib/python3.10/site-packages/torch/distributed/launcher/api.py", line 293, in launch_agent
    raise ChildFailedError(
torch.distributed.elastic.multiprocessing.errors.ChildFailedError: 
============================================================
scripts.ablation_train FAILED
------------------------------------------------------------
Failures:
  <NO_OTHER_FAILURES>
------------------------------------------------------------
Root Cause (first observed failure):
[0]:
  time      : 2026-04-23_18:35:02
  host      : andreas-h100-1.csail.mit.edu
  rank      : 0 (local_rank: 0)
  exitcode  : 1 (pid: 3536159)
  error_file: <N/A>
  traceback : To enable traceback see: https://pytorch.org/docs/stable/elastic/errors.html
============================================================
