cpu-bind=MASK - andreas-h100-1, task  0  0 [2635715]: mask 0xff00000000000001fe0 set
Resolved 134 packages in 9ms
Checked 121 packages in 548ms
2026-04-24 17:59:29,855 - nanochat.common - [32m[1mINFO[0m - Distributed world size: 2
[rank1]:[E424 18:00:13.511379431 ProcessGroupNCCL.cpp:2057] [PG ID 0 PG GUID 0(default_pg) Rank 1] Process group watchdog thread terminated with exception: CUDA error: an illegal memory access was encountered
Search for `cudaErrorIllegalAddress' in https://docs.nvidia.com/cuda/cuda-runtime-api/group__CUDART__TYPES.html for more information.
CUDA kernel errors might be asynchronously reported at some other API call, so the stacktrace below might be incorrect.
For debugging consider passing CUDA_LAUNCH_BLOCKING=1
Compile with `TORCH_USE_CUDA_DSA` to enable device-side assertions.

Exception raised from c10_cuda_check_implementation at /pytorch/c10/cuda/CUDAException.cpp:44 (most recent call first):
frame #0: c10::Error::Error(c10::SourceLocation, std::__cxx11::basic_string<char, std::char_traits<char>, std::allocator<char> >) + 0x80 (0x7f69c316bb80 in /data/scratch/medhaven/nanochat/.venv/lib/python3.10/site-packages/torch/lib/libc10.so)
frame #1: <unknown function> + 0x11fb7 (0x7f6a22166fb7 in /data/scratch/medhaven/nanochat/.venv/lib/python3.10/site-packages/torch/lib/libc10_cuda.so)
frame #2: c10d::ProcessGroupNCCL::WorkNCCL::finishedGPUExecutionInternal() const + 0x50 (0x7f69c4037bc0 in /data/scratch/medhaven/nanochat/.venv/lib/python3.10/site-packages/torch/lib/libtorch_cuda.so)
frame #3: c10d::ProcessGroupNCCL::WorkNCCL::isCompleted() + 0x68 (0x7f69c4047298 in /data/scratch/medhaven/nanochat/.venv/lib/python3.10/site-packages/torch/lib/libtorch_cuda.so)
frame #4: c10d::ProcessGroupNCCL::Watchdog::runLoop() + 0x969 (0x7f69c404b499 in /data/scratch/medhaven/nanochat/.venv/lib/python3.10/site-packages/torch/lib/libtorch_cuda.so)
frame #5: c10d::ProcessGroupNCCL::Watchdog::run() + 0xdf (0x7f69c404d40f in /data/scratch/medhaven/nanochat/.venv/lib/python3.10/site-packages/torch/lib/libtorch_cuda.so)
frame #6: <unknown function> + 0xdc253 (0x7f6a280e5253 in /lib/x86_64-linux-gnu/libstdc++.so.6)
frame #7: <unknown function> + 0x94ac3 (0x7f6a28d83ac3 in /lib/x86_64-linux-gnu/libc.so.6)
frame #8: <unknown function> + 0x1268d0 (0x7f6a28e158d0 in /lib/x86_64-linux-gnu/libc.so.6)

terminate called after throwing an instance of 'c10::DistBackendError'
  what():  [PG ID 0 PG GUID 0(default_pg) Rank 1] Process group watchdog thread terminated with exception: CUDA error: an illegal memory access was encountered
Search for `cudaErrorIllegalAddress' in https://docs.nvidia.com/cuda/cuda-runtime-api/group__CUDART__TYPES.html for more information.
CUDA kernel errors might be asynchronously reported at some other API call, so the stacktrace below might be incorrect.
For debugging consider passing CUDA_LAUNCH_BLOCKING=1
Compile with `TORCH_USE_CUDA_DSA` to enable device-side assertions.

Exception raised from c10_cuda_check_implementation at /pytorch/c10/cuda/CUDAException.cpp:44 (most recent call first):
frame #0: c10::Error::Error(c10::SourceLocation, std::__cxx11::basic_string<char, std::char_traits<char>, std::allocator<char> >) + 0x80 (0x7f69c316bb80 in /data/scratch/medhaven/nanochat/.venv/lib/python3.10/site-packages/torch/lib/libc10.so)
frame #1: <unknown function> + 0x11fb7 (0x7f6a22166fb7 in /data/scratch/medhaven/nanochat/.venv/lib/python3.10/site-packages/torch/lib/libc10_cuda.so)
frame #2: c10d::ProcessGroupNCCL::WorkNCCL::finishedGPUExecutionInternal() const + 0x50 (0x7f69c4037bc0 in /data/scratch/medhaven/nanochat/.venv/lib/python3.10/site-packages/torch/lib/libtorch_cuda.so)
frame #3: c10d::ProcessGroupNCCL::WorkNCCL::isCompleted() + 0x68 (0x7f69c4047298 in /data/scratch/medhaven/nanochat/.venv/lib/python3.10/site-packages/torch/lib/libtorch_cuda.so)
frame #4: c10d::ProcessGroupNCCL::Watchdog::runLoop() + 0x969 (0x7f69c404b499 in /data/scratch/medhaven/nanochat/.venv/lib/python3.10/site-packages/torch/lib/libtorch_cuda.so)
frame #5: c10d::ProcessGroupNCCL::Watchdog::run() + 0xdf (0x7f69c404d40f in /data/scratch/medhaven/nanochat/.venv/lib/python3.10/site-packages/torch/lib/libtorch_cuda.so)
frame #6: <unknown function> + 0xdc253 (0x7f6a280e5253 in /lib/x86_64-linux-gnu/libstdc++.so.6)
frame #7: <unknown function> + 0x94ac3 (0x7f6a28d83ac3 in /lib/x86_64-linux-gnu/libc.so.6)
frame #8: <unknown function> + 0x1268d0 (0x7f6a28e158d0 in /lib/x86_64-linux-gnu/libc.so.6)

Exception raised from run at /pytorch/torch/csrc/distributed/c10d/ProcessGroupNCCL.cpp:2063 (most recent call first):
frame #0: c10::Error::Error(c10::SourceLocation, std::__cxx11::basic_string<char, std::char_traits<char>, std::allocator<char> >) + 0x80 (0x7f69c316bb80 in /data/scratch/medhaven/nanochat/.venv/lib/python3.10/site-packages/torch/lib/libc10.so)
frame #1: <unknown function> + 0xe34731 (0x7f69c4023731 in /data/scratch/medhaven/nanochat/.venv/lib/python3.10/site-packages/torch/lib/libtorch_cuda.so)
frame #2: <unknown function> + 0x9504a1 (0x7f69c3b3f4a1 in /data/scratch/medhaven/nanochat/.venv/lib/python3.10/site-packages/torch/lib/libtorch_cuda.so)
frame #3: <unknown function> + 0xdc253 (0x7f6a280e5253 in /lib/x86_64-linux-gnu/libstdc++.so.6)
frame #4: <unknown function> + 0x94ac3 (0x7f6a28d83ac3 in /lib/x86_64-linux-gnu/libc.so.6)
frame #5: <unknown function> + 0x1268d0 (0x7f6a28e158d0 in /lib/x86_64-linux-gnu/libc.so.6)

W0424 18:02:05.165000 2635752 torch/distributed/elastic/multiprocessing/api.py:908] Sending process 2637828 closing signal SIGTERM
E0424 18:02:05.946000 2635752 torch/distributed/elastic/multiprocessing/api.py:882] failed (exitcode: -6) local_rank: 1 (pid: 2637829) of binary: /data/scratch/medhaven/nanochat/.venv/bin/python3
Traceback (most recent call last):
  File "/data/scratch/medhaven/nanochat/.venv/bin/torchrun", line 10, in <module>
    sys.exit(main())
  File "/data/scratch/medhaven/nanochat/.venv/lib/python3.10/site-packages/torch/distributed/elastic/multiprocessing/errors/__init__.py", line 357, in wrapper
    return f(*args, **kwargs)
  File "/data/scratch/medhaven/nanochat/.venv/lib/python3.10/site-packages/torch/distributed/run.py", line 936, in main
    run(args)
  File "/data/scratch/medhaven/nanochat/.venv/lib/python3.10/site-packages/torch/distributed/run.py", line 927, in run
    elastic_launch(
  File "/data/scratch/medhaven/nanochat/.venv/lib/python3.10/site-packages/torch/distributed/launcher/api.py", line 156, in __call__
    return launch_agent(self._config, self._entrypoint, list(args))
  File "/data/scratch/medhaven/nanochat/.venv/lib/python3.10/site-packages/torch/distributed/launcher/api.py", line 293, in launch_agent
    raise ChildFailedError(
torch.distributed.elastic.multiprocessing.errors.ChildFailedError: 
========================================================
scripts.ablation_train FAILED
--------------------------------------------------------
Failures:
  <NO_OTHER_FAILURES>
--------------------------------------------------------
Root Cause (first observed failure):
[0]:
  time      : 2026-04-24_18:02:05
  host      : andreas-h100-1.csail.mit.edu
  rank      : 1 (local_rank: 1)
  exitcode  : -6 (pid: 2637829)
  error_file: <N/A>
  traceback : Signal 6 (SIGABRT) received by PID 2637829
========================================================
