cpu-bind=MASK - andreas-h100-1, task  0  0 [1359262]: mask 0x7000000000000001f0 set
downloading uv 0.11.7 x86_64-unknown-linux-gnu
Using CPython 3.10.12 interpreter at: /usr/bin/python3.10
Creating virtual environment at: .venv
Activate with: source .venv/bin/activate
Resolved 134 packages in 16ms
Downloading nvidia-curand-cu12 (60.7MiB)
Downloading numpy (17.4MiB)
Downloading jedi (1.5MiB)
Downloading setuptools (1.1MiB)
Downloading hf-xet (3.0MiB)
Downloading nvidia-cublas-cu12 (566.8MiB)
Downloading zstandard (5.3MiB)
Downloading pygments (1.2MiB)
Downloading fonttools (4.6MiB)
Downloading matplotlib (8.3MiB)
Downloading networkx (1.6MiB)
Downloading nvidia-nvjitlink-cu12 (37.4MiB)
Downloading nvidia-cuda-cupti-cu12 (9.8MiB)
Downloading pydantic-core (1.9MiB)
Downloading sympy (6.0MiB)
Downloading pandas (11.8MiB)
Downloading kiwisolver (1.6MiB)
Downloading tokenizers (3.2MiB)
Downloading nvidia-nvshmem-cu12 (118.9MiB)
Downloading tiktoken (1.1MiB)
Downloading nvidia-cuda-nvrtc-cu12 (84.0MiB)
Downloading nvidia-nccl-cu12 (307.4MiB)
Downloading nvidia-cufft-cu12 (184.2MiB)
Downloading nvidia-cudnn-cu12 (674.0MiB)
Downloading nvidia-cufile-cu12 (1.1MiB)
Downloading transformers (11.4MiB)
Downloading scipy (35.9MiB)
Downloading nvidia-cusparse-cu12 (274.9MiB)
Downloading pillow (6.7MiB)
Downloading nvidia-cusparselt-cu12 (273.9MiB)
Downloading nvidia-cusolver-cu12 (255.1MiB)
Downloading rustbpe (1.0MiB)
Downloading debugpy (2.9MiB)
Downloading wandb (18.7MiB)
Downloading aiohttp (1.6MiB)
Downloading pyarrow (40.8MiB)
Downloading triton (162.4MiB)
Downloading torch (859.2MiB)
 Downloaded rustbpe
 Downloaded tiktoken
 Downloaded nvidia-cufile-cu12
 Downloaded kiwisolver
 Downloaded aiohttp
 Downloaded pygments
 Downloaded pydantic-core
 Downloaded setuptools
 Downloaded hf-xet
 Downloaded tokenizers
 Downloaded networkx
 Downloaded debugpy
 Downloaded fonttools
 Downloaded zstandard
 Downloaded pillow
 Downloaded nvidia-cuda-cupti-cu12
 Downloaded matplotlib
 Downloaded sympy
 Downloaded jedi
 Downloaded numpy
 Downloaded wandb
 Downloaded transformers
 Downloaded nvidia-nvjitlink-cu12
 Downloaded pandas
 Downloaded nvidia-curand-cu12
 Downloaded scipy
 Downloaded nvidia-cuda-nvrtc-cu12
 Downloaded nvidia-nvshmem-cu12
 Downloaded pyarrow
 Downloaded nvidia-cufft-cu12
 Downloaded nvidia-cusolver-cu12
 Downloaded triton
 Downloaded nvidia-cusparse-cu12
 Downloaded nvidia-cusparselt-cu12
 Downloaded nvidia-nccl-cu12
 Downloaded nvidia-cublas-cu12
 Downloaded nvidia-cudnn-cu12
 Downloaded torch
Prepared 121 packages in 4m 18s
Installed 121 packages in 1m 32s
 + aiohappyeyeballs==2.6.1
 + aiohttp==3.12.15
 + aiosignal==1.4.0
 + annotated-types==0.7.0
 + anyio==4.10.0
 + asttokens==3.0.1
 + async-timeout==5.0.1
 + attrs==25.3.0
 + certifi==2025.8.3
 + charset-normalizer==3.4.3
 + click==8.2.1
 + comm==0.2.3
 + contourpy==1.3.2
 + cycler==0.12.1
 + datasets==4.0.0
 + debugpy==1.8.19
 + decorator==5.2.1
 + dill==0.3.8
 + exceptiongroup==1.3.0
 + executing==2.2.1
 + fastapi==0.117.1
 + filelock==3.19.1
 + fonttools==4.61.1
 + frozenlist==1.7.0
 + fsspec==2025.3.0
 + gitdb==4.0.12
 + gitpython==3.1.45
 + h11==0.16.0
 + hf-xet==1.1.9
 + huggingface-hub==0.34.4
 + idna==3.10
 + iniconfig==2.1.0
 + ipykernel==7.1.0
 + ipython==8.37.0
 + jedi==0.19.2
 + jinja2==3.1.6
 + jupyter-client==8.7.0
 + jupyter-core==5.9.1
 + kernels==0.11.7
 + kiwisolver==1.4.9
 + markupsafe==3.0.2
 + matplotlib==3.10.8
 + matplotlib-inline==0.2.1
 + mpmath==1.3.0
 + multidict==6.6.4
 + multiprocess==0.70.16
 + nest-asyncio==1.6.0
 + networkx==3.4.2
 + numpy==1.26.4
 + nvidia-cublas-cu12==12.8.4.1
 + nvidia-cuda-cupti-cu12==12.8.90
 + nvidia-cuda-nvrtc-cu12==12.8.93
 + nvidia-cuda-runtime-cu12==12.8.90
 + nvidia-cudnn-cu12==9.10.2.21
 + nvidia-cufft-cu12==11.3.3.83
 + nvidia-cufile-cu12==1.13.1.3
 + nvidia-curand-cu12==10.3.9.90
 + nvidia-cusolver-cu12==11.7.3.90
 + nvidia-cusparse-cu12==12.5.8.93
 + nvidia-cusparselt-cu12==0.7.1
 + nvidia-nccl-cu12==2.27.5
 + nvidia-nvjitlink-cu12==12.8.93
 + nvidia-nvshmem-cu12==3.3.20
 + nvidia-nvtx-cu12==12.8.90
 + packaging==25.0
 + pandas==2.3.2
 + parso==0.8.5
 + pexpect==4.9.0
 + pillow==12.1.0
 + platformdirs==4.4.0
 + pluggy==1.6.0
 + prompt-toolkit==3.0.52
 + propcache==0.3.2
 + protobuf==6.32.0
 + psutil==7.1.0
 + ptyprocess==0.7.0
 + pure-eval==0.2.3
 + pyarrow==21.0.0
 + pydantic==2.11.7
 + pydantic-core==2.33.2
 + pygments==2.19.2
 + pyparsing==3.3.1
 + pytest==8.4.2
 + python-dateutil==2.9.0.post0
 + python-dotenv==1.2.1
 + pytz==2025.2
 + pyyaml==6.0.2
 + pyzmq==27.1.0
 + regex==2025.9.1
 + requests==2.32.5
 + rustbpe==0.1.0
 + safetensors==0.7.0
 + scipy==1.15.3
 + sentry-sdk==2.35.2
 + setuptools==80.9.0
 + six==1.17.0
 + smmap==5.0.2
 + sniffio==1.3.1
 + stack-data==0.6.3
 + starlette==0.48.0
 + sympy==1.14.0
 + tabulate==0.9.0
 + tiktoken==0.11.0
 + tokenizers==0.22.0
 + tomli==2.2.1
 + torch==2.9.1+cu128
 + tornado==6.5.4
 + tqdm==4.67.1
 + traitlets==5.14.3
 + transformers==4.57.3
 + triton==3.5.1
 + typing-extensions==4.15.0
 + typing-inspection==0.4.1
 + tzdata==2025.2
 + urllib3==2.5.0
 + uvicorn==0.36.0
 + wandb==0.21.3
 + wcwidth==0.2.14
 + xxhash==3.5.0
 + yarl==1.20.1
 + zstandard==0.25.0
usage: torchrun [-h] [--nnodes NNODES] [--nproc-per-node NPROC_PER_NODE]
                [--rdzv-backend RDZV_BACKEND] [--rdzv-endpoint RDZV_ENDPOINT]
                [--rdzv-id RDZV_ID] [--rdzv-conf RDZV_CONF] [--standalone]
                [--max-restarts MAX_RESTARTS]
                [--monitor-interval MONITOR_INTERVAL]
                [--start-method {spawn,fork,forkserver}]
                [--event-log-handler EVENT_LOG_HANDLER] [--role ROLE] [-m]
                [--no-python] [--run-path] [--log-dir LOG_DIR] [-r REDIRECTS]
                [-t TEE] [--local-ranks-filter LOCAL_RANKS_FILTER]
                [--node-rank NODE_RANK] [--master-addr MASTER_ADDR]
                [--master-port MASTER_PORT] [--local-addr LOCAL_ADDR]
                [--logs-specs LOGS_SPECS]
                [--numa-binding {node,socket,exclusive,core-complex}]
                training_script ...
torchrun: error: ambiguous option: --run could match --run-path, --run_path
