========================================
Job ID: 356439
Node: andreas-h100-1
GPUs: 4
Config: intercept=0.0, SN=yes
Start Time: Thu Feb 19 21:55:05 EST 2026
========================================
Thu Feb 19 21:55:06 2026       
+-----------------------------------------------------------------------------------------+
| NVIDIA-SMI 575.57.08              Driver Version: 575.57.08      CUDA Version: 12.9     |
|-----------------------------------------+------------------------+----------------------+
| GPU  Name                 Persistence-M | Bus-Id          Disp.A | Volatile Uncorr. ECC |
| Fan  Temp   Perf          Pwr:Usage/Cap |           Memory-Usage | GPU-Util  Compute M. |
|                                         |                        |               MIG M. |
|=========================================+========================+======================|
|   0  NVIDIA H100 NVL                On  |   00000000:01:00.0 Off |                    0 |
| N/A   41C    P0             65W /  400W |       0MiB /  95830MiB |      0%      Default |
|                                         |                        |             Disabled |
+-----------------------------------------+------------------------+----------------------+
|   1  NVIDIA H100 NVL                On  |   00000000:21:00.0 Off |                    0 |
| N/A   41C    P0             62W /  400W |       0MiB /  95830MiB |      0%      Default |
|                                         |                        |             Disabled |
+-----------------------------------------+------------------------+----------------------+
|   2  NVIDIA H100 NVL                On  |   00000000:C1:00.0 Off |                    0 |
| N/A   44C    P0             65W /  400W |       0MiB /  95830MiB |      0%      Default |
|                                         |                        |             Disabled |
+-----------------------------------------+------------------------+----------------------+
|   3  NVIDIA H100 NVL                On  |   00000000:E1:00.0 Off |                    0 |
| N/A   43C    P0             65W /  400W |       0MiB /  95830MiB |      0%      Default |
|                                         |                        |             Disabled |
+-----------------------------------------+------------------------+----------------------+
                                                                                         
+-----------------------------------------------------------------------------------------+
| Processes:                                                                              |
|  GPU   GI   CI              PID   Type   Process name                        GPU Memory |
|        ID   ID                                                               Usage      |
|=========================================================================================|
|  No running processes found                                                             |
+-----------------------------------------------------------------------------------------+
Starting: affine_0.0_YES_SN

                                                       █████                █████
                                                      ░░███                ░░███
     ████████    ██████   ████████    ██████   ██████  ░███████    ██████  ███████
    ░░███░░███  ░░░░░███ ░░███░░███  ███░░███ ███░░███ ░███░░███  ░░░░░███░░░███░
     ░███ ░███   ███████  ░███ ░███ ░███ ░███░███ ░░░  ░███ ░███   ███████  ░███
     ░███ ░███  ███░░███  ░███ ░███ ░███ ░███░███  ███ ░███ ░███  ███░░███  ░███ ███
     ████ █████░░████████ ████ █████░░██████ ░░██████  ████ █████░░███████  ░░█████
    ░░░░ ░░░░░  ░░░░░░░░ ░░░░ ░░░░░  ░░░░░░   ░░░░░░  ░░░░ ░░░░░  ░░░░░░░░   ░░░░░
    
=== Affine sweep: intercept=0.0, SN=YES_SN ===
Autodetected device type: cuda
GPU: NVIDIA H100 NVL | Peak FLOPS (BF16): 8.35e+14
Using Flash Attention 3
Vocab size: 32,768
Model config:
{
  "sequence_len": 2048,
  "vocab_size": 32768,
  "n_layer": 20,
  "n_head": 10,
  "n_kv_head": 10,
  "n_embd": 1280,
  "window_pattern": "SSSL"
}
FP8 training enabled - converted 121 layers
Parameter counts:
wte                     : 41,943,040
value_embeds            : 419,430,400
lm_head                 : 41,943,040
transformer_matrices    : 393,219,200
scalars                 : 40
total                   : 896,535,720
Estimated FLOPs per token: 3.004189e+09
Auto-computed optimal batch size: 1,048,576 tokens
Scaling LRs by 1.4142 for batch size 1,048,576
Scaling weight decay from 0.200000 to 0.071563
Scaling the LR for the AdamW parameters ∝1/√(1280/768) = 0.774597
Calculated number of iterations from target data:param ratio: 4,357
Total tokens: 4,568,645,632 | Iterations: 4,357
Gradient accumulation steps: 8
[affine_0.000_YES_SN] Step 00000 | val_bpb: 3.169049
[affine_0.000_YES_SN] step 00000/04357 (0.00%) | loss: 10.398166 | dt: 27767.77ms | tok/s: 37,762
[affine_0.000_YES_SN] step 00050/04357 (1.15%) | loss: 5.805430 | dt: 4977.30ms | tok/s: 210,671 | eta: 352.2m
[affine_0.000_YES_SN] step 00100/04357 (2.30%) | loss: 5.489738 | dt: 5039.42ms | tok/s: 208,074 | eta: 352.4m
[affine_0.000_YES_SN] step 00150/04357 (3.44%) | loss: 5.151634 | dt: 5049.89ms | tok/s: 207,643 | eta: 350.2m
[affine_0.000_YES_SN] step 00200/04357 (4.59%) | loss: 4.864147 | dt: 5039.43ms | tok/s: 208,074 | eta: 347.0m
[affine_0.000_YES_SN] Step 00250 | val_bpb: 1.386360
[affine_0.000_YES_SN] step 00250/04357 (5.74%) | loss: 4.611603 | dt: 5099.45ms | tok/s: 205,625 | eta: 343.4m
[affine_0.000_YES_SN] step 00300/04357 (6.89%) | loss: 4.344564 | dt: 5030.19ms | tok/s: 208,456 | eta: 339.5m
[affine_0.000_YES_SN] step 00350/04357 (8.03%) | loss: 4.136921 | dt: 5039.28ms | tok/s: 208,080 | eta: 335.5m
[affine_0.000_YES_SN] step 00400/04357 (9.18%) | loss: 3.990387 | dt: 5021.55ms | tok/s: 208,815 | eta: 331.4m
[affine_0.000_YES_SN] step 00450/04357 (10.33%) | loss: 3.832579 | dt: 5015.62ms | tok/s: 209,062 | eta: 327.1m
[affine_0.000_YES_SN] Step 00500 | val_bpb: 1.129384
[affine_0.000_YES_SN] step 00500/04357 (11.48%) | loss: 3.735951 | dt: 5056.24ms | tok/s: 207,382 | eta: 322.9m
[affine_0.000_YES_SN] step 00550/04357 (12.62%) | loss: 3.653521 | dt: 4978.21ms | tok/s: 210,633 | eta: 318.5m
[affine_0.000_YES_SN] step 00600/04357 (13.77%) | loss: 3.578305 | dt: 4974.63ms | tok/s: 210,784 | eta: 314.2m
[affine_0.000_YES_SN] step 00650/04357 (14.92%) | loss: 3.562605 | dt: 4959.47ms | tok/s: 211,429 | eta: 309.8m
[affine_0.000_YES_SN] step 00700/04357 (16.07%) | loss: 3.512764 | dt: 4996.82ms | tok/s: 209,848 | eta: 305.4m
[affine_0.000_YES_SN] Step 00750 | val_bpb: 1.046986
[affine_0.000_YES_SN] step 00750/04357 (17.21%) | loss: 3.414216 | dt: 5003.74ms | tok/s: 209,558 | eta: 301.1m
[affine_0.000_YES_SN] step 00800/04357 (18.36%) | loss: 3.417872 | dt: 4949.58ms | tok/s: 211,851 | eta: 296.8m
[affine_0.000_YES_SN] step 00850/04357 (19.51%) | loss: 3.353193 | dt: 4960.94ms | tok/s: 211,366 | eta: 292.4m
[affine_0.000_YES_SN] step 00900/04357 (20.66%) | loss: 3.375896 | dt: 4944.08ms | tok/s: 212,087 | eta: 288.1m
[affine_0.000_YES_SN] step 00950/04357 (21.80%) | loss: 3.310012 | dt: 4954.63ms | tok/s: 211,635 | eta: 283.8m
[affine_0.000_YES_SN] Step 01000 | val_bpb: 1.000051
[affine_0.000_YES_SN] step 01000/04357 (22.95%) | loss: 3.306013 | dt: 5007.25ms | tok/s: 209,411 | eta: 279.5m
[affine_0.000_YES_SN] step 01050/04357 (24.10%) | loss: 3.286195 | dt: 4943.39ms | tok/s: 212,116 | eta: 275.2m
[affine_0.000_YES_SN] step 01100/04357 (25.25%) | loss: 3.255865 | dt: 4937.25ms | tok/s: 212,380 | eta: 270.9m
[affine_0.000_YES_SN] step 01150/04357 (26.39%) | loss: 3.263301 | dt: 4938.98ms | tok/s: 212,306 | eta: 266.6m
[affine_0.000_YES_SN] step 01200/04357 (27.54%) | loss: 3.212429 | dt: 4933.37ms | tok/s: 212,547 | eta: 262.3m
[affine_0.000_YES_SN] Step 01250 | val_bpb: 0.971140
[affine_0.000_YES_SN] step 01250/04357 (28.69%) | loss: 3.225204 | dt: 4992.56ms | tok/s: 210,027 | eta: 258.1m
[affine_0.000_YES_SN] step 01300/04357 (29.84%) | loss: 3.209770 | dt: 4926.79ms | tok/s: 212,831 | eta: 253.8m
[affine_0.000_YES_SN] step 01350/04357 (30.98%) | loss: 3.187246 | dt: 4925.81ms | tok/s: 212,873 | eta: 249.6m
[affine_0.000_YES_SN] step 01400/04357 (32.13%) | loss: 3.149440 | dt: 4924.23ms | tok/s: 212,942 | eta: 245.3m
[affine_0.000_YES_SN] step 01450/04357 (33.28%) | loss: 3.163541 | dt: 4935.44ms | tok/s: 212,458 | eta: 241.1m
[affine_0.000_YES_SN] Step 01500 | val_bpb: 0.952372
[affine_0.000_YES_SN] step 01500/04357 (34.43%) | loss: 3.125703 | dt: 4971.51ms | tok/s: 210,917 | eta: 236.9m
[affine_0.000_YES_SN] step 01550/04357 (35.57%) | loss: 3.144226 | dt: 4923.37ms | tok/s: 212,979 | eta: 232.7m
[affine_0.000_YES_SN] step 01600/04357 (36.72%) | loss: 3.116649 | dt: 4926.86ms | tok/s: 212,828 | eta: 228.5m
[affine_0.000_YES_SN] step 01650/04357 (37.87%) | loss: 3.154284 | dt: 4920.30ms | tok/s: 213,112 | eta: 224.2m
[affine_0.000_YES_SN] step 01700/04357 (39.02%) | loss: 3.117652 | dt: 4930.69ms | tok/s: 212,663 | eta: 220.0m
[affine_0.000_YES_SN] Step 01750 | val_bpb: 0.938451
[affine_0.000_YES_SN] step 01750/04357 (40.17%) | loss: 3.085043 | dt: 4965.37ms | tok/s: 211,177 | eta: 215.8m
[affine_0.000_YES_SN] step 01800/04357 (41.31%) | loss: 3.072676 | dt: 4920.09ms | tok/s: 213,121 | eta: 211.6m
[affine_0.000_YES_SN] step 01850/04357 (42.46%) | loss: 3.074409 | dt: 4924.67ms | tok/s: 212,923 | eta: 207.5m
[affine_0.000_YES_SN] step 01900/04357 (43.61%) | loss: 3.072115 | dt: 4921.79ms | tok/s: 213,047 | eta: 203.3m
[affine_0.000_YES_SN] step 01950/04357 (44.76%) | loss: 3.169105 | dt: 4962.79ms | tok/s: 211,287 | eta: 199.1m
[affine_0.000_YES_SN] Step 02000 | val_bpb: 0.922031
[affine_0.000_YES_SN] step 02000/04357 (45.90%) | loss: 3.059267 | dt: 4964.90ms | tok/s: 211,197 | eta: 194.9m
[affine_0.000_YES_SN] step 02050/04357 (47.05%) | loss: 3.036579 | dt: 4907.63ms | tok/s: 213,662 | eta: 190.7m
[affine_0.000_YES_SN] step 02100/04357 (48.20%) | loss: 3.024732 | dt: 4913.24ms | tok/s: 213,418 | eta: 186.6m
[affine_0.000_YES_SN] step 02150/04357 (49.35%) | loss: 3.051329 | dt: 4911.02ms | tok/s: 213,514 | eta: 182.4m
[affine_0.000_YES_SN] step 02200/04357 (50.49%) | loss: 3.013510 | dt: 4902.71ms | tok/s: 213,876 | eta: 178.2m
[affine_0.000_YES_SN] Step 02250 | val_bpb: 0.943400
[affine_0.000_YES_SN] step 02250/04357 (51.64%) | loss: 3.119327 | dt: 4997.44ms | tok/s: 209,822 | eta: 174.1m
[affine_0.000_YES_SN] step 02300/04357 (52.79%) | loss: 2.989011 | dt: 4909.49ms | tok/s: 213,581 | eta: 169.9m
[affine_0.000_YES_SN] step 02350/04357 (53.94%) | loss: 3.002219 | dt: 4904.57ms | tok/s: 213,795 | eta: 165.7m
[affine_0.000_YES_SN] step 02400/04357 (55.08%) | loss: 2.948098 | dt: 4906.80ms | tok/s: 213,698 | eta: 161.6m
[affine_0.000_YES_SN] step 02450/04357 (56.23%) | loss: 2.973310 | dt: 4896.75ms | tok/s: 214,137 | eta: 157.4m
[affine_0.000_YES_SN] Step 02500 | val_bpb: 0.896083
[affine_0.000_YES_SN] step 02500/04357 (57.38%) | loss: 2.979865 | dt: 4941.57ms | tok/s: 212,194 | eta: 153.2m
[affine_0.000_YES_SN] step 02550/04357 (58.53%) | loss: 2.931954 | dt: 4893.45ms | tok/s: 214,281 | eta: 149.1m
[affine_0.000_YES_SN] step 02600/04357 (59.67%) | loss: 2.957028 | dt: 4915.48ms | tok/s: 213,321 | eta: 144.9m
[affine_0.000_YES_SN] step 02650/04357 (60.82%) | loss: 2.927450 | dt: 4892.82ms | tok/s: 214,309 | eta: 140.8m
[affine_0.000_YES_SN] step 02700/04357 (61.97%) | loss: 2.972205 | dt: 4898.49ms | tok/s: 214,061 | eta: 136.6m
[affine_0.000_YES_SN] Step 02750 | val_bpb: 0.889052
[affine_0.000_YES_SN] step 02750/04357 (63.12%) | loss: 2.897845 | dt: 4941.37ms | tok/s: 212,203 | eta: 132.5m
[affine_0.000_YES_SN] step 02800/04357 (64.26%) | loss: 2.925569 | dt: 4892.21ms | tok/s: 214,335 | eta: 128.3m
[affine_0.000_YES_SN] step 02850/04357 (65.41%) | loss: 2.937355 | dt: 4884.10ms | tok/s: 214,691 | eta: 124.2m
[affine_0.000_YES_SN] step 02900/04357 (66.56%) | loss: 2.903281 | dt: 4888.46ms | tok/s: 214,500 | eta: 120.0m
[affine_0.000_YES_SN] step 02950/04357 (67.71%) | loss: 2.878279 | dt: 4880.34ms | tok/s: 214,857 | eta: 115.9m
[affine_0.000_YES_SN] Step 03000 | val_bpb: 0.873537
[affine_0.000_YES_SN] step 03000/04357 (68.85%) | loss: 2.882052 | dt: 4935.67ms | tok/s: 212,448 | eta: 111.8m
[affine_0.000_YES_SN] step 03050/04357 (70.00%) | loss: 2.862399 | dt: 4883.12ms | tok/s: 214,735 | eta: 107.6m
[affine_0.000_YES_SN] step 03100/04357 (71.15%) | loss: 2.851686 | dt: 4882.68ms | tok/s: 214,754 | eta: 103.5m
[affine_0.000_YES_SN] step 03150/04357 (72.30%) | loss: 2.847876 | dt: 4872.67ms | tok/s: 215,195 | eta: 99.4m
[affine_0.000_YES_SN] step 03200/04357 (73.45%) | loss: 2.854230 | dt: 4868.38ms | tok/s: 215,384 | eta: 95.2m
[affine_0.000_YES_SN] Step 03250 | val_bpb: 0.863931
[affine_0.000_YES_SN] step 03250/04357 (74.59%) | loss: 2.850342 | dt: 4935.45ms | tok/s: 212,458 | eta: 91.1m
[affine_0.000_YES_SN] step 03300/04357 (75.74%) | loss: 2.823587 | dt: 4874.47ms | tok/s: 215,115 | eta: 87.0m
[affine_0.000_YES_SN] step 03350/04357 (76.89%) | loss: 2.845547 | dt: 4878.59ms | tok/s: 214,934 | eta: 82.8m
[affine_0.000_YES_SN] step 03400/04357 (78.04%) | loss: 2.841431 | dt: 4872.56ms | tok/s: 215,200 | eta: 78.7m
[affine_0.000_YES_SN] step 03450/04357 (79.18%) | loss: 2.827426 | dt: 4878.43ms | tok/s: 214,941 | eta: 74.6m
[affine_0.000_YES_SN] Step 03500 | val_bpb: 0.855660
[affine_0.000_YES_SN] step 03500/04357 (80.33%) | loss: 2.779737 | dt: 4927.21ms | tok/s: 212,813 | eta: 70.5m
[affine_0.000_YES_SN] step 03550/04357 (81.48%) | loss: 2.787845 | dt: 4869.94ms | tok/s: 215,316 | eta: 66.3m
[affine_0.000_YES_SN] step 03600/04357 (82.63%) | loss: 2.791670 | dt: 4881.83ms | tok/s: 214,791 | eta: 62.2m
[affine_0.000_YES_SN] step 03650/04357 (83.77%) | loss: 2.803656 | dt: 4856.69ms | tok/s: 215,903 | eta: 58.1m
[affine_0.000_YES_SN] step 03700/04357 (84.92%) | loss: 2.771534 | dt: 4873.86ms | tok/s: 215,142 | eta: 54.0m
[affine_0.000_YES_SN] Step 03750 | val_bpb: 0.845223
[affine_0.000_YES_SN] step 03750/04357 (86.07%) | loss: 2.775846 | dt: 4916.90ms | tok/s: 213,259 | eta: 49.9m
[affine_0.000_YES_SN] step 03800/04357 (87.22%) | loss: 2.766069 | dt: 4874.93ms | tok/s: 215,095 | eta: 45.7m
[affine_0.000_YES_SN] step 03850/04357 (88.36%) | loss: 2.777972 | dt: 4877.87ms | tok/s: 214,965 | eta: 41.6m
[affine_0.000_YES_SN] step 03900/04357 (89.51%) | loss: 2.758982 | dt: 4858.72ms | tok/s: 215,813 | eta: 37.5m
[affine_0.000_YES_SN] step 03950/04357 (90.66%) | loss: 2.771265 | dt: 4872.18ms | tok/s: 215,217 | eta: 33.4m
[affine_0.000_YES_SN] Step 04000 | val_bpb: 0.837495
[affine_0.000_YES_SN] step 04000/04357 (91.81%) | loss: 2.778016 | dt: 4913.29ms | tok/s: 213,416 | eta: 29.3m
[affine_0.000_YES_SN] step 04050/04357 (92.95%) | loss: 2.751469 | dt: 4868.14ms | tok/s: 215,395 | eta: 25.2m
[affine_0.000_YES_SN] step 04100/04357 (94.10%) | loss: 2.762963 | dt: 4868.57ms | tok/s: 215,376 | eta: 21.1m
[affine_0.000_YES_SN] step 04150/04357 (95.25%) | loss: 2.760709 | dt: 4872.26ms | tok/s: 215,213 | eta: 17.0m
[affine_0.000_YES_SN] step 04200/04357 (96.40%) | loss: 2.728390 | dt: 4867.21ms | tok/s: 215,436 | eta: 12.9m
[affine_0.000_YES_SN] Step 04250 | val_bpb: 0.830435
[affine_0.000_YES_SN] step 04250/04357 (97.54%) | loss: 2.717570 | dt: 4923.47ms | tok/s: 212,974 | eta: 8.8m
[affine_0.000_YES_SN] step 04300/04357 (98.69%) | loss: 2.743728 | dt: 4872.08ms | tok/s: 215,221 | eta: 4.7m
[affine_0.000_YES_SN] step 04350/04357 (99.84%) | loss: 2.754688 | dt: 4873.27ms | tok/s: 215,168 | eta: 0.6m
[affine_0.000_YES_SN] Step 04357 | val_bpb: 0.828834
Results saved to /data/scratch/medhaven/nanochat/affine_sweep_results/affine_0.000_YES_SN/val_loss.json
[affine_0.000_YES_SN] Done. Min val bpb: 0.828834
Peak memory: 37792.66 MiB
Total training time: 356.37m
========================================
[affine_0.0_YES_SN] Job completed at: Fri Feb 20 03:58:55 EST 2026
========================================
