========================================
Job ID: 356442
Node: andreas-h100-1
GPUs: 4
Config: intercept=0.5, SN=no
Start Time: Fri Feb 20 16:00:16 EST 2026
========================================
Fri Feb 20 16:00:16 2026       
+-----------------------------------------------------------------------------------------+
| NVIDIA-SMI 575.57.08              Driver Version: 575.57.08      CUDA Version: 12.9     |
|-----------------------------------------+------------------------+----------------------+
| GPU  Name                 Persistence-M | Bus-Id          Disp.A | Volatile Uncorr. ECC |
| Fan  Temp   Perf          Pwr:Usage/Cap |           Memory-Usage | GPU-Util  Compute M. |
|                                         |                        |               MIG M. |
|=========================================+========================+======================|
|   0  NVIDIA H100 NVL                On  |   00000000:01:00.0 Off |                    0 |
| N/A   65C    P0             77W /  400W |       0MiB /  95830MiB |      0%      Default |
|                                         |                        |             Disabled |
+-----------------------------------------+------------------------+----------------------+
|   1  NVIDIA H100 NVL                On  |   00000000:21:00.0 Off |                    0 |
| N/A   65C    P0             71W /  400W |       0MiB /  95830MiB |      0%      Default |
|                                         |                        |             Disabled |
+-----------------------------------------+------------------------+----------------------+
|   2  NVIDIA H100 NVL                On  |   00000000:41:00.0 Off |                    0 |
| N/A   66C    P0             77W /  400W |       0MiB /  95830MiB |      0%      Default |
|                                         |                        |             Disabled |
+-----------------------------------------+------------------------+----------------------+
|   3  NVIDIA H100 NVL                On  |   00000000:61:00.0 Off |                    0 |
| N/A   65C    P0             72W /  400W |       0MiB /  95830MiB |      0%      Default |
|                                         |                        |             Disabled |
+-----------------------------------------+------------------------+----------------------+
                                                                                         
+-----------------------------------------------------------------------------------------+
| Processes:                                                                              |
|  GPU   GI   CI              PID   Type   Process name                        GPU Memory |
|        ID   ID                                                               Usage      |
|=========================================================================================|
|  No running processes found                                                             |
+-----------------------------------------------------------------------------------------+
Starting: affine_0.5_NO_SN

                                                       █████                █████
                                                      ░░███                ░░███
     ████████    ██████   ████████    ██████   ██████  ░███████    ██████  ███████
    ░░███░░███  ░░░░░███ ░░███░░███  ███░░███ ███░░███ ░███░░███  ░░░░░███░░░███░
     ░███ ░███   ███████  ░███ ░███ ░███ ░███░███ ░░░  ░███ ░███   ███████  ░███
     ░███ ░███  ███░░███  ░███ ░███ ░███ ░███░███  ███ ░███ ░███  ███░░███  ░███ ███
     ████ █████░░████████ ████ █████░░██████ ░░██████  ████ █████░░███████  ░░█████
    ░░░░ ░░░░░  ░░░░░░░░ ░░░░ ░░░░░  ░░░░░░   ░░░░░░  ░░░░ ░░░░░  ░░░░░░░░   ░░░░░
    
=== Affine sweep: intercept=0.5, SN=NO_SN ===
Autodetected device type: cuda
GPU: NVIDIA H100 NVL | Peak FLOPS (BF16): 8.35e+14
Using Flash Attention 3
Vocab size: 32,768
Model config:
{
  "sequence_len": 2048,
  "vocab_size": 32768,
  "n_layer": 20,
  "n_head": 10,
  "n_kv_head": 10,
  "n_embd": 1280,
  "window_pattern": "SSSL"
}
FP8 training enabled - converted 121 layers
Parameter counts:
wte                     : 41,943,040
value_embeds            : 419,430,400
lm_head                 : 41,943,040
transformer_matrices    : 393,219,200
scalars                 : 40
total                   : 896,535,720
Estimated FLOPs per token: 3.004189e+09
Auto-computed optimal batch size: 1,048,576 tokens
Scaling LRs by 1.4142 for batch size 1,048,576
Scaling weight decay from 0.200000 to 0.071563
Scaling the LR for the AdamW parameters ∝1/√(1280/768) = 0.774597
Calculated number of iterations from target data:param ratio: 4,357
Total tokens: 4,568,645,632 | Iterations: 4,357
Gradient accumulation steps: 8
[affine_0.500_NO_SN] Step 00000 | val_bpb: 3.169049
[affine_0.500_NO_SN] step 00000/04357 (0.00%) | loss: 10.398166 | dt: 27870.77ms | tok/s: 37,622
[affine_0.500_NO_SN] step 00050/04357 (1.15%) | loss: 5.716103 | dt: 5046.00ms | tok/s: 207,803 | eta: 355.3m
[affine_0.500_NO_SN] step 00100/04357 (2.30%) | loss: 4.994232 | dt: 4993.22ms | tok/s: 210,000 | eta: 353.9m
[affine_0.500_NO_SN] step 00150/04357 (3.44%) | loss: 4.280668 | dt: 4947.02ms | tok/s: 211,961 | eta: 349.3m
[affine_0.500_NO_SN] step 00200/04357 (4.59%) | loss: 3.832550 | dt: 4942.32ms | tok/s: 212,162 | eta: 344.6m
[affine_0.500_NO_SN] Step 00250 | val_bpb: 1.086921
[affine_0.500_NO_SN] step 00250/04357 (5.74%) | loss: 3.621472 | dt: 4926.30ms | tok/s: 212,852 | eta: 339.7m
[affine_0.500_NO_SN] step 00300/04357 (6.89%) | loss: 3.446964 | dt: 4891.57ms | tok/s: 214,364 | eta: 334.8m
[affine_0.500_NO_SN] step 00350/04357 (8.03%) | loss: 3.362182 | dt: 4877.01ms | tok/s: 215,003 | eta: 330.0m
[affine_0.500_NO_SN] step 00400/04357 (9.18%) | loss: 3.318766 | dt: 4855.24ms | tok/s: 215,967 | eta: 325.3m
[affine_0.500_NO_SN] step 00450/04357 (10.33%) | loss: 3.245202 | dt: 4852.29ms | tok/s: 216,099 | eta: 320.6m
[affine_0.500_NO_SN] Step 00500 | val_bpb: 0.972289
[affine_0.500_NO_SN] step 00500/04357 (11.48%) | loss: 3.198676 | dt: 4878.79ms | tok/s: 214,925 | eta: 316.0m
[affine_0.500_NO_SN] step 00550/04357 (12.62%) | loss: 3.164123 | dt: 4836.63ms | tok/s: 216,798 | eta: 311.5m
[affine_0.500_NO_SN] step 00600/04357 (13.77%) | loss: 3.123030 | dt: 4832.32ms | tok/s: 216,992 | eta: 307.0m
[affine_0.500_NO_SN] step 00650/04357 (14.92%) | loss: 3.136305 | dt: 4828.44ms | tok/s: 217,166 | eta: 302.6m
[affine_0.500_NO_SN] step 00700/04357 (16.07%) | loss: 3.114524 | dt: 4832.33ms | tok/s: 216,991 | eta: 298.2m
[affine_0.500_NO_SN] Step 00750 | val_bpb: 0.930426
[affine_0.500_NO_SN] step 00750/04357 (17.21%) | loss: 3.033260 | dt: 4860.68ms | tok/s: 215,726 | eta: 293.9m
[affine_0.500_NO_SN] step 00800/04357 (18.36%) | loss: 3.040915 | dt: 4831.31ms | tok/s: 217,037 | eta: 289.6m
[affine_0.500_NO_SN] step 00850/04357 (19.51%) | loss: 3.004789 | dt: 4815.62ms | tok/s: 217,744 | eta: 285.3m
[affine_0.500_NO_SN] step 00900/04357 (20.66%) | loss: 3.039449 | dt: 4818.13ms | tok/s: 217,631 | eta: 281.1m
[affine_0.500_NO_SN] step 00950/04357 (21.80%) | loss: 2.991934 | dt: 4817.36ms | tok/s: 217,666 | eta: 276.8m
[affine_0.500_NO_SN] Step 01000 | val_bpb: 0.908837
[affine_0.500_NO_SN] step 01000/04357 (22.95%) | loss: 3.000707 | dt: 4832.74ms | tok/s: 216,973 | eta: 272.6m
[affine_0.500_NO_SN] step 01050/04357 (24.10%) | loss: 2.985450 | dt: 4820.05ms | tok/s: 217,544 | eta: 268.4m
[affine_0.500_NO_SN] step 01100/04357 (25.25%) | loss: 2.972479 | dt: 4820.53ms | tok/s: 217,522 | eta: 264.3m
[affine_0.500_NO_SN] step 01150/04357 (26.39%) | loss: 2.969537 | dt: 4808.93ms | tok/s: 218,047 | eta: 260.1m
[affine_0.500_NO_SN] step 01200/04357 (27.54%) | loss: 2.949046 | dt: 4817.08ms | tok/s: 217,678 | eta: 255.9m
[affine_0.500_NO_SN] Step 01250 | val_bpb: 0.893622
[affine_0.500_NO_SN] step 01250/04357 (28.69%) | loss: 2.969104 | dt: 4841.60ms | tok/s: 216,576 | eta: 251.8m
[affine_0.500_NO_SN] step 01300/04357 (29.84%) | loss: 2.961826 | dt: 4817.54ms | tok/s: 217,657 | eta: 247.6m
[affine_0.500_NO_SN] step 01350/04357 (30.98%) | loss: 2.942214 | dt: 4819.38ms | tok/s: 217,574 | eta: 243.5m
[affine_0.500_NO_SN] step 01400/04357 (32.13%) | loss: 2.903742 | dt: 4806.95ms | tok/s: 218,137 | eta: 239.4m
[affine_0.500_NO_SN] step 01450/04357 (33.28%) | loss: 2.926866 | dt: 4810.13ms | tok/s: 217,993 | eta: 235.2m
[affine_0.500_NO_SN] Step 01500 | val_bpb: 0.882821
[affine_0.500_NO_SN] step 01500/04357 (34.43%) | loss: 2.893202 | dt: 4840.66ms | tok/s: 216,618 | eta: 231.1m
[affine_0.500_NO_SN] step 01550/04357 (35.57%) | loss: 2.917320 | dt: 4812.96ms | tok/s: 217,865 | eta: 227.0m
[affine_0.500_NO_SN] step 01600/04357 (36.72%) | loss: 2.893587 | dt: 4812.77ms | tok/s: 217,873 | eta: 222.9m
[affine_0.500_NO_SN] step 01650/04357 (37.87%) | loss: 2.917817 | dt: 4809.03ms | tok/s: 218,043 | eta: 218.8m
[affine_0.500_NO_SN] step 01700/04357 (39.02%) | loss: 2.891179 | dt: 4804.10ms | tok/s: 218,266 | eta: 214.7m
[affine_0.500_NO_SN] Step 01750 | val_bpb: 0.874860
[affine_0.500_NO_SN] step 01750/04357 (40.17%) | loss: 2.884618 | dt: 4849.10ms | tok/s: 216,241 | eta: 210.6m
[affine_0.500_NO_SN] step 01800/04357 (41.31%) | loss: 2.880692 | dt: 4811.46ms | tok/s: 217,932 | eta: 206.5m
[affine_0.500_NO_SN] step 01850/04357 (42.46%) | loss: 2.848641 | dt: 4811.68ms | tok/s: 217,922 | eta: 202.5m
[affine_0.500_NO_SN] step 01900/04357 (43.61%) | loss: 2.872845 | dt: 4818.42ms | tok/s: 217,618 | eta: 198.4m
[affine_0.500_NO_SN] step 01950/04357 (44.76%) | loss: 2.857488 | dt: 4813.32ms | tok/s: 217,848 | eta: 194.3m
[affine_0.500_NO_SN] Step 02000 | val_bpb: 0.866540
[affine_0.500_NO_SN] step 02000/04357 (45.90%) | loss: 2.869677 | dt: 4835.05ms | tok/s: 216,869 | eta: 190.3m
[affine_0.500_NO_SN] step 02050/04357 (47.05%) | loss: 2.850987 | dt: 4799.56ms | tok/s: 218,473 | eta: 186.2m
[affine_0.500_NO_SN] step 02100/04357 (48.20%) | loss: 2.845272 | dt: 4811.51ms | tok/s: 217,930 | eta: 182.1m
[affine_0.500_NO_SN] step 02150/04357 (49.35%) | loss: 2.880237 | dt: 4804.79ms | tok/s: 218,235 | eta: 178.1m
[affine_0.500_NO_SN] step 02200/04357 (50.49%) | loss: 2.832944 | dt: 4813.86ms | tok/s: 217,824 | eta: 174.0m
[affine_0.500_NO_SN] Step 02250 | val_bpb: 0.859575
[affine_0.500_NO_SN] step 02250/04357 (51.64%) | loss: 2.839555 | dt: 4830.02ms | tok/s: 217,095 | eta: 169.9m
[affine_0.500_NO_SN] step 02300/04357 (52.79%) | loss: 2.820459 | dt: 4807.75ms | tok/s: 218,101 | eta: 165.9m
[affine_0.500_NO_SN] step 02350/04357 (53.94%) | loss: 2.840121 | dt: 4805.92ms | tok/s: 218,184 | eta: 161.8m
[affine_0.500_NO_SN] step 02400/04357 (55.08%) | loss: 2.786225 | dt: 4789.35ms | tok/s: 218,939 | eta: 157.8m
[affine_0.500_NO_SN] step 02450/04357 (56.23%) | loss: 2.813787 | dt: 4800.68ms | tok/s: 218,422 | eta: 153.7m
[affine_0.500_NO_SN] Step 02500 | val_bpb: 0.849012
[affine_0.500_NO_SN] step 02500/04357 (57.38%) | loss: 2.821299 | dt: 4835.39ms | tok/s: 216,854 | eta: 149.7m
[affine_0.500_NO_SN] step 02550/04357 (58.53%) | loss: 2.773147 | dt: 4797.97ms | tok/s: 218,545 | eta: 145.6m
[affine_0.500_NO_SN] step 02600/04357 (59.67%) | loss: 2.773642 | dt: 4802.43ms | tok/s: 218,342 | eta: 141.6m
[affine_0.500_NO_SN] step 02650/04357 (60.82%) | loss: 2.771331 | dt: 4801.02ms | tok/s: 218,407 | eta: 137.5m
[affine_0.500_NO_SN] step 02700/04357 (61.97%) | loss: 2.805685 | dt: 4821.00ms | tok/s: 217,501 | eta: 133.5m
[affine_0.500_NO_SN] Step 02750 | val_bpb: 0.839819
[affine_0.500_NO_SN] step 02750/04357 (63.12%) | loss: 2.741112 | dt: 4825.57ms | tok/s: 217,295 | eta: 129.4m
[affine_0.500_NO_SN] step 02800/04357 (64.26%) | loss: 2.778305 | dt: 4796.71ms | tok/s: 218,603 | eta: 125.4m
[affine_0.500_NO_SN] step 02850/04357 (65.41%) | loss: 2.788945 | dt: 4791.84ms | tok/s: 218,825 | eta: 121.4m
[affine_0.500_NO_SN] step 02900/04357 (66.56%) | loss: 2.758353 | dt: 4814.95ms | tok/s: 217,774 | eta: 117.3m
[affine_0.500_NO_SN] step 02950/04357 (67.71%) | loss: 2.726802 | dt: 4799.40ms | tok/s: 218,480 | eta: 113.3m
[affine_0.500_NO_SN] Step 03000 | val_bpb: 0.830775
[affine_0.500_NO_SN] step 03000/04357 (68.85%) | loss: 2.744099 | dt: 4805.63ms | tok/s: 218,197 | eta: 109.2m
[affine_0.500_NO_SN] step 03050/04357 (70.00%) | loss: 2.722278 | dt: 4806.08ms | tok/s: 218,176 | eta: 105.2m
[affine_0.500_NO_SN] step 03100/04357 (71.15%) | loss: 2.713610 | dt: 4801.74ms | tok/s: 218,374 | eta: 101.2m
[affine_0.500_NO_SN] step 03150/04357 (72.30%) | loss: 2.704409 | dt: 4805.61ms | tok/s: 218,198 | eta: 97.1m
[affine_0.500_NO_SN] step 03200/04357 (73.45%) | loss: 2.716029 | dt: 4790.33ms | tok/s: 218,894 | eta: 93.1m
[affine_0.500_NO_SN] Step 03250 | val_bpb: 0.822304
[affine_0.500_NO_SN] step 03250/04357 (74.59%) | loss: 2.711403 | dt: 4826.16ms | tok/s: 217,269 | eta: 89.1m
[affine_0.500_NO_SN] step 03300/04357 (75.74%) | loss: 2.681137 | dt: 4785.79ms | tok/s: 219,101 | eta: 85.0m
[affine_0.500_NO_SN] step 03350/04357 (76.89%) | loss: 2.710215 | dt: 4788.66ms | tok/s: 218,970 | eta: 81.0m
[affine_0.500_NO_SN] step 03400/04357 (78.04%) | loss: 2.708470 | dt: 4796.90ms | tok/s: 218,594 | eta: 77.0m
[affine_0.500_NO_SN] step 03450/04357 (79.18%) | loss: 2.695996 | dt: 4801.21ms | tok/s: 218,398 | eta: 73.0m
[affine_0.500_NO_SN] Step 03500 | val_bpb: 0.814205
[affine_0.500_NO_SN] step 03500/04357 (80.33%) | loss: 2.643697 | dt: 4829.75ms | tok/s: 217,107 | eta: 68.9m
[affine_0.500_NO_SN] step 03550/04357 (81.48%) | loss: 2.655922 | dt: 4818.33ms | tok/s: 217,622 | eta: 64.9m
[affine_0.500_NO_SN] step 03600/04357 (82.63%) | loss: 2.661848 | dt: 4789.21ms | tok/s: 218,945 | eta: 60.9m
[affine_0.500_NO_SN] step 03650/04357 (83.77%) | loss: 2.674986 | dt: 4803.72ms | tok/s: 218,284 | eta: 56.9m
[affine_0.500_NO_SN] step 03700/04357 (84.92%) | loss: 2.647059 | dt: 4794.83ms | tok/s: 218,688 | eta: 52.8m
[affine_0.500_NO_SN] Step 03750 | val_bpb: 0.806637
[affine_0.500_NO_SN] step 03750/04357 (86.07%) | loss: 2.649375 | dt: 4826.83ms | tok/s: 217,239 | eta: 48.8m
[affine_0.500_NO_SN] step 03800/04357 (87.22%) | loss: 2.641241 | dt: 4797.45ms | tok/s: 218,569 | eta: 44.8m
[affine_0.500_NO_SN] step 03850/04357 (88.36%) | loss: 2.655939 | dt: 4797.69ms | tok/s: 218,558 | eta: 40.8m
[affine_0.500_NO_SN] step 03900/04357 (89.51%) | loss: 2.633221 | dt: 4800.06ms | tok/s: 218,450 | eta: 36.7m
[affine_0.500_NO_SN] step 03950/04357 (90.66%) | loss: 2.649814 | dt: 4799.92ms | tok/s: 218,457 | eta: 32.7m
[affine_0.500_NO_SN] Step 04000 | val_bpb: 0.800037
[affine_0.500_NO_SN] step 04000/04357 (91.81%) | loss: 2.657235 | dt: 4816.96ms | tok/s: 217,684 | eta: 28.7m
[affine_0.500_NO_SN] step 04050/04357 (92.95%) | loss: 2.629716 | dt: 4791.28ms | tok/s: 218,851 | eta: 24.7m
[affine_0.500_NO_SN] step 04100/04357 (94.10%) | loss: 2.642134 | dt: 4800.35ms | tok/s: 218,437 | eta: 20.7m
[affine_0.500_NO_SN] step 04150/04357 (95.25%) | loss: 2.639069 | dt: 4790.02ms | tok/s: 218,908 | eta: 16.6m
[affine_0.500_NO_SN] step 04200/04357 (96.40%) | loss: 2.612914 | dt: 4795.79ms | tok/s: 218,644 | eta: 12.6m
[affine_0.500_NO_SN] Step 04250 | val_bpb: 0.795063
[affine_0.500_NO_SN] step 04250/04357 (97.54%) | loss: 2.603104 | dt: 4813.21ms | tok/s: 217,853 | eta: 8.6m
[affine_0.500_NO_SN] step 04300/04357 (98.69%) | loss: 2.626053 | dt: 4793.07ms | tok/s: 218,769 | eta: 4.6m
[affine_0.500_NO_SN] step 04350/04357 (99.84%) | loss: 2.642321 | dt: 4792.63ms | tok/s: 218,789 | eta: 0.6m
[affine_0.500_NO_SN] Step 04357 | val_bpb: 0.794198
Results saved to /data/scratch/medhaven/nanochat/affine_sweep_results/affine_0.500_NO_SN/val_loss.json
[affine_0.500_NO_SN] Done. Min val bpb: 0.794198
Peak memory: 37792.66 MiB
Total training time: 349.24m
========================================
[affine_0.5_NO_SN] Job completed at: Fri Feb 20 21:57:19 EST 2026
========================================
