========================================
Job ID: 356443
Node: andreas-h100-1
GPUs: 4
Config: intercept=1.0, SN=yes
Start Time: Fri Feb 20 22:19:07 EST 2026
========================================
Fri Feb 20 22:19:07 2026       
+-----------------------------------------------------------------------------------------+
| NVIDIA-SMI 575.57.08              Driver Version: 575.57.08      CUDA Version: 12.9     |
|-----------------------------------------+------------------------+----------------------+
| GPU  Name                 Persistence-M | Bus-Id          Disp.A | Volatile Uncorr. ECC |
| Fan  Temp   Perf          Pwr:Usage/Cap |           Memory-Usage | GPU-Util  Compute M. |
|                                         |                        |               MIG M. |
|=========================================+========================+======================|
|   0  NVIDIA H100 NVL                On  |   00000000:01:00.0 Off |                    0 |
| N/A   48C    P0             68W /  400W |       0MiB /  95830MiB |      0%      Default |
|                                         |                        |             Disabled |
+-----------------------------------------+------------------------+----------------------+
|   1  NVIDIA H100 NVL                On  |   00000000:21:00.0 Off |                    0 |
| N/A   47C    P0             64W /  400W |       0MiB /  95830MiB |      0%      Default |
|                                         |                        |             Disabled |
+-----------------------------------------+------------------------+----------------------+
|   2  NVIDIA H100 NVL                On  |   00000000:41:00.0 Off |                    0 |
| N/A   48C    P0             68W /  400W |       0MiB /  95830MiB |      0%      Default |
|                                         |                        |             Disabled |
+-----------------------------------------+------------------------+----------------------+
|   3  NVIDIA H100 NVL                On  |   00000000:61:00.0 Off |                    0 |
| N/A   47C    P0             64W /  400W |       0MiB /  95830MiB |      0%      Default |
|                                         |                        |             Disabled |
+-----------------------------------------+------------------------+----------------------+
                                                                                         
+-----------------------------------------------------------------------------------------+
| Processes:                                                                              |
|  GPU   GI   CI              PID   Type   Process name                        GPU Memory |
|        ID   ID                                                               Usage      |
|=========================================================================================|
|  No running processes found                                                             |
+-----------------------------------------------------------------------------------------+
Starting: affine_1.0_YES_SN

                                                       █████                █████
                                                      ░░███                ░░███
     ████████    ██████   ████████    ██████   ██████  ░███████    ██████  ███████
    ░░███░░███  ░░░░░███ ░░███░░███  ███░░███ ███░░███ ░███░░███  ░░░░░███░░░███░
     ░███ ░███   ███████  ░███ ░███ ░███ ░███░███ ░░░  ░███ ░███   ███████  ░███
     ░███ ░███  ███░░███  ░███ ░███ ░███ ░███░███  ███ ░███ ░███  ███░░███  ░███ ███
     ████ █████░░████████ ████ █████░░██████ ░░██████  ████ █████░░███████  ░░█████
    ░░░░ ░░░░░  ░░░░░░░░ ░░░░ ░░░░░  ░░░░░░   ░░░░░░  ░░░░ ░░░░░  ░░░░░░░░   ░░░░░
    
=== Affine sweep: intercept=1.0, SN=YES_SN ===
Autodetected device type: cuda
GPU: NVIDIA H100 NVL | Peak FLOPS (BF16): 8.35e+14
Using Flash Attention 3
Vocab size: 32,768
Model config:
{
  "sequence_len": 2048,
  "vocab_size": 32768,
  "n_layer": 20,
  "n_head": 10,
  "n_kv_head": 10,
  "n_embd": 1280,
  "window_pattern": "SSSL"
}
FP8 training enabled - converted 121 layers
Parameter counts:
wte                     : 41,943,040
value_embeds            : 419,430,400
lm_head                 : 41,943,040
transformer_matrices    : 393,219,200
scalars                 : 40
total                   : 896,535,720
Estimated FLOPs per token: 3.004189e+09
Auto-computed optimal batch size: 1,048,576 tokens
Scaling LRs by 1.4142 for batch size 1,048,576
Scaling weight decay from 0.200000 to 0.071563
Scaling the LR for the AdamW parameters ∝1/√(1280/768) = 0.774597
Calculated number of iterations from target data:param ratio: 4,357
Total tokens: 4,568,645,632 | Iterations: 4,357
Gradient accumulation steps: 8
[affine_1.000_YES_SN] Step 00000 | val_bpb: 3.169049
[affine_1.000_YES_SN] step 00000/04357 (0.00%) | loss: 10.398166 | dt: 28135.65ms | tok/s: 37,268
[affine_1.000_YES_SN] step 00050/04357 (1.15%) | loss: 5.499050 | dt: 4994.19ms | tok/s: 209,959 | eta: 356.6m
[affine_1.000_YES_SN] step 00100/04357 (2.30%) | loss: 4.533818 | dt: 4993.53ms | tok/s: 209,986 | eta: 353.6m
[affine_1.000_YES_SN] step 00150/04357 (3.44%) | loss: 3.874198 | dt: 4932.63ms | tok/s: 212,579 | eta: 348.8m
[affine_1.000_YES_SN] step 00200/04357 (4.59%) | loss: 3.603447 | dt: 4903.13ms | tok/s: 213,858 | eta: 343.4m
[affine_1.000_YES_SN] Step 00250 | val_bpb: 1.042208
[affine_1.000_YES_SN] step 00250/04357 (5.74%) | loss: 3.465274 | dt: 4905.56ms | tok/s: 213,752 | eta: 338.2m
[affine_1.000_YES_SN] step 00300/04357 (6.89%) | loss: 3.336604 | dt: 4847.24ms | tok/s: 216,324 | eta: 335.1m
[affine_1.000_YES_SN] step 00350/04357 (8.03%) | loss: 3.279144 | dt: 4832.67ms | tok/s: 216,976 | eta: 329.8m
[affine_1.000_YES_SN] step 00400/04357 (9.18%) | loss: 3.249599 | dt: 4820.46ms | tok/s: 217,526 | eta: 324.7m
[affine_1.000_YES_SN] step 00450/04357 (10.33%) | loss: 3.185144 | dt: 4816.50ms | tok/s: 217,704 | eta: 319.8m
[affine_1.000_YES_SN] Step 00500 | val_bpb: 0.956092
[affine_1.000_YES_SN] step 00500/04357 (11.48%) | loss: 3.146756 | dt: 4855.90ms | tok/s: 215,938 | eta: 315.1m
[affine_1.000_YES_SN] step 00550/04357 (12.62%) | loss: 3.118175 | dt: 4801.98ms | tok/s: 218,363 | eta: 310.4m
[affine_1.000_YES_SN] step 00600/04357 (13.77%) | loss: 3.084210 | dt: 4809.83ms | tok/s: 218,006 | eta: 305.9m
[affine_1.000_YES_SN] step 00650/04357 (14.92%) | loss: 3.098949 | dt: 4810.70ms | tok/s: 217,967 | eta: 301.4m
[affine_1.000_YES_SN] step 00700/04357 (16.07%) | loss: 3.080910 | dt: 4796.06ms | tok/s: 218,632 | eta: 297.0m
[affine_1.000_YES_SN] Step 00750 | val_bpb: 0.921501
[affine_1.000_YES_SN] step 00750/04357 (17.21%) | loss: 3.004646 | dt: 4805.74ms | tok/s: 218,192 | eta: 292.7m
[affine_1.000_YES_SN] step 00800/04357 (18.36%) | loss: 3.011561 | dt: 4799.67ms | tok/s: 218,468 | eta: 288.4m
[affine_1.000_YES_SN] step 00850/04357 (19.51%) | loss: 2.977726 | dt: 4802.31ms | tok/s: 218,348 | eta: 284.1m
[affine_1.000_YES_SN] step 00900/04357 (20.66%) | loss: 3.014653 | dt: 4791.92ms | tok/s: 218,821 | eta: 279.8m
[affine_1.000_YES_SN] step 00950/04357 (21.80%) | loss: 2.965737 | dt: 4794.33ms | tok/s: 218,711 | eta: 275.6m
[affine_1.000_YES_SN] Step 01000 | val_bpb: 0.901476
[affine_1.000_YES_SN] step 01000/04357 (22.95%) | loss: 2.975125 | dt: 4821.48ms | tok/s: 217,480 | eta: 271.4m
[affine_1.000_YES_SN] step 01050/04357 (24.10%) | loss: 2.962366 | dt: 4792.42ms | tok/s: 218,798 | eta: 267.2m
[affine_1.000_YES_SN] step 01100/04357 (25.25%) | loss: 2.951441 | dt: 4799.35ms | tok/s: 218,483 | eta: 263.0m
[affine_1.000_YES_SN] step 01150/04357 (26.39%) | loss: 2.947060 | dt: 4792.89ms | tok/s: 218,777 | eta: 258.9m
[affine_1.000_YES_SN] step 01200/04357 (27.54%) | loss: 2.929143 | dt: 4793.37ms | tok/s: 218,755 | eta: 254.8m
[affine_1.000_YES_SN] Step 01250 | val_bpb: 0.887567
[affine_1.000_YES_SN] step 01250/04357 (28.69%) | loss: 2.948191 | dt: 4817.31ms | tok/s: 217,668 | eta: 250.6m
[affine_1.000_YES_SN] step 01300/04357 (29.84%) | loss: 2.942657 | dt: 4781.34ms | tok/s: 219,305 | eta: 246.5m
[affine_1.000_YES_SN] step 01350/04357 (30.98%) | loss: 2.924068 | dt: 4790.68ms | tok/s: 218,878 | eta: 242.4m
[affine_1.000_YES_SN] step 01400/04357 (32.13%) | loss: 2.886463 | dt: 4787.28ms | tok/s: 219,033 | eta: 238.3m
[affine_1.000_YES_SN] step 01450/04357 (33.28%) | loss: 2.907009 | dt: 4784.83ms | tok/s: 219,145 | eta: 234.2m
[affine_1.000_YES_SN] Step 01500 | val_bpb: 0.877541
[affine_1.000_YES_SN] step 01500/04357 (34.43%) | loss: 2.877295 | dt: 4809.54ms | tok/s: 218,019 | eta: 230.1m
[affine_1.000_YES_SN] step 01550/04357 (35.57%) | loss: 2.900048 | dt: 4787.81ms | tok/s: 219,009 | eta: 226.0m
[affine_1.000_YES_SN] step 01600/04357 (36.72%) | loss: 2.878889 | dt: 4787.36ms | tok/s: 219,029 | eta: 221.9m
[affine_1.000_YES_SN] step 01650/04357 (37.87%) | loss: 2.900896 | dt: 4786.46ms | tok/s: 219,071 | eta: 217.8m
[affine_1.000_YES_SN] step 01700/04357 (39.02%) | loss: 2.877168 | dt: 4786.12ms | tok/s: 219,086 | eta: 213.8m
[affine_1.000_YES_SN] Step 01750 | val_bpb: 0.870045
[affine_1.000_YES_SN] step 01750/04357 (40.17%) | loss: 2.869465 | dt: 4833.45ms | tok/s: 216,941 | eta: 209.7m
[affine_1.000_YES_SN] step 01800/04357 (41.31%) | loss: 2.865304 | dt: 4780.70ms | tok/s: 219,335 | eta: 205.6m
[affine_1.000_YES_SN] step 01850/04357 (42.46%) | loss: 2.833506 | dt: 4780.82ms | tok/s: 219,329 | eta: 201.6m
[affine_1.000_YES_SN] step 01900/04357 (43.61%) | loss: 2.857442 | dt: 4788.24ms | tok/s: 218,990 | eta: 197.5m
[affine_1.000_YES_SN] step 01950/04357 (44.76%) | loss: 2.843655 | dt: 4777.63ms | tok/s: 219,475 | eta: 193.4m
[affine_1.000_YES_SN] Step 02000 | val_bpb: 0.863214
[affine_1.000_YES_SN] step 02000/04357 (45.90%) | loss: 2.857006 | dt: 4823.68ms | tok/s: 217,381 | eta: 189.4m
[affine_1.000_YES_SN] step 02050/04357 (47.05%) | loss: 2.840306 | dt: 4787.10ms | tok/s: 219,042 | eta: 185.3m
[affine_1.000_YES_SN] step 02100/04357 (48.20%) | loss: 2.834355 | dt: 4782.42ms | tok/s: 219,256 | eta: 181.3m
[affine_1.000_YES_SN] step 02150/04357 (49.35%) | loss: 2.867579 | dt: 4778.40ms | tok/s: 219,440 | eta: 177.2m
[affine_1.000_YES_SN] step 02200/04357 (50.49%) | loss: 2.819287 | dt: 4796.52ms | tok/s: 218,611 | eta: 173.2m
[affine_1.000_YES_SN] Step 02250 | val_bpb: 0.856901
[affine_1.000_YES_SN] step 02250/04357 (51.64%) | loss: 2.827189 | dt: 4807.67ms | tok/s: 218,104 | eta: 169.2m
[affine_1.000_YES_SN] step 02300/04357 (52.79%) | loss: 2.811000 | dt: 4779.65ms | tok/s: 219,383 | eta: 165.1m
[affine_1.000_YES_SN] step 02350/04357 (53.94%) | loss: 2.829679 | dt: 4780.34ms | tok/s: 219,351 | eta: 161.1m
[affine_1.000_YES_SN] step 02400/04357 (55.08%) | loss: 2.774832 | dt: 4787.00ms | tok/s: 219,046 | eta: 157.1m
[affine_1.000_YES_SN] step 02450/04357 (56.23%) | loss: 2.804466 | dt: 4787.46ms | tok/s: 219,025 | eta: 153.0m
[affine_1.000_YES_SN] Step 02500 | val_bpb: 0.846069
[affine_1.000_YES_SN] step 02500/04357 (57.38%) | loss: 2.811536 | dt: 4813.28ms | tok/s: 217,850 | eta: 149.0m
[affine_1.000_YES_SN] step 02550/04357 (58.53%) | loss: 2.763088 | dt: 4779.20ms | tok/s: 219,404 | eta: 145.0m
[affine_1.000_YES_SN] step 02600/04357 (59.67%) | loss: 2.761153 | dt: 4785.69ms | tok/s: 219,106 | eta: 140.9m
[affine_1.000_YES_SN] step 02650/04357 (60.82%) | loss: 2.761657 | dt: 4778.33ms | tok/s: 219,444 | eta: 136.9m
[affine_1.000_YES_SN] step 02700/04357 (61.97%) | loss: 2.796058 | dt: 4787.31ms | tok/s: 219,032 | eta: 132.9m
[affine_1.000_YES_SN] Step 02750 | val_bpb: 0.836864
[affine_1.000_YES_SN] step 02750/04357 (63.12%) | loss: 2.728382 | dt: 4822.83ms | tok/s: 217,419 | eta: 128.9m
[affine_1.000_YES_SN] step 02800/04357 (64.26%) | loss: 2.768595 | dt: 4784.03ms | tok/s: 219,182 | eta: 124.8m
[affine_1.000_YES_SN] step 02850/04357 (65.41%) | loss: 2.778802 | dt: 4776.32ms | tok/s: 219,536 | eta: 120.8m
[affine_1.000_YES_SN] step 02900/04357 (66.56%) | loss: 2.749154 | dt: 4783.65ms | tok/s: 219,199 | eta: 116.8m
[affine_1.000_YES_SN] step 02950/04357 (67.71%) | loss: 2.716145 | dt: 4767.34ms | tok/s: 219,949 | eta: 112.8m
[affine_1.000_YES_SN] Step 03000 | val_bpb: 0.827790
[affine_1.000_YES_SN] step 03000/04357 (68.85%) | loss: 2.734859 | dt: 4806.60ms | tok/s: 218,153 | eta: 108.8m
[affine_1.000_YES_SN] step 03050/04357 (70.00%) | loss: 2.712643 | dt: 4782.34ms | tok/s: 219,260 | eta: 104.7m
[affine_1.000_YES_SN] step 03100/04357 (71.15%) | loss: 2.703516 | dt: 4780.27ms | tok/s: 219,354 | eta: 100.7m
[affine_1.000_YES_SN] step 03150/04357 (72.30%) | loss: 2.696398 | dt: 4774.90ms | tok/s: 219,601 | eta: 96.7m
[affine_1.000_YES_SN] step 03200/04357 (73.45%) | loss: 2.705260 | dt: 4772.55ms | tok/s: 219,709 | eta: 92.7m
[affine_1.000_YES_SN] Step 03250 | val_bpb: 0.819057
[affine_1.000_YES_SN] step 03250/04357 (74.59%) | loss: 2.700699 | dt: 4806.84ms | tok/s: 218,142 | eta: 88.7m
[affine_1.000_YES_SN] step 03300/04357 (75.74%) | loss: 2.672063 | dt: 4770.38ms | tok/s: 219,809 | eta: 84.7m
[affine_1.000_YES_SN] step 03350/04357 (76.89%) | loss: 2.700126 | dt: 4787.14ms | tok/s: 219,040 | eta: 80.7m
[affine_1.000_YES_SN] step 03400/04357 (78.04%) | loss: 2.699120 | dt: 4769.81ms | tok/s: 219,836 | eta: 76.6m
[affine_1.000_YES_SN] step 03450/04357 (79.18%) | loss: 2.685614 | dt: 4783.45ms | tok/s: 219,209 | eta: 72.6m
[affine_1.000_YES_SN] Step 03500 | val_bpb: 0.811002
[affine_1.000_YES_SN] step 03500/04357 (80.33%) | loss: 2.635898 | dt: 4808.56ms | tok/s: 218,064 | eta: 68.6m
[affine_1.000_YES_SN] step 03550/04357 (81.48%) | loss: 2.648187 | dt: 4766.15ms | tok/s: 220,004 | eta: 64.6m
[affine_1.000_YES_SN] step 03600/04357 (82.63%) | loss: 2.653827 | dt: 4776.54ms | tok/s: 219,526 | eta: 60.6m
[affine_1.000_YES_SN] step 03650/04357 (83.77%) | loss: 2.665464 | dt: 4781.63ms | tok/s: 219,292 | eta: 56.6m
[affine_1.000_YES_SN] step 03700/04357 (84.92%) | loss: 2.636237 | dt: 4776.73ms | tok/s: 219,517 | eta: 52.6m
[affine_1.000_YES_SN] Step 03750 | val_bpb: 0.803688
[affine_1.000_YES_SN] step 03750/04357 (86.07%) | loss: 2.639159 | dt: 4785.76ms | tok/s: 219,103 | eta: 48.6m
[affine_1.000_YES_SN] step 03800/04357 (87.22%) | loss: 2.631956 | dt: 4787.83ms | tok/s: 219,008 | eta: 44.6m
[affine_1.000_YES_SN] step 03850/04357 (88.36%) | loss: 2.646524 | dt: 4784.49ms | tok/s: 219,161 | eta: 40.6m
[affine_1.000_YES_SN] step 03900/04357 (89.51%) | loss: 2.623546 | dt: 4784.60ms | tok/s: 219,156 | eta: 36.6m
[affine_1.000_YES_SN] step 03950/04357 (90.66%) | loss: 2.638813 | dt: 4776.74ms | tok/s: 219,516 | eta: 32.6m
[affine_1.000_YES_SN] Step 04000 | val_bpb: 0.797074
[affine_1.000_YES_SN] step 04000/04357 (91.81%) | loss: 2.646456 | dt: 4802.07ms | tok/s: 218,359 | eta: 28.6m
[affine_1.000_YES_SN] step 04050/04357 (92.95%) | loss: 2.620355 | dt: 4775.75ms | tok/s: 219,562 | eta: 24.6m
[affine_1.000_YES_SN] step 04100/04357 (94.10%) | loss: 2.632545 | dt: 4771.38ms | tok/s: 219,763 | eta: 20.6m
[affine_1.000_YES_SN] step 04150/04357 (95.25%) | loss: 2.630611 | dt: 4785.13ms | tok/s: 219,132 | eta: 16.6m
[affine_1.000_YES_SN] step 04200/04357 (96.40%) | loss: 2.602787 | dt: 4764.62ms | tok/s: 220,075 | eta: 12.6m
[affine_1.000_YES_SN] Step 04250 | val_bpb: 0.792095
[affine_1.000_YES_SN] step 04250/04357 (97.54%) | loss: 2.594017 | dt: 4794.39ms | tok/s: 218,709 | eta: 8.6m
[affine_1.000_YES_SN] step 04300/04357 (98.69%) | loss: 2.616653 | dt: 4777.18ms | tok/s: 219,496 | eta: 4.6m
[affine_1.000_YES_SN] step 04350/04357 (99.84%) | loss: 2.632009 | dt: 4782.55ms | tok/s: 219,250 | eta: 0.6m
[affine_1.000_YES_SN] Step 04357 | val_bpb: 0.791190
Results saved to /data/scratch/medhaven/nanochat/affine_sweep_results/affine_1.000_YES_SN/val_loss.json
[affine_1.000_YES_SN] Done. Min val bpb: 0.791190
Peak memory: 37792.66 MiB
Total training time: 347.65m
========================================
[affine_1.0_YES_SN] Job completed at: Sat Feb 21 04:14:32 EST 2026
========================================
