cpu-bind=MASK - andreas-h100-1, task  0  0 [417554]: mask 0xffff000000000000ffff0000 set
Resolved 134 packages in 36ms
Audited 121 packages in 854ms
2026-02-19 21:12:13,820 - rustbpe - [32m[1mINFO[0m - Processing sequences from iterator (buffer_size: 8192)
2026-02-19 21:13:16,480 - rustbpe - [32m[1mINFO[0m - Processed 532496 sequences total, 2233873 unique
2026-02-19 21:13:16,607 - rustbpe - [32m[1mINFO[0m - Starting BPE training: 32503 merges to compute
2026-02-19 21:13:16,607 - rustbpe - [32m[1mINFO[0m - Computing initial pair counts from 2233873 unique sequences
2026-02-19 21:13:18,012 - rustbpe - [32m[1mINFO[0m - Building heap with 18337 unique pairs
2026-02-19 21:13:18,013 - rustbpe - [32m[1mINFO[0m - Starting merge loop
2026-02-19 21:13:20,708 - rustbpe - [32m[1mINFO[0m - Progress: [1m1%[0m (326/32503 merges) - Last merge: (284, 405) -> 581 (frequency: 585677)
2026-02-19 21:13:21,162 - rustbpe - [32m[1mINFO[0m - Progress: [1m2%[0m (651/32503 merges) - Last merge: (585, 268) -> 906 (frequency: 256195)
2026-02-19 21:13:21,384 - rustbpe - [32m[1mINFO[0m - Progress: [1m3%[0m (976/32503 merges) - Last merge: (45, 115) -> 1231 (frequency: 154731)
2026-02-19 21:13:21,584 - rustbpe - [32m[1mINFO[0m - Progress: [1m4%[0m (1301/32503 merges) - Last merge: (931, 680) -> 1556 (frequency: 110577)
2026-02-19 21:13:21,709 - rustbpe - [32m[1mINFO[0m - Progress: [1m5%[0m (1626/32503 merges) - Last merge: (267, 647) -> 1881 (frequency: 85010)
2026-02-19 21:13:21,842 - rustbpe - [32m[1mINFO[0m - Progress: [1m6%[0m (1951/32503 merges) - Last merge: (439, 1414) -> 2206 (frequency: 67531)
2026-02-19 21:13:21,966 - rustbpe - [32m[1mINFO[0m - Progress: [1m7%[0m (2276/32503 merges) - Last merge: (104, 797) -> 2531 (frequency: 55888)
2026-02-19 21:13:22,068 - rustbpe - [32m[1mINFO[0m - Progress: [1m8%[0m (2601/32503 merges) - Last merge: (270, 450) -> 2856 (frequency: 46671)
2026-02-19 21:13:22,216 - rustbpe - [32m[1mINFO[0m - Progress: [1m9%[0m (2926/32503 merges) - Last merge: (100, 268) -> 3181 (frequency: 39854)
2026-02-19 21:13:22,281 - rustbpe - [32m[1mINFO[0m - Progress: [1m10%[0m (3251/32503 merges) - Last merge: (1628, 965) -> 3506 (frequency: 34925)
2026-02-19 21:13:22,364 - rustbpe - [32m[1mINFO[0m - Progress: [1m11%[0m (3576/32503 merges) - Last merge: (275, 322) -> 3831 (frequency: 30658)
2026-02-19 21:13:22,435 - rustbpe - [32m[1mINFO[0m - Progress: [1m12%[0m (3901/32503 merges) - Last merge: (3024, 274) -> 4156 (frequency: 27336)
2026-02-19 21:13:22,481 - rustbpe - [32m[1mINFO[0m - Progress: [1m13%[0m (4226/32503 merges) - Last merge: (707, 112) -> 4481 (frequency: 24581)
2026-02-19 21:13:22,540 - rustbpe - [32m[1mINFO[0m - Progress: [1m14%[0m (4551/32503 merges) - Last merge: (278, 761) -> 4806 (frequency: 22262)
2026-02-19 21:13:22,622 - rustbpe - [32m[1mINFO[0m - Progress: [1m15%[0m (4876/32503 merges) - Last merge: (4166, 316) -> 5131 (frequency: 20149)
2026-02-19 21:13:22,709 - rustbpe - [32m[1mINFO[0m - Progress: [1m16%[0m (5201/32503 merges) - Last merge: (503, 2032) -> 5456 (frequency: 18484)
2026-02-19 21:13:22,766 - rustbpe - [32m[1mINFO[0m - Progress: [1m17%[0m (5526/32503 merges) - Last merge: (98, 419) -> 5781 (frequency: 16993)
2026-02-19 21:13:22,820 - rustbpe - [32m[1mINFO[0m - Progress: [1m18%[0m (5851/32503 merges) - Last merge: (1768, 121) -> 6106 (frequency: 15636)
2026-02-19 21:13:22,877 - rustbpe - [32m[1mINFO[0m - Progress: [1m19%[0m (6176/32503 merges) - Last merge: (945, 520) -> 6431 (frequency: 14422)
2026-02-19 21:13:22,941 - rustbpe - [32m[1mINFO[0m - Progress: [1m20%[0m (6501/32503 merges) - Last merge: (3634, 310) -> 6756 (frequency: 13425)
2026-02-19 21:13:22,980 - rustbpe - [32m[1mINFO[0m - Progress: [1m21%[0m (6826/32503 merges) - Last merge: (928, 3435) -> 7081 (frequency: 12538)
2026-02-19 21:13:23,022 - rustbpe - [32m[1mINFO[0m - Progress: [1m22%[0m (7151/32503 merges) - Last merge: (598, 1542) -> 7406 (frequency: 11705)
2026-02-19 21:13:23,072 - rustbpe - [32m[1mINFO[0m - Progress: [1m23%[0m (7476/32503 merges) - Last merge: (541, 1426) -> 7731 (frequency: 10908)
2026-02-19 21:13:23,114 - rustbpe - [32m[1mINFO[0m - Progress: [1m24%[0m (7801/32503 merges) - Last merge: (2379, 2312) -> 8056 (frequency: 10265)
2026-02-19 21:13:23,147 - rustbpe - [32m[1mINFO[0m - Progress: [1m25%[0m (8126/32503 merges) - Last merge: (261, 6131) -> 8381 (frequency: 9610)
2026-02-19 21:13:23,181 - rustbpe - [32m[1mINFO[0m - Progress: [1m26%[0m (8451/32503 merges) - Last merge: (300, 305) -> 8706 (frequency: 9038)
2026-02-19 21:13:23,220 - rustbpe - [32m[1mINFO[0m - Progress: [1m27%[0m (8776/32503 merges) - Last merge: (5277, 738) -> 9031 (frequency: 8508)
2026-02-19 21:13:23,265 - rustbpe - [32m[1mINFO[0m - Progress: [1m28%[0m (9101/32503 merges) - Last merge: (3821, 2883) -> 9356 (frequency: 8062)
2026-02-19 21:13:23,307 - rustbpe - [32m[1mINFO[0m - Progress: [1m29%[0m (9426/32503 merges) - Last merge: (5812, 274) -> 9681 (frequency: 7645)
2026-02-19 21:13:23,334 - rustbpe - [32m[1mINFO[0m - Progress: [1m30%[0m (9751/32503 merges) - Last merge: (336, 110) -> 10006 (frequency: 7259)
2026-02-19 21:13:23,370 - rustbpe - [32m[1mINFO[0m - Progress: [1m31%[0m (10076/32503 merges) - Last merge: (2985, 419) -> 10331 (frequency: 6881)
2026-02-19 21:13:23,402 - rustbpe - [32m[1mINFO[0m - Progress: [1m32%[0m (10401/32503 merges) - Last merge: (314, 610) -> 10656 (frequency: 6555)
2026-02-19 21:13:23,435 - rustbpe - [32m[1mINFO[0m - Progress: [1m33%[0m (10726/32503 merges) - Last merge: (2216, 291) -> 10981 (frequency: 6238)
2026-02-19 21:13:23,461 - rustbpe - [32m[1mINFO[0m - Progress: [1m34%[0m (11052/32503 merges) - Last merge: (5721, 262) -> 11307 (frequency: 5937)
2026-02-19 21:13:23,504 - rustbpe - [32m[1mINFO[0m - Progress: [1m35%[0m (11377/32503 merges) - Last merge: (7497, 3176) -> 11632 (frequency: 5680)
2026-02-19 21:13:23,527 - rustbpe - [32m[1mINFO[0m - Progress: [1m36%[0m (11702/32503 merges) - Last merge: (86, 68) -> 11957 (frequency: 5405)
2026-02-19 21:13:23,552 - rustbpe - [32m[1mINFO[0m - Progress: [1m37%[0m (12027/32503 merges) - Last merge: (117, 298) -> 12282 (frequency: 5190)
2026-02-19 21:13:23,578 - rustbpe - [32m[1mINFO[0m - Progress: [1m38%[0m (12352/32503 merges) - Last merge: (4277, 424) -> 12607 (frequency: 5004)
2026-02-19 21:13:23,595 - rustbpe - [32m[1mINFO[0m - Progress: [1m39%[0m (12677/32503 merges) - Last merge: (401, 10606) -> 12932 (frequency: 4803)
2026-02-19 21:13:23,621 - rustbpe - [32m[1mINFO[0m - Progress: [1m40%[0m (13002/32503 merges) - Last merge: (277, 269) -> 13257 (frequency: 4620)
2026-02-19 21:13:23,643 - rustbpe - [32m[1mINFO[0m - Progress: [1m41%[0m (13327/32503 merges) - Last merge: (2606, 291) -> 13582 (frequency: 4459)
2026-02-19 21:13:23,674 - rustbpe - [32m[1mINFO[0m - Progress: [1m42%[0m (13652/32503 merges) - Last merge: (439, 2375) -> 13907 (frequency: 4298)
2026-02-19 21:13:23,718 - rustbpe - [32m[1mINFO[0m - Progress: [1m43%[0m (13977/32503 merges) - Last merge: (270, 5666) -> 14232 (frequency: 4153)
2026-02-19 21:13:23,743 - rustbpe - [32m[1mINFO[0m - Progress: [1m44%[0m (14302/32503 merges) - Last merge: (2748, 115) -> 14557 (frequency: 3989)
2026-02-19 21:13:23,763 - rustbpe - [32m[1mINFO[0m - Progress: [1m45%[0m (14627/32503 merges) - Last merge: (1536, 11527) -> 14882 (frequency: 3848)
2026-02-19 21:13:23,780 - rustbpe - [32m[1mINFO[0m - Progress: [1m46%[0m (14952/32503 merges) - Last merge: (678, 280) -> 15207 (frequency: 3724)
2026-02-19 21:13:23,818 - rustbpe - [32m[1mINFO[0m - Progress: [1m47%[0m (15277/32503 merges) - Last merge: (422, 76) -> 15532 (frequency: 3599)
2026-02-19 21:13:23,839 - rustbpe - [32m[1mINFO[0m - Progress: [1m48%[0m (15602/32503 merges) - Last merge: (2919, 258) -> 15857 (frequency: 3474)
2026-02-19 21:13:23,862 - rustbpe - [32m[1mINFO[0m - Progress: [1m49%[0m (15927/32503 merges) - Last merge: (388, 8285) -> 16182 (frequency: 3352)
2026-02-19 21:13:23,896 - rustbpe - [32m[1mINFO[0m - Progress: [1m50%[0m (16252/32503 merges) - Last merge: (578, 5157) -> 16507 (frequency: 3247)
2026-02-19 21:13:23,934 - rustbpe - [32m[1mINFO[0m - Progress: [1m51%[0m (16577/32503 merges) - Last merge: (9118, 111) -> 16832 (frequency: 3141)
2026-02-19 21:13:23,978 - rustbpe - [32m[1mINFO[0m - Progress: [1m52%[0m (16902/32503 merges) - Last merge: (1568, 367) -> 17157 (frequency: 3048)
2026-02-19 21:13:24,007 - rustbpe - [32m[1mINFO[0m - Progress: [1m53%[0m (17227/32503 merges) - Last merge: (470, 289) -> 17482 (frequency: 2955)
2026-02-19 21:13:24,025 - rustbpe - [32m[1mINFO[0m - Progress: [1m54%[0m (17552/32503 merges) - Last merge: (388, 5080) -> 17807 (frequency: 2869)
2026-02-19 21:13:24,059 - rustbpe - [32m[1mINFO[0m - Progress: [1m55%[0m (17877/32503 merges) - Last merge: (527, 399) -> 18132 (frequency: 2790)
2026-02-19 21:13:24,078 - rustbpe - [32m[1mINFO[0m - Progress: [1m56%[0m (18202/32503 merges) - Last merge: (11741, 538) -> 18457 (frequency: 2718)
2026-02-19 21:13:24,096 - rustbpe - [32m[1mINFO[0m - Progress: [1m57%[0m (18527/32503 merges) - Last merge: (6662, 1329) -> 18782 (frequency: 2638)
2026-02-19 21:13:24,123 - rustbpe - [32m[1mINFO[0m - Progress: [1m58%[0m (18852/32503 merges) - Last merge: (1115, 109) -> 19107 (frequency: 2565)
2026-02-19 21:13:24,140 - rustbpe - [32m[1mINFO[0m - Progress: [1m59%[0m (19177/32503 merges) - Last merge: (1533, 4311) -> 19432 (frequency: 2492)
2026-02-19 21:13:24,157 - rustbpe - [32m[1mINFO[0m - Progress: [1m60%[0m (19502/32503 merges) - Last merge: (1635, 11936) -> 19757 (frequency: 2418)
2026-02-19 21:13:24,173 - rustbpe - [32m[1mINFO[0m - Progress: [1m61%[0m (19827/32503 merges) - Last merge: (12142, 1188) -> 20082 (frequency: 2353)
2026-02-19 21:13:24,186 - rustbpe - [32m[1mINFO[0m - Progress: [1m62%[0m (20152/32503 merges) - Last merge: (7558, 280) -> 20407 (frequency: 2293)
2026-02-19 21:13:24,201 - rustbpe - [32m[1mINFO[0m - Progress: [1m63%[0m (20477/32503 merges) - Last merge: (542, 20109) -> 20732 (frequency: 2229)
2026-02-19 21:13:24,222 - rustbpe - [32m[1mINFO[0m - Progress: [1m64%[0m (20802/32503 merges) - Last merge: (403, 4708) -> 21057 (frequency: 2169)
2026-02-19 21:13:24,239 - rustbpe - [32m[1mINFO[0m - Progress: [1m65%[0m (21127/32503 merges) - Last merge: (1386, 323) -> 21382 (frequency: 2117)
2026-02-19 21:13:24,254 - rustbpe - [32m[1mINFO[0m - Progress: [1m66%[0m (21452/32503 merges) - Last merge: (1736, 111) -> 21707 (frequency: 2063)
2026-02-19 21:13:24,273 - rustbpe - [32m[1mINFO[0m - Progress: [1m67%[0m (21778/32503 merges) - Last merge: (388, 2341) -> 22033 (frequency: 2007)
2026-02-19 21:13:24,285 - rustbpe - [32m[1mINFO[0m - Progress: [1m68%[0m (22103/32503 merges) - Last merge: (3070, 360) -> 22358 (frequency: 1957)
2026-02-19 21:13:24,299 - rustbpe - [32m[1mINFO[0m - Progress: [1m69%[0m (22428/32503 merges) - Last merge: (504, 6556) -> 22683 (frequency: 1915)
2026-02-19 21:13:24,319 - rustbpe - [32m[1mINFO[0m - Progress: [1m70%[0m (22753/32503 merges) - Last merge: (508, 59) -> 23008 (frequency: 1863)
2026-02-19 21:13:24,332 - rustbpe - [32m[1mINFO[0m - Progress: [1m71%[0m (23078/32503 merges) - Last merge: (257, 21115) -> 23333 (frequency: 1817)
2026-02-19 21:13:24,344 - rustbpe - [32m[1mINFO[0m - Progress: [1m72%[0m (23403/32503 merges) - Last merge: (4042, 1223) -> 23658 (frequency: 1772)
2026-02-19 21:13:24,360 - rustbpe - [32m[1mINFO[0m - Progress: [1m73%[0m (23728/32503 merges) - Last merge: (407, 16539) -> 23983 (frequency: 1726)
2026-02-19 21:13:24,381 - rustbpe - [32m[1mINFO[0m - Progress: [1m74%[0m (24053/32503 merges) - Last merge: (282, 282) -> 24308 (frequency: 1684)
2026-02-19 21:13:24,396 - rustbpe - [32m[1mINFO[0m - Progress: [1m75%[0m (24378/32503 merges) - Last merge: (16262, 685) -> 24633 (frequency: 1646)
2026-02-19 21:13:24,406 - rustbpe - [32m[1mINFO[0m - Progress: [1m76%[0m (24703/32503 merges) - Last merge: (597, 528) -> 24958 (frequency: 1608)
2026-02-19 21:13:24,421 - rustbpe - [32m[1mINFO[0m - Progress: [1m77%[0m (25028/32503 merges) - Last merge: (81, 601) -> 25283 (frequency: 1573)
2026-02-19 21:13:24,441 - rustbpe - [32m[1mINFO[0m - Progress: [1m78%[0m (25353/32503 merges) - Last merge: (5456, 6445) -> 25608 (frequency: 1535)
2026-02-19 21:13:24,453 - rustbpe - [32m[1mINFO[0m - Progress: [1m79%[0m (25678/32503 merges) - Last merge: (320, 274) -> 25933 (frequency: 1504)
2026-02-19 21:13:24,466 - rustbpe - [32m[1mINFO[0m - Progress: [1m80%[0m (26003/32503 merges) - Last merge: (1983, 269) -> 26258 (frequency: 1471)
2026-02-19 21:13:24,485 - rustbpe - [32m[1mINFO[0m - Progress: [1m81%[0m (26328/32503 merges) - Last merge: (7096, 23226) -> 26583 (frequency: 1442)
2026-02-19 21:13:24,500 - rustbpe - [32m[1mINFO[0m - Progress: [1m82%[0m (26653/32503 merges) - Last merge: (532, 1613) -> 26908 (frequency: 1413)
2026-02-19 21:13:24,516 - rustbpe - [32m[1mINFO[0m - Progress: [1m83%[0m (26978/32503 merges) - Last merge: (446, 3835) -> 27233 (frequency: 1381)
2026-02-19 21:13:24,535 - rustbpe - [32m[1mINFO[0m - Progress: [1m84%[0m (27303/32503 merges) - Last merge: (8627, 3935) -> 27558 (frequency: 1353)
2026-02-19 21:13:24,548 - rustbpe - [32m[1mINFO[0m - Progress: [1m85%[0m (27628/32503 merges) - Last merge: (1594, 8679) -> 27883 (frequency: 1325)
2026-02-19 21:13:24,563 - rustbpe - [32m[1mINFO[0m - Progress: [1m86%[0m (27953/32503 merges) - Last merge: (4809, 280) -> 28208 (frequency: 1299)
2026-02-19 21:13:24,577 - rustbpe - [32m[1mINFO[0m - Progress: [1m87%[0m (28278/32503 merges) - Last merge: (11266, 1071) -> 28533 (frequency: 1271)
2026-02-19 21:13:24,590 - rustbpe - [32m[1mINFO[0m - Progress: [1m88%[0m (28603/32503 merges) - Last merge: (3994, 870) -> 28858 (frequency: 1244)
2026-02-19 21:13:24,610 - rustbpe - [32m[1mINFO[0m - Progress: [1m89%[0m (28928/32503 merges) - Last merge: (13424, 802) -> 29183 (frequency: 1219)
2026-02-19 21:13:24,626 - rustbpe - [32m[1mINFO[0m - Progress: [1m90%[0m (29253/32503 merges) - Last merge: (8659, 390) -> 29508 (frequency: 1198)
2026-02-19 21:13:24,635 - rustbpe - [32m[1mINFO[0m - Progress: [1m91%[0m (29578/32503 merges) - Last merge: (4105, 1571) -> 29833 (frequency: 1177)
2026-02-19 21:13:24,655 - rustbpe - [32m[1mINFO[0m - Progress: [1m92%[0m (29903/32503 merges) - Last merge: (11903, 364) -> 30158 (frequency: 1154)
2026-02-19 21:13:24,664 - rustbpe - [32m[1mINFO[0m - Progress: [1m93%[0m (30228/32503 merges) - Last merge: (1609, 373) -> 30483 (frequency: 1131)
2026-02-19 21:13:24,675 - rustbpe - [32m[1mINFO[0m - Progress: [1m94%[0m (30553/32503 merges) - Last merge: (585, 8745) -> 30808 (frequency: 1109)
2026-02-19 21:13:24,687 - rustbpe - [32m[1mINFO[0m - Progress: [1m95%[0m (30878/32503 merges) - Last merge: (1027, 99) -> 31133 (frequency: 1088)
2026-02-19 21:13:24,702 - rustbpe - [32m[1mINFO[0m - Progress: [1m96%[0m (31203/32503 merges) - Last merge: (3540, 6667) -> 31458 (frequency: 1069)
2026-02-19 21:13:24,712 - rustbpe - [32m[1mINFO[0m - Progress: [1m97%[0m (31528/32503 merges) - Last merge: (19950, 1783) -> 31783 (frequency: 1052)
2026-02-19 21:13:24,721 - rustbpe - [32m[1mINFO[0m - Progress: [1m98%[0m (31853/32503 merges) - Last merge: (590, 20112) -> 32108 (frequency: 1032)
2026-02-19 21:13:24,736 - rustbpe - [32m[1mINFO[0m - Progress: [1m99%[0m (32178/32503 merges) - Last merge: (821, 1306) -> 32433 (frequency: 1014)
2026-02-19 21:13:24,745 - rustbpe - [32m[1mINFO[0m - Progress: [1m100%[0m (32503/32503 merges) - Last merge: (26099, 522) -> 32758 (frequency: 997)
2026-02-19 21:13:24,745 - rustbpe - [32m[1mINFO[0m - Finished training: 32503 merges completed
[2026-02-19T21:32:09.297] error: *** JOB 355084 ON andreas-h100-1 CANCELLED AT 2026-02-19T21:32:09 DUE to SIGNAL Terminated ***
