========================================
Job ID: 365996
Node: andreas-h100-1
GPUs: 4
Config: intercept=0.1, SN=no
Start Time: Mon Feb 23 11:21:38 EST 2026
========================================
Mon Feb 23 11:21:38 2026       
+-----------------------------------------------------------------------------------------+
| NVIDIA-SMI 575.57.08              Driver Version: 575.57.08      CUDA Version: 12.9     |
|-----------------------------------------+------------------------+----------------------+
| GPU  Name                 Persistence-M | Bus-Id          Disp.A | Volatile Uncorr. ECC |
| Fan  Temp   Perf          Pwr:Usage/Cap |           Memory-Usage | GPU-Util  Compute M. |
|                                         |                        |               MIG M. |
|=========================================+========================+======================|
|   0  NVIDIA H100 NVL                On  |   00000000:41:00.0 Off |                    0 |
| N/A   40C    P0             65W /  400W |       0MiB /  95830MiB |      0%      Default |
|                                         |                        |             Disabled |
+-----------------------------------------+------------------------+----------------------+
|   1  NVIDIA H100 NVL                On  |   00000000:61:00.0 Off |                    0 |
| N/A   40C    P0             62W /  400W |       0MiB /  95830MiB |      0%      Default |
|                                         |                        |             Disabled |
+-----------------------------------------+------------------------+----------------------+
|   2  NVIDIA H100 NVL                On  |   00000000:C1:00.0 Off |                    0 |
| N/A   43C    P0             64W /  400W |       0MiB /  95830MiB |      0%      Default |
|                                         |                        |             Disabled |
+-----------------------------------------+------------------------+----------------------+
|   3  NVIDIA H100 NVL                On  |   00000000:E1:00.0 Off |                    0 |
| N/A   43C    P0             65W /  400W |       0MiB /  95830MiB |      0%      Default |
|                                         |                        |             Disabled |
+-----------------------------------------+------------------------+----------------------+
                                                                                         
+-----------------------------------------------------------------------------------------+
| Processes:                                                                              |
|  GPU   GI   CI              PID   Type   Process name                        GPU Memory |
|        ID   ID                                                               Usage      |
|=========================================================================================|
|  No running processes found                                                             |
+-----------------------------------------------------------------------------------------+
Starting: affine_0.1_NO_SN

                                                       █████                █████
                                                      ░░███                ░░███
     ████████    ██████   ████████    ██████   ██████  ░███████    ██████  ███████
    ░░███░░███  ░░░░░███ ░░███░░███  ███░░███ ███░░███ ░███░░███  ░░░░░███░░░███░
     ░███ ░███   ███████  ░███ ░███ ░███ ░███░███ ░░░  ░███ ░███   ███████  ░███
     ░███ ░███  ███░░███  ░███ ░███ ░███ ░███░███  ███ ░███ ░███  ███░░███  ░███ ███
     ████ █████░░████████ ████ █████░░██████ ░░██████  ████ █████░░███████  ░░█████
    ░░░░ ░░░░░  ░░░░░░░░ ░░░░ ░░░░░  ░░░░░░   ░░░░░░  ░░░░ ░░░░░  ░░░░░░░░   ░░░░░
    
=== Affine sweep: intercept=0.1, SN=NO_SN ===
Autodetected device type: cuda
GPU: NVIDIA H100 NVL | Peak FLOPS (BF16): 8.35e+14
Using Flash Attention 3
Vocab size: 32,768
Model config:
{
  "sequence_len": 2048,
  "vocab_size": 32768,
  "n_layer": 20,
  "n_head": 10,
  "n_kv_head": 10,
  "n_embd": 1280,
  "window_pattern": "SSSL"
}
FP8 training enabled - converted 121 layers
Parameter counts:
wte                     : 41,943,040
value_embeds            : 419,430,400
lm_head                 : 41,943,040
transformer_matrices    : 393,219,200
scalars                 : 40
total                   : 896,535,720
Estimated FLOPs per token: 3.004189e+09
Auto-computed optimal batch size: 1,048,576 tokens
Scaling LRs by 1.4142 for batch size 1,048,576
Scaling weight decay from 0.200000 to 0.071563
Scaling the LR for the AdamW parameters ∝1/√(1280/768) = 0.774597
Calculated number of iterations from target data:param ratio: 4,357
Total tokens: 4,568,645,632 | Iterations: 4,357
Gradient accumulation steps: 8
[affine_0.100_NO_SN] Step 00000 | val_bpb: 3.169049
[affine_0.100_NO_SN] step 00000/04357 (0.00%) | loss: 10.398166 | dt: 29461.51ms | tok/s: 35,591
[affine_0.100_NO_SN] step 00050/04357 (1.15%) | loss: 5.814049 | dt: 4952.81ms | tok/s: 211,713 | eta: 353.3m
[affine_0.100_NO_SN] step 00100/04357 (2.30%) | loss: 5.686293 | dt: 5111.16ms | tok/s: 205,154 | eta: 354.8m
[affine_0.100_NO_SN] step 00150/04357 (3.44%) | loss: 5.400940 | dt: 5082.58ms | tok/s: 206,307 | eta: 353.9m
[affine_0.100_NO_SN] step 00200/04357 (4.59%) | loss: 5.145097 | dt: 5068.95ms | tok/s: 206,862 | eta: 350.6m
[affine_0.100_NO_SN] Step 00250 | val_bpb: 1.405825
[affine_0.100_NO_SN] step 00250/04357 (5.74%) | loss: 4.721534 | dt: 5020.10ms | tok/s: 208,875 | eta: 345.9m
[affine_0.100_NO_SN] step 00300/04357 (6.89%) | loss: 4.260203 | dt: 4962.12ms | tok/s: 211,316 | eta: 340.8m
[affine_0.100_NO_SN] step 00350/04357 (8.03%) | loss: 3.941772 | dt: 4920.82ms | tok/s: 213,089 | eta: 335.7m
[affine_0.100_NO_SN] step 00400/04357 (9.18%) | loss: 3.744834 | dt: 4928.68ms | tok/s: 212,749 | eta: 330.8m
[affine_0.100_NO_SN] step 00450/04357 (10.33%) | loss: 3.578332 | dt: 4942.55ms | tok/s: 212,152 | eta: 325.9m
[affine_0.100_NO_SN] Step 00500 | val_bpb: 1.051902
[affine_0.100_NO_SN] step 00500/04357 (11.48%) | loss: 3.477725 | dt: 4963.61ms | tok/s: 211,252 | eta: 321.2m
[affine_0.100_NO_SN] step 00550/04357 (12.62%) | loss: 3.397606 | dt: 4907.39ms | tok/s: 213,672 | eta: 316.6m
[affine_0.100_NO_SN] step 00600/04357 (13.77%) | loss: 3.321290 | dt: 4894.27ms | tok/s: 214,245 | eta: 312.0m
[affine_0.100_NO_SN] step 00650/04357 (14.92%) | loss: 3.311793 | dt: 4899.51ms | tok/s: 214,016 | eta: 307.5m
[affine_0.100_NO_SN] step 00700/04357 (16.07%) | loss: 3.267329 | dt: 4936.26ms | tok/s: 212,423 | eta: 303.0m
[affine_0.100_NO_SN] Step 00750 | val_bpb: 0.971230
[affine_0.100_NO_SN] step 00750/04357 (17.21%) | loss: 3.176913 | dt: 4947.72ms | tok/s: 211,931 | eta: 298.6m
[affine_0.100_NO_SN] step 00800/04357 (18.36%) | loss: 3.177898 | dt: 4888.61ms | tok/s: 214,493 | eta: 294.2m
[affine_0.100_NO_SN] step 00850/04357 (19.51%) | loss: 3.168139 | dt: 4902.86ms | tok/s: 213,870 | eta: 289.8m
[affine_0.100_NO_SN] step 00900/04357 (20.66%) | loss: 3.145640 | dt: 4895.43ms | tok/s: 214,195 | eta: 285.5m
[affine_0.100_NO_SN] step 00950/04357 (21.80%) | loss: 3.106113 | dt: 4885.75ms | tok/s: 214,619 | eta: 281.1m
[affine_0.100_NO_SN] Step 01000 | val_bpb: 0.937924
[affine_0.100_NO_SN] step 01000/04357 (22.95%) | loss: 3.091934 | dt: 4916.19ms | tok/s: 213,290 | eta: 276.8m
[affine_0.100_NO_SN] step 01050/04357 (24.10%) | loss: 3.113035 | dt: 4890.35ms | tok/s: 214,417 | eta: 272.6m
[affine_0.100_NO_SN] step 01100/04357 (25.25%) | loss: 3.053881 | dt: 4872.94ms | tok/s: 215,183 | eta: 268.3m
[affine_0.100_NO_SN] step 01150/04357 (26.39%) | loss: 3.043790 | dt: 4889.42ms | tok/s: 214,458 | eta: 264.0m
[affine_0.100_NO_SN] step 01200/04357 (27.54%) | loss: 3.016435 | dt: 4890.15ms | tok/s: 214,426 | eta: 259.8m
[affine_0.100_NO_SN] Step 01250 | val_bpb: 0.921593
[affine_0.100_NO_SN] step 01250/04357 (28.69%) | loss: 3.109886 | dt: 4948.72ms | tok/s: 211,888 | eta: 255.6m
[affine_0.100_NO_SN] step 01300/04357 (29.84%) | loss: 3.027688 | dt: 4886.30ms | tok/s: 214,594 | eta: 251.4m
[affine_0.100_NO_SN] step 01350/04357 (30.98%) | loss: 3.013116 | dt: 4875.04ms | tok/s: 215,090 | eta: 247.1m
[affine_0.100_NO_SN] step 01400/04357 (32.13%) | loss: 2.959803 | dt: 4869.52ms | tok/s: 215,334 | eta: 242.9m
[affine_0.100_NO_SN] step 01450/04357 (33.28%) | loss: 2.978900 | dt: 4882.30ms | tok/s: 214,770 | eta: 238.7m
[affine_0.100_NO_SN] Step 01500 | val_bpb: 0.900615
[affine_0.100_NO_SN] step 01500/04357 (34.43%) | loss: 2.948735 | dt: 4916.41ms | tok/s: 213,280 | eta: 234.5m
[affine_0.100_NO_SN] step 01550/04357 (35.57%) | loss: 2.969881 | dt: 4860.83ms | tok/s: 215,719 | eta: 230.3m
[affine_0.100_NO_SN] step 01600/04357 (36.72%) | loss: 2.938099 | dt: 4860.60ms | tok/s: 215,729 | eta: 226.1m
[affine_0.100_NO_SN] step 01650/04357 (37.87%) | loss: 2.965701 | dt: 4848.23ms | tok/s: 216,280 | eta: 222.0m
[affine_0.100_NO_SN] step 01700/04357 (39.02%) | loss: 2.933320 | dt: 4881.52ms | tok/s: 214,805 | eta: 217.8m
[affine_0.100_NO_SN] Step 01750 | val_bpb: 0.901999
[affine_0.100_NO_SN] step 01750/04357 (40.17%) | loss: 2.995478 | dt: 4905.51ms | tok/s: 213,754 | eta: 213.6m
[affine_0.100_NO_SN] step 01800/04357 (41.31%) | loss: 2.921089 | dt: 4870.18ms | tok/s: 215,305 | eta: 209.5m
[affine_0.100_NO_SN] step 01850/04357 (42.46%) | loss: 2.884582 | dt: 4868.87ms | tok/s: 215,363 | eta: 205.3m
[affine_0.100_NO_SN] step 01900/04357 (43.61%) | loss: 2.911571 | dt: 4898.24ms | tok/s: 214,071 | eta: 201.2m
[affine_0.100_NO_SN] step 01950/04357 (44.76%) | loss: 2.916923 | dt: 4858.27ms | tok/s: 215,833 | eta: 197.0m
[affine_0.100_NO_SN] Step 02000 | val_bpb: 0.876679
[affine_0.100_NO_SN] step 02000/04357 (45.90%) | loss: 2.907713 | dt: 4906.96ms | tok/s: 213,691 | eta: 192.9m
[affine_0.100_NO_SN] step 02050/04357 (47.05%) | loss: 2.883509 | dt: 4853.17ms | tok/s: 216,060 | eta: 188.8m
[affine_0.100_NO_SN] step 02100/04357 (48.20%) | loss: 3.033935 | dt: 4893.67ms | tok/s: 214,271 | eta: 184.6m
[affine_0.100_NO_SN] step 02150/04357 (49.35%) | loss: 2.927399 | dt: 4868.79ms | tok/s: 215,367 | eta: 180.5m
[affine_0.100_NO_SN] step 02200/04357 (50.49%) | loss: 2.874342 | dt: 4857.19ms | tok/s: 215,881 | eta: 176.4m
[affine_0.100_NO_SN] Step 02250 | val_bpb: 0.868841
[affine_0.100_NO_SN] step 02250/04357 (51.64%) | loss: 2.872028 | dt: 5260.27ms | tok/s: 199,338 | eta: 172.3m
[affine_0.100_NO_SN] step 02300/04357 (52.79%) | loss: 2.850990 | dt: 4856.70ms | tok/s: 215,903 | eta: 168.2m
