========================================
Job ID: 356441
Node: andreas-h100-1
GPUs: 4
Config: intercept=0.5, SN=yes
Start Time: Fri Feb 20 10:04:39 EST 2026
========================================
Fri Feb 20 10:04:39 2026       
+-----------------------------------------------------------------------------------------+
| NVIDIA-SMI 575.57.08              Driver Version: 575.57.08      CUDA Version: 12.9     |
|-----------------------------------------+------------------------+----------------------+
| GPU  Name                 Persistence-M | Bus-Id          Disp.A | Volatile Uncorr. ECC |
| Fan  Temp   Perf          Pwr:Usage/Cap |           Memory-Usage | GPU-Util  Compute M. |
|                                         |                        |               MIG M. |
|=========================================+========================+======================|
|   0  NVIDIA H100 NVL                On  |   00000000:01:00.0 Off |                    0 |
| N/A   63C    P0             76W /  400W |       0MiB /  95830MiB |      0%      Default |
|                                         |                        |             Disabled |
+-----------------------------------------+------------------------+----------------------+
|   1  NVIDIA H100 NVL                On  |   00000000:21:00.0 Off |                    0 |
| N/A   63C    P0             70W /  400W |       0MiB /  95830MiB |      0%      Default |
|                                         |                        |             Disabled |
+-----------------------------------------+------------------------+----------------------+
|   2  NVIDIA H100 NVL                On  |   00000000:41:00.0 Off |                    0 |
| N/A   63C    P0             75W /  400W |       0MiB /  95830MiB |      0%      Default |
|                                         |                        |             Disabled |
+-----------------------------------------+------------------------+----------------------+
|   3  NVIDIA H100 NVL                On  |   00000000:61:00.0 Off |                    0 |
| N/A   61C    P0             70W /  400W |       0MiB /  95830MiB |      0%      Default |
|                                         |                        |             Disabled |
+-----------------------------------------+------------------------+----------------------+
                                                                                         
+-----------------------------------------------------------------------------------------+
| Processes:                                                                              |
|  GPU   GI   CI              PID   Type   Process name                        GPU Memory |
|        ID   ID                                                               Usage      |
|=========================================================================================|
|  No running processes found                                                             |
+-----------------------------------------------------------------------------------------+
Starting: affine_0.5_YES_SN

                                                       █████                █████
                                                      ░░███                ░░███
     ████████    ██████   ████████    ██████   ██████  ░███████    ██████  ███████
    ░░███░░███  ░░░░░███ ░░███░░███  ███░░███ ███░░███ ░███░░███  ░░░░░███░░░███░
     ░███ ░███   ███████  ░███ ░███ ░███ ░███░███ ░░░  ░███ ░███   ███████  ░███
     ░███ ░███  ███░░███  ░███ ░███ ░███ ░███░███  ███ ░███ ░███  ███░░███  ░███ ███
     ████ █████░░████████ ████ █████░░██████ ░░██████  ████ █████░░███████  ░░█████
    ░░░░ ░░░░░  ░░░░░░░░ ░░░░ ░░░░░  ░░░░░░   ░░░░░░  ░░░░ ░░░░░  ░░░░░░░░   ░░░░░
    
=== Affine sweep: intercept=0.5, SN=YES_SN ===
Autodetected device type: cuda
GPU: NVIDIA H100 NVL | Peak FLOPS (BF16): 8.35e+14
Using Flash Attention 3
Vocab size: 32,768
Model config:
{
  "sequence_len": 2048,
  "vocab_size": 32768,
  "n_layer": 20,
  "n_head": 10,
  "n_kv_head": 10,
  "n_embd": 1280,
  "window_pattern": "SSSL"
}
FP8 training enabled - converted 121 layers
Parameter counts:
wte                     : 41,943,040
value_embeds            : 419,430,400
lm_head                 : 41,943,040
transformer_matrices    : 393,219,200
scalars                 : 40
total                   : 896,535,720
Estimated FLOPs per token: 3.004189e+09
Auto-computed optimal batch size: 1,048,576 tokens
Scaling LRs by 1.4142 for batch size 1,048,576
Scaling weight decay from 0.200000 to 0.071563
Scaling the LR for the AdamW parameters ∝1/√(1280/768) = 0.774597
Calculated number of iterations from target data:param ratio: 4,357
Total tokens: 4,568,645,632 | Iterations: 4,357
Gradient accumulation steps: 8
[affine_0.500_YES_SN] Step 00000 | val_bpb: 3.169049
[affine_0.500_YES_SN] step 00000/04357 (0.00%) | loss: 10.398166 | dt: 28683.89ms | tok/s: 36,556
[affine_0.500_YES_SN] step 00050/04357 (1.15%) | loss: 5.681037 | dt: 5033.28ms | tok/s: 208,328 | eta: 354.1m
[affine_0.500_YES_SN] step 00100/04357 (2.30%) | loss: 4.948789 | dt: 4960.68ms | tok/s: 211,377 | eta: 358.8m
[affine_0.500_YES_SN] step 00150/04357 (3.44%) | loss: 4.257608 | dt: 4947.36ms | tok/s: 211,946 | eta: 352.4m
[affine_0.500_YES_SN] step 00200/04357 (4.59%) | loss: 3.819995 | dt: 4903.86ms | tok/s: 213,826 | eta: 346.4m
[affine_0.500_YES_SN] Step 00250 | val_bpb: 1.082961
[affine_0.500_YES_SN] step 00250/04357 (5.74%) | loss: 3.602992 | dt: 4921.27ms | tok/s: 213,070 | eta: 340.7m
[affine_0.500_YES_SN] step 00300/04357 (6.89%) | loss: 3.428697 | dt: 4848.66ms | tok/s: 216,260 | eta: 335.2m
[affine_0.500_YES_SN] step 00350/04357 (8.03%) | loss: 3.344883 | dt: 4844.24ms | tok/s: 216,458 | eta: 330.0m
[affine_0.500_YES_SN] step 00400/04357 (9.18%) | loss: 3.303438 | dt: 4828.84ms | tok/s: 217,148 | eta: 324.9m
[affine_0.500_YES_SN] step 00450/04357 (10.33%) | loss: 3.227382 | dt: 4826.67ms | tok/s: 217,246 | eta: 320.1m
[affine_0.500_YES_SN] Step 00500 | val_bpb: 0.966010
[affine_0.500_YES_SN] step 00500/04357 (11.48%) | loss: 3.182320 | dt: 4838.87ms | tok/s: 216,698 | eta: 315.4m
[affine_0.500_YES_SN] step 00550/04357 (12.62%) | loss: 3.149503 | dt: 4804.55ms | tok/s: 218,246 | eta: 310.7m
[affine_0.500_YES_SN] step 00600/04357 (13.77%) | loss: 3.113753 | dt: 4815.79ms | tok/s: 217,736 | eta: 306.2m
[affine_0.500_YES_SN] step 00650/04357 (14.92%) | loss: 3.124380 | dt: 4796.91ms | tok/s: 218,594 | eta: 301.7m
[affine_0.500_YES_SN] step 00700/04357 (16.07%) | loss: 3.102545 | dt: 4806.06ms | tok/s: 218,177 | eta: 297.3m
[affine_0.500_YES_SN] Step 00750 | val_bpb: 0.926899
[affine_0.500_YES_SN] step 00750/04357 (17.21%) | loss: 3.022022 | dt: 4821.88ms | tok/s: 217,461 | eta: 292.9m
[affine_0.500_YES_SN] step 00800/04357 (18.36%) | loss: 3.029755 | dt: 4795.91ms | tok/s: 218,639 | eta: 288.6m
[affine_0.500_YES_SN] step 00850/04357 (19.51%) | loss: 2.993283 | dt: 4797.65ms | tok/s: 218,560 | eta: 284.3m
[affine_0.500_YES_SN] step 00900/04357 (20.66%) | loss: 3.029495 | dt: 4808.04ms | tok/s: 218,087 | eta: 280.0m
[affine_0.500_YES_SN] step 00950/04357 (21.80%) | loss: 2.981780 | dt: 4795.59ms | tok/s: 218,654 | eta: 275.7m
[affine_0.500_YES_SN] Step 01000 | val_bpb: 0.905590
[affine_0.500_YES_SN] step 01000/04357 (22.95%) | loss: 2.989478 | dt: 4808.95ms | tok/s: 218,046 | eta: 271.5m
[affine_0.500_YES_SN] step 01050/04357 (24.10%) | loss: 2.976063 | dt: 4786.95ms | tok/s: 219,049 | eta: 267.3m
[affine_0.500_YES_SN] step 01100/04357 (25.25%) | loss: 2.962395 | dt: 4791.04ms | tok/s: 218,861 | eta: 263.1m
[affine_0.500_YES_SN] step 01150/04357 (26.39%) | loss: 2.959029 | dt: 4806.07ms | tok/s: 218,177 | eta: 259.0m
[affine_0.500_YES_SN] step 01200/04357 (27.54%) | loss: 2.938987 | dt: 4786.76ms | tok/s: 219,057 | eta: 254.8m
[affine_0.500_YES_SN] Step 01250 | val_bpb: 0.892091
[affine_0.500_YES_SN] step 01250/04357 (28.69%) | loss: 2.958602 | dt: 4803.15ms | tok/s: 218,309 | eta: 250.7m
[affine_0.500_YES_SN] step 01300/04357 (29.84%) | loss: 2.951721 | dt: 4781.69ms | tok/s: 219,289 | eta: 246.5m
[affine_0.500_YES_SN] step 01350/04357 (30.98%) | loss: 2.933177 | dt: 4777.25ms | tok/s: 219,493 | eta: 242.4m
[affine_0.500_YES_SN] step 01400/04357 (32.13%) | loss: 2.895040 | dt: 4786.53ms | tok/s: 219,067 | eta: 238.3m
[affine_0.500_YES_SN] step 01450/04357 (33.28%) | loss: 2.916465 | dt: 4790.76ms | tok/s: 218,874 | eta: 234.2m
[affine_0.500_YES_SN] Step 01500 | val_bpb: 0.880544
[affine_0.500_YES_SN] step 01500/04357 (34.43%) | loss: 2.885643 | dt: 4821.61ms | tok/s: 217,474 | eta: 230.1m
[affine_0.500_YES_SN] step 01550/04357 (35.57%) | loss: 2.907898 | dt: 4783.63ms | tok/s: 219,201 | eta: 226.0m
[affine_0.500_YES_SN] step 01600/04357 (36.72%) | loss: 2.885011 | dt: 4785.70ms | tok/s: 219,106 | eta: 221.9m
[affine_0.500_YES_SN] step 01650/04357 (37.87%) | loss: 2.908712 | dt: 4776.45ms | tok/s: 219,530 | eta: 217.8m
[affine_0.500_YES_SN] step 01700/04357 (39.02%) | loss: 2.883043 | dt: 4787.62ms | tok/s: 219,018 | eta: 213.7m
[affine_0.500_YES_SN] Step 01750 | val_bpb: 0.871633
[affine_0.500_YES_SN] step 01750/04357 (40.17%) | loss: 2.875494 | dt: 4810.86ms | tok/s: 217,960 | eta: 209.7m
[affine_0.500_YES_SN] step 01800/04357 (41.31%) | loss: 2.872652 | dt: 4785.70ms | tok/s: 219,106 | eta: 205.6m
[affine_0.500_YES_SN] step 01850/04357 (42.46%) | loss: 2.838367 | dt: 4784.83ms | tok/s: 219,145 | eta: 201.5m
[affine_0.500_YES_SN] step 01900/04357 (43.61%) | loss: 2.863621 | dt: 4789.15ms | tok/s: 218,948 | eta: 197.5m
[affine_0.500_YES_SN] step 01950/04357 (44.76%) | loss: 2.849198 | dt: 4783.71ms | tok/s: 219,197 | eta: 193.4m
[affine_0.500_YES_SN] Step 02000 | val_bpb: 0.864425
[affine_0.500_YES_SN] step 02000/04357 (45.90%) | loss: 2.862751 | dt: 4818.70ms | tok/s: 217,605 | eta: 189.4m
[affine_0.500_YES_SN] step 02050/04357 (47.05%) | loss: 2.843168 | dt: 4774.82ms | tok/s: 219,605 | eta: 185.3m
[affine_0.500_YES_SN] step 02100/04357 (48.20%) | loss: 2.839414 | dt: 4779.52ms | tok/s: 219,389 | eta: 181.3m
[affine_0.500_YES_SN] step 02150/04357 (49.35%) | loss: 2.872677 | dt: 4787.42ms | tok/s: 219,027 | eta: 177.2m
[affine_0.500_YES_SN] step 02200/04357 (50.49%) | loss: 2.825361 | dt: 4780.76ms | tok/s: 219,332 | eta: 173.2m
[affine_0.500_YES_SN] Step 02250 | val_bpb: 0.857511
[affine_0.500_YES_SN] step 02250/04357 (51.64%) | loss: 2.830182 | dt: 4798.39ms | tok/s: 218,526 | eta: 169.1m
[affine_0.500_YES_SN] step 02300/04357 (52.79%) | loss: 2.814370 | dt: 4778.04ms | tok/s: 219,457 | eta: 165.1m
[affine_0.500_YES_SN] step 02350/04357 (53.94%) | loss: 2.833766 | dt: 4790.71ms | tok/s: 218,876 | eta: 161.0m
[affine_0.500_YES_SN] step 02400/04357 (55.08%) | loss: 2.778342 | dt: 4782.14ms | tok/s: 219,269 | eta: 157.0m
[affine_0.500_YES_SN] step 02450/04357 (56.23%) | loss: 2.807958 | dt: 4785.73ms | tok/s: 219,104 | eta: 153.0m
[affine_0.500_YES_SN] Step 02500 | val_bpb: 0.847339
[affine_0.500_YES_SN] step 02500/04357 (57.38%) | loss: 2.815165 | dt: 4834.87ms | tok/s: 216,877 | eta: 149.0m
[affine_0.500_YES_SN] step 02550/04357 (58.53%) | loss: 2.767757 | dt: 4785.37ms | tok/s: 219,121 | eta: 144.9m
[affine_0.500_YES_SN] step 02600/04357 (59.67%) | loss: 2.766589 | dt: 4793.75ms | tok/s: 218,738 | eta: 140.9m
[affine_0.500_YES_SN] step 02650/04357 (60.82%) | loss: 2.765235 | dt: 4783.48ms | tok/s: 219,207 | eta: 136.9m
[affine_0.500_YES_SN] step 02700/04357 (61.97%) | loss: 2.799819 | dt: 4785.43ms | tok/s: 219,118 | eta: 132.9m
[affine_0.500_YES_SN] Step 02750 | val_bpb: 0.838040
[affine_0.500_YES_SN] step 02750/04357 (63.12%) | loss: 2.733239 | dt: 4836.69ms | tok/s: 216,796 | eta: 128.9m
[affine_0.500_YES_SN] step 02800/04357 (64.26%) | loss: 2.771177 | dt: 4791.58ms | tok/s: 218,837 | eta: 124.8m
[affine_0.500_YES_SN] step 02850/04357 (65.41%) | loss: 2.781631 | dt: 4789.92ms | tok/s: 218,913 | eta: 120.8m
[affine_0.500_YES_SN] step 02900/04357 (66.56%) | loss: 2.753625 | dt: 4781.92ms | tok/s: 219,279 | eta: 116.8m
[affine_0.500_YES_SN] step 02950/04357 (67.71%) | loss: 2.719840 | dt: 4789.85ms | tok/s: 218,916 | eta: 112.8m
[affine_0.500_YES_SN] Step 03000 | val_bpb: 0.828737
[affine_0.500_YES_SN] step 03000/04357 (68.85%) | loss: 2.737424 | dt: 4817.87ms | tok/s: 217,643 | eta: 108.8m
[affine_0.500_YES_SN] step 03050/04357 (70.00%) | loss: 2.715863 | dt: 4778.59ms | tok/s: 219,432 | eta: 104.8m
[affine_0.500_YES_SN] step 03100/04357 (71.15%) | loss: 2.707137 | dt: 4780.97ms | tok/s: 219,322 | eta: 100.7m
[affine_0.500_YES_SN] step 03150/04357 (72.30%) | loss: 2.699872 | dt: 4784.70ms | tok/s: 219,151 | eta: 96.7m
[affine_0.500_YES_SN] step 03200/04357 (73.45%) | loss: 2.709840 | dt: 4789.66ms | tok/s: 218,925 | eta: 92.7m
[affine_0.500_YES_SN] Step 03250 | val_bpb: 0.820287
[affine_0.500_YES_SN] step 03250/04357 (74.59%) | loss: 2.703228 | dt: 4835.95ms | tok/s: 216,829 | eta: 88.7m
[affine_0.500_YES_SN] step 03300/04357 (75.74%) | loss: 2.673581 | dt: 4785.59ms | tok/s: 219,111 | eta: 84.7m
[affine_0.500_YES_SN] step 03350/04357 (76.89%) | loss: 2.703633 | dt: 4799.01ms | tok/s: 218,498 | eta: 80.7m
[affine_0.500_YES_SN] step 03400/04357 (78.04%) | loss: 2.701912 | dt: 4790.86ms | tok/s: 218,870 | eta: 76.7m
[affine_0.500_YES_SN] step 03450/04357 (79.18%) | loss: 2.686900 | dt: 4786.55ms | tok/s: 219,067 | eta: 72.7m
[affine_0.500_YES_SN] Step 03500 | val_bpb: 0.812249
[affine_0.500_YES_SN] step 03500/04357 (80.33%) | loss: 2.636887 | dt: 4796.26ms | tok/s: 218,623 | eta: 68.6m
[affine_0.500_YES_SN] step 03550/04357 (81.48%) | loss: 2.650394 | dt: 4785.61ms | tok/s: 219,110 | eta: 64.6m
[affine_0.500_YES_SN] step 03600/04357 (82.63%) | loss: 2.655162 | dt: 4809.47ms | tok/s: 218,023 | eta: 60.6m
[affine_0.500_YES_SN] step 03650/04357 (83.77%) | loss: 2.667551 | dt: 4811.86ms | tok/s: 217,915 | eta: 56.6m
[affine_0.500_YES_SN] step 03700/04357 (84.92%) | loss: 2.640334 | dt: 4788.95ms | tok/s: 218,957 | eta: 52.6m
[affine_0.500_YES_SN] Step 03750 | val_bpb: 0.804698
[affine_0.500_YES_SN] step 03750/04357 (86.07%) | loss: 2.641890 | dt: 4801.56ms | tok/s: 218,382 | eta: 48.6m
[affine_0.500_YES_SN] step 03800/04357 (87.22%) | loss: 2.635935 | dt: 4796.78ms | tok/s: 218,599 | eta: 44.6m
[affine_0.500_YES_SN] step 03850/04357 (88.36%) | loss: 2.648597 | dt: 4789.39ms | tok/s: 218,937 | eta: 40.6m
[affine_0.500_YES_SN] step 03900/04357 (89.51%) | loss: 2.626153 | dt: 4779.28ms | tok/s: 219,400 | eta: 36.6m
[affine_0.500_YES_SN] step 03950/04357 (90.66%) | loss: 2.640986 | dt: 4774.44ms | tok/s: 219,623 | eta: 32.6m
[affine_0.500_YES_SN] Step 04000 | val_bpb: 0.798010
[affine_0.500_YES_SN] step 04000/04357 (91.81%) | loss: 2.650401 | dt: 4818.42ms | tok/s: 217,618 | eta: 28.6m
[affine_0.500_YES_SN] step 04050/04357 (92.95%) | loss: 2.621337 | dt: 4773.48ms | tok/s: 219,667 | eta: 24.6m
[affine_0.500_YES_SN] step 04100/04357 (94.10%) | loss: 2.634981 | dt: 4784.16ms | tok/s: 219,176 | eta: 20.6m
[affine_0.500_YES_SN] step 04150/04357 (95.25%) | loss: 2.632718 | dt: 4794.54ms | tok/s: 218,702 | eta: 16.6m
[affine_0.500_YES_SN] step 04200/04357 (96.40%) | loss: 2.603683 | dt: 4790.79ms | tok/s: 218,873 | eta: 12.6m
[affine_0.500_YES_SN] Step 04250 | val_bpb: 0.792994
[affine_0.500_YES_SN] step 04250/04357 (97.54%) | loss: 2.594831 | dt: 4827.48ms | tok/s: 217,209 | eta: 8.6m
[affine_0.500_YES_SN] step 04300/04357 (98.69%) | loss: 2.618655 | dt: 4781.61ms | tok/s: 219,293 | eta: 4.6m
[affine_0.500_YES_SN] step 04350/04357 (99.84%) | loss: 2.634512 | dt: 4794.10ms | tok/s: 218,722 | eta: 0.6m
[affine_0.500_YES_SN] Step 04357 | val_bpb: 0.792046
Results saved to /data/scratch/medhaven/nanochat/affine_sweep_results/affine_0.500_YES_SN/val_loss.json
[affine_0.500_YES_SN] Done. Min val bpb: 0.792046
Peak memory: 38417.66 MiB
Total training time: 347.82m
========================================
[affine_0.5_YES_SN] Job completed at: Fri Feb 20 16:00:12 EST 2026
========================================
