========================================
Job ID: 366189
Node: andreas-h100-1
GPUs: 4
Config: clamp eps=0.1, SN=no
Start Time: Mon Feb 23 14:28:41 EST 2026
========================================
Mon Feb 23 14:28:41 2026       
+-----------------------------------------------------------------------------------------+
| NVIDIA-SMI 575.57.08              Driver Version: 575.57.08      CUDA Version: 12.9     |
|-----------------------------------------+------------------------+----------------------+
| GPU  Name                 Persistence-M | Bus-Id          Disp.A | Volatile Uncorr. ECC |
| Fan  Temp   Perf          Pwr:Usage/Cap |           Memory-Usage | GPU-Util  Compute M. |
|                                         |                        |               MIG M. |
|=========================================+========================+======================|
|   0  NVIDIA H100 NVL                On  |   00000000:01:00.0 Off |                    0 |
| N/A   45C    P0             99W /  400W |   20261MiB /  95830MiB |      0%      Default |
|                                         |                        |             Disabled |
+-----------------------------------------+------------------------+----------------------+
|   1  NVIDIA H100 NVL                On  |   00000000:21:00.0 Off |                    0 |
| N/A   44C    P0             96W /  400W |   38291MiB /  95830MiB |      0%      Default |
|                                         |                        |             Disabled |
+-----------------------------------------+------------------------+----------------------+
|   2  NVIDIA H100 NVL                On  |   00000000:81:00.0 Off |                    0 |
| N/A   42C    P0             64W /  400W |       0MiB /  95830MiB |      0%      Default |
|                                         |                        |             Disabled |
+-----------------------------------------+------------------------+----------------------+
|   3  NVIDIA H100 NVL                On  |   00000000:A1:00.0 Off |                    0 |
| N/A   41C    P0             64W /  400W |       0MiB /  95830MiB |      0%      Default |
|                                         |                        |             Disabled |
+-----------------------------------------+------------------------+----------------------+
                                                                                         
+-----------------------------------------------------------------------------------------+
| Processes:                                                                              |
|  GPU   GI   CI              PID   Type   Process name                        GPU Memory |
|        ID   ID                                                               Usage      |
|=========================================================================================|
|    0   N/A  N/A         3829784      C   ...3/envs/selfexplain/bin/python      20252MiB |
|    1   N/A  N/A         3840925      C   ...3/envs/selfexplain/bin/python      38282MiB |
+-----------------------------------------------------------------------------------------+
Starting: clamp_0.1_NO_SN

                                                       █████                █████
                                                      ░░███                ░░███
     ████████    ██████   ████████    ██████   ██████  ░███████    ██████  ███████
    ░░███░░███  ░░░░░███ ░░███░░███  ███░░███ ███░░███ ░███░░███  ░░░░░███░░░███░
     ░███ ░███   ███████  ░███ ░███ ░███ ░███░███ ░░░  ░███ ░███   ███████  ░███
     ░███ ░███  ███░░███  ░███ ░███ ░███ ░███░███  ███ ░███ ░███  ███░░███  ░███ ███
     ████ █████░░████████ ████ █████░░██████ ░░██████  ████ █████░░███████  ░░█████
    ░░░░ ░░░░░  ░░░░░░░░ ░░░░ ░░░░░  ░░░░░░   ░░░░░░  ░░░░ ░░░░░  ░░░░░░░░   ░░░░░
    
=== Clamp mapping: eps=0.1, SN=NO_SN ===
Autodetected device type: cuda
GPU: NVIDIA H100 NVL | Peak FLOPS (BF16): 8.35e+14
Using Flash Attention 3
Vocab size: 32,768
Model config:
{
  "sequence_len": 2048,
  "vocab_size": 32768,
  "n_layer": 20,
  "n_head": 10,
  "n_kv_head": 10,
  "n_embd": 1280,
  "window_pattern": "SSSL"
}
FP8 training enabled - converted 121 layers
Parameter counts:
wte                     : 41,943,040
value_embeds            : 419,430,400
lm_head                 : 41,943,040
transformer_matrices    : 393,219,200
scalars                 : 40
total                   : 896,535,720
Estimated FLOPs per token: 3.004189e+09
Auto-computed optimal batch size: 1,048,576 tokens
Scaling LRs by 1.4142 for batch size 1,048,576
Scaling weight decay from 0.200000 to 0.071563
Scaling the LR for the AdamW parameters ∝1/√(1280/768) = 0.774597
Calculated number of iterations from target data:param ratio: 4,357
Total tokens: 4,568,645,632 | Iterations: 4,357
Gradient accumulation steps: 8
[clamp_0.100_NO_SN] Step 00000 | val_bpb: 3.169049
[clamp_0.100_NO_SN] SV diag step 0 | first_muon_group [10, 32] | before: p5=0.0000 p50=0.0000 p95=0.0000 | after:  p5=1.0000 p50=1.0000 p95=1.0000
[clamp_0.100_NO_SN] SV diag step 0 | last_muon_group [5120, 1280] | before: p5=0.0000 p50=0.0000 p95=0.0000 | after:  p5=1.0000 p50=1.0000 p95=1.0000
[clamp_0.100_NO_SN] step 00000/04357 (0.00%) | loss: 10.398166 | dt: 30288.47ms | tok/s: 34,619
[clamp_0.100_NO_SN] step 00050/04357 (1.15%) | loss: 5.807451 | dt: 4974.33ms | tok/s: 210,797 | eta: 354.1m
[clamp_0.100_NO_SN] SV diag step 100 | first_muon_group [10, 32] | before: p5=0.0333 p50=0.1408 p95=0.7480 | after:  p5=1.0000 p50=1.0000 p95=1.0000
[clamp_0.100_NO_SN] SV diag step 100 | last_muon_group [5120, 1280] | before: p5=0.0009 p50=0.0026 p95=0.0205 | after:  p5=1.0000 p50=1.0000 p95=1.0000
[clamp_0.100_NO_SN] step 00100/04357 (2.30%) | loss: 5.596017 | dt: 5289.61ms | tok/s: 198,233 | eta: 355.1m
[clamp_0.100_NO_SN] step 00150/04357 (3.44%) | loss: 4.864251 | dt: 5012.86ms | tok/s: 209,177 | eta: 352.2m
[clamp_0.100_NO_SN] step 00200/04357 (4.59%) | loss: 4.349650 | dt: 4978.43ms | tok/s: 210,623 | eta: 347.7m
[clamp_0.100_NO_SN] Step 00250 | val_bpb: 1.204136
[clamp_0.100_NO_SN] step 00250/04357 (5.74%) | loss: 4.004603 | dt: 4978.25ms | tok/s: 210,631 | eta: 342.8m
[clamp_0.100_NO_SN] step 00300/04357 (6.89%) | loss: 3.724690 | dt: 4942.17ms | tok/s: 212,169 | eta: 337.8m
[clamp_0.100_NO_SN] step 00350/04357 (8.03%) | loss: 3.599764 | dt: 4935.57ms | tok/s: 212,452 | eta: 332.9m
[clamp_0.100_NO_SN] step 00400/04357 (9.18%) | loss: 3.528863 | dt: 4947.13ms | tok/s: 211,956 | eta: 328.2m
[clamp_0.100_NO_SN] step 00450/04357 (10.33%) | loss: 3.430156 | dt: 4909.48ms | tok/s: 213,581 | eta: 323.6m
[clamp_0.100_NO_SN] Step 00500 | val_bpb: 1.035995
[clamp_0.100_NO_SN] SV diag step 500 | first_muon_group [10, 32] | before: p5=0.0276 p50=0.0666 p95=0.6916 | after:  p5=1.0000 p50=1.0000 p95=1.0000
[clamp_0.100_NO_SN] SV diag step 500 | last_muon_group [5120, 1280] | before: p5=0.0055 p50=0.0126 p95=0.0464 | after:  p5=1.0000 p50=1.0000 p95=1.0000
[clamp_0.100_NO_SN] step 00500/04357 (11.48%) | loss: 3.446178 | dt: 5060.85ms | tok/s: 207,193 | eta: 319.1m
[clamp_0.100_NO_SN] step 00550/04357 (12.62%) | loss: 3.316276 | dt: 4894.71ms | tok/s: 214,226 | eta: 314.7m
[clamp_0.100_NO_SN] step 00600/04357 (13.77%) | loss: 3.317419 | dt: 4902.21ms | tok/s: 213,898 | eta: 310.3m
[clamp_0.100_NO_SN] step 00650/04357 (14.92%) | loss: 3.267472 | dt: 4883.88ms | tok/s: 214,701 | eta: 305.9m
[clamp_0.100_NO_SN] step 00700/04357 (16.07%) | loss: 3.240356 | dt: 4938.72ms | tok/s: 212,317 | eta: 301.6m
[clamp_0.100_NO_SN] Step 00750 | val_bpb: 0.963603
[clamp_0.100_NO_SN] step 00750/04357 (17.21%) | loss: 3.146293 | dt: 4931.25ms | tok/s: 212,639 | eta: 297.2m
[clamp_0.100_NO_SN] step 00800/04357 (18.36%) | loss: 3.165575 | dt: 4883.86ms | tok/s: 214,702 | eta: 292.9m
[clamp_0.100_NO_SN] step 00850/04357 (19.51%) | loss: 3.104623 | dt: 4873.12ms | tok/s: 215,175 | eta: 288.6m
[clamp_0.100_NO_SN] step 00900/04357 (20.66%) | loss: 3.143305 | dt: 4912.62ms | tok/s: 213,445 | eta: 284.3m
[clamp_0.100_NO_SN] step 00950/04357 (21.80%) | loss: 3.111787 | dt: 4877.34ms | tok/s: 214,989 | eta: 280.0m
[clamp_0.100_NO_SN] Step 01000 | val_bpb: 0.937248
[clamp_0.100_NO_SN] SV diag step 1000 | first_muon_group [10, 32] | before: p5=0.0218 p50=0.0428 p95=0.6445 | after:  p5=1.0000 p50=1.0000 p95=1.0000
[clamp_0.100_NO_SN] SV diag step 1000 | last_muon_group [5120, 1280] | before: p5=0.0074 p50=0.0165 p95=0.0585 | after:  p5=1.0000 p50=1.0000 p95=1.0000
[clamp_0.100_NO_SN] step 01000/04357 (22.95%) | loss: 3.093660 | dt: 5008.87ms | tok/s: 209,343 | eta: 275.8m
[clamp_0.100_NO_SN] step 01050/04357 (24.10%) | loss: 3.069210 | dt: 4867.12ms | tok/s: 215,440 | eta: 271.5m
[clamp_0.100_NO_SN] step 01100/04357 (25.25%) | loss: 3.078055 | dt: 4878.38ms | tok/s: 214,943 | eta: 267.4m
[clamp_0.100_NO_SN] step 01150/04357 (26.39%) | loss: 3.065286 | dt: 4860.60ms | tok/s: 215,729 | eta: 263.2m
[clamp_0.100_NO_SN] step 01200/04357 (27.54%) | loss: 3.022290 | dt: 4870.06ms | tok/s: 215,310 | eta: 258.9m
[clamp_0.100_NO_SN] Step 01250 | val_bpb: 0.921236
[clamp_0.100_NO_SN] step 01250/04357 (28.69%) | loss: 3.041482 | dt: 4886.45ms | tok/s: 214,588 | eta: 254.7m
[clamp_0.100_NO_SN] step 01300/04357 (29.84%) | loss: 3.027776 | dt: 4870.46ms | tok/s: 215,292 | eta: 250.5m
[clamp_0.100_NO_SN] step 01350/04357 (30.98%) | loss: 3.112797 | dt: 4888.96ms | tok/s: 214,478 | eta: 246.4m
[clamp_0.100_NO_SN] step 01400/04357 (32.13%) | loss: 2.969067 | dt: 4857.59ms | tok/s: 215,863 | eta: 242.2m
[clamp_0.100_NO_SN] step 01450/04357 (33.28%) | loss: 2.999821 | dt: 4866.07ms | tok/s: 215,487 | eta: 238.0m
[clamp_0.100_NO_SN] Step 01500 | val_bpb: 0.898324
[clamp_0.100_NO_SN] step 01500/04357 (34.43%) | loss: 2.951120 | dt: 4907.10ms | tok/s: 213,685 | eta: 233.9m
[clamp_0.100_NO_SN] step 01550/04357 (35.57%) | loss: 2.974393 | dt: 4853.19ms | tok/s: 216,059 | eta: 229.7m
[clamp_0.100_NO_SN] step 01600/04357 (36.72%) | loss: 3.026655 | dt: 4888.46ms | tok/s: 214,500 | eta: 225.5m
[clamp_0.100_NO_SN] step 01650/04357 (37.87%) | loss: 2.984999 | dt: 4848.16ms | tok/s: 216,283 | eta: 221.4m
[clamp_0.100_NO_SN] step 01700/04357 (39.02%) | loss: 2.950679 | dt: 4838.62ms | tok/s: 216,709 | eta: 217.2m
[clamp_0.100_NO_SN] Step 01750 | val_bpb: 0.893805
[clamp_0.100_NO_SN] step 01750/04357 (40.17%) | loss: 2.944988 | dt: 4904.56ms | tok/s: 213,796 | eta: 213.1m
[clamp_0.100_NO_SN] step 01800/04357 (41.31%) | loss: 2.976387 | dt: 4846.26ms | tok/s: 216,368 | eta: 208.9m
[clamp_0.100_NO_SN] step 01850/04357 (42.46%) | loss: 2.894131 | dt: 4854.78ms | tok/s: 215,988 | eta: 204.8m
[clamp_0.100_NO_SN] step 01900/04357 (43.61%) | loss: 2.920800 | dt: 4864.88ms | tok/s: 215,539 | eta: 200.6m
[clamp_0.100_NO_SN] step 01950/04357 (44.76%) | loss: 2.904109 | dt: 4842.46ms | tok/s: 216,537 | eta: 196.5m
[clamp_0.100_NO_SN] Step 02000 | val_bpb: 0.891346
[clamp_0.100_NO_SN] SV diag step 2000 | first_muon_group [10, 32] | before: p5=0.0189 p50=0.0373 p95=0.6152 | after:  p5=1.0000 p50=1.0000 p95=1.0000
[clamp_0.100_NO_SN] SV diag step 2000 | last_muon_group [5120, 1280] | before: p5=0.0085 p50=0.0190 p95=0.0638 | after:  p5=1.0000 p50=1.0000 p95=1.0000
[clamp_0.100_NO_SN] step 02000/04357 (45.90%) | loss: 2.928548 | dt: 5153.54ms | tok/s: 203,467 | eta: 192.4m
[clamp_0.100_NO_SN] step 02050/04357 (47.05%) | loss: 2.894445 | dt: 4849.77ms | tok/s: 216,211 | eta: 188.3m
[clamp_0.100_NO_SN] step 02100/04357 (48.20%) | loss: 2.897594 | dt: 4846.41ms | tok/s: 216,361 | eta: 184.2m
[clamp_0.100_NO_SN] step 02150/04357 (49.35%) | loss: 2.931501 | dt: 4842.59ms | tok/s: 216,532 | eta: 180.1m
[clamp_0.100_NO_SN] step 02200/04357 (50.49%) | loss: 2.879069 | dt: 4854.62ms | tok/s: 215,995 | eta: 176.0m
[clamp_0.100_NO_SN] Step 02250 | val_bpb: 0.874072
[clamp_0.100_NO_SN] step 02250/04357 (51.64%) | loss: 2.895667 | dt: 4865.36ms | tok/s: 215,518 | eta: 171.9m
[clamp_0.100_NO_SN] step 02300/04357 (52.79%) | loss: 2.861477 | dt: 4897.01ms | tok/s: 214,125 | eta: 167.8m
[clamp_0.100_NO_SN] step 02350/04357 (53.94%) | loss: 2.883009 | dt: 4830.69ms | tok/s: 217,065 | eta: 163.7m
[clamp_0.100_NO_SN] step 02400/04357 (55.08%) | loss: 2.826787 | dt: 4842.67ms | tok/s: 216,528 | eta: 159.5m
[clamp_0.100_NO_SN] step 02450/04357 (56.23%) | loss: 2.863575 | dt: 4889.87ms | tok/s: 214,438 | eta: 155.4m
[clamp_0.100_NO_SN] Step 02500 | val_bpb: 0.859362
[clamp_0.100_NO_SN] step 02500/04357 (57.38%) | loss: 2.857040 | dt: 4885.23ms | tok/s: 214,642 | eta: 151.3m
[clamp_0.100_NO_SN] step 02550/04357 (58.53%) | loss: 2.813072 | dt: 4877.38ms | tok/s: 214,987 | eta: 147.2m
[clamp_0.100_NO_SN] step 02600/04357 (59.67%) | loss: 2.818981 | dt: 4838.49ms | tok/s: 216,715 | eta: 143.1m
[clamp_0.100_NO_SN] step 02650/04357 (60.82%) | loss: 2.805682 | dt: 4837.06ms | tok/s: 216,779 | eta: 139.0m
[clamp_0.100_NO_SN] step 02700/04357 (61.97%) | loss: 2.841759 | dt: 4840.57ms | tok/s: 216,622 | eta: 134.9m
[clamp_0.100_NO_SN] Step 02750 | val_bpb: 0.849176
[clamp_0.100_NO_SN] step 02750/04357 (63.12%) | loss: 2.771783 | dt: 5277.68ms | tok/s: 198,681 | eta: 130.9m
[clamp_0.100_NO_SN] step 02800/04357 (64.26%) | loss: 2.814856 | dt: 4831.92ms | tok/s: 217,010 | eta: 126.8m
[clamp_0.100_NO_SN] step 02850/04357 (65.41%) | loss: 2.829037 | dt: 4825.79ms | tok/s: 217,286 | eta: 122.7m
[clamp_0.100_NO_SN] step 02900/04357 (66.56%) | loss: 2.790936 | dt: 4817.09ms | tok/s: 217,678 | eta: 118.6m
