========================================
Job ID: 523118
Node: andreas-h100-1
GPUs: 2
Config: Conjugate Muon (--conjugate)
Start Time: Tue Mar 10 23:37:59 EDT 2026
========================================
Tue Mar 10 23:37:59 2026       
+-----------------------------------------------------------------------------------------+
| NVIDIA-SMI 575.57.08              Driver Version: 575.57.08      CUDA Version: 12.9     |
|-----------------------------------------+------------------------+----------------------+
| GPU  Name                 Persistence-M | Bus-Id          Disp.A | Volatile Uncorr. ECC |
| Fan  Temp   Perf          Pwr:Usage/Cap |           Memory-Usage | GPU-Util  Compute M. |
|                                         |                        |               MIG M. |
|=========================================+========================+======================|
|   0  NVIDIA H100 NVL                On  |   00000000:61:00.0 Off |                    0 |
| N/A   43C    P0             63W /  400W |       0MiB /  95830MiB |      0%      Default |
|                                         |                        |             Disabled |
+-----------------------------------------+------------------------+----------------------+
|   1  NVIDIA H100 NVL                On  |   00000000:E1:00.0 Off |                    0 |
| N/A   55C    P0             70W /  400W |       0MiB /  95830MiB |      0%      Default |
|                                         |                        |             Disabled |
+-----------------------------------------+------------------------+----------------------+
                                                                                         
+-----------------------------------------------------------------------------------------+
| Processes:                                                                              |
|  GPU   GI   CI              PID   Type   Process name                        GPU Memory |
|        ID   ID                                                               Usage      |
|=========================================================================================|
|  No running processes found                                                             |
+-----------------------------------------------------------------------------------------+

                                                       █████                █████
                                                      ░░███                ░░███
     ████████    ██████   ████████    ██████   ██████  ░███████    ██████  ███████
    ░░███░░███  ░░░░░███ ░░███░░███  ███░░███ ███░░███ ░███░░███  ░░░░░███░░░███░
     ░███ ░███   ███████  ░███ ░███ ░███ ░███░███ ░░░  ░███ ░███   ███████  ░███
     ░███ ░███  ███░░███  ░███ ░███ ░███ ░███░███  ███ ░███ ░███  ███░░███  ░███ ███
     ████ █████░░████████ ████ █████░░██████ ░░██████  ████ █████░░███████  ░░█████
    ░░░░ ░░░░░  ░░░░░░░░ ░░░░ ░░░░░  ░░░░░░   ░░░░░░  ░░░░ ░░░░░  ░░░░░░░░   ░░░░░
    Newton-Schulz: 5 iterations, 15 matmuls

Newton-Schulz: 5 iterations, 15 matmuls
Autodetected device type: cuda
GPU: NVIDIA H100 NVL | Peak FLOPS (BF16): 8.35e+14
✓ Using Flash Attention 3 (Hopper GPU detected), efficient, new and awesome.
Vocab size: 32,768
Model config:
{
  "sequence_len": 2048,
  "vocab_size": 32768,
  "n_layer": 20,
  "n_head": 10,
  "n_kv_head": 10,
  "n_embd": 1280,
  "window_pattern": "SSSL"
}
✓ FP8 training enabled (tensorwise scaling) - converted 121 layers, skipped 10 (dims not divisible by 16)
Parameter counts:
wte                     : 41,943,040
value_embeds            : 419,430,400
lm_head                 : 41,943,040
transformer_matrices    : 393,219,200
scalars                 : 40
total                   : 896,535,720
Estimated FLOPs per token: 3.004189e+09
Auto-computed optimal batch size: 1,048,576 tokens
Scaling LRs by 1.4142 for batch size 1,048,576 (reference: 524,288)
Scaling weight decay from 0.200000 to 0.071563 for depth 20
Conjugate mode: True
Scaling the LR for the AdamW parameters ∝1/√(1280/768) = 0.774597
Calculated number of iterations from target data:param ratio: 4,357
Total number of training tokens: 4,568,645,632
Tokens : Scaling params ratio: 10.50
Total training FLOPs estimate: 1.372508e+19
Tokens / micro-batch / rank: 16 x 2048 = 32,768
Tokens / micro-batch: 65,536
Total batch size 1,048,576 => gradient accumulation steps: 16
Step 00000 | Validation bpb: 3.172610
step 00000/04357 (0.00%) | loss: 10.398407 | lrm: 1.00 | dt: 28700.26ms | tok/sec: 36,535 | bf16_mfu: 6.57 | epoch: 1 | total time: 0.00m
step 00001/04357 (0.02%) | loss: 10.891290 | lrm: 1.00 | dt: 3876.93ms | tok/sec: 270,465 | bf16_mfu: 48.65 | epoch: 1 | total time: 0.00m
step 00002/04357 (0.05%) | loss: 10.754569 | lrm: 1.00 | dt: 3926.40ms | tok/sec: 267,057 | bf16_mfu: 48.04 | epoch: 1 | total time: 0.00m
step 00003/04357 (0.07%) | loss: 10.232936 | lrm: 1.00 | dt: 3958.11ms | tok/sec: 264,918 | bf16_mfu: 47.66 | epoch: 1 | total time: 0.00m
step 00004/04357 (0.09%) | loss: 9.592935 | lrm: 1.00 | dt: 3987.10ms | tok/sec: 262,991 | bf16_mfu: 47.31 | epoch: 1 | total time: 0.00m
step 00005/04357 (0.11%) | loss: 9.044678 | lrm: 1.00 | dt: 3990.05ms | tok/sec: 262,797 | bf16_mfu: 47.28 | epoch: 1 | total time: 0.00m
step 00006/04357 (0.14%) | loss: 8.627450 | lrm: 1.00 | dt: 4012.40ms | tok/sec: 261,334 | bf16_mfu: 47.01 | epoch: 1 | total time: 0.00m
step 00007/04357 (0.16%) | loss: 8.284663 | lrm: 1.00 | dt: 4022.44ms | tok/sec: 260,681 | bf16_mfu: 46.89 | epoch: 1 | total time: 0.00m
step 00008/04357 (0.18%) | loss: 8.011588 | lrm: 1.00 | dt: 4034.01ms | tok/sec: 259,934 | bf16_mfu: 46.76 | epoch: 1 | total time: 0.00m
step 00009/04357 (0.21%) | loss: 7.774039 | lrm: 1.00 | dt: 4036.46ms | tok/sec: 259,776 | bf16_mfu: 46.73 | epoch: 1 | total time: 0.00m
step 00010/04357 (0.23%) | loss: 7.559176 | lrm: 1.00 | dt: 4044.75ms | tok/sec: 259,243 | bf16_mfu: 46.64 | epoch: 1 | total time: 0.00m
step 00011/04357 (0.25%) | loss: 7.380877 | lrm: 1.00 | dt: 4048.26ms | tok/sec: 259,019 | bf16_mfu: 46.60 | epoch: 1 | total time: 0.07m | eta: 293.2m
step 00012/04357 (0.28%) | loss: 7.213941 | lrm: 1.00 | dt: 4056.48ms | tok/sec: 258,493 | bf16_mfu: 46.50 | epoch: 1 | total time: 0.14m | eta: 293.5m
step 00013/04357 (0.30%) | loss: 7.070316 | lrm: 1.00 | dt: 4052.28ms | tok/sec: 258,761 | bf16_mfu: 46.55 | epoch: 1 | total time: 0.20m | eta: 293.4m
step 00014/04357 (0.32%) | loss: 6.957424 | lrm: 1.00 | dt: 4064.53ms | tok/sec: 257,982 | bf16_mfu: 46.41 | epoch: 1 | total time: 0.27m | eta: 293.5m
step 00015/04357 (0.34%) | loss: 6.843054 | lrm: 1.00 | dt: 4074.73ms | tok/sec: 257,336 | bf16_mfu: 46.29 | epoch: 1 | total time: 0.34m | eta: 293.8m
step 00016/04357 (0.37%) | loss: 6.758032 | lrm: 1.00 | dt: 4060.72ms | tok/sec: 258,224 | bf16_mfu: 46.45 | epoch: 1 | total time: 0.41m | eta: 293.7m
step 00017/04357 (0.39%) | loss: 6.668589 | lrm: 1.00 | dt: 4082.39ms | tok/sec: 256,853 | bf16_mfu: 46.21 | epoch: 1 | total time: 0.47m | eta: 293.9m
step 00018/04357 (0.41%) | loss: 6.578510 | lrm: 1.00 | dt: 4082.43ms | tok/sec: 256,850 | bf16_mfu: 46.21 | epoch: 1 | total time: 0.54m | eta: 294.0m
step 00019/04357 (0.44%) | loss: 6.509821 | lrm: 1.00 | dt: 4081.79ms | tok/sec: 256,891 | bf16_mfu: 46.21 | epoch: 1 | total time: 0.61m | eta: 294.0m
step 00020/04357 (0.46%) | loss: 6.439219 | lrm: 1.00 | dt: 4081.57ms | tok/sec: 256,905 | bf16_mfu: 46.22 | epoch: 1 | total time: 0.68m | eta: 294.1m
========================================
Conjugate Muon completed at: Tue Mar 10 23:41:16 EDT 2026
========================================
