cpu-bind=MASK - andreas-h100-1, task  0  0 [3499192]: mask 0x1ef00000000000001fe set
Resolved 134 packages in 10ms
Audited 121 packages in 823ms
Traceback (most recent call last):
Traceback (most recent call last):
  File "/usr/lib/python3.10/runpy.py", line 196, in _run_module_as_main
  File "/usr/lib/python3.10/runpy.py", line 196, in _run_module_as_main
        return _run_code(code, main_globals, None,return _run_code(code, main_globals, None,

  File "/usr/lib/python3.10/runpy.py", line 86, in _run_code
  File "/usr/lib/python3.10/runpy.py", line 86, in _run_code
        exec(code, run_globals)exec(code, run_globals)

  File "/data/scratch/medhaven/nanochat/scripts/conjugate_train.py", line 28, in <module>
  File "/data/scratch/medhaven/nanochat/scripts/conjugate_train.py", line 28, in <module>
    from nanochat.optim import set_ns_mode
ImportError: cannot import name 'set_ns_mode' from 'nanochat.optim' (/data/scratch/medhaven/nanochat/nanochat/optim.py)
    from nanochat.optim import set_ns_mode
ImportError: cannot import name 'set_ns_mode' from 'nanochat.optim' (/data/scratch/medhaven/nanochat/nanochat/optim.py)
W0310 23:06:23.020000 3499514 torch/distributed/elastic/multiprocessing/api.py:908] Sending process 3502627 closing signal SIGTERM
E0310 23:06:23.184000 3499514 torch/distributed/elastic/multiprocessing/api.py:882] failed (exitcode: 1) local_rank: 0 (pid: 3502626) of binary: /data/scratch/medhaven/nanochat/.venv/bin/python
Traceback (most recent call last):
  File "/data/scratch/medhaven/nanochat/.venv/bin/torchrun", line 10, in <module>
    sys.exit(main())
  File "/data/scratch/medhaven/nanochat/.venv/lib/python3.10/site-packages/torch/distributed/elastic/multiprocessing/errors/__init__.py", line 357, in wrapper
    return f(*args, **kwargs)
  File "/data/scratch/medhaven/nanochat/.venv/lib/python3.10/site-packages/torch/distributed/run.py", line 936, in main
    run(args)
  File "/data/scratch/medhaven/nanochat/.venv/lib/python3.10/site-packages/torch/distributed/run.py", line 927, in run
    elastic_launch(
  File "/data/scratch/medhaven/nanochat/.venv/lib/python3.10/site-packages/torch/distributed/launcher/api.py", line 156, in __call__
    return launch_agent(self._config, self._entrypoint, list(args))
  File "/data/scratch/medhaven/nanochat/.venv/lib/python3.10/site-packages/torch/distributed/launcher/api.py", line 293, in launch_agent
    raise ChildFailedError(
torch.distributed.elastic.multiprocessing.errors.ChildFailedError: 
============================================================
scripts.conjugate_train FAILED
------------------------------------------------------------
Failures:
  <NO_OTHER_FAILURES>
------------------------------------------------------------
Root Cause (first observed failure):
[0]:
  time      : 2026-03-10_23:06:23
  host      : andreas-h100-1.csail.mit.edu
  rank      : 0 (local_rank: 0)
  exitcode  : 1 (pid: 3502626)
  error_file: <N/A>
  traceback : To enable traceback see: https://pytorch.org/docs/stable/elastic/errors.html
============================================================
