========================================
Job ID: 747483
Node: andreas-h100-1
Start: Mon Apr 27 23:27:42 EDT 2026
========================================
Mon Apr 27 23:27:42 2026       
+-----------------------------------------------------------------------------------------+
| NVIDIA-SMI 575.57.08              Driver Version: 575.57.08      CUDA Version: 12.9     |
|-----------------------------------------+------------------------+----------------------+
| GPU  Name                 Persistence-M | Bus-Id          Disp.A | Volatile Uncorr. ECC |
| Fan  Temp   Perf          Pwr:Usage/Cap |           Memory-Usage | GPU-Util  Compute M. |
|                                         |                        |               MIG M. |
|=========================================+========================+======================|
|   0  NVIDIA H100 NVL                On  |   00000000:21:00.0 Off |                    0 |
| N/A   48C    P0             64W /  400W |       0MiB /  95830MiB |      0%      Default |
|                                         |                        |             Disabled |
+-----------------------------------------+------------------------+----------------------+
                                                                                         
+-----------------------------------------------------------------------------------------+
| Processes:                                                                              |
|  GPU   GI   CI              PID   Type   Process name                        GPU Memory |
|        ID   ID                                                               Usage      |
|=========================================================================================|
|  No running processes found                                                             |
+-----------------------------------------------------------------------------------------+
Counting optimizer FLOPs: Muon vs NS3+FTRL
  depth=6  ftrl_eta=0p1

                                                       █████                █████
                                                      ░░███                ░░███
     ████████    ██████   ████████    ██████   ██████  ░███████    ██████  ███████
    ░░███░░███  ░░░░░███ ░░███░░███  ███░░███ ███░░███ ░███░░███  ░░░░░███░░░███░
     ░███ ░███   ███████  ░███ ░███ ░███ ░███░███ ░░░  ░███ ░███   ███████  ░███
     ░███ ░███  ███░░███  ░███ ░███ ░███ ░███░███  ███ ░███ ░███  ███░░███  ░███ ███
     ████ █████░░████████ ████ █████░░██████ ░░██████  ████ █████░░███████  ░░█████
    ░░░░ ░░░░░  ░░░░░░░░ ░░░░ ░░░░░  ░░░░░░   ░░░░░░  ░░░░ ░░░░░  ░░░░░░░░   ░░░░░
    
Autodetected device type: cuda

Model: depth=6, model_dim=384
Matrix parameter shapes (Muon params): 39 tensors
  Shape -> count:
        3 x    32  x3
      384 x   384  x24
      384 x  1536  x6
     1536 x   384  x6

=================================================================
ANALYTIC FLOPS COMPARISON (optimizer step only, NS kernel)
=================================================================
Component                                         GFLOPs
-----------------------------------------------------------------
  Muon (5x NS iters)                              101.92
  NS3+FTRL: 3x NS iters                            61.15
  NS3+FTRL: FTRL elementwise correction             0.06
  NS3+FTRL total                                   61.22
-----------------------------------------------------------------
  Savings (NS FLOPs):                              40.70 (39.9%)
  NS3+FTRL is 1.66x fewer NS FLOPs than Muon

Per NS iteration FLOPs by shape:
      3x32    x3:    0.0 MFLOPs/iter | Muon=0.000G, NS3=0.000G
    384x384   x24:  339.7 MFLOPs/iter | Muon=40.769G, NS3=24.461G
    384x1536  x6: 1019.2 MFLOPs/iter | Muon=30.576G, NS3=18.346G
   1536x384   x6: 1019.2 MFLOPs/iter | Muon=30.576G, NS3=18.346G

=================================================================
WALL-CLOCK TIMING EXPERIMENT
=================================================================

Running Muon (ns_steps=5)...
========================================
Done at: Mon Apr 27 23:28:09 EDT 2026
========================================
