========================================
Job ID: 312237
Job Name: nanochat_gpt2
Node: andreas-h100-1
GPUs: 4
Start Time: Thu Feb 12 13:56:41 EST 2026
========================================
Thu Feb 12 13:56:41 2026       
+-----------------------------------------------------------------------------------------+
| NVIDIA-SMI 575.57.08              Driver Version: 575.57.08      CUDA Version: 12.9     |
|-----------------------------------------+------------------------+----------------------+
| GPU  Name                 Persistence-M | Bus-Id          Disp.A | Volatile Uncorr. ECC |
| Fan  Temp   Perf          Pwr:Usage/Cap |           Memory-Usage | GPU-Util  Compute M. |
|                                         |                        |               MIG M. |
|=========================================+========================+======================|
|   0  NVIDIA H100 NVL                On  |   00000000:01:00.0 Off |                    0 |
| N/A   41C    P0             65W /  400W |       0MiB /  95830MiB |      0%      Default |
|                                         |                        |             Disabled |
+-----------------------------------------+------------------------+----------------------+
|   1  NVIDIA H100 NVL                On  |   00000000:21:00.0 Off |                    0 |
| N/A   40C    P0             61W /  400W |       0MiB /  95830MiB |      0%      Default |
|                                         |                        |             Disabled |
+-----------------------------------------+------------------------+----------------------+
|   2  NVIDIA H100 NVL                On  |   00000000:81:00.0 Off |                    0 |
| N/A   44C    P0             64W /  400W |       0MiB /  95830MiB |      0%      Default |
|                                         |                        |             Disabled |
+-----------------------------------------+------------------------+----------------------+
|   3  NVIDIA H100 NVL                On  |   00000000:C1:00.0 Off |                    0 |
| N/A   44C    P0             65W /  400W |       0MiB /  95830MiB |      0%      Default |
|                                         |                        |             Disabled |
+-----------------------------------------+------------------------+----------------------+
                                                                                         
+-----------------------------------------------------------------------------------------+
| Processes:                                                                              |
|  GPU   GI   CI              PID   Type   Process name                        GPU Memory |
|        ID   ID                                                               Usage      |
|=========================================================================================|
|  No running processes found                                                             |
+-----------------------------------------------------------------------------------------+
[2026-02-12 13:56:42] ===================================================
[2026-02-12 13:56:42] Starting nanochat speedrun
[2026-02-12 13:56:42] Run name: run_20260212_135642
[2026-02-12 13:56:42] Output directory: /data/scratch/medhaven/nanochat/my_runs/run_20260212_135642
[2026-02-12 13:56:42] ===================================================
[2026-02-12 13:56:42] Cache directory: /data/scratch/medhaven/nanochat/cache
[2026-02-12 13:56:42] Setting up Python virtual environment...
no checksums to verify
installing to /tmp/home/medhaven/.local/bin
  uv
  uvx
everything's installed!

To add $HOME/.local/bin to your PATH, either restart your shell or run:

    source $HOME/.local/bin/env (sh, bash, zsh)
    source $HOME/.local/bin/env.fish (fish)
[2026-02-12 13:56:43] Installing dependencies (this may take a few minutes)...
runs/speedrun_myrun.sh: line 52: uv: command not found
[2026-02-12 13:56:43] WandB run name: dummy
[2026-02-12 13:56:43] Initializing report...
Reset report and wrote header to /data/scratch/medhaven/nanochat/cache/report/header.md
========================================
Job completed at: Thu Feb 12 13:57:12 EST 2026
========================================
