========================================
Job ID: 371578
Node: andreas-h100-1
GPUs: 4
Config: MUON_PAD=1, MUON_PAD_ALPHA=0.03
Start Time: Wed Feb 25 10:59:58 PM EST 2026
========================================
Wed Feb 25 22:59:58 2026       
+-----------------------------------------------------------------------------------------+
| NVIDIA-SMI 575.57.08              Driver Version: 575.57.08      CUDA Version: 12.9     |
|-----------------------------------------+------------------------+----------------------+
| GPU  Name                 Persistence-M | Bus-Id          Disp.A | Volatile Uncorr. ECC |
| Fan  Temp   Perf          Pwr:Usage/Cap |           Memory-Usage | GPU-Util  Compute M. |
|                                         |                        |               MIG M. |
|=========================================+========================+======================|
|   0  NVIDIA H100 NVL                On  |   00000000:01:00.0 Off |                    0 |
| N/A   59C    P0             73W /  400W |       0MiB /  95830MiB |      0%      Default |
|                                         |                        |             Disabled |
+-----------------------------------------+------------------------+----------------------+
|   1  NVIDIA H100 NVL                On  |   00000000:21:00.0 Off |                    0 |
| N/A   59C    P0             68W /  400W |       0MiB /  95830MiB |      0%      Default |
|                                         |                        |             Disabled |
+-----------------------------------------+------------------------+----------------------+
|   2  NVIDIA H100 NVL                On  |   00000000:41:00.0 Off |                    0 |
| N/A   59C    P0             73W /  400W |       0MiB /  95830MiB |      0%      Default |
|                                         |                        |             Disabled |
+-----------------------------------------+------------------------+----------------------+
|   3  NVIDIA H100 NVL                On  |   00000000:61:00.0 Off |                    0 |
| N/A   58C    P0             68W /  400W |       0MiB /  95830MiB |      0%      Default |
|                                         |                        |             Disabled |
+-----------------------------------------+------------------------+----------------------+
                                                                                         
+-----------------------------------------------------------------------------------------+
| Processes:                                                                              |
|  GPU   GI   CI              PID   Type   Process name                        GPU Memory |
|        ID   ID                                                               Usage      |
|=========================================================================================|
|  No running processes found                                                             |
+-----------------------------------------------------------------------------------------+
Starting: padded_alpha0.03

                                                       █████                █████
                                                      ░░███                ░░███
     ████████    ██████   ████████    ██████   ██████  ░███████    ██████  ███████
    ░░███░░███  ░░░░░███ ░░███░░███  ███░░███ ███░░███ ░███░░███  ░░░░░███░░░███░
     ░███ ░███   ███████  ░███ ░███ ░███ ░███░███ ░░░  ░███ ░███   ███████  ░███
     ░███ ░███  ███░░███  ░███ ░███ ░███ ░███░███  ███ ░███ ░███  ███░░███  ░███ ███
     ████ █████░░████████ ████ █████░░██████ ░░██████  ████ █████░░███████  ░░█████
    ░░░░ ░░░░░  ░░░░░░░░ ░░░░ ░░░░░  ░░░░░░   ░░░░░░  ░░░░ ░░░░░  ░░░░░░░░   ░░░░░
    
=== Padded Muon Experiment ===
  MUON_PAD=True, alpha=0.03, SKIP_ORTH=True
  MUON_SV_LOG=True, every=500
Autodetected device type: cuda
GPU: NVIDIA H100 NVL | Peak FLOPS (BF16): 8.35e+14
Using Flash Attention 3
Vocab size: 32,768
Model config:
{
  "sequence_len": 2048,
  "vocab_size": 32768,
  "n_layer": 20,
  "n_head": 10,
  "n_kv_head": 10,
  "n_embd": 1280,
  "window_pattern": "SSSL"
}
FP8 training enabled - converted 121 layers
Parameter counts:
wte                     : 41,943,040
value_embeds            : 419,430,400
lm_head                 : 41,943,040
transformer_matrices    : 393,219,200
scalars                 : 40
total                   : 896,535,720
Estimated FLOPs per token: 3.004189e+09
Auto-computed optimal batch size: 1,048,576 tokens
Scaling LRs by 1.4142 for batch size 1,048,576
Scaling weight decay from 0.200000 to 0.071563
Scaling the LR for the AdamW parameters 1/sqrt(1280/768) = 0.774597
Calculated iterations from target data:param ratio: 4,357
Total tokens: 4,568,645,632 | Iterations: 4,357
SV logging groups: {140230585868544: 'largest_[5120, 1280]', 140230583726016: 'smallest_[10, 32]'}
Gradient accumulation steps: 8
[padded_only_alpha0.03] Step 00000 | val_bpb: 3.169049
[SV step=0] padded_only_alpha0.03/pre smallest_[10, 32] [10, 32] | sigma_max=1.0000e-12 | p05=0.0000 p50=0.0000 p95=0.0000
[SV step=0] padded_only_alpha0.03/pad smallest_[10, 32] [10, 32] | sigma_max=1.0000e-12 | p05=0.0000 p50=0.0000 p95=0.0000
[SV step=0] padded_only_alpha0.03/pre largest_[5120, 1280] [5120, 1280] | sigma_max=1.0000e-12 | p05=0.0000 p50=0.0000 p95=0.0000
[SV step=0] padded_only_alpha0.03/pad largest_[5120, 1280] [5120, 1280] | sigma_max=1.0000e-12 | p05=0.0000 p50=0.0000 p95=0.0000
[padded_only_alpha0.03] step 00000/04357 (0.00%) | loss: 10.398166 | dt: 26825.17ms | tok/s: 39,089
[padded_only_alpha0.03] step 00050/04357 (1.15%) | loss: 5.812356 | dt: 2000.42ms | tok/s: 524,177 | eta: 143.1m
[padded_only_alpha0.03] step 00100/04357 (2.30%) | loss: 5.730606 | dt: 2016.64ms | tok/s: 519,961 | eta: 142.3m
[padded_only_alpha0.03] step 00150/04357 (3.44%) | loss: 5.683682 | dt: 2033.32ms | tok/s: 515,696 | eta: 141.2m
[padded_only_alpha0.03] step 00200/04357 (4.59%) | loss: 5.653000 | dt: 2025.52ms | tok/s: 517,682 | eta: 139.8m
[padded_only_alpha0.03] Step 00250 | val_bpb: 1.628407
[padded_only_alpha0.03] step 00250/04357 (5.74%) | loss: 5.418498 | dt: 2039.92ms | tok/s: 514,027 | eta: 138.2m
[padded_only_alpha0.03] step 00300/04357 (6.89%) | loss: 5.143312 | dt: 2022.04ms | tok/s: 518,573 | eta: 136.5m
[padded_only_alpha0.03] step 00350/04357 (8.03%) | loss: 4.947214 | dt: 2030.58ms | tok/s: 516,392 | eta: 134.9m
[padded_only_alpha0.03] step 00400/04357 (9.18%) | loss: 4.853043 | dt: 2034.50ms | tok/s: 515,397 | eta: 133.3m
[padded_only_alpha0.03] step 00450/04357 (10.33%) | loss: 4.671036 | dt: 2040.36ms | tok/s: 513,916 | eta: 131.8m
[padded_only_alpha0.03] Step 00500 | val_bpb: 1.387821
[SV step=500] padded_only_alpha0.03/pre smallest_[10, 32] [10, 32] | sigma_max=4.5001e-03 | p05=0.0257 p50=0.0932 p95=0.7324
[SV step=500] padded_only_alpha0.03/pad smallest_[10, 32] [10, 32] | sigma_max=4.4991e-03 | p05=0.0260 p50=0.0955 p95=0.7328
[SV step=500] padded_only_alpha0.03/pre largest_[5120, 1280] [5120, 1280] | sigma_max=2.2806e-03 | p05=0.0007 p50=0.0018 p95=0.0121
[SV step=500] padded_only_alpha0.03/pad largest_[5120, 1280] [5120, 1280] | sigma_max=2.2807e-03 | p05=0.0010 p50=0.0021 p95=0.0122
[padded_only_alpha0.03] step 00500/04357 (11.48%) | loss: 4.581894 | dt: 2261.95ms | tok/s: 463,571 | eta: 130.2m
[padded_only_alpha0.03] step 00550/04357 (12.62%) | loss: 4.472085 | dt: 2038.56ms | tok/s: 514,371 | eta: 128.6m
[padded_only_alpha0.03] step 00600/04357 (13.77%) | loss: 4.448961 | dt: 2040.28ms | tok/s: 513,936 | eta: 127.0m
[padded_only_alpha0.03] step 00650/04357 (14.92%) | loss: 4.433127 | dt: 2038.50ms | tok/s: 514,385 | eta: 125.4m
[padded_only_alpha0.03] step 00700/04357 (16.07%) | loss: 4.424134 | dt: 4350.00ms | tok/s: 241,052 | eta: 123.9m
[padded_only_alpha0.03] Step 00750 | val_bpb: 1.313289
[padded_only_alpha0.03] step 00750/04357 (17.21%) | loss: 4.311612 | dt: 2074.50ms | tok/s: 505,458 | eta: 122.3m
[padded_only_alpha0.03] step 00800/04357 (18.36%) | loss: 4.279564 | dt: 2048.06ms | tok/s: 511,985 | eta: 120.7m
[padded_only_alpha0.03] step 00850/04357 (19.51%) | loss: 4.299743 | dt: 2048.10ms | tok/s: 511,974 | eta: 119.0m
[padded_only_alpha0.03] step 00900/04357 (20.66%) | loss: 4.196645 | dt: 2053.08ms | tok/s: 510,734 | eta: 117.4m
[padded_only_alpha0.03] step 00950/04357 (21.80%) | loss: 4.146794 | dt: 2050.32ms | tok/s: 511,421 | eta: 115.7m
[padded_only_alpha0.03] Step 01000 | val_bpb: 1.241776
[SV step=1000] padded_only_alpha0.03/pre smallest_[10, 32] [10, 32] | sigma_max=2.9570e-03 | p05=0.0631 p50=0.1266 p95=0.8204
[SV step=1000] padded_only_alpha0.03/pad smallest_[10, 32] [10, 32] | sigma_max=2.9592e-03 | p05=0.0617 p50=0.1289 p95=0.8206
[SV step=1000] padded_only_alpha0.03/pre largest_[5120, 1280] [5120, 1280] | sigma_max=6.7325e-04 | p05=0.0014 p50=0.0033 p95=0.0190
[SV step=1000] padded_only_alpha0.03/pad largest_[5120, 1280] [5120, 1280] | sigma_max=6.7334e-04 | p05=0.0016 p50=0.0035 p95=0.0190
[padded_only_alpha0.03] step 01000/04357 (22.95%) | loss: 4.114598 | dt: 2273.86ms | tok/s: 461,143 | eta: 114.0m
[padded_only_alpha0.03] step 01050/04357 (24.10%) | loss: 4.061591 | dt: 2049.89ms | tok/s: 511,526 | eta: 112.4m
[padded_only_alpha0.03] step 01100/04357 (25.25%) | loss: 4.225828 | dt: 2052.90ms | tok/s: 510,779 | eta: 110.7m
[padded_only_alpha0.03] step 01150/04357 (26.39%) | loss: 4.100586 | dt: 2052.70ms | tok/s: 510,827 | eta: 109.0m
[padded_only_alpha0.03] step 01200/04357 (27.54%) | loss: 4.121937 | dt: 2052.22ms | tok/s: 510,948 | eta: 107.4m
[padded_only_alpha0.03] Step 01250 | val_bpb: 1.223808
[padded_only_alpha0.03] step 01250/04357 (28.69%) | loss: 4.033881 | dt: 2060.81ms | tok/s: 508,818 | eta: 105.7m
[padded_only_alpha0.03] step 01300/04357 (29.84%) | loss: 3.984774 | dt: 2055.03ms | tok/s: 510,248 | eta: 104.0m
[padded_only_alpha0.03] step 01350/04357 (30.98%) | loss: 3.953565 | dt: 2055.40ms | tok/s: 510,156 | eta: 102.3m
[padded_only_alpha0.03] step 01400/04357 (32.13%) | loss: 4.102159 | dt: 2051.50ms | tok/s: 511,127 | eta: 100.7m
[padded_only_alpha0.03] step 01450/04357 (33.28%) | loss: 4.070906 | dt: 2059.99ms | tok/s: 509,020 | eta: 99.0m
[padded_only_alpha0.03] Step 01500 | val_bpb: 1.220405
[SV step=1500] padded_only_alpha0.03/pre smallest_[10, 32] [10, 32] | sigma_max=3.2278e-03 | p05=0.0467 p50=0.1243 p95=0.6973
[SV step=1500] padded_only_alpha0.03/pad smallest_[10, 32] [10, 32] | sigma_max=3.2183e-03 | p05=0.0480 p50=0.1275 p95=0.6974
[SV step=1500] padded_only_alpha0.03/pre largest_[5120, 1280] [5120, 1280] | sigma_max=2.4460e-04 | p05=0.0012 p50=0.0031 p95=0.0238
[SV step=1500] padded_only_alpha0.03/pad largest_[5120, 1280] [5120, 1280] | sigma_max=2.4459e-04 | p05=0.0016 p50=0.0035 p95=0.0238
[padded_only_alpha0.03] step 01500/04357 (34.43%) | loss: 4.057591 | dt: 2285.74ms | tok/s: 458,746 | eta: 97.3m
[padded_only_alpha0.03] step 01550/04357 (35.57%) | loss: 3.986619 | dt: 2056.20ms | tok/s: 509,958 | eta: 95.6m
[padded_only_alpha0.03] step 01600/04357 (36.72%) | loss: 3.940784 | dt: 2058.89ms | tok/s: 509,290 | eta: 93.9m
[padded_only_alpha0.03] step 01650/04357 (37.87%) | loss: 3.968998 | dt: 2056.43ms | tok/s: 509,900 | eta: 92.3m
[padded_only_alpha0.03] step 01700/04357 (39.02%) | loss: 3.932871 | dt: 2055.79ms | tok/s: 510,060 | eta: 90.6m
[padded_only_alpha0.03] Step 01750 | val_bpb: 1.180781
[padded_only_alpha0.03] step 01750/04357 (40.17%) | loss: 3.889317 | dt: 2077.80ms | tok/s: 504,657 | eta: 88.9m
[padded_only_alpha0.03] step 01800/04357 (41.31%) | loss: 3.867720 | dt: 2056.90ms | tok/s: 509,785 | eta: 87.2m
[padded_only_alpha0.03] step 01850/04357 (42.46%) | loss: 3.828066 | dt: 2064.06ms | tok/s: 508,016 | eta: 85.5m
[padded_only_alpha0.03] step 01900/04357 (43.61%) | loss: 3.876666 | dt: 2061.29ms | tok/s: 508,698 | eta: 83.8m
[padded_only_alpha0.03] step 01950/04357 (44.76%) | loss: 3.865600 | dt: 2054.17ms | tok/s: 510,462 | eta: 82.1m
[padded_only_alpha0.03] Step 02000 | val_bpb: 1.155874
[SV step=2000] padded_only_alpha0.03/pre smallest_[10, 32] [10, 32] | sigma_max=1.4278e-03 | p05=0.0828 p50=0.1871 p95=0.7300
[SV step=2000] padded_only_alpha0.03/pad smallest_[10, 32] [10, 32] | sigma_max=1.4273e-03 | p05=0.0854 p50=0.1868 p95=0.7297
[SV step=2000] padded_only_alpha0.03/pre largest_[5120, 1280] [5120, 1280] | sigma_max=3.1793e-04 | p05=0.0007 p50=0.0018 p95=0.0144
[SV step=2000] padded_only_alpha0.03/pad largest_[5120, 1280] [5120, 1280] | sigma_max=3.1792e-04 | p05=0.0011 p50=0.0022 p95=0.0145
[padded_only_alpha0.03] step 02000/04357 (45.90%) | loss: 3.827876 | dt: 2300.16ms | tok/s: 455,870 | eta: 80.4m
[padded_only_alpha0.03] step 02050/04357 (47.05%) | loss: 3.824504 | dt: 2058.38ms | tok/s: 509,417 | eta: 78.7m
[padded_only_alpha0.03] step 02100/04357 (48.20%) | loss: 3.778847 | dt: 2056.89ms | tok/s: 509,787 | eta: 77.0m
[padded_only_alpha0.03] step 02150/04357 (49.35%) | loss: 3.837910 | dt: 2061.34ms | tok/s: 508,685 | eta: 75.3m
[padded_only_alpha0.03] step 02200/04357 (50.49%) | loss: 3.752273 | dt: 2067.72ms | tok/s: 507,117 | eta: 73.6m
[padded_only_alpha0.03] Step 02250 | val_bpb: 1.137197
[padded_only_alpha0.03] step 02250/04357 (51.64%) | loss: 3.762689 | dt: 2074.70ms | tok/s: 505,411 | eta: 72.0m
[padded_only_alpha0.03] step 02300/04357 (52.79%) | loss: 3.736825 | dt: 2053.25ms | tok/s: 510,691 | eta: 70.3m
[padded_only_alpha0.03] step 02350/04357 (53.94%) | loss: 3.748827 | dt: 2062.03ms | tok/s: 508,515 | eta: 68.6m
[padded_only_alpha0.03] step 02400/04357 (55.08%) | loss: 3.707652 | dt: 2058.75ms | tok/s: 509,325 | eta: 66.9m
[padded_only_alpha0.03] step 02450/04357 (56.23%) | loss: 3.714033 | dt: 2064.89ms | tok/s: 507,811 | eta: 65.2m
[padded_only_alpha0.03] Step 02500 | val_bpb: 1.130130
[SV step=2500] padded_only_alpha0.03/pre smallest_[10, 32] [10, 32] | sigma_max=8.1187e-03 | p05=0.0146 p50=0.0317 p95=0.6398
[SV step=2500] padded_only_alpha0.03/pad smallest_[10, 32] [10, 32] | sigma_max=8.1242e-03 | p05=0.0158 p50=0.0365 p95=0.6392
[SV step=2500] padded_only_alpha0.03/pre largest_[5120, 1280] [5120, 1280] | sigma_max=6.0540e-04 | p05=0.0003 p50=0.0008 p95=0.0083
[SV step=2500] padded_only_alpha0.03/pad largest_[5120, 1280] [5120, 1280] | sigma_max=6.0542e-04 | p05=0.0008 p50=0.0014 p95=0.0083
[padded_only_alpha0.03] step 02500/04357 (57.38%) | loss: 3.787249 | dt: 2290.49ms | tok/s: 457,796 | eta: 63.5m
[padded_only_alpha0.03] step 02550/04357 (58.53%) | loss: 3.675635 | dt: 2059.41ms | tok/s: 509,162 | eta: 61.8m
[padded_only_alpha0.03] step 02600/04357 (59.67%) | loss: 3.671882 | dt: 2065.93ms | tok/s: 507,557 | eta: 60.0m
[padded_only_alpha0.03] step 02650/04357 (60.82%) | loss: 3.674133 | dt: 2055.63ms | tok/s: 510,098 | eta: 58.3m
[padded_only_alpha0.03] step 02700/04357 (61.97%) | loss: 3.703970 | dt: 2061.91ms | tok/s: 508,545 | eta: 56.6m
[padded_only_alpha0.03] Step 02750 | val_bpb: 1.114122
[padded_only_alpha0.03] step 02750/04357 (63.12%) | loss: 3.660237 | dt: 2085.22ms | tok/s: 502,861 | eta: 54.9m
[padded_only_alpha0.03] step 02800/04357 (64.26%) | loss: 3.674360 | dt: 2068.62ms | tok/s: 506,895 | eta: 53.2m
[padded_only_alpha0.03] step 02850/04357 (65.41%) | loss: 3.679904 | dt: 2065.33ms | tok/s: 507,704 | eta: 51.5m
[padded_only_alpha0.03] step 02900/04357 (66.56%) | loss: 3.651428 | dt: 2062.51ms | tok/s: 508,397 | eta: 49.8m
[padded_only_alpha0.03] step 02950/04357 (67.71%) | loss: 3.675572 | dt: 2062.10ms | tok/s: 508,497 | eta: 48.1m
[padded_only_alpha0.03] Step 03000 | val_bpb: 1.102228
[SV step=3000] padded_only_alpha0.03/pre smallest_[10, 32] [10, 32] | sigma_max=2.7691e-03 | p05=0.0295 p50=0.0573 p95=0.6739
[SV step=3000] padded_only_alpha0.03/pad smallest_[10, 32] [10, 32] | sigma_max=2.7770e-03 | p05=0.0321 p50=0.0590 p95=0.6733
[SV step=3000] padded_only_alpha0.03/pre largest_[5120, 1280] [5120, 1280] | sigma_max=2.7771e-04 | p05=0.0007 p50=0.0018 p95=0.0143
[SV step=3000] padded_only_alpha0.03/pad largest_[5120, 1280] [5120, 1280] | sigma_max=2.7771e-04 | p05=0.0011 p50=0.0022 p95=0.0144
[padded_only_alpha0.03] step 03000/04357 (68.85%) | loss: 3.634613 | dt: 2290.26ms | tok/s: 457,841 | eta: 46.4m
[padded_only_alpha0.03] step 03050/04357 (70.00%) | loss: 3.609899 | dt: 2058.35ms | tok/s: 509,426 | eta: 44.7m
[padded_only_alpha0.03] step 03100/04357 (71.15%) | loss: 3.622624 | dt: 2062.99ms | tok/s: 508,279 | eta: 43.0m
[padded_only_alpha0.03] step 03150/04357 (72.30%) | loss: 3.596992 | dt: 2068.14ms | tok/s: 507,014 | eta: 41.3m
[padded_only_alpha0.03] step 03200/04357 (73.45%) | loss: 3.622981 | dt: 2065.47ms | tok/s: 507,668 | eta: 39.6m
[padded_only_alpha0.03] Step 03250 | val_bpb: 1.097605
[padded_only_alpha0.03] step 03250/04357 (74.59%) | loss: 3.641653 | dt: 2087.23ms | tok/s: 502,376 | eta: 37.9m
[padded_only_alpha0.03] step 03300/04357 (75.74%) | loss: 3.577278 | dt: 2055.66ms | tok/s: 510,093 | eta: 36.2m
[padded_only_alpha0.03] step 03350/04357 (76.89%) | loss: 3.621050 | dt: 2062.55ms | tok/s: 508,389 | eta: 34.5m
[padded_only_alpha0.03] step 03400/04357 (78.04%) | loss: 3.607490 | dt: 2060.77ms | tok/s: 508,826 | eta: 32.8m
[padded_only_alpha0.03] step 03450/04357 (79.18%) | loss: 3.598847 | dt: 2064.27ms | tok/s: 507,963 | eta: 31.1m
[padded_only_alpha0.03] Step 03500 | val_bpb: 1.092067
[SV step=3500] padded_only_alpha0.03/pre smallest_[10, 32] [10, 32] | sigma_max=1.3032e-03 | p05=0.0630 p50=0.1575 p95=0.7070
[SV step=3500] padded_only_alpha0.03/pad smallest_[10, 32] [10, 32] | sigma_max=1.2999e-03 | p05=0.0635 p50=0.1581 p95=0.7082
[SV step=3500] padded_only_alpha0.03/pre largest_[5120, 1280] [5120, 1280] | sigma_max=2.2056e-04 | p05=0.0010 p50=0.0026 p95=0.0202
[SV step=3500] padded_only_alpha0.03/pad largest_[5120, 1280] [5120, 1280] | sigma_max=2.2058e-04 | p05=0.0014 p50=0.0029 p95=0.0203
[padded_only_alpha0.03] step 03500/04357 (80.33%) | loss: 3.546507 | dt: 2294.38ms | tok/s: 457,018 | eta: 29.4m
[padded_only_alpha0.03] step 03550/04357 (81.48%) | loss: 3.565227 | dt: 2065.40ms | tok/s: 507,685 | eta: 27.6m
[padded_only_alpha0.03] step 03600/04357 (82.63%) | loss: 3.563385 | dt: 2059.28ms | tok/s: 509,196 | eta: 25.9m
[padded_only_alpha0.03] step 03650/04357 (83.77%) | loss: 3.592508 | dt: 2062.74ms | tok/s: 508,340 | eta: 24.2m
[padded_only_alpha0.03] step 03700/04357 (84.92%) | loss: 3.546125 | dt: 2057.95ms | tok/s: 509,523 | eta: 22.5m
[padded_only_alpha0.03] Step 03750 | val_bpb: 1.083275
[padded_only_alpha0.03] step 03750/04357 (86.07%) | loss: 3.557750 | dt: 2071.05ms | tok/s: 506,300 | eta: 20.8m
[padded_only_alpha0.03] step 03800/04357 (87.22%) | loss: 3.550769 | dt: 2061.77ms | tok/s: 508,581 | eta: 19.1m
[padded_only_alpha0.03] step 03850/04357 (88.36%) | loss: 3.557785 | dt: 2060.22ms | tok/s: 508,963 | eta: 17.4m
[padded_only_alpha0.03] step 03900/04357 (89.51%) | loss: 3.551444 | dt: 2062.45ms | tok/s: 508,412 | eta: 15.7m
[padded_only_alpha0.03] step 03950/04357 (90.66%) | loss: 3.565082 | dt: 2057.26ms | tok/s: 509,696 | eta: 13.9m
[padded_only_alpha0.03] Step 04000 | val_bpb: 1.079611
[SV step=4000] padded_only_alpha0.03/pre smallest_[10, 32] [10, 32] | sigma_max=1.3757e-03 | p05=0.0464 p50=0.1291 p95=0.6789
[SV step=4000] padded_only_alpha0.03/pad smallest_[10, 32] [10, 32] | sigma_max=1.3784e-03 | p05=0.0491 p50=0.1306 p95=0.6782
[SV step=4000] padded_only_alpha0.03/pre largest_[5120, 1280] [5120, 1280] | sigma_max=1.7973e-04 | p05=0.0014 p50=0.0037 p95=0.0269
[SV step=4000] padded_only_alpha0.03/pad largest_[5120, 1280] [5120, 1280] | sigma_max=1.7972e-04 | p05=0.0017 p50=0.0040 p95=0.0269
[padded_only_alpha0.03] step 04000/04357 (91.81%) | loss: 3.563460 | dt: 2290.89ms | tok/s: 457,715 | eta: 12.2m
[padded_only_alpha0.03] step 04050/04357 (92.95%) | loss: 3.556223 | dt: 2059.93ms | tok/s: 509,033 | eta: 10.5m
[padded_only_alpha0.03] step 04100/04357 (94.10%) | loss: 3.571934 | dt: 2071.53ms | tok/s: 506,185 | eta: 8.8m
[padded_only_alpha0.03] step 04150/04357 (95.25%) | loss: 3.568625 | dt: 2060.96ms | tok/s: 508,780 | eta: 7.1m
[padded_only_alpha0.03] step 04200/04357 (96.40%) | loss: 3.530112 | dt: 2058.71ms | tok/s: 509,337 | eta: 5.4m
[padded_only_alpha0.03] Step 04250 | val_bpb: 1.077378
[padded_only_alpha0.03] step 04250/04357 (97.54%) | loss: 3.530277 | dt: 2078.66ms | tok/s: 504,447 | eta: 3.7m
[padded_only_alpha0.03] step 04300/04357 (98.69%) | loss: 3.560368 | dt: 2061.57ms | tok/s: 508,630 | eta: 2.0m
[padded_only_alpha0.03] step 04350/04357 (99.84%) | loss: 3.566148 | dt: 2065.28ms | tok/s: 507,717 | eta: 0.2m
[padded_only_alpha0.03] Step 04357 | val_bpb: 1.077014
Results saved to padded_muon_results/padded_only_alpha0.03/val_loss.json
[padded_only_alpha0.03] Done. Min val bpb: 1.077014
Peak memory: 41000.69 MiB
Total training time: 148.94m
========================================
[padded_alpha0.03] Job completed at: Thu Feb 26 01:35:59 AM EST 2026
========================================
