========================================
Job ID: 374304
Node: andreas-h100-1
GPUs: 4
Config: MUON_PAD=1, MUON_PAD_ALPHA=0.3
Start Time: Thu Feb 26 13:02:50 EST 2026
========================================
Thu Feb 26 13:02:50 2026       
+-----------------------------------------------------------------------------------------+
| NVIDIA-SMI 575.57.08              Driver Version: 575.57.08      CUDA Version: 12.9     |
|-----------------------------------------+------------------------+----------------------+
| GPU  Name                 Persistence-M | Bus-Id          Disp.A | Volatile Uncorr. ECC |
| Fan  Temp   Perf          Pwr:Usage/Cap |           Memory-Usage | GPU-Util  Compute M. |
|                                         |                        |               MIG M. |
|=========================================+========================+======================|
|   0  NVIDIA H100 NVL                On  |   00000000:01:00.0 Off |                    0 |
| N/A   67C    P0             79W /  400W |       0MiB /  95830MiB |      0%      Default |
|                                         |                        |             Disabled |
+-----------------------------------------+------------------------+----------------------+
|   1  NVIDIA H100 NVL                On  |   00000000:21:00.0 Off |                    0 |
| N/A   66C    P0             72W /  400W |       0MiB /  95830MiB |      0%      Default |
|                                         |                        |             Disabled |
+-----------------------------------------+------------------------+----------------------+
|   2  NVIDIA H100 NVL                On  |   00000000:C1:00.0 Off |                    0 |
| N/A   69C    P0             76W /  400W |       0MiB /  95830MiB |      0%      Default |
|                                         |                        |             Disabled |
+-----------------------------------------+------------------------+----------------------+
|   3  NVIDIA H100 NVL                On  |   00000000:E1:00.0 Off |                    0 |
| N/A   69C    P0             79W /  400W |       0MiB /  95830MiB |      0%      Default |
|                                         |                        |             Disabled |
+-----------------------------------------+------------------------+----------------------+
                                                                                         
+-----------------------------------------------------------------------------------------+
| Processes:                                                                              |
|  GPU   GI   CI              PID   Type   Process name                        GPU Memory |
|        ID   ID                                                               Usage      |
|=========================================================================================|
|  No running processes found                                                             |
+-----------------------------------------------------------------------------------------+
Starting: padded_alpha0.3

                                                       █████                █████
                                                      ░░███                ░░███
     ████████    ██████   ████████    ██████   ██████  ░███████    ██████  ███████
    ░░███░░███  ░░░░░███ ░░███░░███  ███░░███ ███░░███ ░███░░███  ░░░░░███░░░███░
     ░███ ░███   ███████  ░███ ░███ ░███ ░███░███ ░░░  ░███ ░███   ███████  ░███
     ░███ ░███  ███░░███  ░███ ░███ ░███ ░███░███  ███ ░███ ░███  ███░░███  ░███ ███
     ████ █████░░████████ ████ █████░░██████ ░░██████  ████ █████░░███████  ░░█████
    ░░░░ ░░░░░  ░░░░░░░░ ░░░░ ░░░░░  ░░░░░░   ░░░░░░  ░░░░ ░░░░░  ░░░░░░░░   ░░░░░
    
=== Padded Muon Experiment ===
  MUON_PAD=True, alpha=0.3, SKIP_ORTH=False
  MUON_SV_LOG=True, every=500
Autodetected device type: cuda
GPU: NVIDIA H100 NVL | Peak FLOPS (BF16): 8.35e+14
Using Flash Attention 3
Vocab size: 32,768
Model config:
{
  "sequence_len": 2048,
  "vocab_size": 32768,
  "n_layer": 20,
  "n_head": 10,
  "n_kv_head": 10,
  "n_embd": 1280,
  "window_pattern": "SSSL"
}
FP8 training enabled - converted 121 layers
Parameter counts:
wte                     : 41,943,040
value_embeds            : 419,430,400
lm_head                 : 41,943,040
transformer_matrices    : 393,219,200
scalars                 : 40
total                   : 896,535,720
Estimated FLOPs per token: 3.004189e+09
Auto-computed optimal batch size: 1,048,576 tokens
Scaling LRs by 1.4142 for batch size 1,048,576
Scaling weight decay from 0.200000 to 0.071563
Scaling the LR for the AdamW parameters 1/sqrt(1280/768) = 0.774597
Calculated iterations from target data:param ratio: 4,357
Total tokens: 4,568,645,632 | Iterations: 4,357
SV logging groups: {140188888142144: 'largest_[5120, 1280]', 140188888146368: 'smallest_[10, 32]'}
Gradient accumulation steps: 8
[padded_polar_alpha0.3] Step 00000 | val_bpb: 3.169049
[SV step=0] padded_polar_alpha0.3/pre smallest_[10, 32] [10, 32] | sigma_max=1.0000e-12 | p05=0.0000 p50=0.0000 p95=0.0000
[SV step=0] padded_polar_alpha0.3/pad smallest_[10, 32] [10, 32] | sigma_max=1.0000e-12 | p05=0.0000 p50=0.0000 p95=0.0000
[SV step=0] padded_polar_alpha0.3/post smallest_[10, 32] [10, 32] | sigma_max=1.0000e-12 | p05=0.0000 p50=0.0000 p95=0.0000
[SV step=0] padded_polar_alpha0.3/pre largest_[5120, 1280] [5120, 1280] | sigma_max=1.0000e-12 | p05=0.0000 p50=0.0000 p95=0.0000
[SV step=0] padded_polar_alpha0.3/pad largest_[5120, 1280] [5120, 1280] | sigma_max=1.0000e-12 | p05=0.0000 p50=0.0000 p95=0.0000
[SV step=0] padded_polar_alpha0.3/post largest_[5120, 1280] [5120, 1280] | sigma_max=1.0000e-12 | p05=0.0000 p50=0.0000 p95=0.0000
[padded_polar_alpha0.3] step 00000/04357 (0.00%) | loss: 10.398166 | dt: 26522.62ms | tok/s: 39,535
[padded_polar_alpha0.3] step 00050/04357 (1.15%) | loss: 5.607984 | dt: 2096.58ms | tok/s: 500,137 | eta: 149.0m
[padded_polar_alpha0.3] step 00100/04357 (2.30%) | loss: 4.795422 | dt: 2099.07ms | tok/s: 499,544 | eta: 148.2m
[padded_polar_alpha0.3] step 00150/04357 (3.44%) | loss: 4.230988 | dt: 2100.85ms | tok/s: 499,119 | eta: 146.7m
[padded_polar_alpha0.3] step 00200/04357 (4.59%) | loss: 3.999435 | dt: 2088.44ms | tok/s: 502,086 | eta: 145.0m
[padded_polar_alpha0.3] Step 00250 | val_bpb: 1.161290
[padded_polar_alpha0.3] step 00250/04357 (5.74%) | loss: 3.863230 | dt: 2101.65ms | tok/s: 498,929 | eta: 143.2m
[padded_polar_alpha0.3] step 00300/04357 (6.89%) | loss: 3.735972 | dt: 2079.34ms | tok/s: 504,282 | eta: 141.3m
[padded_polar_alpha0.3] step 00350/04357 (8.03%) | loss: 3.676540 | dt: 2075.63ms | tok/s: 505,185 | eta: 139.4m
[padded_polar_alpha0.3] step 00400/04357 (9.18%) | loss: 3.660296 | dt: 2069.66ms | tok/s: 506,641 | eta: 137.5m
[padded_polar_alpha0.3] step 00450/04357 (10.33%) | loss: 3.602879 | dt: 2062.54ms | tok/s: 508,389 | eta: 135.7m
[padded_polar_alpha0.3] Step 00500 | val_bpb: 1.083843
[SV step=500] padded_polar_alpha0.3/pre smallest_[10, 32] [10, 32] | sigma_max=2.8648e-06 | p05=0.0066 p50=0.0345 p95=0.6752
[SV step=500] padded_polar_alpha0.3/pad smallest_[10, 32] [10, 32] | sigma_max=2.8562e-06 | p05=0.0552 p50=0.1033 p95=0.6909
[SV step=500] padded_polar_alpha0.3/post smallest_[10, 32] [10, 32] | sigma_max=1.0829e+00 | p05=0.8055 p50=0.9108 p95=0.9984
[SV step=500] padded_polar_alpha0.3/pre largest_[5120, 1280] [5120, 1280] | sigma_max=1.2370e-03 | p05=0.0009 p50=0.0021 p95=0.0104
[SV step=500] padded_polar_alpha0.3/pad largest_[5120, 1280] [5120, 1280] | sigma_max=1.2383e-03 | p05=0.0052 p50=0.0087 p95=0.0144
[SV step=500] padded_polar_alpha0.3/post largest_[5120, 1280] [5120, 1280] | sigma_max=1.1432e+00 | p05=0.7545 p50=0.8792 p95=0.9907
[padded_polar_alpha0.3] step 00500/04357 (11.48%) | loss: 3.579065 | dt: 2386.80ms | tok/s: 439,323 | eta: 133.8m
[padded_polar_alpha0.3] step 00550/04357 (12.62%) | loss: 3.559696 | dt: 2057.06ms | tok/s: 509,744 | eta: 132.0m
[padded_polar_alpha0.3] step 00600/04357 (13.77%) | loss: 3.534858 | dt: 2059.76ms | tok/s: 509,077 | eta: 130.1m
[padded_polar_alpha0.3] step 00650/04357 (14.92%) | loss: 3.567347 | dt: 2060.88ms | tok/s: 508,800 | eta: 128.3m
[padded_polar_alpha0.3] step 00700/04357 (16.07%) | loss: 3.560095 | dt: 2062.35ms | tok/s: 508,436 | eta: 126.5m
[padded_polar_alpha0.3] Step 00750 | val_bpb: 1.067968
[padded_polar_alpha0.3] step 00750/04357 (17.21%) | loss: 3.492646 | dt: 2065.66ms | tok/s: 507,621 | eta: 124.7m
[padded_polar_alpha0.3] step 00800/04357 (18.36%) | loss: 3.523413 | dt: 2045.75ms | tok/s: 512,563 | eta: 122.9m
[padded_polar_alpha0.3] step 00850/04357 (19.51%) | loss: 3.497647 | dt: 2052.41ms | tok/s: 510,901 | eta: 121.1m
[padded_polar_alpha0.3] step 00900/04357 (20.66%) | loss: 3.545853 | dt: 2044.72ms | tok/s: 512,821 | eta: 119.3m
[padded_polar_alpha0.3] step 00950/04357 (21.80%) | loss: 3.509430 | dt: 2048.41ms | tok/s: 511,898 | eta: 117.4m
[padded_polar_alpha0.3] Step 01000 | val_bpb: 1.065498
[SV step=1000] padded_polar_alpha0.3/pre smallest_[10, 32] [10, 32] | sigma_max=3.5333e-06 | p05=0.0020 p50=0.0078 p95=0.6912
[SV step=1000] padded_polar_alpha0.3/pad smallest_[10, 32] [10, 32] | sigma_max=3.6096e-06 | p05=0.0622 p50=0.0975 p95=0.6960
[SV step=1000] padded_polar_alpha0.3/post smallest_[10, 32] [10, 32] | sigma_max=1.1441e+00 | p05=0.7573 p50=0.8744 p95=0.9949
[SV step=1000] padded_polar_alpha0.3/pre largest_[5120, 1280] [5120, 1280] | sigma_max=1.0816e-03 | p05=0.0005 p50=0.0013 p95=0.0078
[SV step=1000] padded_polar_alpha0.3/pad largest_[5120, 1280] [5120, 1280] | sigma_max=1.0829e-03 | p05=0.0050 p50=0.0085 p95=0.0130
[SV step=1000] padded_polar_alpha0.3/post largest_[5120, 1280] [5120, 1280] | sigma_max=1.1437e+00 | p05=0.7539 p50=0.8788 p95=0.9889
[padded_polar_alpha0.3] step 01000/04357 (22.95%) | loss: 3.525159 | dt: 2361.23ms | tok/s: 444,080 | eta: 115.7m
[padded_polar_alpha0.3] step 01050/04357 (24.10%) | loss: 3.521884 | dt: 2038.94ms | tok/s: 514,274 | eta: 113.9m
[padded_polar_alpha0.3] step 01100/04357 (25.25%) | loss: 3.528476 | dt: 2032.53ms | tok/s: 515,897 | eta: 112.1m
[padded_polar_alpha0.3] step 01150/04357 (26.39%) | loss: 3.539817 | dt: 2028.71ms | tok/s: 516,867 | eta: 110.3m
[padded_polar_alpha0.3] step 01200/04357 (27.54%) | loss: 3.518855 | dt: 2029.74ms | tok/s: 516,605 | eta: 108.5m
[padded_polar_alpha0.3] Step 01250 | val_bpb: 1.067424
[padded_polar_alpha0.3] step 01250/04357 (28.69%) | loss: 3.549496 | dt: 2048.06ms | tok/s: 511,985 | eta: 106.7m
[padded_polar_alpha0.3] step 01300/04357 (29.84%) | loss: 3.549194 | dt: 2027.69ms | tok/s: 517,128 | eta: 104.9m
[padded_polar_alpha0.3] step 01350/04357 (30.98%) | loss: 3.545508 | dt: 2021.59ms | tok/s: 518,688 | eta: 103.1m
[padded_polar_alpha0.3] step 01400/04357 (32.13%) | loss: 3.517469 | dt: 2021.15ms | tok/s: 518,802 | eta: 101.4m
[padded_polar_alpha0.3] step 01450/04357 (33.28%) | loss: 3.548091 | dt: 2021.24ms | tok/s: 518,779 | eta: 99.6m
[padded_polar_alpha0.3] Step 01500 | val_bpb: 1.068628
[SV step=1500] padded_polar_alpha0.3/pre smallest_[10, 32] [10, 32] | sigma_max=1.7299e-06 | p05=0.0050 p50=0.0194 p95=0.6815
[SV step=1500] padded_polar_alpha0.3/pad smallest_[10, 32] [10, 32] | sigma_max=1.7248e-06 | p05=0.0660 p50=0.1057 p95=0.6844
[SV step=1500] padded_polar_alpha0.3/post smallest_[10, 32] [10, 32] | sigma_max=1.1437e+00 | p05=0.7531 p50=0.8284 p95=0.9995
[SV step=1500] padded_polar_alpha0.3/pre largest_[5120, 1280] [5120, 1280] | sigma_max=9.9063e-04 | p05=0.0004 p50=0.0009 p95=0.0069
[SV step=1500] padded_polar_alpha0.3/pad largest_[5120, 1280] [5120, 1280] | sigma_max=9.9153e-04 | p05=0.0050 p50=0.0083 p95=0.0126
[SV step=1500] padded_polar_alpha0.3/post largest_[5120, 1280] [5120, 1280] | sigma_max=1.1430e+00 | p05=0.7537 p50=0.8783 p95=0.9899
[padded_polar_alpha0.3] step 01500/04357 (34.43%) | loss: 3.526615 | dt: 2340.82ms | tok/s: 447,952 | eta: 97.8m
[padded_polar_alpha0.3] step 01550/04357 (35.57%) | loss: 3.543576 | dt: 2012.84ms | tok/s: 520,943 | eta: 96.0m
[padded_polar_alpha0.3] step 01600/04357 (36.72%) | loss: 3.525970 | dt: 2021.62ms | tok/s: 518,679 | eta: 94.3m
[padded_polar_alpha0.3] step 01650/04357 (37.87%) | loss: 3.567944 | dt: 2004.16ms | tok/s: 523,200 | eta: 92.5m
[padded_polar_alpha0.3] step 01700/04357 (39.02%) | loss: 3.538575 | dt: 2003.41ms | tok/s: 523,394 | eta: 90.8m
[padded_polar_alpha0.3] Step 01750 | val_bpb: 1.070171
[padded_polar_alpha0.3] step 01750/04357 (40.17%) | loss: 3.552282 | dt: 2018.85ms | tok/s: 519,391 | eta: 89.0m
[padded_polar_alpha0.3] step 01800/04357 (41.31%) | loss: 3.546951 | dt: 2001.65ms | tok/s: 523,855 | eta: 87.2m
[padded_polar_alpha0.3] step 01850/04357 (42.46%) | loss: 3.522943 | dt: 2003.86ms | tok/s: 523,279 | eta: 85.5m
[padded_polar_alpha0.3] step 01900/04357 (43.61%) | loss: 3.555598 | dt: 2004.85ms | tok/s: 523,020 | eta: 83.7m
[padded_polar_alpha0.3] step 01950/04357 (44.76%) | loss: 3.550623 | dt: 2000.96ms | tok/s: 524,035 | eta: 82.0m
[padded_polar_alpha0.3] Step 02000 | val_bpb: 1.073310
[SV step=2000] padded_polar_alpha0.3/pre smallest_[10, 32] [10, 32] | sigma_max=5.8372e-06 | p05=0.0047 p50=0.0118 p95=0.5890
[SV step=2000] padded_polar_alpha0.3/pad smallest_[10, 32] [10, 32] | sigma_max=5.8467e-06 | p05=0.0591 p50=0.0978 p95=0.6111
[SV step=2000] padded_polar_alpha0.3/post smallest_[10, 32] [10, 32] | sigma_max=1.1415e+00 | p05=0.8067 p50=0.9736 p95=0.9987
[SV step=2000] padded_polar_alpha0.3/pre largest_[5120, 1280] [5120, 1280] | sigma_max=9.3414e-04 | p05=0.0003 p50=0.0008 p95=0.0068
[SV step=2000] padded_polar_alpha0.3/pad largest_[5120, 1280] [5120, 1280] | sigma_max=9.3510e-04 | p05=0.0050 p50=0.0084 p95=0.0127
[SV step=2000] padded_polar_alpha0.3/post largest_[5120, 1280] [5120, 1280] | sigma_max=1.1432e+00 | p05=0.7543 p50=0.8780 p95=0.9895
[padded_polar_alpha0.3] step 02000/04357 (45.90%) | loss: 3.574215 | dt: 2324.96ms | tok/s: 451,007 | eta: 80.3m
[padded_polar_alpha0.3] step 02050/04357 (47.05%) | loss: 3.545328 | dt: 2005.90ms | tok/s: 522,746 | eta: 78.5m
[padded_polar_alpha0.3] step 02100/04357 (48.20%) | loss: 3.552462 | dt: 1998.32ms | tok/s: 524,728 | eta: 76.8m
[padded_polar_alpha0.3] step 02150/04357 (49.35%) | loss: 3.588606 | dt: 1999.06ms | tok/s: 524,534 | eta: 75.0m
[padded_polar_alpha0.3] step 02200/04357 (50.49%) | loss: 3.549304 | dt: 1992.46ms | tok/s: 526,270 | eta: 73.3m
[padded_polar_alpha0.3] Step 02250 | val_bpb: 1.073151
[padded_polar_alpha0.3] step 02250/04357 (51.64%) | loss: 3.565206 | dt: 2004.18ms | tok/s: 523,195 | eta: 71.6m
[padded_polar_alpha0.3] step 02300/04357 (52.79%) | loss: 3.548910 | dt: 1998.20ms | tok/s: 524,759 | eta: 69.8m
[padded_polar_alpha0.3] step 02350/04357 (53.94%) | loss: 3.575788 | dt: 1996.78ms | tok/s: 525,134 | eta: 68.1m
[padded_polar_alpha0.3] step 02400/04357 (55.08%) | loss: 3.530494 | dt: 1993.49ms | tok/s: 526,000 | eta: 66.4m
[padded_polar_alpha0.3] step 02450/04357 (56.23%) | loss: 3.560382 | dt: 1998.29ms | tok/s: 524,737 | eta: 64.7m
[padded_polar_alpha0.3] Step 02500 | val_bpb: 1.071891
[SV step=2500] padded_polar_alpha0.3/pre smallest_[10, 32] [10, 32] | sigma_max=2.0708e-06 | p05=0.0057 p50=0.0293 p95=0.6236
[SV step=2500] padded_polar_alpha0.3/pad smallest_[10, 32] [10, 32] | sigma_max=2.0633e-06 | p05=0.0586 p50=0.0973 p95=0.6207
[SV step=2500] padded_polar_alpha0.3/post smallest_[10, 32] [10, 32] | sigma_max=1.1402e+00 | p05=0.7968 p50=0.9464 p95=0.9992
[SV step=2500] padded_polar_alpha0.3/pre largest_[5120, 1280] [5120, 1280] | sigma_max=6.5307e-04 | p05=0.0003 p50=0.0010 p95=0.0086
[SV step=2500] padded_polar_alpha0.3/pad largest_[5120, 1280] [5120, 1280] | sigma_max=6.5394e-04 | p05=0.0051 p50=0.0085 p95=0.0133
[SV step=2500] padded_polar_alpha0.3/post largest_[5120, 1280] [5120, 1280] | sigma_max=1.1434e+00 | p05=0.7543 p50=0.8784 p95=0.9886
[padded_polar_alpha0.3] step 02500/04357 (57.38%) | loss: 3.568150 | dt: 2318.60ms | tok/s: 452,246 | eta: 62.9m
[padded_polar_alpha0.3] step 02550/04357 (58.53%) | loss: 3.526688 | dt: 1981.59ms | tok/s: 529,159 | eta: 61.2m
[padded_polar_alpha0.3] step 02600/04357 (59.67%) | loss: 3.535271 | dt: 1976.22ms | tok/s: 530,596 | eta: 59.8m
[padded_polar_alpha0.3] step 02650/04357 (60.82%) | loss: 3.532862 | dt: 1997.08ms | tok/s: 525,054 | eta: 58.1m
[padded_polar_alpha0.3] step 02700/04357 (61.97%) | loss: 3.563557 | dt: 1997.16ms | tok/s: 525,033 | eta: 56.4m
[padded_polar_alpha0.3] Step 02750 | val_bpb: 1.070840
[padded_polar_alpha0.3] step 02750/04357 (63.12%) | loss: 3.506134 | dt: 2010.98ms | tok/s: 521,425 | eta: 54.6m
[padded_polar_alpha0.3] step 02800/04357 (64.26%) | loss: 3.556522 | dt: 2000.30ms | tok/s: 524,210 | eta: 52.9m
[padded_polar_alpha0.3] step 02850/04357 (65.41%) | loss: 3.566743 | dt: 1997.41ms | tok/s: 524,967 | eta: 51.2m
[padded_polar_alpha0.3] step 02900/04357 (66.56%) | loss: 3.535640 | dt: 1996.20ms | tok/s: 525,286 | eta: 49.5m
[padded_polar_alpha0.3] step 02950/04357 (67.71%) | loss: 3.508544 | dt: 1995.65ms | tok/s: 525,429 | eta: 47.8m
[padded_polar_alpha0.3] Step 03000 | val_bpb: 1.067441
[SV step=3000] padded_polar_alpha0.3/pre smallest_[10, 32] [10, 32] | sigma_max=7.0311e-06 | p05=0.0022 p50=0.0075 p95=0.5839
[SV step=3000] padded_polar_alpha0.3/pad smallest_[10, 32] [10, 32] | sigma_max=7.1169e-06 | p05=0.0617 p50=0.0889 p95=0.6083
[SV step=3000] padded_polar_alpha0.3/post smallest_[10, 32] [10, 32] | sigma_max=1.1147e+00 | p05=0.7706 p50=0.9317 p95=0.9955
[SV step=3000] padded_polar_alpha0.3/pre largest_[5120, 1280] [5120, 1280] | sigma_max=5.8287e-04 | p05=0.0003 p50=0.0009 p95=0.0096
[SV step=3000] padded_polar_alpha0.3/pad largest_[5120, 1280] [5120, 1280] | sigma_max=5.8343e-04 | p05=0.0051 p50=0.0085 p95=0.0137
[SV step=3000] padded_polar_alpha0.3/post largest_[5120, 1280] [5120, 1280] | sigma_max=1.1435e+00 | p05=0.7542 p50=0.8789 p95=0.9889
[padded_polar_alpha0.3] step 03000/04357 (68.85%) | loss: 3.528963 | dt: 2313.25ms | tok/s: 453,291 | eta: 46.1m
[padded_polar_alpha0.3] step 03050/04357 (70.00%) | loss: 3.516676 | dt: 1997.48ms | tok/s: 524,949 | eta: 44.3m
[padded_polar_alpha0.3] step 03100/04357 (71.15%) | loss: 3.513920 | dt: 1992.37ms | tok/s: 526,296 | eta: 42.6m
[padded_polar_alpha0.3] step 03150/04357 (72.30%) | loss: 3.524615 | dt: 1996.93ms | tok/s: 525,095 | eta: 40.9m
[padded_polar_alpha0.3] step 03200/04357 (73.45%) | loss: 3.529766 | dt: 1994.54ms | tok/s: 525,722 | eta: 39.2m
[padded_polar_alpha0.3] Step 03250 | val_bpb: 1.064508
[padded_polar_alpha0.3] step 03250/04357 (74.59%) | loss: 3.520924 | dt: 2001.09ms | tok/s: 524,002 | eta: 37.5m
[padded_polar_alpha0.3] step 03300/04357 (75.74%) | loss: 3.487300 | dt: 1984.08ms | tok/s: 528,495 | eta: 35.8m
[padded_polar_alpha0.3] step 03350/04357 (76.89%) | loss: 3.533506 | dt: 1992.17ms | tok/s: 526,348 | eta: 34.1m
[padded_polar_alpha0.3] step 03400/04357 (78.04%) | loss: 3.524023 | dt: 1988.97ms | tok/s: 527,196 | eta: 32.4m
[padded_polar_alpha0.3] step 03450/04357 (79.18%) | loss: 3.517449 | dt: 1994.78ms | tok/s: 525,660 | eta: 30.7m
[padded_polar_alpha0.3] Step 03500 | val_bpb: 1.063811
[SV step=3500] padded_polar_alpha0.3/pre smallest_[10, 32] [10, 32] | sigma_max=2.7838e-06 | p05=0.0042 p50=0.0190 p95=0.6280
[SV step=3500] padded_polar_alpha0.3/pad smallest_[10, 32] [10, 32] | sigma_max=2.7650e-06 | p05=0.0614 p50=0.0958 p95=0.6331
[SV step=3500] padded_polar_alpha0.3/post smallest_[10, 32] [10, 32] | sigma_max=1.1435e+00 | p05=0.8154 p50=0.9502 p95=0.9978
[SV step=3500] padded_polar_alpha0.3/pre largest_[5120, 1280] [5120, 1280] | sigma_max=5.1417e-04 | p05=0.0003 p50=0.0009 p95=0.0099
[SV step=3500] padded_polar_alpha0.3/pad largest_[5120, 1280] [5120, 1280] | sigma_max=5.1463e-04 | p05=0.0051 p50=0.0086 p95=0.0139
[SV step=3500] padded_polar_alpha0.3/post largest_[5120, 1280] [5120, 1280] | sigma_max=1.1434e+00 | p05=0.7541 p50=0.8788 p95=0.9887
[padded_polar_alpha0.3] step 03500/04357 (80.33%) | loss: 3.461802 | dt: 2324.54ms | tok/s: 451,090 | eta: 29.0m
[padded_polar_alpha0.3] step 03550/04357 (81.48%) | loss: 3.484443 | dt: 1992.81ms | tok/s: 526,179 | eta: 27.3m
[padded_polar_alpha0.3] step 03600/04357 (82.63%) | loss: 3.485515 | dt: 1998.82ms | tok/s: 524,598 | eta: 25.6m
[padded_polar_alpha0.3] step 03650/04357 (83.77%) | loss: 3.510877 | dt: 1985.09ms | tok/s: 528,226 | eta: 23.9m
[padded_polar_alpha0.3] step 03700/04357 (84.92%) | loss: 3.472606 | dt: 1986.68ms | tok/s: 527,802 | eta: 22.2m
[padded_polar_alpha0.3] Step 03750 | val_bpb: 1.062507
[padded_polar_alpha0.3] step 03750/04357 (86.07%) | loss: 3.483762 | dt: 2011.65ms | tok/s: 521,251 | eta: 20.5m
[padded_polar_alpha0.3] step 03800/04357 (87.22%) | loss: 3.481668 | dt: 1982.42ms | tok/s: 528,936 | eta: 18.8m
[padded_polar_alpha0.3] step 03850/04357 (88.36%) | loss: 3.487042 | dt: 1996.14ms | tok/s: 525,301 | eta: 17.1m
[padded_polar_alpha0.3] step 03900/04357 (89.51%) | loss: 3.478601 | dt: 1985.48ms | tok/s: 528,123 | eta: 15.4m
[padded_polar_alpha0.3] step 03950/04357 (90.66%) | loss: 3.493252 | dt: 1992.63ms | tok/s: 526,227 | eta: 13.7m
[padded_polar_alpha0.3] Step 04000 | val_bpb: 1.065156
[SV step=4000] padded_polar_alpha0.3/pre smallest_[10, 32] [10, 32] | sigma_max=1.1400e-05 | p05=0.0010 p50=0.0065 p95=0.6292
[SV step=4000] padded_polar_alpha0.3/pad smallest_[10, 32] [10, 32] | sigma_max=1.1702e-05 | p05=0.0612 p50=0.0889 p95=0.6389
[SV step=4000] padded_polar_alpha0.3/post smallest_[10, 32] [10, 32] | sigma_max=1.1302e+00 | p05=0.7640 p50=0.8648 p95=0.9899
[SV step=4000] padded_polar_alpha0.3/pre largest_[5120, 1280] [5120, 1280] | sigma_max=4.5420e-04 | p05=0.0003 p50=0.0010 p95=0.0101
[SV step=4000] padded_polar_alpha0.3/pad largest_[5120, 1280] [5120, 1280] | sigma_max=4.5468e-04 | p05=0.0052 p50=0.0086 p95=0.0144
[SV step=4000] padded_polar_alpha0.3/post largest_[5120, 1280] [5120, 1280] | sigma_max=1.1436e+00 | p05=0.7543 p50=0.8800 p95=0.9889
[padded_polar_alpha0.3] step 04000/04357 (91.81%) | loss: 3.493541 | dt: 2310.38ms | tok/s: 453,855 | eta: 12.1m
[padded_polar_alpha0.3] step 04050/04357 (92.95%) | loss: 3.481213 | dt: 1990.43ms | tok/s: 526,808 | eta: 10.4m
[padded_polar_alpha0.3] step 04100/04357 (94.10%) | loss: 3.500173 | dt: 10200.50ms | tok/s: 102,796 | eta: 8.7m
[padded_polar_alpha0.3] step 04150/04357 (95.25%) | loss: 3.495176 | dt: 1993.80ms | tok/s: 525,918 | eta: 7.0m
[padded_polar_alpha0.3] step 04200/04357 (96.40%) | loss: 3.458526 | dt: 1992.64ms | tok/s: 526,225 | eta: 5.3m
[padded_polar_alpha0.3] Step 04250 | val_bpb: 1.061730
[padded_polar_alpha0.3] step 04250/04357 (97.54%) | loss: 3.453784 | dt: 2011.09ms | tok/s: 521,396 | eta: 3.6m
[padded_polar_alpha0.3] step 04300/04357 (98.69%) | loss: 3.485132 | dt: 1990.63ms | tok/s: 526,755 | eta: 1.9m
[padded_polar_alpha0.3] step 04350/04357 (99.84%) | loss: 3.488700 | dt: 1989.90ms | tok/s: 526,948 | eta: 0.2m
[padded_polar_alpha0.3] Step 04357 | val_bpb: 1.062055
Results saved to padded_muon_results/padded_polar_alpha0.3/val_loss.json
[padded_polar_alpha0.3] Done. Min val bpb: 1.061730
Peak memory: 41000.44 MiB
Total training time: 146.67m
========================================
[padded_alpha0.3] Job completed at: Thu Feb 26 15:36:31 EST 2026
========================================
