========================================
Job ID: 371577
Node: andreas-h100-1
GPUs: 4
Config: MUON_PAD=1, MUON_PAD_ALPHA=0.03
Start Time: Wed Feb 25 08:28:30 PM EST 2026
========================================
Wed Feb 25 20:28:30 2026       
+-----------------------------------------------------------------------------------------+
| NVIDIA-SMI 575.57.08              Driver Version: 575.57.08      CUDA Version: 12.9     |
|-----------------------------------------+------------------------+----------------------+
| GPU  Name                 Persistence-M | Bus-Id          Disp.A | Volatile Uncorr. ECC |
| Fan  Temp   Perf          Pwr:Usage/Cap |           Memory-Usage | GPU-Util  Compute M. |
|                                         |                        |               MIG M. |
|=========================================+========================+======================|
|   0  NVIDIA H100 NVL                On  |   00000000:81:00.0 Off |                    0 |
| N/A   65C    P0             73W /  400W |       0MiB /  95830MiB |      0%      Default |
|                                         |                        |             Disabled |
+-----------------------------------------+------------------------+----------------------+
|   1  NVIDIA H100 NVL                On  |   00000000:A1:00.0 Off |                    0 |
| N/A   67C    P0             77W /  400W |       0MiB /  95830MiB |      0%      Default |
|                                         |                        |             Disabled |
+-----------------------------------------+------------------------+----------------------+
|   2  NVIDIA H100 NVL                On  |   00000000:C1:00.0 Off |                    0 |
| N/A   67C    P0             75W /  400W |       0MiB /  95830MiB |      0%      Default |
|                                         |                        |             Disabled |
+-----------------------------------------+------------------------+----------------------+
|   3  NVIDIA H100 NVL                On  |   00000000:E1:00.0 Off |                    0 |
| N/A   66C    P0             77W /  400W |       0MiB /  95830MiB |      0%      Default |
|                                         |                        |             Disabled |
+-----------------------------------------+------------------------+----------------------+
                                                                                         
+-----------------------------------------------------------------------------------------+
| Processes:                                                                              |
|  GPU   GI   CI              PID   Type   Process name                        GPU Memory |
|        ID   ID                                                               Usage      |
|=========================================================================================|
|  No running processes found                                                             |
+-----------------------------------------------------------------------------------------+
Starting: padded_alpha0.03

                                                       █████                █████
                                                      ░░███                ░░███
     ████████    ██████   ████████    ██████   ██████  ░███████    ██████  ███████
    ░░███░░███  ░░░░░███ ░░███░░███  ███░░███ ███░░███ ░███░░███  ░░░░░███░░░███░
     ░███ ░███   ███████  ░███ ░███ ░███ ░███░███ ░░░  ░███ ░███   ███████  ░███
     ░███ ░███  ███░░███  ░███ ░███ ░███ ░███░███  ███ ░███ ░███  ███░░███  ░███ ███
     ████ █████░░████████ ████ █████░░██████ ░░██████  ████ █████░░███████  ░░█████
    ░░░░ ░░░░░  ░░░░░░░░ ░░░░ ░░░░░  ░░░░░░   ░░░░░░  ░░░░ ░░░░░  ░░░░░░░░   ░░░░░
    
=== Padded Muon Experiment ===
  MUON_PAD=True, alpha=0.03, SKIP_ORTH=False
  MUON_SV_LOG=True, every=500
Autodetected device type: cuda
GPU: NVIDIA H100 NVL | Peak FLOPS (BF16): 8.35e+14
Using Flash Attention 3
Vocab size: 32,768
Model config:
{
  "sequence_len": 2048,
  "vocab_size": 32768,
  "n_layer": 20,
  "n_head": 10,
  "n_kv_head": 10,
  "n_embd": 1280,
  "window_pattern": "SSSL"
}
FP8 training enabled - converted 121 layers
Parameter counts:
wte                     : 41,943,040
value_embeds            : 419,430,400
lm_head                 : 41,943,040
transformer_matrices    : 393,219,200
scalars                 : 40
total                   : 896,535,720
Estimated FLOPs per token: 3.004189e+09
Auto-computed optimal batch size: 1,048,576 tokens
Scaling LRs by 1.4142 for batch size 1,048,576
Scaling weight decay from 0.200000 to 0.071563
Scaling the LR for the AdamW parameters 1/sqrt(1280/768) = 0.774597
Calculated iterations from target data:param ratio: 4,357
Total tokens: 4,568,645,632 | Iterations: 4,357
SV logging groups: {140285417181632: 'largest_[5120, 1280]', 140285418008512: 'smallest_[10, 32]'}
Gradient accumulation steps: 8
[padded_polar_alpha0.03] Step 00000 | val_bpb: 3.169049
[SV step=0] padded_polar_alpha0.03/pre smallest_[10, 32] [10, 32] | sigma_max=1.0000e-12 | p05=0.0000 p50=0.0000 p95=0.0000
[SV step=0] padded_polar_alpha0.03/pad smallest_[10, 32] [10, 32] | sigma_max=1.0000e-12 | p05=0.0000 p50=0.0000 p95=0.0000
[SV step=0] padded_polar_alpha0.03/post smallest_[10, 32] [10, 32] | sigma_max=1.0000e-12 | p05=0.0000 p50=0.0000 p95=0.0000
[SV step=0] padded_polar_alpha0.03/pre largest_[5120, 1280] [5120, 1280] | sigma_max=1.0000e-12 | p05=0.0000 p50=0.0000 p95=0.0000
[SV step=0] padded_polar_alpha0.03/pad largest_[5120, 1280] [5120, 1280] | sigma_max=1.0000e-12 | p05=0.0000 p50=0.0000 p95=0.0000
[SV step=0] padded_polar_alpha0.03/post largest_[5120, 1280] [5120, 1280] | sigma_max=1.0000e-12 | p05=0.0000 p50=0.0000 p95=0.0000
[padded_polar_alpha0.03] step 00000/04357 (0.00%) | loss: 10.398166 | dt: 28837.60ms | tok/s: 36,361
[padded_polar_alpha0.03] step 00050/04357 (1.15%) | loss: 5.656681 | dt: 2068.70ms | tok/s: 506,877 | eta: 147.3m
[padded_polar_alpha0.03] step 00100/04357 (2.30%) | loss: 4.788995 | dt: 2075.98ms | tok/s: 505,099 | eta: 146.4m
[padded_polar_alpha0.03] step 00150/04357 (3.44%) | loss: 4.144142 | dt: 2073.51ms | tok/s: 505,701 | eta: 145.0m
[padded_polar_alpha0.03] step 00200/04357 (4.59%) | loss: 3.774064 | dt: 2068.50ms | tok/s: 506,925 | eta: 143.4m
[padded_polar_alpha0.03] Step 00250 | val_bpb: 1.076863
[padded_polar_alpha0.03] step 00250/04357 (5.74%) | loss: 3.583615 | dt: 2050.74ms | tok/s: 511,315 | eta: 141.5m
[padded_polar_alpha0.03] step 00300/04357 (6.89%) | loss: 3.427203 | dt: 2041.83ms | tok/s: 513,548 | eta: 139.6m
[padded_polar_alpha0.03] step 00350/04357 (8.03%) | loss: 3.356627 | dt: 2040.41ms | tok/s: 513,905 | eta: 137.7m
[padded_polar_alpha0.03] step 00400/04357 (9.18%) | loss: 3.319600 | dt: 2035.19ms | tok/s: 515,223 | eta: 135.8m
[padded_polar_alpha0.03] step 00450/04357 (10.33%) | loss: 3.248156 | dt: 2031.73ms | tok/s: 516,099 | eta: 133.9m
[padded_polar_alpha0.03] Step 00500 | val_bpb: 0.972736
[SV step=500] padded_polar_alpha0.03/pre smallest_[10, 32] [10, 32] | sigma_max=2.8790e-05 | p05=0.0487 p50=0.1850 p95=0.9298
[SV step=500] padded_polar_alpha0.03/pad smallest_[10, 32] [10, 32] | sigma_max=2.8756e-05 | p05=0.0483 p50=0.1826 p95=0.9303
[SV step=500] padded_polar_alpha0.03/post smallest_[10, 32] [10, 32] | sigma_max=1.1433e+00 | p05=0.7633 p50=0.9320 p95=0.9968
[SV step=500] padded_polar_alpha0.03/pre largest_[5120, 1280] [5120, 1280] | sigma_max=2.4608e-04 | p05=0.0083 p50=0.0178 p95=0.0584
[SV step=500] padded_polar_alpha0.03/pad largest_[5120, 1280] [5120, 1280] | sigma_max=2.4608e-04 | p05=0.0083 p50=0.0178 p95=0.0584
[SV step=500] padded_polar_alpha0.03/post largest_[5120, 1280] [5120, 1280] | sigma_max=1.1442e+00 | p05=0.7578 p50=0.8807 p95=0.9943
[padded_polar_alpha0.03] step 00500/04357 (11.48%) | loss: 3.206869 | dt: 2357.39ms | tok/s: 444,803 | eta: 132.0m
[padded_polar_alpha0.03] step 00550/04357 (12.62%) | loss: 3.172535 | dt: 2023.35ms | tok/s: 518,237 | eta: 130.1m
[padded_polar_alpha0.03] step 00600/04357 (13.77%) | loss: 3.137889 | dt: 2016.88ms | tok/s: 519,900 | eta: 128.3m
[padded_polar_alpha0.03] step 00650/04357 (14.92%) | loss: 3.148213 | dt: 2021.32ms | tok/s: 518,759 | eta: 126.4m
[padded_polar_alpha0.03] step 00700/04357 (16.07%) | loss: 3.128166 | dt: 2019.02ms | tok/s: 519,349 | eta: 124.6m
[padded_polar_alpha0.03] Step 00750 | val_bpb: 0.934896
[padded_polar_alpha0.03] step 00750/04357 (17.21%) | loss: 3.048876 | dt: 2019.56ms | tok/s: 519,209 | eta: 122.8m
[padded_polar_alpha0.03] step 00800/04357 (18.36%) | loss: 3.057292 | dt: 2021.23ms | tok/s: 518,781 | eta: 121.0m
[padded_polar_alpha0.03] step 00850/04357 (19.51%) | loss: 3.020942 | dt: 2021.73ms | tok/s: 518,652 | eta: 119.2m
[padded_polar_alpha0.03] step 00900/04357 (20.66%) | loss: 3.056639 | dt: 2013.39ms | tok/s: 520,801 | eta: 117.5m
[padded_polar_alpha0.03] step 00950/04357 (21.80%) | loss: 3.007478 | dt: 2018.47ms | tok/s: 519,489 | eta: 115.7m
[padded_polar_alpha0.03] Step 01000 | val_bpb: 0.913376
[SV step=1000] padded_polar_alpha0.03/pre smallest_[10, 32] [10, 32] | sigma_max=6.2328e-05 | p05=0.0186 p50=0.0879 p95=0.7754
[SV step=1000] padded_polar_alpha0.03/pad smallest_[10, 32] [10, 32] | sigma_max=6.2231e-05 | p05=0.0200 p50=0.0857 p95=0.7748
[SV step=1000] padded_polar_alpha0.03/post smallest_[10, 32] [10, 32] | sigma_max=1.1407e+00 | p05=0.7521 p50=0.8775 p95=0.9791
[SV step=1000] padded_polar_alpha0.03/pre largest_[5120, 1280] [5120, 1280] | sigma_max=1.6366e-04 | p05=0.0090 p50=0.0196 p95=0.0647
[SV step=1000] padded_polar_alpha0.03/pad largest_[5120, 1280] [5120, 1280] | sigma_max=1.6366e-04 | p05=0.0091 p50=0.0196 p95=0.0648
[SV step=1000] padded_polar_alpha0.03/post largest_[5120, 1280] [5120, 1280] | sigma_max=1.1445e+00 | p05=0.7573 p50=0.8813 p95=0.9946
[padded_polar_alpha0.03] step 01000/04357 (22.95%) | loss: 3.015112 | dt: 2325.18ms | tok/s: 450,966 | eta: 114.0m
[padded_polar_alpha0.03] step 01050/04357 (24.10%) | loss: 3.002279 | dt: 2020.31ms | tok/s: 519,017 | eta: 112.2m
[padded_polar_alpha0.03] step 01100/04357 (25.25%) | loss: 2.991040 | dt: 2018.16ms | tok/s: 519,569 | eta: 110.5m
[padded_polar_alpha0.03] step 01150/04357 (26.39%) | loss: 2.985529 | dt: 2015.03ms | tok/s: 520,376 | eta: 108.7m
[padded_polar_alpha0.03] step 01200/04357 (27.54%) | loss: 2.967213 | dt: 2006.50ms | tok/s: 522,588 | eta: 107.0m
[padded_polar_alpha0.03] Step 01250 | val_bpb: 0.898489
[padded_polar_alpha0.03] step 01250/04357 (28.69%) | loss: 2.985545 | dt: 2012.38ms | tok/s: 521,062 | eta: 105.3m
[padded_polar_alpha0.03] step 01300/04357 (29.84%) | loss: 2.978656 | dt: 2005.08ms | tok/s: 522,960 | eta: 103.5m
[padded_polar_alpha0.03] step 01350/04357 (30.98%) | loss: 2.958962 | dt: 2015.25ms | tok/s: 520,321 | eta: 101.8m
[padded_polar_alpha0.03] step 01400/04357 (32.13%) | loss: 2.922422 | dt: 2004.33ms | tok/s: 523,156 | eta: 100.1m
[padded_polar_alpha0.03] step 01450/04357 (33.28%) | loss: 2.943078 | dt: 2017.65ms | tok/s: 519,701 | eta: 98.3m
[padded_polar_alpha0.03] Step 01500 | val_bpb: 0.888418
[SV step=1500] padded_polar_alpha0.03/pre smallest_[10, 32] [10, 32] | sigma_max=5.2393e-05 | p05=0.0154 p50=0.1148 p95=0.9166
[SV step=1500] padded_polar_alpha0.03/pad smallest_[10, 32] [10, 32] | sigma_max=5.2585e-05 | p05=0.0135 p50=0.1165 p95=0.9173
[SV step=1500] padded_polar_alpha0.03/post smallest_[10, 32] [10, 32] | sigma_max=1.1410e+00 | p05=0.7867 p50=0.9309 p95=0.9904
[SV step=1500] padded_polar_alpha0.03/pre largest_[5120, 1280] [5120, 1280] | sigma_max=1.3132e-04 | p05=0.0097 p50=0.0210 p95=0.0714
[SV step=1500] padded_polar_alpha0.03/pad largest_[5120, 1280] [5120, 1280] | sigma_max=1.3132e-04 | p05=0.0097 p50=0.0211 p95=0.0715
[SV step=1500] padded_polar_alpha0.03/post largest_[5120, 1280] [5120, 1280] | sigma_max=1.1440e+00 | p05=0.7565 p50=0.8815 p95=0.9947
[padded_polar_alpha0.03] step 01500/04357 (34.43%) | loss: 2.910700 | dt: 2332.82ms | tok/s: 449,487 | eta: 96.6m
[padded_polar_alpha0.03] step 01550/04357 (35.57%) | loss: 2.934992 | dt: 2004.82ms | tok/s: 523,026 | eta: 94.9m
[padded_polar_alpha0.03] step 01600/04357 (36.72%) | loss: 2.910205 | dt: 2019.83ms | tok/s: 519,139 | eta: 93.3m
[padded_polar_alpha0.03] step 01650/04357 (37.87%) | loss: 2.934436 | dt: 2011.53ms | tok/s: 521,281 | eta: 91.6m
[padded_polar_alpha0.03] step 01700/04357 (39.02%) | loss: 2.908989 | dt: 2020.56ms | tok/s: 518,954 | eta: 89.9m
[padded_polar_alpha0.03] Step 01750 | val_bpb: 0.879950
[padded_polar_alpha0.03] step 01750/04357 (40.17%) | loss: 2.902550 | dt: 2015.85ms | tok/s: 520,166 | eta: 88.2m
[padded_polar_alpha0.03] step 01800/04357 (41.31%) | loss: 2.898958 | dt: 2019.03ms | tok/s: 519,347 | eta: 86.5m
[padded_polar_alpha0.03] step 01850/04357 (42.46%) | loss: 2.864496 | dt: 2000.48ms | tok/s: 524,162 | eta: 84.7m
[padded_polar_alpha0.03] step 01900/04357 (43.61%) | loss: 2.890086 | dt: 2018.25ms | tok/s: 519,546 | eta: 83.0m
[padded_polar_alpha0.03] step 01950/04357 (44.76%) | loss: 2.874933 | dt: 2004.67ms | tok/s: 523,067 | eta: 81.3m
[padded_polar_alpha0.03] Step 02000 | val_bpb: 0.872283
[SV step=2000] padded_polar_alpha0.03/pre smallest_[10, 32] [10, 32] | sigma_max=1.0713e-04 | p05=0.0044 p50=0.0768 p95=0.6866
[SV step=2000] padded_polar_alpha0.03/pad smallest_[10, 32] [10, 32] | sigma_max=1.0701e-04 | p05=0.0080 p50=0.0766 p95=0.6874
[SV step=2000] padded_polar_alpha0.03/post smallest_[10, 32] [10, 32] | sigma_max=1.1394e+00 | p05=0.7947 p50=0.9272 p95=0.9974
[SV step=2000] padded_polar_alpha0.03/pre largest_[5120, 1280] [5120, 1280] | sigma_max=1.1540e-04 | p05=0.0098 p50=0.0214 p95=0.0735
[SV step=2000] padded_polar_alpha0.03/pad largest_[5120, 1280] [5120, 1280] | sigma_max=1.1540e-04 | p05=0.0098 p50=0.0215 p95=0.0735
[SV step=2000] padded_polar_alpha0.03/post largest_[5120, 1280] [5120, 1280] | sigma_max=1.1441e+00 | p05=0.7576 p50=0.8821 p95=0.9948
[padded_polar_alpha0.03] step 02000/04357 (45.90%) | loss: 2.889919 | dt: 2328.93ms | tok/s: 450,238 | eta: 79.6m
[padded_polar_alpha0.03] step 02050/04357 (47.05%) | loss: 2.870545 | dt: 2003.55ms | tok/s: 523,359 | eta: 77.9m
[padded_polar_alpha0.03] step 02100/04357 (48.20%) | loss: 2.864313 | dt: 2003.25ms | tok/s: 523,437 | eta: 76.2m
[padded_polar_alpha0.03] step 02150/04357 (49.35%) | loss: 2.897903 | dt: 2004.29ms | tok/s: 523,164 | eta: 74.5m
[padded_polar_alpha0.03] step 02200/04357 (50.49%) | loss: 2.852703 | dt: 2002.31ms | tok/s: 523,684 | eta: 72.8m
[padded_polar_alpha0.03] Step 02250 | val_bpb: 0.865729
[padded_polar_alpha0.03] step 02250/04357 (51.64%) | loss: 2.857959 | dt: 2009.01ms | tok/s: 521,937 | eta: 71.1m
[padded_polar_alpha0.03] step 02300/04357 (52.79%) | loss: 2.841132 | dt: 2001.52ms | tok/s: 523,890 | eta: 69.4m
[padded_polar_alpha0.03] step 02350/04357 (53.94%) | loss: 2.862355 | dt: 2000.14ms | tok/s: 524,252 | eta: 67.7m
[padded_polar_alpha0.03] step 02400/04357 (55.08%) | loss: 2.806354 | dt: 2009.85ms | tok/s: 521,719 | eta: 66.0m
[padded_polar_alpha0.03] step 02450/04357 (56.23%) | loss: 2.835835 | dt: 2002.34ms | tok/s: 523,675 | eta: 64.3m
[padded_polar_alpha0.03] Step 02500 | val_bpb: 0.855859
[SV step=2500] padded_polar_alpha0.03/pre smallest_[10, 32] [10, 32] | sigma_max=5.6791e-05 | p05=0.0077 p50=0.1100 p95=0.7850
[SV step=2500] padded_polar_alpha0.03/pad smallest_[10, 32] [10, 32] | sigma_max=5.6717e-05 | p05=0.0098 p50=0.1119 p95=0.7854
[SV step=2500] padded_polar_alpha0.03/post smallest_[10, 32] [10, 32] | sigma_max=1.1364e+00 | p05=0.8300 p50=0.9051 p95=0.9968
[SV step=2500] padded_polar_alpha0.03/pre largest_[5120, 1280] [5120, 1280] | sigma_max=1.0924e-04 | p05=0.0096 p50=0.0212 p95=0.0722
[SV step=2500] padded_polar_alpha0.03/pad largest_[5120, 1280] [5120, 1280] | sigma_max=1.0923e-04 | p05=0.0097 p50=0.0212 p95=0.0723
[SV step=2500] padded_polar_alpha0.03/post largest_[5120, 1280] [5120, 1280] | sigma_max=1.1443e+00 | p05=0.7575 p50=0.8821 p95=0.9946
[padded_polar_alpha0.03] step 02500/04357 (57.38%) | loss: 2.843431 | dt: 2329.42ms | tok/s: 450,143 | eta: 62.6m
[padded_polar_alpha0.03] step 02550/04357 (58.53%) | loss: 2.797475 | dt: 2002.78ms | tok/s: 523,561 | eta: 60.9m
[padded_polar_alpha0.03] step 02600/04357 (59.67%) | loss: 2.793634 | dt: 2002.78ms | tok/s: 523,559 | eta: 59.2m
[padded_polar_alpha0.03] step 02650/04357 (60.82%) | loss: 2.791767 | dt: 2009.82ms | tok/s: 521,727 | eta: 57.5m
[padded_polar_alpha0.03] step 02700/04357 (61.97%) | loss: 2.827733 | dt: 2001.59ms | tok/s: 523,870 | eta: 55.8m
[padded_polar_alpha0.03] Step 02750 | val_bpb: 0.846604
[padded_polar_alpha0.03] step 02750/04357 (63.12%) | loss: 2.761930 | dt: 2009.75ms | tok/s: 521,743 | eta: 54.1m
[padded_polar_alpha0.03] step 02800/04357 (64.26%) | loss: 2.800599 | dt: 1998.99ms | tok/s: 524,554 | eta: 52.4m
[padded_polar_alpha0.03] step 02850/04357 (65.41%) | loss: 2.813525 | dt: 2000.31ms | tok/s: 524,205 | eta: 50.7m
[padded_polar_alpha0.03] step 02900/04357 (66.56%) | loss: 2.782708 | dt: 2003.87ms | tok/s: 523,274 | eta: 49.1m
[padded_polar_alpha0.03] step 02950/04357 (67.71%) | loss: 2.751100 | dt: 2006.45ms | tok/s: 522,603 | eta: 47.4m
[padded_polar_alpha0.03] Step 03000 | val_bpb: 0.837999
[SV step=3000] padded_polar_alpha0.03/pre smallest_[10, 32] [10, 32] | sigma_max=5.5929e-05 | p05=0.0054 p50=0.1227 p95=0.7662
[SV step=3000] padded_polar_alpha0.03/pad smallest_[10, 32] [10, 32] | sigma_max=5.6031e-05 | p05=0.0102 p50=0.1232 p95=0.7652
[SV step=3000] padded_polar_alpha0.03/post smallest_[10, 32] [10, 32] | sigma_max=1.1387e+00 | p05=0.7775 p50=0.9457 p95=0.9995
[SV step=3000] padded_polar_alpha0.03/pre largest_[5120, 1280] [5120, 1280] | sigma_max=9.0444e-05 | p05=0.0121 p50=0.0265 p95=0.0890
[SV step=3000] padded_polar_alpha0.03/pad largest_[5120, 1280] [5120, 1280] | sigma_max=9.0440e-05 | p05=0.0122 p50=0.0265 p95=0.0891
[SV step=3000] padded_polar_alpha0.03/post largest_[5120, 1280] [5120, 1280] | sigma_max=1.1430e+00 | p05=0.7575 p50=0.8813 p95=0.9954
[padded_polar_alpha0.03] step 03000/04357 (68.85%) | loss: 2.768019 | dt: 2324.76ms | tok/s: 451,047 | eta: 45.7m
[padded_polar_alpha0.03] step 03050/04357 (70.00%) | loss: 2.748212 | dt: 2002.76ms | tok/s: 523,564 | eta: 44.0m
[padded_polar_alpha0.03] step 03100/04357 (71.15%) | loss: 2.737972 | dt: 2000.58ms | tok/s: 524,135 | eta: 42.3m
[padded_polar_alpha0.03] step 03150/04357 (72.30%) | loss: 2.732171 | dt: 2000.57ms | tok/s: 524,139 | eta: 40.6m
[padded_polar_alpha0.03] step 03200/04357 (73.45%) | loss: 2.743370 | dt: 2002.24ms | tok/s: 523,700 | eta: 38.9m
[padded_polar_alpha0.03] Step 03250 | val_bpb: 0.830197
[padded_polar_alpha0.03] step 03250/04357 (74.59%) | loss: 2.735624 | dt: 2012.63ms | tok/s: 520,998 | eta: 37.2m
[padded_polar_alpha0.03] step 03300/04357 (75.74%) | loss: 2.706359 | dt: 2010.58ms | tok/s: 521,529 | eta: 35.5m
[padded_polar_alpha0.03] step 03350/04357 (76.89%) | loss: 2.737861 | dt: 2005.59ms | tok/s: 522,826 | eta: 33.9m
[padded_polar_alpha0.03] step 03400/04357 (78.04%) | loss: 2.735263 | dt: 2001.40ms | tok/s: 523,921 | eta: 32.2m
[padded_polar_alpha0.03] step 03450/04357 (79.18%) | loss: 2.724429 | dt: 2010.63ms | tok/s: 521,515 | eta: 30.5m
[padded_polar_alpha0.03] Step 03500 | val_bpb: 0.822933
[SV step=3500] padded_polar_alpha0.03/pre smallest_[10, 32] [10, 32] | sigma_max=5.4751e-05 | p05=0.0058 p50=0.1341 p95=0.7684
[SV step=3500] padded_polar_alpha0.03/pad smallest_[10, 32] [10, 32] | sigma_max=5.4647e-05 | p05=0.0095 p50=0.1339 p95=0.7696
[SV step=3500] padded_polar_alpha0.03/post smallest_[10, 32] [10, 32] | sigma_max=1.1428e+00 | p05=0.7601 p50=0.8799 p95=0.9863
[SV step=3500] padded_polar_alpha0.03/pre largest_[5120, 1280] [5120, 1280] | sigma_max=9.2910e-05 | p05=0.0125 p50=0.0273 p95=0.0907
[SV step=3500] padded_polar_alpha0.03/pad largest_[5120, 1280] [5120, 1280] | sigma_max=9.2911e-05 | p05=0.0126 p50=0.0274 p95=0.0908
[SV step=3500] padded_polar_alpha0.03/post largest_[5120, 1280] [5120, 1280] | sigma_max=1.1433e+00 | p05=0.7564 p50=0.8783 p95=0.9954
[padded_polar_alpha0.03] step 03500/04357 (80.33%) | loss: 2.672096 | dt: 2339.17ms | tok/s: 448,268 | eta: 28.8m
[padded_polar_alpha0.03] step 03550/04357 (81.48%) | loss: 2.685846 | dt: 2003.17ms | tok/s: 523,457 | eta: 27.1m
[padded_polar_alpha0.03] step 03600/04357 (82.63%) | loss: 2.691926 | dt: 2010.68ms | tok/s: 521,504 | eta: 25.5m
[padded_polar_alpha0.03] step 03650/04357 (83.77%) | loss: 2.705319 | dt: 2015.21ms | tok/s: 520,331 | eta: 23.8m
[padded_polar_alpha0.03] step 03700/04357 (84.92%) | loss: 2.677724 | dt: 2018.17ms | tok/s: 519,568 | eta: 22.1m
[padded_polar_alpha0.03] Step 03750 | val_bpb: 0.816085
[padded_polar_alpha0.03] step 03750/04357 (86.07%) | loss: 2.680096 | dt: 2022.54ms | tok/s: 518,444 | eta: 20.4m
[padded_polar_alpha0.03] step 03800/04357 (87.22%) | loss: 2.672648 | dt: 2001.55ms | tok/s: 523,882 | eta: 18.7m
[padded_polar_alpha0.03] step 03850/04357 (88.36%) | loss: 2.688806 | dt: 2001.48ms | tok/s: 523,900 | eta: 17.0m
[padded_polar_alpha0.03] step 03900/04357 (89.51%) | loss: 2.666813 | dt: 2004.65ms | tok/s: 523,070 | eta: 15.4m
[padded_polar_alpha0.03] step 03950/04357 (90.66%) | loss: 2.681335 | dt: 2001.75ms | tok/s: 523,829 | eta: 13.7m
[padded_polar_alpha0.03] Step 04000 | val_bpb: 0.810250
[SV step=4000] padded_polar_alpha0.03/pre smallest_[10, 32] [10, 32] | sigma_max=5.7352e-05 | p05=0.0066 p50=0.1451 p95=0.7905
[SV step=4000] padded_polar_alpha0.03/pad smallest_[10, 32] [10, 32] | sigma_max=5.7443e-05 | p05=0.0119 p50=0.1448 p95=0.7915
[SV step=4000] padded_polar_alpha0.03/post smallest_[10, 32] [10, 32] | sigma_max=1.1377e+00 | p05=0.7843 p50=0.8968 p95=0.9854
[SV step=4000] padded_polar_alpha0.03/pre largest_[5120, 1280] [5120, 1280] | sigma_max=1.0720e-04 | p05=0.0119 p50=0.0257 p95=0.0836
[SV step=4000] padded_polar_alpha0.03/pad largest_[5120, 1280] [5120, 1280] | sigma_max=1.0720e-04 | p05=0.0119 p50=0.0257 p95=0.0836
[SV step=4000] padded_polar_alpha0.03/post largest_[5120, 1280] [5120, 1280] | sigma_max=1.1431e+00 | p05=0.7577 p50=0.8796 p95=0.9955
[padded_polar_alpha0.03] step 04000/04357 (91.81%) | loss: 2.691494 | dt: 2334.48ms | tok/s: 449,168 | eta: 12.0m
[padded_polar_alpha0.03] step 04050/04357 (92.95%) | loss: 2.662476 | dt: 2006.17ms | tok/s: 522,676 | eta: 10.3m
[padded_polar_alpha0.03] step 04100/04357 (94.10%) | loss: 2.677258 | dt: 2007.28ms | tok/s: 522,385 | eta: 8.6m
[padded_polar_alpha0.03] step 04150/04357 (95.25%) | loss: 2.674833 | dt: 2009.58ms | tok/s: 521,789 | eta: 7.0m
[padded_polar_alpha0.03] step 04200/04357 (96.40%) | loss: 2.646203 | dt: 2007.80ms | tok/s: 522,251 | eta: 5.3m
[padded_polar_alpha0.03] Step 04250 | val_bpb: 0.805968
[padded_polar_alpha0.03] step 04250/04357 (97.54%) | loss: 2.637882 | dt: 2006.65ms | tok/s: 522,550 | eta: 3.6m
[padded_polar_alpha0.03] step 04300/04357 (98.69%) | loss: 2.662931 | dt: 2020.99ms | tok/s: 518,841 | eta: 1.9m
[padded_polar_alpha0.03] step 04350/04357 (99.84%) | loss: 2.677152 | dt: 2031.63ms | tok/s: 516,125 | eta: 0.2m
[padded_polar_alpha0.03] Step 04357 | val_bpb: 0.805174
Results saved to padded_muon_results/padded_polar_alpha0.03/val_loss.json
[padded_polar_alpha0.03] Done. Min val bpb: 0.805174
Peak memory: 41000.44 MiB
Total training time: 146.01m
========================================
[padded_alpha0.03] Job completed at: Wed Feb 25 11:02:14 PM EST 2026
========================================
