========================================
Job ID: 472641
Node: andreas-h100-1
GPUs: 2
Config: Poly Search v2 — Sequential Greedy
Start Time: Wed Mar  4 20:10:37 EST 2026
========================================
Wed Mar  4 20:10:37 2026       
+-----------------------------------------------------------------------------------------+
| NVIDIA-SMI 575.57.08              Driver Version: 575.57.08      CUDA Version: 12.9     |
|-----------------------------------------+------------------------+----------------------+
| GPU  Name                 Persistence-M | Bus-Id          Disp.A | Volatile Uncorr. ECC |
| Fan  Temp   Perf          Pwr:Usage/Cap |           Memory-Usage | GPU-Util  Compute M. |
|                                         |                        |               MIG M. |
|=========================================+========================+======================|
|   0  NVIDIA H100 NVL                On  |   00000000:01:00.0 Off |                    0 |
| N/A   40C    P0             65W /  400W |       0MiB /  95830MiB |      0%      Default |
|                                         |                        |             Disabled |
+-----------------------------------------+------------------------+----------------------+
|   1  NVIDIA H100 NVL                On  |   00000000:21:00.0 Off |                    0 |
| N/A   40C    P0             61W /  400W |       0MiB /  95830MiB |      0%      Default |
|                                         |                        |             Disabled |
+-----------------------------------------+------------------------+----------------------+
                                                                                         
+-----------------------------------------------------------------------------------------+
| Processes:                                                                              |
|  GPU   GI   CI              PID   Type   Process name                        GPU Memory |
|        ID   ID                                                               Usage      |
|=========================================================================================|
|  No running processes found                                                             |
+-----------------------------------------------------------------------------------------+
======================================================================
Polynomial Schedule Search v2 — Sequential Greedy Optimization
======================================================================
Baseline verification: 5×quintic max_error = 0.14112736

======================================================================
EXPERIMENT 1: Drop Muon's last iterations (no optimization)
======================================================================
  3 iterations (9 matmuls): max_error = 0.87177256  [FAIL]
  4 iterations (12 matmuls): max_error = 0.58365297  [FAIL]
  5 iterations (15 matmuls): max_error = 0.14112736  [FAIL]
  Saved: plots_v2/exp1_drop_iterations.png

All results saved to results_v2.json

======================================================================
EXPERIMENT 2: Sequential greedy optimization (quintic)
======================================================================

  --- 3×quintic (9 matmuls) ---
    Iter 1/3: grid search b∈(-30, 5), c∈(-5, 25)... grid=0.993820 → refined=0.991918, composed=0.99191820 (97.7s)
           coeffs: a=8.0818232206, b=-21.8005799861, c=14.7187567655
           σ range after: [0.008082, 1.991918]
    Iter 2/3: grid search b∈(-10, 2), c∈(-2, 5)... grid=0.978881 → refined=0.977596, composed=0.97759586 (97.1s)
           coeffs: a=2.7723170394, b=-2.2183883761, c=0.4460713367
           σ range after: [0.022404, 1.977596]
    Iter 3/3: grid search b∈(-10, 2), c∈(-2, 5)... grid=0.941362 → refined=0.938148, composed=0.93814754 (97.1s)
           coeffs: a=2.7618691801, b=-2.2106208694, c=0.4487516893
           σ range after: [0.061852, 1.938148]

  Result: max_error = 0.93814754  [FAIL] (291.9s)

  --- 4×quintic (12 matmuls) ---
    Iter 1/4: grid search b∈(-30, 5), c∈(-5, 25)... grid=0.993820 → refined=0.991918, composed=0.99191820 (97.3s)
           coeffs: a=8.0818232206, b=-21.8005799861, c=14.7187567655
           σ range after: [0.008082, 1.991918]
    Iter 2/4: grid search b∈(-10, 2), c∈(-2, 5)... grid=0.978881 → refined=0.977596, composed=0.97759586 (97.1s)
           coeffs: a=2.7723170394, b=-2.2183883761, c=0.4460713367
           σ range after: [0.022404, 1.977596]
    Iter 3/4: grid search b∈(-10, 2), c∈(-2, 5)... grid=0.941362 → refined=0.938148, composed=0.93814754 (97.2s)
           coeffs: a=2.7618691801, b=-2.2106208694, c=0.4487516893
           σ range after: [0.061852, 1.938148]
    Iter 4/4: grid search b∈(-10, 2), c∈(-2, 5)... grid=0.839023 → refined=0.831806, composed=0.83180643 (96.9s)
           coeffs: a=2.7276124887, b=-2.1822232688, c=0.4546107801
           σ range after: [0.168194, 1.831806]

  Result: max_error = 0.83180643  [FAIL] (388.6s)
  Saved: plots_v2/exp2_sequential_greedy_quintic.png

All results saved to results_v2.json

======================================================================
EXPERIMENT 3: Mixed degrees (septic + quintic)
======================================================================

  --- 1×septic+3×quintic (13 matmuls) ---
    Iter 1/4 (degree 7): grid=0.993141 → err=0.99134780 (21.5s)
           coeffs: 8.6522246647, -27.2631513315, 25.2823561514, -5.6714294845
           σ range after: [0.008652, 1.991348]
    Iter 2/4 (degree 5): → err=0.97601825 (97.1s)
           coeffs: 2.7719188241, -2.2181016645, 0.4461828404
           σ range after: [0.023982, 1.976018]
    Iter 3/4 (degree 5): → err=0.93382722 (97.1s)
           coeffs: 2.7605679184, -2.2095756263, 0.4490077079
           σ range after: [0.066173, 1.933827]
    Iter 4/4 (degree 5): → err=0.82038062 (97.0s)
           coeffs: 2.7239332480, -2.1791906435, 0.4552573955
           σ range after: [0.179619, 1.820381]

  Result: max_error = 0.82038062  [FAIL] (312.7s)

  --- 1×septic+2×quintic (10 matmuls) ---
    Iter 1/3 (degree 7):