========================================
Job ID: 471815
Node: andreas-h100-1
GPUs: 2
Config: Polynomial Schedule Search
Start Time: Wed Mar  4 16:48:12 EST 2026
========================================
Wed Mar  4 16:48:12 2026       
+-----------------------------------------------------------------------------------------+
| NVIDIA-SMI 575.57.08              Driver Version: 575.57.08      CUDA Version: 12.9     |
|-----------------------------------------+------------------------+----------------------+
| GPU  Name                 Persistence-M | Bus-Id          Disp.A | Volatile Uncorr. ECC |
| Fan  Temp   Perf          Pwr:Usage/Cap |           Memory-Usage | GPU-Util  Compute M. |
|                                         |                        |               MIG M. |
|=========================================+========================+======================|
|   0  NVIDIA H100 NVL                On  |   00000000:01:00.0 Off |                    0 |
| N/A   38C    P0             64W /  400W |       0MiB /  95830MiB |      0%      Default |
|                                         |                        |             Disabled |
+-----------------------------------------+------------------------+----------------------+
|   1  NVIDIA H100 NVL                On  |   00000000:21:00.0 Off |                    0 |
| N/A   38C    P0             61W /  400W |       0MiB /  95830MiB |      0%      Default |
|                                         |                        |             Disabled |
+-----------------------------------------+------------------------+----------------------+
                                                                                         
+-----------------------------------------------------------------------------------------+
| Processes:                                                                              |
|  GPU   GI   CI              PID   Type   Process name                        GPU Memory |
|        ID   ID                                                               Usage      |
|=========================================================================================|
|  No running processes found                                                             |
+-----------------------------------------------------------------------------------------+
======================================================================
Polynomial Schedule Search for Newton-Schulz Orthogonalization
======================================================================
Accuracy threshold: max error < 0.01
Sigma range: [0.0010, 0.9800], 2000 points
Baseline: 5 × quintic = 15 matmuls
Configs to test: 9

######################################################################
# PART 1: Coefficient Optimization (CPU)
######################################################################

[1/9]
======================================================================
Optimizing: 4×quintic (degrees=[5, 5, 5, 5], 12 matmuls, 8 free coefficients)
======================================================================
  Seed 0/15...
    New best: max_error = 0.54589645
    New best: max_error = 0.54589645
    New best: max_error = 0.54589645
  Seed 5/15...
  Seed 10/15...
    New best: max_error = 0.54589645

  Result: max_error = 0.54589645 (FAIL)
  Time: 1098.8s
  Poly 0 (degree 5): [4.254317947419178, -12.610446882542417, 9.35612893512324]
  Poly 1 (degree 5): [4.254612622054291, -12.534240730747443, 9.279628108693153]
  Poly 2 (degree 5): [4.363955341907456, -12.46673156262679, 9.102776220719335]
  Poly 3 (degree 5): [5.84038329788874, -13.831030586244637, 8.990647288355897]
  Saved convergence plot: plots/convergence_4xquintic.png

[2/9]
======================================================================
Optimizing: 3×quintic (degrees=[5, 5, 5], 9 matmuls, 6 free coefficients)
======================================================================
  Seed 0/15...
    New best: max_error = 0.85980409
  Seed 5/15...
    New best: max_error = 0.85980409
  Seed 10/15...
    New best: max_error = 0.85980409
    New best: max_error = 0.85980409

  Result: max_error = 0.85980409 (FAIL)
  Time: 409.5s
  Poly 0 (degree 5): [4.267263280079762, -12.642475682605024, 9.375212402525262]
  Poly 1 (degree 5): [4.427737580609572, -12.958794438472987, 9.531056857863415]
  Poly 2 (degree 5): [7.427365521757393, -19.463077844226348, 13.035712322468955]
  Saved convergence plot: plots/convergence_3xquintic.png

[3/9]
======================================================================
Optimizing: 3×septic (degrees=[7, 7, 7], 12 matmuls, 9 free coefficients)
======================================================================
  Seed 0/15...
    New best: max_error = 10000000000.50701332
    New best: max_error = 0.72403025
  Seed 5/15...
  Seed 10/15...

  Result: max_error = 0.72403025 (FAIL)
  Time: 1162.9s
  Poly 0 (degree 7): [5.898418077426163, -23.832113699763475, 30.000007151006493, -11.06631152866918]
  Poly 1 (degree 7): [6.069951465750552, -23.63664703435564, 29.999996472927073, -11.433300904321985]
  Poly 2 (degree 7): [7.74299903802018, -26.523926293022857, 29.99999253250114, -10.219065277498462]
  Saved convergence plot: plots/convergence_3xseptic.png

[4/9]
======================================================================
Optimizing: 2×septic+1×quintic (degrees=[7, 7, 5], 11 matmuls, 8 free coefficients)
======================================================================
  Seed 0/15...
    New best: max_error = 0.79114642
  Seed 5/15...
  Seed 10/15...

  Result: max_error = 0.79114642 (FAIL)
  Time: 1202.1s
  Poly 0 (degree 7): [5.6906961900600574, -23.400748689644942, 29.999999958211788, -11.289947458626903]
  Poly 1 (degree 7): [5.192593335322096, -21.67578620228398, 29.99999999317074, -12.516807126208855]
  Poly 2 (degree 5): [7.08482930168007, -18.24240946644703, 12.157580164766959]
  Saved convergence plot: plots/convergence_2xseptic_1xquintic.png

[5/9]
======================================================================
Optimizing: 2×nonic (degrees=[9, 9], 10 matmuls, 8 free coefficients)
======================================================================
  Seed 0/15...
    New best: max_error = 0.93419987
    New best: max_error = 0.93419987
  Seed 5/15...
    New best: max_error = 0.93419987
  Seed 10/15...
    New best: max_error = 0.93419987

  Result: max_error = 0.93419987 (FAIL)
  Time: 1323.0s
  Poly 0 (degree 9): [8.054959224447217, -30.000000574831727, 19.538821122263887, 29.999999985225173, -26.59377975710455]
  Poly 1 (degree 9): [8.170573557263392, -25.380144363649723, 30.00000013031768, -14.01184827113265, 2.2214189472013]
  Saved convergence plot: plots/convergence_2xnonic.png

[6/9]
======================================================================
Optimizing: 2×nonic+1×quintic (degrees=[9, 9, 5], 13 matmuls, 10 free coefficients)
======================================================================
  Seed 0/15...
    New best: max_error = 10000000000.50000000
    New best: max_error = 0.87184010
    New best: max_error = 0.78095878
    New best: max_error = 0.75591894
  Seed 5/15...
    New best: max_error = 0.75585447
    New best: max_error = 0.75324131
  Seed 10/15...

  Result: max_error = 0.75324131 (FAIL)
  Time: 1420.3s
  Poly 0 (degree 9): [7.839200721645316, -30.005746609019052, 20.605310178691077, 30.03410704451688, -27.47287133583422]
  Poly 1 (degree 9): [7.022036710655862, -23.428330130755533, 29.981378485259512, -15.18681805360077, 2.61173298844093]
  Poly 2 (degree 5): [4.49837899646394, -4.878569537554038, 1.3801905410900985]
  Saved convergence plot: plots/convergence_2xnonic_1xquintic.png

[7/9]
======================================================================
Optimizing: 1×deg13+1×septic (degrees=[13, 7], 11 matmuls, 9 free coefficients)
======================================================================
  Seed 0/15...
    New best: max_error = 0.94152661
  Seed 5/15...
  Seed 10/15...
    New best: max_error = 0.93832304

  Result: max_error = 0.93832304 (FAIL)
  Time: 1556.3s
  Poly 0 (degree 13): [6.841866079143594, -33.230699213001564, 43.170649894086495, 15.661526931144017, -50.49310609936276, 3.215930184809249, 15.833832223180972]
  Poly 1 (degree 7): [9.016223870246211, -32.88773761193883, 37.917679566159904, -13.046165824467284]
  Saved convergence plot: plots/convergence_1xdeg13_1xseptic.png

[8/9]
======================================================================
Optimizing: 3×septic+1×quintic (degrees=[7, 7, 7, 5], 15 matmuls, 11 free coefficients)
======================================================================
  Seed 0/15...
    New best: max_error = 10000000000.00000000
  Seed 5/15...
  Seed 10/15...

  Result: max_error = 10000000000.00000000 (FAIL)
  Time: 680.8s
  Poly 0 (degree 7): [42.841936235824164, -29.442709610855378, -10.530030609610126, -1.8691960153586584]
  Poly 1 (degree 7): [-33.73013772635191, 24.74422156478713, -11.52967675934587, 21.515592920910656]
  Poly 2 (degree 7): [68.97700129001906, -20.91956503435502, -23.774760594516955, -23.282675661147085]
  Poly 3 (degree 5): [-7.838706715479418, -20.520609913411267, 29.359316628890685]
  Saved convergence plot: plots/convergence_3xseptic_1xquintic.png

[9/9]
======================================================================
Optimizing: 4×septic (degrees=[7, 7, 7, 7], 16 matmuls, 12 free coefficients)
======================================================================
  Seed 0/15...
    New best: max_error = 10000000000.00000000
  Seed 5/15...
  Seed 10/15...

  Result: max_error = 10000000000.00000000 (FAIL)
  Time: 750.1s
  Poly 0 (degree 7): [30.00231064292171, -29.701741207391024, 20.903954431414604, -20.20452386694529]
  Poly 1 (degree 7): [12.396017100919146, -16.335846099275475, 23.849640040605532, -18.909811042249203]
  Poly 2 (degree 7): [26.898331199449956, -22.778925858005568, -27.16190575758614, 24.04250041614175]
  Poly 3 (degree 7): [31.99808452136722, -21.296293269332907, -12.064694780856371, 2.36290352882206]
  Saved convergence plot: plots/convergence_4xseptic.png

========================================================================================================================
SUMMARY TABLE (sorted by matmul savings)
========================================================================================================================
Config                    Degrees              MatMuls  Savings     MaxErr   Status  OptTime
------------------------------------------------------------------------------------------------------------------------
3×quintic                 [5, 5, 5]                  9      40%   0.859804     FAIL     409s
2×nonic                   [9, 9]                    10      33%   0.934200     FAIL    1323s
2×septic+1×quintic        [7, 7, 5]                 11      27%   0.791146     FAIL    1202s
1×deg13+1×septic          [13, 7]                   11      27%   0.938323     FAIL    1556s
4×quintic                 [5, 5, 5, 5]              12      20%   0.545896     FAIL    1099s
3×septic                  [7, 7, 7]                 12      20%   0.724030     FAIL    1163s
2×nonic+1×quintic         [9, 9, 5]                 13      13%   0.753241     FAIL    1420s
3×septic+1×quintic        [7, 7, 7, 5]              15       0% 10000000000.000000     FAIL     681s
4×septic                  [7, 7, 7, 7]              16      -7% 10000000000.000000     FAIL     750s
========================================================================================================================

No configs achieved both accuracy threshold AND fewer matmuls than baseline.

######################################################################
# PART 2: GPU Benchmark
######################################################################

Using device: cuda:0 (NVIDIA H100 NVL)

######################################################################
# PART 3: Training Validation
######################################################################

========================================================================================================================
SUMMARY TABLE (sorted by matmul savings)
========================================================================================================================
Config                    Degrees              MatMuls  Savings     MaxErr   Status  OptTime
------------------------------------------------------------------------------------------------------------------------
3×quintic                 [5, 5, 5]                  9      40%   0.859804     FAIL     409s
2×nonic                   [9, 9]                    10      33%   0.934200     FAIL    1323s
2×septic+1×quintic        [7, 7, 5]                 11      27%   0.791146     FAIL    1202s
1×deg13+1×septic          [13, 7]                   11      27%   0.938323     FAIL    1556s
4×quintic                 [5, 5, 5, 5]              12      20%   0.545896     FAIL    1099s
3×septic                  [7, 7, 7]                 12      20%   0.724030     FAIL    1163s
2×nonic+1×quintic         [9, 9, 5]                 13      13%   0.753241     FAIL    1420s
3×septic+1×quintic        [7, 7, 7, 5]              15       0% 10000000000.000000     FAIL     681s
4×septic                  [7, 7, 7, 7]              16      -7% 10000000000.000000     FAIL     750s
========================================================================================================================

No configs achieved both accuracy threshold AND fewer matmuls than baseline.

Saved summary plot: plots/summary_accuracy_vs_matmuls.png

Results saved to results.json

Done!
========================================
Polynomial search completed at: Wed Mar  4 19:29:06 EST 2026
========================================
