========================================
Job ID: 472654
Node: andreas-h100-1
GPUs: 2
Config: Poly Search v2 — Sequential Greedy
Start Time: Wed Mar  4 20:29:42 EST 2026
========================================
Wed Mar  4 20:29:42 2026       
+-----------------------------------------------------------------------------------------+
| NVIDIA-SMI 575.57.08              Driver Version: 575.57.08      CUDA Version: 12.9     |
|-----------------------------------------+------------------------+----------------------+
| GPU  Name                 Persistence-M | Bus-Id          Disp.A | Volatile Uncorr. ECC |
| Fan  Temp   Perf          Pwr:Usage/Cap |           Memory-Usage | GPU-Util  Compute M. |
|                                         |                        |               MIG M. |
|=========================================+========================+======================|
|   0  NVIDIA H100 NVL                On  |   00000000:41:00.0 Off |                    0 |
| N/A   42C    P0             65W /  400W |       0MiB /  95830MiB |      0%      Default |
|                                         |                        |             Disabled |
+-----------------------------------------+------------------------+----------------------+
|   1  NVIDIA H100 NVL                On  |   00000000:61:00.0 Off |                    0 |
| N/A   41C    P0             62W /  400W |       0MiB /  95830MiB |      0%      Default |
|                                         |                        |             Disabled |
+-----------------------------------------+------------------------+----------------------+
                                                                                         
+-----------------------------------------------------------------------------------------+
| Processes:                                                                              |
|  GPU   GI   CI              PID   Type   Process name                        GPU Memory |
|        ID   ID                                                               Usage      |
|=========================================================================================|
|  No running processes found                                                             |
+-----------------------------------------------------------------------------------------+
======================================================================
Polynomial Schedule Search v2 — Sequential Greedy Optimization
======================================================================
Baseline verification: 5×quintic max_error = 0.14112736

======================================================================
EXPERIMENT 1: Drop Muon's last iterations (no optimization)
======================================================================
  3 iterations (9 matmuls): max_error = 0.87177256  [FAIL]
  4 iterations (12 matmuls): max_error = 0.58365297  [FAIL]
  5 iterations (15 matmuls): max_error = 0.14112736  [FAIL]
  Saved: plots_v2/exp1_drop_iterations.png

All results saved to results_v2.json

======================================================================
EXPERIMENT 2: Sequential greedy optimization (quintic)
======================================================================

  --- 3×quintic (9 matmuls) ---
    Iter 1/3: grid search b∈(-30, 5), c∈(-5, 25)... grid=0.993840 → refined=0.991918, composed=0.99191820 (6.2s)
           coeffs: a=8.0818232206, b=-21.8005799861, c=14.7187567655
           σ range after: [0.008082, 1.991918]
    Iter 2/3: grid search b∈(-10, 2), c∈(-2, 5)... grid=0.979205 → refined=0.977596, composed=0.97759586 (6.2s)
           coeffs: a=2.7723170394, b=-2.2183883761, c=0.4460713367
           σ range after: [0.022404, 1.977596]
    Iter 3/3: grid search b∈(-10, 2), c∈(-2, 5)... grid=0.942911 → refined=0.938148, composed=0.93814754 (6.2s)
           coeffs: a=2.7618691815, b=-2.2106208713, c=0.4487516898
           σ range after: [0.061852, 1.938148]

  Result: max_error = 0.93814754  [FAIL] (18.7s)

  --- 4×quintic (12 matmuls) ---
    Iter 1/4: grid search b∈(-30, 5), c∈(-5, 25)... grid=0.993840 → refined=0.991918, composed=0.99191820 (6.2s)
           coeffs: a=8.0818232206, b=-21.8005799861, c=14.7187567655
           σ range after: [0.008082, 1.991918]
    Iter 2/4: grid search b∈(-10, 2), c∈(-2, 5)... grid=0.979205 → refined=0.977596, composed=0.97759586 (6.2s)
           coeffs: a=2.7723170394, b=-2.2183883761, c=0.4460713367
           σ range after: [0.022404, 1.977596]
    Iter 3/4: grid search b∈(-10, 2), c∈(-2, 5)... grid=0.942911 → refined=0.938148, composed=0.93814754 (6.2s)
           coeffs: a=2.7618691815, b=-2.2106208713, c=0.4487516898
           σ range after: [0.061852, 1.938148]
    Iter 4/4: grid search b∈(-10, 2), c∈(-2, 5)... grid=0.840076 → refined=0.831806, composed=0.83180643 (6.2s)
           coeffs: a=2.7276124739, b=-2.1822232476, c=0.4546107737
           σ range after: [0.168194, 1.831806]

  Result: max_error = 0.83180643  [FAIL] (24.8s)
  Saved: plots_v2/exp2_sequential_greedy_quintic.png

All results saved to results_v2.json

======================================================================
EXPERIMENT 3: Mixed degrees (septic + quintic)
======================================================================

  --- 1×septic+3×quintic (13 matmuls) ---
    Iter 1/4 (degree 7): grid=0.993141 → err=0.99134780 (8.4s)
           coeffs: 8.6522246647, -27.2631513315, 25.2823561514, -5.6714294845
           σ range after: [0.008652, 1.991348]
    Iter 2/4 (degree 5): → err=0.97601825 (6.2s)
           coeffs: 2.7719188241, -2.2181016645, 0.4461828404
           σ range after: [0.023982, 1.976018]
    Iter 3/4 (degree 5): → err=0.93382722 (6.2s)
           coeffs: 2.7605679184, -2.2095756263, 0.4490077079
           σ range after: [0.066173, 1.933827]
    Iter 4/4 (degree 5): → err=0.82038062 (6.2s)
           coeffs: 2.7239332480, -2.1791906435, 0.4552573955
           σ range after: [0.179619, 1.820381]

  Result: max_error = 0.82038062  [FAIL] (27.1s)

  --- 1×septic+2×quintic (10 matmuls) ---
    Iter 1/3 (degree 7): grid=0.993141 → err=0.99134780 (8.5s)
           coeffs: 8.6522246647, -27.2631513315, 25.2823561514, -5.6714294845
           σ range after: [0.008652, 1.991348]
    Iter 2/3 (degree 5): → err=0.97601825 (6.2s)
           coeffs: 2.7719188241, -2.2181016645, 0.4461828404
           σ range after: [0.023982, 1.976018]
    Iter 3/3 (degree 5): → err=0.93382722 (6.2s)
           coeffs: 2.7605679184, -2.2095756263, 0.4490077079
           σ range after: [0.066173, 1.933827]

  Result: max_error = 0.93382722  [FAIL] (20.9s)

  --- 2×septic+1×quintic (11 matmuls) ---
    Iter 1/3 (degree 7): grid=0.993141 → err=0.99134780 (8.5s)
           coeffs: 8.6522246647, -27.2631513315, 25.2823561514, -5.6714294845
           σ range after: [0.008652, 1.991348]
    Iter 2/3 (degree 7): grid=0.972560 → err=0.95338889 (8.5s)
           coeffs: 5.3877194503, -6.9501263153, 2.9349550581, -0.3725481931
           σ range after: [0.046611, 1.953389]
    Iter 3/3 (degree 5): → err=0.87243003 (6.2s)
           coeffs: 2.7416654673, -2.1942517559, 0.4525862886
           σ range after: [0.127570, 1.872430]

  Result: max_error = 0.87243003  [FAIL] (23.1s)
  Saved: plots_v2/exp3_mixed_degrees.png

All results saved to results_v2.json

======================================================================
EXPERIMENT 4: Relaxed lower bound Pareto frontier
======================================================================
  3×quintic, σ_min=0.001... err=0.93814754 [FAIL] (18.6s)
  3×quintic, σ_min=0.005... err=0.71148441 [FAIL] (18.6s)
  3×quintic, σ_min=0.01... err=0.48541740 [FAIL] (18.7s)
  3×quintic, σ_min=0.02... err=0.21204246 [FAIL] (18.6s)
  3×quintic, σ_min=0.05... err=0.01723143 [FAIL] (18.6s)
  3×quintic, σ_min=0.1... err=0.00038029 [PASS] (18.6s)
  4×quintic, σ_min=0.001... err=0.83180643 [FAIL] (24.8s)
  4×quintic, σ_min=0.005... err=0.34084396 [FAIL] (24.8s)
  4×quintic, σ_min=0.01... err=0.09417605 [FAIL] (24.8s)
  4×quintic, σ_min=0.02... err=0.00659261 [PASS] (24.7s)
  4×quintic, σ_min=0.05... err=0.00000322 [PASS] (24.7s)
  4×quintic, σ_min=0.1... err=0.00000000 [PASS] (24.7s)

  σ_min             3 iter (9mm)         4 iter (12mm)         5 iter (15mm)
  ----------------------------------------------------------------------
  0.001               0.938148 ✗            0.831806 ✗            0.141127 ✗
  0.005               0.711484 ✗            0.340844 ✗            0.141127 ✗
  0.010               0.485417 ✗            0.094176 ✗            0.141127 ✗
  0.020               0.212042 ✗            0.006593 ✓            0.141127 ✗
  0.050               0.017231 ✗            0.000003 ✓            0.141127 ✗
  0.100               0.000380 ✓            0.000000 ✓            0.141127 ✗

  Saved: plots_v2/exp4_pareto_frontier.png

All results saved to results_v2.json

======================================================================
GPU BENCHMARK
======================================================================
Device: cuda:0 (NVIDIA H100 NVL)

  Benchmarking: Greedy 3×quintic (σ≥0.1) (9 matmuls)
    size=512: Error: linalg.matrix_norm: Low precision dtypes not supported. Got BFloat16
    size=1024: Error: linalg.matrix_norm: Low precision dtypes not supported. Got BFloat16
    size=2048: Error: linalg.matrix_norm: Low precision dtypes not supported. Got BFloat16
    size=4096: Error: linalg.matrix_norm: Low precision dtypes not supported. Got BFloat16
    size=8192: Error: linalg.matrix_norm: Low precision dtypes not supported. Got BFloat16

  Benchmarking: Greedy 4×quintic (σ≥0.02) (12 matmuls)
    size=512: Error: linalg.matrix_norm: Low precision dtypes not supported. Got BFloat16
    size=1024: Error: linalg.matrix_norm: Low precision dtypes not supported. Got BFloat16
    size=2048: Error: linalg.matrix_norm: Low precision dtypes not supported. Got BFloat16
    size=4096: Error: linalg.matrix_norm: Low precision dtypes not supported. Got BFloat16
    size=8192: Error: linalg.matrix_norm: Low precision dtypes not supported. Got BFloat16

  Benchmarking: Greedy 4×quintic (σ≥0.05) (12 matmuls)
    size=512: Error: linalg.matrix_norm: Low precision dtypes not supported. Got BFloat16
    size=1024: Error: linalg.matrix_norm: Low precision dtypes not supported. Got BFloat16
    size=2048: Error: linalg.matrix_norm: Low precision dtypes not supported. Got BFloat16
    size=4096: Error: linalg.matrix_norm: Low precision dtypes not supported. Got BFloat16
    size=8192: Error: linalg.matrix_norm: Low precision dtypes not supported. Got BFloat16

  Benchmarking: Greedy 4×quintic (σ≥0.1) (12 matmuls)
    size=512: Error: linalg.matrix_norm: Low precision dtypes not supported. Got BFloat16
    size=1024: Error: linalg.matrix_norm: Low precision dtypes not supported. Got BFloat16
    size=2048: Error: linalg.matrix_norm: Low precision dtypes not supported. Got BFloat16
    size=4096: Error: linalg.matrix_norm: Low precision dtypes not supported. Got BFloat16
    size=8192: Error: linalg.matrix_norm: Low precision dtypes not supported. Got BFloat16

  Benchmarking: Muon 5×quintic (baseline) (15 matmuls)
    size=512: Error: linalg.matrix_norm: Low precision dtypes not supported. Got BFloat16
    size=1024: Error: linalg.matrix_norm: Low precision dtypes not supported. Got BFloat16
    size=2048: Error: linalg.matrix_norm: Low precision dtypes not supported. Got BFloat16
    size=4096: Error: linalg.matrix_norm: Low precision dtypes not supported. Got BFloat16
    size=8192: Error: linalg.matrix_norm: Low precision dtypes not supported. Got BFloat16

==================================================================================================================================
GPU BENCHMARK SUMMARY
==================================================================================================================================
Config                              MatMuls   Theory   1024ms  Speedup   Err(thy)  Err(bf16)  Pass
----------------------------------------------------------------------------------------------------------------------------------
Greedy 3×quintic (σ≥0.1)                  9    1.67x     nanms     nanx   0.000380        nan    NO
Greedy 4×quintic (σ≥0.02)                12    1.25x     nanms     nanx   0.006593        nan    NO
Greedy 4×quintic (σ≥0.05)                12    1.25x     nanms     nanx   0.000003        nan    NO
Greedy 4×quintic (σ≥0.1)                 12    1.25x     nanms     nanx   0.000000        nan    NO
Muon 5×quintic (baseline)                15    1.00x     nanms     nanx   0.141127        nan    NO
==================================================================================================================================
  Saved: plots_v2/gpu_benchmark.png

All results saved to results_v2.json

======================================================================
FINAL SUMMARY
======================================================================

All configs that passed accuracy threshold (max_error < 0.01):
  [experiment_4] Greedy 3×quintic (σ≥0.1): 9 matmuls, err=0.00038029
  [experiment_4] Greedy 4×quintic (σ≥0.02): 12 matmuls, err=0.00659261
  [experiment_4] Greedy 4×quintic (σ≥0.05): 12 matmuls, err=0.00000322
  [experiment_4] Greedy 4×quintic (σ≥0.1): 12 matmuls, err=0.00000000

Done!
========================================
Poly search v2 completed at: Wed Mar  4 20:36:21 EST 2026
========================================
