========================================
Job ID: 472650
Node: andreas-h100-1
GPUs: 2
Config: Poly Search v2 — Sequential Greedy
Start Time: Wed Mar  4 20:27:51 EST 2026
========================================
Wed Mar  4 20:27:51 2026       
+-----------------------------------------------------------------------------------------+
| NVIDIA-SMI 575.57.08              Driver Version: 575.57.08      CUDA Version: 12.9     |
|-----------------------------------------+------------------------+----------------------+
| GPU  Name                 Persistence-M | Bus-Id          Disp.A | Volatile Uncorr. ECC |
| Fan  Temp   Perf          Pwr:Usage/Cap |           Memory-Usage | GPU-Util  Compute M. |
|                                         |                        |               MIG M. |
|=========================================+========================+======================|
|   0  NVIDIA H100 NVL                On  |   00000000:41:00.0 Off |                    0 |
| N/A   42C    P0             64W /  400W |       0MiB /  95830MiB |      0%      Default |
|                                         |                        |             Disabled |
+-----------------------------------------+------------------------+----------------------+
|   1  NVIDIA H100 NVL                On  |   00000000:61:00.0 Off |                    0 |
| N/A   41C    P0             62W /  400W |       0MiB /  95830MiB |      0%      Default |
|                                         |                        |             Disabled |
+-----------------------------------------+------------------------+----------------------+
                                                                                         
+-----------------------------------------------------------------------------------------+
| Processes:                                                                              |
|  GPU   GI   CI              PID   Type   Process name                        GPU Memory |
|        ID   ID                                                               Usage      |
|=========================================================================================|
|  No running processes found                                                             |
+-----------------------------------------------------------------------------------------+
======================================================================
Polynomial Schedule Search v2 — Sequential Greedy Optimization
======================================================================
Baseline verification: 5×quintic max_error = 0.14112736

======================================================================
EXPERIMENT 1: Drop Muon's last iterations (no optimization)
======================================================================
  3 iterations (9 matmuls): max_error = 0.87177256  [FAIL]
  4 iterations (12 matmuls): max_error = 0.58365297  [FAIL]
  5 iterations (15 matmuls): max_error = 0.14112736  [FAIL]
  Saved: plots_v2/exp1_drop_iterations.png

All results saved to results_v2.json

======================================================================
EXPERIMENT 2: Sequential greedy optimization (quintic)
======================================================================

  --- 3×quintic (9 matmuls) ---
    Iter 1/3: grid search b∈(-30, 5), c∈(-5, 25)...