========================================
Job ID: 472670
Node: andreas-h100-1
GPUs: 2
Config: Poly Search v2 — Sequential Greedy
Start Time: Wed Mar  4 20:52:22 EST 2026
========================================
Wed Mar  4 20:52:22 2026       
+-----------------------------------------------------------------------------------------+
| NVIDIA-SMI 575.57.08              Driver Version: 575.57.08      CUDA Version: 12.9     |
|-----------------------------------------+------------------------+----------------------+
| GPU  Name                 Persistence-M | Bus-Id          Disp.A | Volatile Uncorr. ECC |
| Fan  Temp   Perf          Pwr:Usage/Cap |           Memory-Usage | GPU-Util  Compute M. |
|                                         |                        |               MIG M. |
|=========================================+========================+======================|
|   0  NVIDIA H100 NVL                On  |   00000000:41:00.0 Off |                    0 |
| N/A   66C    P0             77W /  400W |       0MiB /  95830MiB |      0%      Default |
|                                         |                        |             Disabled |
+-----------------------------------------+------------------------+----------------------+
|   1  NVIDIA H100 NVL                On  |   00000000:61:00.0 Off |                    0 |
| N/A   65C    P0             72W /  400W |       0MiB /  95830MiB |      0%      Default |
|                                         |                        |             Disabled |
+-----------------------------------------+------------------------+----------------------+
                                                                                         
+-----------------------------------------------------------------------------------------+
| Processes:                                                                              |
|  GPU   GI   CI              PID   Type   Process name                        GPU Memory |
|        ID   ID                                                               Usage      |
|=========================================================================================|
|  No running processes found                                                             |
+-----------------------------------------------------------------------------------------+
======================================================================
Polynomial Schedule Search v2 — Sequential Greedy Optimization
======================================================================
Baseline verification: 5×quintic max_error = 0.14112736

======================================================================
EXPERIMENT 1: Drop Muon's last iterations (no optimization)
======================================================================
  3 iterations (9 matmuls): max_error = 0.87177256  [FAIL]
  4 iterations (12 matmuls): max_error = 0.58365297  [FAIL]
  5 iterations (15 matmuls): max_error = 0.14112736  [FAIL]
  Saved: plots_v2/exp1_drop_iterations.png

All results saved to results_v2.json

======================================================================
EXPERIMENT 2: Sequential greedy optimization (quintic)
======================================================================

  --- 3×quintic (9 matmuls) ---
    Iter 1/3: grid search b∈(-30, 5), c∈(-5, 25)... grid=0.993840 → refined=0.991918, composed=0.99191820 (6.2s)
           coeffs: a=8.0818232206, b=-21.8005799861, c=14.7187567655
           σ range after: [0.008082, 1.991918]
    Iter 2/3: grid search b∈(-10, 2), c∈(-2, 5)... grid=0.979205 → refined=0.977596, composed=0.97759586 (6.2s)
           coeffs: a=2.7723170394, b=-2.2183883761, c=0.4460713367
           σ range after: [0.022404, 1.977596]
    Iter 3/3: grid search b∈(-10, 2), c∈(-2, 5)... grid=0.942911 → refined=0.938148, composed=0.93814754 (6.2s)
           coeffs: a=2.7618691815, b=-2.2106208713, c=0.4487516898
           σ range after: [0.061852, 1.938148]

  Result: max_error = 0.93814754  [FAIL] (18.7s)

  --- 4×quintic (12 matmuls) ---
    Iter 1/4: grid search b∈(-30, 5), c∈(-5, 25)... grid=0.993840 → refined=0.991918, composed=0.99191820 (6.2s)
           coeffs: a=8.0818232206, b=-21.8005799861, c=14.7187567655
           σ range after: [0.008082, 1.991918]
    Iter 2/4: grid search b∈(-10, 2), c∈(-2, 5)... grid=0.979205 → refined=0.977596, composed=0.97759586 (6.2s)
           coeffs: a=2.7723170394, b=-2.2183883761, c=0.4460713367
           σ range after: [0.022404, 1.977596]
    Iter 3/4: grid search b∈(-10, 2), c∈(-2, 5)... grid=0.942911 → refined=0.938148, composed=0.93814754 (6.2s)
           coeffs: a=2.7618691815, b=-2.2106208713, c=0.4487516898
           σ range after: [0.061852, 1.938148]
    Iter 4/4: grid search b∈(-10, 2), c∈(-2, 5)... grid=0.840076 → refined=0.831806, composed=0.83180643 (6.2s)
           coeffs: a=2.7276124739, b=-2.1822232476, c=0.4546107737
           σ range after: [0.168194, 1.831806]

  Result: max_error = 0.83180643  [FAIL] (24.9s)
  Saved: plots_v2/exp2_sequential_greedy_quintic.png

All results saved to results_v2.json

======================================================================
EXPERIMENT 2b: Sequential greedy with TIGHT stability [0, 1.05]
  (accuracy target relaxed to 0.15 to match Muon)
======================================================================

  --- 3×quintic (9 matmuls), tight bounds ---
    Iter 1/3: grid search b∈(-30, 5), c∈(-5, 25)... grid=0.995593 → refined=0.995551, composed=0.99555052 (6.2s)
           coeffs: a=4.4494938677, b=-13.0929890417, c=9.6434951740
           σ range after: [0.004449, 1.050000]
    Iter 2/3: grid search b∈(-10, 2), c∈(-2, 5)... grid=0.987909 → refined=0.987869, composed=0.98786886 (6.2s)
           coeffs: a=2.7264815318, b=-3.2924511751, c=1.5659696433
           σ range after: [0.012131, 1.050000]
    Iter 3/3: grid search b∈(-10, 2), c∈(-2, 5)... grid=0.967040 → refined=0.966931, composed=0.96693056 (6.2s)
           coeffs: a=2.7264811047, b=-3.2924503606, c=1.5659692559
           σ range after: [0.033069, 1.050000]

  Result: max_error = 0.96693056  [FAIL] (18.6s)

  --- 4×quintic (12 matmuls), tight bounds ---
    Iter 1/4: grid search b∈(-30, 5), c∈(-5, 25)... grid=0.995593 → refined=0.995551, composed=0.99555052 (6.2s)
           coeffs: a=4.4494938677, b=-13.0929890417, c=9.6434951740
           σ range after: [0.004449, 1.050000]
    Iter 2/4: grid search b∈(-10, 2), c∈(-2, 5)... grid=0.987909 → refined=0.987869, composed=0.98786886 (6.2s)
           coeffs: a=2.7264815318, b=-3.2924511751, c=1.5659696433
           σ range after: [0.012131, 1.050000]
    Iter 3/4: grid search b∈(-10, 2), c∈(-2, 5)... grid=0.967040 → refined=0.966931, composed=0.96693056 (6.2s)
           coeffs: a=2.7264811047, b=-3.2924503606, c=1.5659692559
           σ range after: [0.033069, 1.050000]
    Iter 4/4: grid search b∈(-10, 2), c∈(-2, 5)... grid=0.910254 → refined=0.909956, composed=0.90995581 (6.2s)
           coeffs: a=2.7264810692, b=-3.2924502930, c=1.5659692238
           σ range after: [0.090044, 1.050000]

  Result: max_error = 0.90995581  [FAIL] (24.8s)

  --- 5×quintic (15 matmuls), tight bounds ---
    Iter 1/5: grid search b∈(-30, 5), c∈(-5, 25)... grid=0.995593 → refined=0.995551, composed=0.99555052 (6.2s)
           coeffs: a=4.4494938677, b=-13.0929890417, c=9.6434951740
           σ range after: [0.004449, 1.050000]
    Iter 2/5: grid search b∈(-10, 2), c∈(-2, 5)... grid=0.987909 → refined=0.987869, composed=0.98786886 (6.2s)
           coeffs: a=2.7264815318, b=-3.2924511751, c=1.5659696433
           σ range after: [0.012131, 1.050000]
    Iter 3/5: grid search b∈(-10, 2), c∈(-2, 5)... grid=0.967040 → refined=0.966931, composed=0.96693056 (6.2s)
           coeffs: a=2.7264811047, b=-3.2924503606, c=1.5659692559
           σ range after: [0.033069, 1.050000]
    Iter 4/5: grid search b∈(-10, 2), c∈(-2, 5)... grid=0.910254 → refined=0.909956, composed=0.90995581 (6.2s)
           coeffs: a=2.7264810692, b=-3.2924502930, c=1.5659692238
           σ range after: [0.090044, 1.050000]
    Iter 5/5: grid search b∈(-10, 2), c∈(-2, 5)... grid=0.757686 → refined=0.756891, composed=0.75689062 (6.2s)
           coeffs: a=2.7264818171, b=-3.2924517193, c=1.5659699022
           σ range after: [0.243109, 1.050000]

  Result: max_error = 0.75689062  [FAIL] (31.0s)

  Muon baseline (5×quintic, 15mm): max_error = 0.14112736
  Saved: plots_v2/exp2b_tight_stability.png

All results saved to results_v2.json

======================================================================
EXPERIMENT 3: Mixed degrees (septic + quintic)
======================================================================

  --- 1×septic+3×quintic (13 matmuls) ---
    Iter 1/4 (degree 7): grid=0.993141 → err=0.99134780 (8.4s)
           coeffs: 8.6522246647, -27.2631513315, 25.2823561514, -5.6714294845
           σ range after: [0.008652, 1.991348]
    Iter 2/4 (degree 5): → err=0.97601825 (6.2s)
           coeffs: 2.7719188241, -2.2181016645, 0.4461828404
           σ range after: [0.023982, 1.976018]
    Iter 3/4 (degree 5): → err=0.93382722 (6.2s)
           coeffs: 2.7605679184, -2.2095756263, 0.4490077079
           σ range after: [0.066173, 1.933827]
    Iter 4/4 (degree 5): → err=0.82038062 (6.2s)
           coeffs: 2.7239332480, -2.1791906435, 0.4552573955
           σ range after: [0.179619, 1.820381]

  Result: max_error = 0.82038062  [FAIL] (27.1s)

  --- 1×septic+2×quintic (10 matmuls) ---
    Iter 1/3 (degree 7): grid=0.993141 → err=0.99134780 (8.4s)
           coeffs: 8.6522246647, -27.2631513315, 25.2823561514, -5.6714294845
           σ range after: [0.008652, 1.991348]
    Iter 2/3 (degree 5): → err=0.97601825 (6.2s)
           coeffs: 2.7719188241, -2.2181016645, 0.4461828404
           σ range after: [0.023982, 1.976018]
    Iter 3/3 (degree 5): → err=0.93382722 (6.2s)
           coeffs: 2.7605679184, -2.2095756263, 0.4490077079
           σ range after: [0.066173, 1.933827]

  Result: max_error = 0.93382722  [FAIL] (20.9s)

  --- 2×septic+1×quintic (11 matmuls) ---
    Iter 1/3 (degree 7): grid=0.993141 → err=0.99134780 (8.4s)
           coeffs: 8.6522246647, -27.2631513315, 25.2823561514, -5.6714294845
           σ range after: [0.008652, 1.991348]
    Iter 2/3 (degree 7): grid=0.972560 → err=0.95338889 (8.4s)
           coeffs: 5.3877194503, -6.9501263153, 2.9349550581, -0.3725481931
           σ range after: [0.046611, 1.953389]
    Iter 3/3 (degree 5): → err=0.87243003 (6.2s)
           coeffs: 2.7416654673, -2.1942517559, 0.4525862886
           σ range after: [0.127570, 1.872430]

  Result: max_error = 0.87243003  [FAIL] (23.0s)
  Saved: plots_v2/exp3_mixed_degrees.png

All results saved to results_v2.json

======================================================================
EXPERIMENT 4: Relaxed lower bound Pareto frontier
======================================================================
  3×quintic, σ_min=0.001... err=0.93814754 [FAIL] (18.7s)
  3×quintic, σ_min=0.005... err=0.71148441 [FAIL] (18.8s)
  3×quintic, σ_min=0.01... err=0.48541740 [FAIL] (18.8s)
  3×quintic, σ_min=0.02... err=0.21204246 [FAIL] (18.7s)
  3×quintic, σ_min=0.05... err=0.01723143 [FAIL] (18.7s)
  3×quintic, σ_min=0.1... err=0.00038029 [PASS] (18.7s)
  4×quintic, σ_min=0.001... err=0.83180643 [FAIL] (25.0s)
  4×quintic, σ_min=0.005... err=0.34084396 [FAIL] (25.0s)
  4×quintic, σ_min=0.01... err=0.09417605 [FAIL] (25.0s)
  4×quintic, σ_min=0.02... err=0.00659261 [PASS] (24.9s)
  4×quintic, σ_min=0.05... err=0.00000322 [PASS] (24.9s)
  4×quintic, σ_min=0.1... err=0.00000000 [PASS] (24.9s)

  σ_min             3 iter (9mm)         4 iter (12mm)         5 iter (15mm)
  ----------------------------------------------------------------------
  0.001               0.938148 ✗            0.831806 ✗            0.141127 ✗
  0.005               0.711484 ✗            0.340844 ✗            0.141127 ✗
  0.010               0.485417 ✗            0.094176 ✗            0.141127 ✗
  0.020               0.212042 ✗            0.006593 ✓            0.141127 ✗
  0.050               0.017231 ✗            0.000003 ✓            0.141127 ✗
  0.100               0.000380 ✓            0.000000 ✓            0.141127 ✗

  Saved: plots_v2/exp4_pareto_frontier.png

All results saved to results_v2.json

======================================================================
STEP 1: Measure actual σ_min after normalization
======================================================================
  size=  512: σ_min = [0.029024, 0.029203, 0.029780] (min/median/max)  σ_max = [0.980304, 0.980385, 0.980471]
  size= 1024: σ_min = [0.029045, 0.029136, 0.029517] (min/median/max)  σ_max = [0.980240, 0.980387, 0.980491]
  size= 2048: σ_min = [0.029048, 0.029094, 0.029376] (min/median/max)  σ_max = [0.980212, 0.980389, 0.980571]
  size= 4096: σ_min = [0.029050, 0.029078, 0.029192] (min/median/max)  σ_max = [0.980010, 0.980384, 0.980744]

All results saved to results_v2.json

======================================================================
STEP 2: GPU Benchmark (fixed)
======================================================================
Device: cuda:0 (NVIDIA H100 NVL)

  Benchmarking: 4×quintic σ≥0.02 (12mm)
    size=  512: 0.461ms, bf16_err=0.021734
    size= 1024: 0.235ms, bf16_err=0.018678
    size= 2048: 0.504ms, bf16_err=0.016218
    size= 4096: 3.797ms, bf16_err=0.016399

  Benchmarking: 4×quintic σ≥0.01 (12mm)
    size=  512: 0.237ms, bf16_err=0.552361
    size= 1024: 0.237ms, bf16_err=0.463973
    size= 2048: 0.503ms, bf16_err=0.440084
    size= 4096: 3.799ms, bf16_err=0.384169

  Benchmarking: 3×quintic σ≥0.1 (9mm)
    size=  512: 0.180ms, bf16_err=0.424040
    size= 1024: 0.182ms, bf16_err=0.423858
    size= 2048: 0.381ms, bf16_err=0.423946
    size= 4096: 2.843ms, bf16_err=0.423649

  Benchmarking: 3×quintic σ≥0.05 (9mm)
    size=  512: 0.178ms, bf16_err=0.244350
    size= 1024: 0.180ms, bf16_err=0.245023
    size= 2048: 0.381ms, bf16_err=0.244607
    size= 4096: 2.848ms, bf16_err=0.244918

  Benchmarking: Muon 5×quintic baseline (15mm)
    size=  512: 0.264ms, bf16_err=0.144566
    size= 1024: 0.265ms, bf16_err=0.144467
    size= 2048: 0.626ms, bf16_err=0.144608
    size= 4096: 4.707ms, bf16_err=0.145325

============================================================================================================================================
GPU BENCHMARK SUMMARY
============================================================================================================================================
Config                                    MM   σ_lb    512ms   1024ms   2048ms   4096ms  Spd1024  Spd4096   Err(thy)  Err(bf16)
--------------------------------------------------------------------------------------------------------------------------------------------
3×quintic σ≥0.05 (9mm)                     9  0.050   0.178ms   0.180ms   0.381ms   2.848ms   1.474x   1.653x   0.017231   0.245023
3×quintic σ≥0.1 (9mm)                      9  0.100   0.180ms   0.182ms   0.381ms   2.843ms   1.455x   1.655x   0.000380   0.424040
4×quintic σ≥0.02 (12mm)                   12  0.020   0.461ms   0.235ms   0.504ms   3.797ms   1.128x   1.240x   0.006593   0.021734
4×quintic σ≥0.01 (12mm)                   12  0.010   0.237ms   0.237ms   0.503ms   3.799ms   1.116x   1.239x   0.094176   0.552361
Muon 5×quintic baseline (15mm)            15  0.001   0.264ms   0.265ms   0.626ms   4.707ms   1.000x   1.000x   0.141127   0.145325
============================================================================================================================================
  Saved: plots_v2/gpu_benchmark.png

All results saved to results_v2.json

======================================================================
STEP 3: FINAL RECOMMENDATION
======================================================================

  Measured σ_min across all sizes:
    Worst case (absolute min): 0.029024
    Typical (median of medians): 0.029115

  Config                                     σ_lb  Safe?  Spd1024  Spd4096   Err(thy)  Err(bf16)
  ----------------------------------------------------------------------------------------------------
  3×quintic σ≥0.05 (9mm)                    0.050     NO   1.474x   1.653x   0.017231   0.245023
  3×quintic σ≥0.1 (9mm)                     0.100     NO   1.455x   1.655x   0.000380   0.424040
  4×quintic σ≥0.02 (12mm)                   0.020    YES   1.128x   1.240x   0.006593   0.021734
  4×quintic σ≥0.01 (12mm)                   0.010    YES   1.116x   1.239x   0.094176   0.552361
  Muon 5×quintic baseline (15mm)            0.001    YES   1.000x   1.000x   0.141127   0.145325

  RECOMMENDATION (based on worst-case σ_min = 0.029024):
    Best config: 4×quintic σ≥0.02 (12mm)
    MatMuls: 12 (vs 15 baseline)
    Speedup at 1024: 1.128x
    Speedup at 4096: 1.240x
    Theoretical error: 0.00659261

All results saved to results_v2.json

======================================================================
EXPERIMENT SUMMARY
======================================================================

All configs that passed strict threshold (max_error < 0.01):
  [experiment_4] Greedy 3×quintic (σ≥0.1): 9 matmuls, err=0.00038029
  [experiment_4] Greedy 4×quintic (σ≥0.02): 12 matmuls, err=0.00659261
  [experiment_4] Greedy 4×quintic (σ≥0.05): 12 matmuls, err=0.00000322
  [experiment_4] Greedy 4×quintic (σ≥0.1): 12 matmuls, err=0.00000000

All configs that passed relaxed threshold (max_error < 0.15, matching Muon):
  [experiment_1] Muon first 5 iters: 15 matmuls, err=0.14112736
  [experiment_4] Greedy 3×quintic (σ≥0.05): 9 matmuls, err=0.01723143
  [experiment_4] Greedy 3×quintic (σ≥0.1): 9 matmuls, err=0.00038029
  [experiment_4] Greedy 4×quintic (σ≥0.01): 12 matmuls, err=0.09417605
  [experiment_4] Greedy 4×quintic (σ≥0.02): 12 matmuls, err=0.00659261
  [experiment_4] Greedy 4×quintic (σ≥0.05): 12 matmuls, err=0.00000322
  [experiment_4] Greedy 4×quintic (σ≥0.1): 12 matmuls, err=0.00000000
  [experiment_4] Muon 5×quintic (σ≥0.001): 15 matmuls, err=0.14112736
  [experiment_4] Muon 5×quintic (σ≥0.005): 15 matmuls, err=0.14112734
  [experiment_4] Muon 5×quintic (σ≥0.01): 15 matmuls, err=0.14112733
  [experiment_4] Muon 5×quintic (σ≥0.02): 15 matmuls, err=0.14112736
  [experiment_4] Muon 5×quintic (σ≥0.05): 15 matmuls, err=0.14112735
  [experiment_4] Muon 5×quintic (σ≥0.1): 15 matmuls, err=0.14112736

Done!
========================================
Poly search v2 completed at: Wed Mar  4 21:16:58 EST 2026
========================================
