========================================
Job ID: 555204
Node: andreas-h100-1
GPUs: 2
Config: SAM-Muon (rho=0.05)
Start Time: Thu Mar 12 14:42:48 EDT 2026
========================================
Thu Mar 12 14:42:48 2026       
+-----------------------------------------------------------------------------------------+
| NVIDIA-SMI 575.57.08              Driver Version: 575.57.08      CUDA Version: 12.9     |
|-----------------------------------------+------------------------+----------------------+
| GPU  Name                 Persistence-M | Bus-Id          Disp.A | Volatile Uncorr. ECC |
| Fan  Temp   Perf          Pwr:Usage/Cap |           Memory-Usage | GPU-Util  Compute M. |
|                                         |                        |               MIG M. |
|=========================================+========================+======================|
|   0  NVIDIA H100 NVL                On  |   00000000:21:00.0 Off |                    0 |
| N/A   40C    P0             62W /  400W |       0MiB /  95830MiB |      0%      Default |
|                                         |                        |             Disabled |
+-----------------------------------------+------------------------+----------------------+
|   1  NVIDIA H100 NVL                On  |   00000000:61:00.0 Off |                    0 |
| N/A   64C    P0             71W /  400W |       0MiB /  95830MiB |      0%      Default |
|                                         |                        |             Disabled |
+-----------------------------------------+------------------------+----------------------+
                                                                                         
+-----------------------------------------------------------------------------------------+
| Processes:                                                                              |
|  GPU   GI   CI              PID   Type   Process name                        GPU Memory |
|        ID   ID                                                               Usage      |
|=========================================================================================|
|  No running processes found                                                             |
+-----------------------------------------------------------------------------------------+

                                                       █████                █████
                                                      ░░███                ░░███
     ████████    ██████   ████████    ██████   ██████  ░███████    ██████  ███████
    ░░███░░███  ░░░░░███ ░░███░░███  ███░░███ ███░░███ ░███░░███  ░░░░░███░░░███░
     ░███ ░███   ███████  ░███ ░███ ░███ ░███░███ ░░░  ░███ ░███   ███████  ░███
     ░███ ░███  ███░░███  ░███ ░███ ░███ ░███░███  ███ ░███ ░███  ███░░███  ░███ ███
     ████ █████░░████████ ████ █████░░██████ ░░██████  ████ █████░░███████  ░░█████
    ░░░░ ░░░░░  ░░░░░░░░ ░░░░ ░░░░░  ░░░░░░   ░░░░░░  ░░░░ ░░░░░  ░░░░░░░░   ░░░░░
    
Autodetected device type: cuda
GPU: NVIDIA H100 NVL | Peak FLOPS (BF16): 8.35e+14
✓ Using Flash Attention 3 (Hopper GPU detected)
Vocab size: 32,768
Model config:
{
  "sequence_len": 2048,
  "vocab_size": 32768,
  "n_layer": 20,
  "n_head": 10,
  "n_kv_head": 10,
  "n_embd": 1280,
  "window_pattern": "SSSL"
}
✓ FP8 training enabled (tensorwise scaling) - converted 121 layers, skipped 10
Parameter counts:
wte                     : 41,943,040
value_embeds            : 419,430,400
lm_head                 : 41,943,040
transformer_matrices    : 393,219,200
scalars                 : 40
total                   : 896,535,720
Estimated FLOPs per token: 3.004189e+09
Auto-computed optimal batch size: 1,048,576 tokens
Scaling LRs by 1.4142 for batch size 1,048,576
Scaling weight decay from 0.200000 to 0.071563
Scaling the LR for the AdamW parameters ∝1/√(1280/768) = 0.774597
Calculated number of iterations: 4,357
NOTE: SAM-Muon costs 2x compute per step. Compare vs baseline at matched wall-clock time.
Total number of training tokens: 4,568,645,632
Tokens : Scaling params ratio: 10.50
Total training FLOPs estimate (2x for SAM): 2.745015e+19
SAM rho: 0.05
Tokens / micro-batch / rank: 16 x 2048 = 32,768
Tokens / micro-batch: 65,536
Total batch size 1,048,576 => gradient accumulation steps: 16
Step 00000 | Validation bpb: 3.172610
step 00000/04357 (0.00%) | loss: 10.398407 | lrm: 1.00 | dt: 32317.47ms | tok/sec: 32,446 | bf16_mfu: 11.67 | epoch: 1 | total time: 0.00m
step 00001/04357 (0.02%) | loss: 10.409613 | lrm: 1.00 | dt: 7510.45ms | tok/sec: 139,615 | bf16_mfu: 50.23 | epoch: 1 | total time: 0.00m
step 00002/04357 (0.05%) | loss: 10.402912 | lrm: 1.00 | dt: 7564.26ms | tok/sec: 138,622 | bf16_mfu: 49.87 | epoch: 1 | total time: 0.00m
step 00003/04357 (0.07%) | loss: 10.380370 | lrm: 1.00 | dt: 7607.59ms | tok/sec: 137,832 | bf16_mfu: 49.59 | epoch: 1 | total time: 0.00m
step 00004/04357 (0.09%) | loss: 10.356775 | lrm: 1.00 | dt: 7636.03ms | tok/sec: 137,319 | bf16_mfu: 49.41 | epoch: 1 | total time: 0.00m
step 00005/04357 (0.11%) | loss: 10.337712 | lrm: 1.00 | dt: 7646.56ms | tok/sec: 137,130 | bf16_mfu: 49.34 | epoch: 1 | total time: 0.00m
step 00006/04357 (0.14%) | loss: 10.326790 | lrm: 1.00 | dt: 7645.19ms | tok/sec: 137,155 | bf16_mfu: 49.35 | epoch: 1 | total time: 0.00m
step 00007/04357 (0.16%) | loss: 10.311809 | lrm: 1.00 | dt: 7684.59ms | tok/sec: 136,451 | bf16_mfu: 49.09 | epoch: 1 | total time: 0.00m
step 00008/04357 (0.18%) | loss: 10.312047 | lrm: 1.00 | dt: 7701.25ms | tok/sec: 136,156 | bf16_mfu: 48.99 | epoch: 1 | total time: 0.00m
step 00009/04357 (0.21%) | loss: 10.315434 | lrm: 1.00 | dt: 7727.92ms | tok/sec: 135,686 | bf16_mfu: 48.82 | epoch: 1 | total time: 0.00m
step 00010/04357 (0.23%) | loss: 10.326709 | lrm: 1.00 | dt: 7742.25ms | tok/sec: 135,435 | bf16_mfu: 48.73 | epoch: 1 | total time: 0.00m
step 00011/04357 (0.25%) | loss: 10.346835 | lrm: 1.00 | dt: 7765.43ms | tok/sec: 135,031 | bf16_mfu: 48.58 | epoch: 1 | total time: 0.13m | eta: 562.5m
step 00012/04357 (0.28%) | loss: 10.387508 | lrm: 1.00 | dt: 7762.20ms | tok/sec: 135,087 | bf16_mfu: 48.60 | epoch: 1 | total time: 0.26m | eta: 562.2m
step 00013/04357 (0.30%) | loss: 10.458943 | lrm: 1.00 | dt: 7777.24ms | tok/sec: 134,826 | bf16_mfu: 48.51 | epoch: 1 | total time: 0.39m | eta: 562.4m
step 00014/04357 (0.32%) | loss: 10.585320 | lrm: 1.00 | dt: 7777.11ms | tok/sec: 134,828 | bf16_mfu: 48.51 | epoch: 1 | total time: 0.52m | eta: 562.5m
step 00015/04357 (0.34%) | loss: 10.773541 | lrm: 1.00 | dt: 7794.17ms | tok/sec: 134,533 | bf16_mfu: 48.40 | epoch: 1 | total time: 0.65m | eta: 562.7m
step 00016/04357 (0.37%) | loss: 10.962765 | lrm: 1.00 | dt: 7792.20ms | tok/sec: 134,567 | bf16_mfu: 48.42 | epoch: 1 | total time: 0.78m | eta: 562.7m
step 00017/04357 (0.39%) | loss: 11.133577 | lrm: 1.00 | dt: 7803.07ms | tok/sec: 134,379 | bf16_mfu: 48.35 | epoch: 1 | total time: 0.91m | eta: 562.9m
step 00018/04357 (0.41%) | loss: 11.319919 | lrm: 1.00 | dt: 7770.88ms | tok/sec: 134,936 | bf16_mfu: 48.55 | epoch: 1 | total time: 1.04m | eta: 562.6m
step 00019/04357 (0.44%) | loss: 11.521872 | lrm: 1.00 | dt: 7768.48ms | tok/sec: 134,978 | bf16_mfu: 48.56 | epoch: 1 | total time: 1.17m | eta: 562.4m
step 00020/04357 (0.46%) | loss: 11.720818 | lrm: 1.00 | dt: 7779.62ms | tok/sec: 134,784 | bf16_mfu: 48.49 | epoch: 1 | total time: 1.30m | eta: 562.3m
step 00021/04357 (0.48%) | loss: 11.875949 | lrm: 1.00 | dt: 7777.32ms | tok/sec: 134,824 | bf16_mfu: 48.51 | epoch: 1 | total time: 1.43m | eta: 562.2m
step 00022/04357 (0.50%) | loss: 12.062138 | lrm: 1.00 | dt: 7772.52ms | tok/sec: 134,908 | bf16_mfu: 48.54 | epoch: 1 | total time: 1.56m | eta: 562.0m
step 00023/04357 (0.53%) | loss: 12.300863 | lrm: 1.00 | dt: 7786.79ms | tok/sec: 134,660 | bf16_mfu: 48.45 | epoch: 1 | total time: 1.69m | eta: 561.9m
step 00024/04357 (0.55%) | loss: 12.453568 | lrm: 1.00 | dt: 7786.42ms | tok/sec: 134,667 | bf16_mfu: 48.45 | epoch: 1 | total time: 1.82m | eta: 561.8m
step 00025/04357 (0.57%) | loss: 12.478174 | lrm: 1.00 | dt: 7759.54ms | tok/sec: 135,133 | bf16_mfu: 48.62 | epoch: 1 | total time: 1.94m | eta: 561.6m
step 00026/04357 (0.60%) | loss: 12.443470 | lrm: 1.00 | dt: 7790.26ms | tok/sec: 134,600 | bf16_mfu: 48.43 | epoch: 1 | total time: 2.07m | eta: 561.5m
step 00027/04357 (0.62%) | loss: 12.382691 | lrm: 1.00 | dt: 7803.02ms | tok/sec: 134,380 | bf16_mfu: 48.35 | epoch: 1 | total time: 2.20m | eta: 561.5m
step 00028/04357 (0.64%) | loss: 12.313914 | lrm: 1.00 | dt: 7775.63ms | tok/sec: 134,854 | bf16_mfu: 48.52 | epoch: 1 | total time: 2.33m | eta: 561.3m
step 00029/04357 (0.67%) | loss: 12.265721 | lrm: 1.00 | dt: 7793.08ms | tok/sec: 134,552 | bf16_mfu: 48.41 | epoch: 1 | total time: 2.46m | eta: 561.3m
step 00030/04357 (0.69%) | loss: 12.261755 | lrm: 1.00 | dt: 7798.12ms | tok/sec: 134,465 | bf16_mfu: 48.38 | epoch: 1 | total time: 2.59m | eta: 561.2m
step 00031/04357 (0.71%) | loss: 12.245430 | lrm: 1.00 | dt: 7770.78ms | tok/sec: 134,938 | bf16_mfu: 48.55 | epoch: 1 | total time: 2.72m | eta: 561.0m
step 00032/04357 (0.73%) | loss: 12.124301 | lrm: 1.00 | dt: 7785.12ms | tok/sec: 134,689 | bf16_mfu: 48.46 | epoch: 1 | total time: 2.85m | eta: 560.9m
step 00033/04357 (0.76%) | loss: 11.960508 | lrm: 1.00 | dt: 7768.60ms | tok/sec: 134,976 | bf16_mfu: 48.56 | epoch: 1 | total time: 2.98m | eta: 560.7m
step 00034/04357 (0.78%) | loss: 11.784795 | lrm: 1.00 | dt: 7772.15ms | tok/sec: 134,914 | bf16_mfu: 48.54 | epoch: 1 | total time: 3.11m | eta: 560.6m
step 00035/04357 (0.80%) | loss: 11.611339 | lrm: 1.00 | dt: 7763.36ms | tok/sec: 135,067 | bf16_mfu: 48.59 | epoch: 1 | total time: 3.24m | eta: 560.4m
step 00036/04357 (0.83%) | loss: 11.448590 | lrm: 1.00 | dt: 7776.33ms | tok/sec: 134,841 | bf16_mfu: 48.51 | epoch: 1 | total time: 3.37m | eta: 560.3m
step 00037/04357 (0.85%) | loss: 11.311721 | lrm: 1.00 | dt: 7778.01ms | tok/sec: 134,812 | bf16_mfu: 48.50 | epoch: 1 | total time: 3.50m | eta: 560.1m
step 00038/04357 (0.87%) | loss: 11.205359 | lrm: 1.00 | dt: 7789.91ms | tok/sec: 134,607 | bf16_mfu: 48.43 | epoch: 1 | total time: 3.63m | eta: 560.0m
step 00039/04357 (0.90%) | loss: 11.136061 | lrm: 1.00 | dt: 7790.32ms | tok/sec: 134,599 | bf16_mfu: 48.43 | epoch: 1 | total time: 3.76m | eta: 559.9m
step 00040/04357 (0.92%) | loss: 11.108428 | lrm: 1.00 | dt: 7777.53ms | tok/sec: 134,821 | bf16_mfu: 48.51 | epoch: 1 | total time: 3.89m | eta: 559.8m
step 00041/04357 (0.94%) | loss: 11.097517 | lrm: 1.00 | dt: 7784.80ms | tok/sec: 134,695 | bf16_mfu: 48.46 | epoch: 1 | total time: 4.02m | eta: 559.7m
step 00042/04357 (0.96%) | loss: 11.042045 | lrm: 1.00 | dt: 7773.67ms | tok/sec: 134,888 | bf16_mfu: 48.53 | epoch: 1 | total time: 4.15m | eta: 559.5m
step 00043/04357 (0.99%) | loss: 10.956958 | lrm: 1.00 | dt: 7793.16ms | tok/sec: 134,550 | bf16_mfu: 48.41 | epoch: 1 | total time: 4.28m | eta: 559.4m
step 00044/04357 (1.01%) | loss: 10.870007 | lrm: 1.00 | dt: 7780.48ms | tok/sec: 134,770 | bf16_mfu: 48.49 | epoch: 1 | total time: 4.41m | eta: 559.3m
step 00045/04357 (1.03%) | loss: 10.788152 | lrm: 1.00 | dt: 7804.85ms | tok/sec: 134,349 | bf16_mfu: 48.34 | epoch: 1 | total time: 4.54m | eta: 559.2m
step 00046/04357 (1.06%) | loss: 10.715790 | lrm: 1.00 | dt: 7763.38ms | tok/sec: 135,066 | bf16_mfu: 48.59 | epoch: 1 | total time: 4.67m | eta: 559.0m
step 00047/04357 (1.08%) | loss: 10.631176 | lrm: 1.00 | dt: 7778.07ms | tok/sec: 134,811 | bf16_mfu: 48.50 | epoch: 1 | total time: 4.80m | eta: 558.9m
step 00048/04357 (1.10%) | loss: 10.577706 | lrm: 1.00 | dt: 7779.95ms | tok/sec: 134,779 | bf16_mfu: 48.49 | epoch: 1 | total time: 4.93m | eta: 558.8m
step 00049/04357 (1.12%) | loss: 10.504680 | lrm: 1.00 | dt: 7765.89ms | tok/sec: 135,023 | bf16_mfu: 48.58 | epoch: 1 | total time: 5.06m | eta: 558.6m
step 00050/04357 (1.15%) | loss: 10.453703 | lrm: 1.00 | dt: 7789.71ms | tok/sec: 134,610 | bf16_mfu: 48.43 | epoch: 1 | total time: 5.19m | eta: 558.5m
step 00051/04357 (1.17%) | loss: 10.384249 | lrm: 1.00 | dt: 7782.95ms | tok/sec: 134,727 | bf16_mfu: 48.47 | epoch: 1 | total time: 5.32m | eta: 558.4m
step 00052/04357 (1.19%) | loss: 10.345759 | lrm: 1.00 | dt: 7796.35ms | tok/sec: 134,495 | bf16_mfu: 48.39 | epoch: 1 | total time: 5.45m | eta: 558.3m
step 00053/04357 (1.22%) | loss: 10.280505 | lrm: 1.00 | dt: 7787.72ms | tok/sec: 134,644 | bf16_mfu: 48.44 | epoch: 1 | total time: 5.58m | eta: 558.2m
step 00054/04357 (1.24%) | loss: 10.235453 | lrm: 1.00 | dt: 7812.53ms | tok/sec: 134,217 | bf16_mfu: 48.29 | epoch: 1 | total time: 5.71m | eta: 558.1m
========================================
SAM-Muon training completed at: Thu Mar 12 14:51:55 EDT 2026
========================================
