cpu-bind=MASK - andreas-h100-1, task  0  0 [803349]: mask 0x7cc8000000000000fcc00000 set
Resolved 134 packages in 137ms
Audited 121 packages in 790ms
2026-03-13 13:06:27,936 - nanochat.common - [32m[1mINFO[0m - Distributed world size: 2
[rank0]:[E313 13:07:36.852111581 ProcessGroupNCCL.cpp:2057] [PG ID 0 PG GUID 0(default_pg) Rank 0] Process group watchdog thread terminated with exception: CUDA error: an illegal memory access was encountered
Search for `cudaErrorIllegalAddress' in https://docs.nvidia.com/cuda/cuda-runtime-api/group__CUDART__TYPES.html for more information.
CUDA kernel errors might be asynchronously reported at some other API call, so the stacktrace below might be incorrect.
For debugging consider passing CUDA_LAUNCH_BLOCKING=1
Compile with `TORCH_USE_CUDA_DSA` to enable device-side assertions.

Exception raised from c10_cuda_check_implementation at /pytorch/c10/cuda/CUDAException.cpp:44 (most recent call first):
frame #0: c10::Error::Error(c10::SourceLocation, std::__cxx11::basic_string<char, std::char_traits<char>, std::allocator<char> >) + 0x80 (0x7f4bab57cb80 in /data/scratch/medhaven/nanochat/.venv/lib/python3.10/site-packages/torch/lib/libc10.so)
frame #1: <unknown function> + 0x11fb7 (0x7f4bab9d5fb7 in /data/scratch/medhaven/nanochat/.venv/lib/python3.10/site-packages/torch/lib/libc10_cuda.so)
frame #2: c10d::ProcessGroupNCCL::WorkNCCL::finishedGPUExecutionInternal() const + 0x50 (0x7f4b4d437bc0 in /data/scratch/medhaven/nanochat/.venv/lib/python3.10/site-packages/torch/lib/libtorch_cuda.so)
frame #3: c10d::ProcessGroupNCCL::WorkNCCL::isCompleted() + 0x68 (0x7f4b4d447298 in /data/scratch/medhaven/nanochat/.venv/lib/python3.10/site-packages/torch/lib/libtorch_cuda.so)
frame #4: c10d::ProcessGroupNCCL::Watchdog::runLoop() + 0x969 (0x7f4b4d44b499 in /data/scratch/medhaven/nanochat/.venv/lib/python3.10/site-packages/torch/lib/libtorch_cuda.so)
frame #5: c10d::ProcessGroupNCCL::Watchdog::run() + 0xdf (0x7f4b4d44d40f in /data/scratch/medhaven/nanochat/.venv/lib/python3.10/site-packages/torch/lib/libtorch_cuda.so)
frame #6: <unknown function> + 0xdc253 (0x7f4bb1622253 in /lib/x86_64-linux-gnu/libstdc++.so.6)
frame #7: <unknown function> + 0x94ac3 (0x7f4bb2269ac3 in /lib/x86_64-linux-gnu/libc.so.6)
frame #8: <unknown function> + 0x1268d0 (0x7f4bb22fb8d0 in /lib/x86_64-linux-gnu/libc.so.6)

terminate called after throwing an instance of 'c10::DistBackendError'
  what():  [PG ID 0 PG GUID 0(default_pg) Rank 0] Process group watchdog thread terminated with exception: CUDA error: an illegal memory access was encountered
Search for `cudaErrorIllegalAddress' in https://docs.nvidia.com/cuda/cuda-runtime-api/group__CUDART__TYPES.html for more information.
CUDA kernel errors might be asynchronously reported at some other API call, so the stacktrace below might be incorrect.
For debugging consider passing CUDA_LAUNCH_BLOCKING=1
Compile with `TORCH_USE_CUDA_DSA` to enable device-side assertions.

Exception raised from c10_cuda_check_implementation at /pytorch/c10/cuda/CUDAException.cpp:44 (most recent call first):
frame #0: c10::Error::Error(c10::SourceLocation, std::__cxx11::basic_string<char, std::char_traits<char>, std::allocator<char> >) + 0x80 (0x7f4bab57cb80 in /data/scratch/medhaven/nanochat/.venv/lib/python3.10/site-packages/torch/lib/libc10.so)
frame #1: <unknown function> + 0x11fb7 (0x7f4bab9d5fb7 in /data/scratch/medhaven/nanochat/.venv/lib/python3.10/site-packages/torch/lib/libc10_cuda.so)
frame #2: c10d::ProcessGroupNCCL::WorkNCCL::finishedGPUExecutionInternal() const + 0x50 (0x7f4b4d437bc0 in /data/scratch/medhaven/nanochat/.venv/lib/python3.10/site-packages/torch/lib/libtorch_cuda.so)
frame #3: c10d::ProcessGroupNCCL::WorkNCCL::isCompleted() + 0x68 (0x7f4b4d447298 in /data/scratch/medhaven/nanochat/.venv/lib/python3.10/site-packages/torch/lib/libtorch_cuda.so)
frame #4: c10d::ProcessGroupNCCL::Watchdog::runLoop() + 0x969 (0x7f4b4d44b499 in /data/scratch/medhaven/nanochat/.venv/lib/python3.10/site-packages/torch/lib/libtorch_cuda.so)
frame #5: c10d::ProcessGroupNCCL::Watchdog::run() + 0xdf (0x7f4b4d44d40f in /data/scratch/medhaven/nanochat/.venv/lib/python3.10/site-packages/torch/lib/libtorch_cuda.so)
frame #6: <unknown function> + 0xdc253 (0x7f4bb1622253 in /lib/x86_64-linux-gnu/libstdc++.so.6)
frame #7: <unknown function> + 0x94ac3 (0x7f4bb2269ac3 in /lib/x86_64-linux-gnu/libc.so.6)
frame #8: <unknown function> + 0x1268d0 (0x7f4bb22fb8d0 in /lib/x86_64-linux-gnu/libc.so.6)

Exception raised from run at /pytorch/torch/csrc/distributed/c10d/ProcessGroupNCCL.cpp:2063 (most recent call first):
frame #0: c10::Error::Error(c10::SourceLocation, std::__cxx11::basic_string<char, std::char_traits<char>, std::allocator<char> >) + 0x80 (0x7f4bab57cb80 in /data/scratch/medhaven/nanochat/.venv/lib/python3.10/site-packages/torch/lib/libc10.so)
frame #1: <unknown function> + 0xe34731 (0x7f4b4d423731 in /data/scratch/medhaven/nanochat/.venv/lib/python3.10/site-packages/torch/lib/libtorch_cuda.so)
frame #2: <unknown function> + 0x9504a1 (0x7f4b4cf3f4a1 in /data/scratch/medhaven/nanochat/.venv/lib/python3.10/site-packages/torch/lib/libtorch_cuda.so)
frame #3: <unknown function> + 0xdc253 (0x7f4bb1622253 in /lib/x86_64-linux-gnu/libstdc++.so.6)
frame #4: <unknown function> + 0x94ac3 (0x7f4bb2269ac3 in /lib/x86_64-linux-gnu/libc.so.6)
frame #5: <unknown function> + 0x1268d0 (0x7f4bb22fb8d0 in /lib/x86_64-linux-gnu/libc.so.6)

W0313 13:07:37.181000 803509 torch/distributed/elastic/multiprocessing/api.py:908] Sending process 804611 closing signal SIGTERM
E0313 13:07:37.711000 803509 torch/distributed/elastic/multiprocessing/api.py:882] failed (exitcode: -6) local_rank: 0 (pid: 804610) of binary: /data/scratch/medhaven/nanochat/.venv/bin/python
Traceback (most recent call last):
  File "/data/scratch/medhaven/nanochat/.venv/bin/torchrun", line 10, in <module>
    sys.exit(main())
  File "/data/scratch/medhaven/nanochat/.venv/lib/python3.10/site-packages/torch/distributed/elastic/multiprocessing/errors/__init__.py", line 357, in wrapper
    return f(*args, **kwargs)
  File "/data/scratch/medhaven/nanochat/.venv/lib/python3.10/site-packages/torch/distributed/run.py", line 936, in main
    run(args)
  File "/data/scratch/medhaven/nanochat/.venv/lib/python3.10/site-packages/torch/distributed/run.py", line 927, in run
    elastic_launch(
  File "/data/scratch/medhaven/nanochat/.venv/lib/python3.10/site-packages/torch/distributed/launcher/api.py", line 156, in __call__
    return launch_agent(self._config, self._entrypoint, list(args))
  File "/data/scratch/medhaven/nanochat/.venv/lib/python3.10/site-packages/torch/distributed/launcher/api.py", line 293, in launch_agent
    raise ChildFailedError(
torch.distributed.elastic.multiprocessing.errors.ChildFailedError: 
=======================================================
scripts.softmax_muon_train FAILED
-------------------------------------------------------
Failures:
  <NO_OTHER_FAILURES>
-------------------------------------------------------
Root Cause (first observed failure):
[0]:
  time      : 2026-03-13_13:07:37
  host      : andreas-h100-1.csail.mit.edu
  rank      : 0 (local_rank: 0)
  exitcode  : -6 (pid: 804610)
  error_file: <N/A>
  traceback : Signal 6 (SIGABRT) received by PID 804610
=======================================================
