cpu-bind=MASK - andreas-h100-1, task  0  0 [855558]: mask 0x7f80000000000000ff0000 set
Resolved 134 packages in 9ms
Audited 121 packages in 513ms
[W313 13:14:56.308667703 Utils.hpp:137] Warning: Environment variable NCCL_ASYNC_ERROR_HANDLING is deprecated; use TORCH_NCCL_ASYNC_ERROR_HANDLING instead (function operator())
[W313 13:14:56.316032323 Utils.hpp:137] Warning: Environment variable NCCL_ASYNC_ERROR_HANDLING is deprecated; use TORCH_NCCL_ASYNC_ERROR_HANDLING instead (function operator())
2026-03-13 13:14:56,749 - nanochat.common - [32m[1mINFO[0m - Distributed world size: 2
[rank0]: Traceback (most recent call last):
[rank0]:   File "/usr/lib/python3.10/runpy.py", line 196, in _run_module_as_main
[rank0]:     return _run_code(code, main_globals, None,
[rank0]:   File "/usr/lib/python3.10/runpy.py", line 86, in _run_code
[rank0]:     exec(code, run_globals)
[rank0]:   File "/data/scratch/medhaven/nanochat/scripts/softmax_muon_train.py", line 344, in <module>
[rank0]:     val_bpb = evaluate_bpb(model, val_loader, eval_steps, token_bytes)
[rank0]:   File "/data/scratch/medhaven/nanochat/.venv/lib/python3.10/site-packages/torch/utils/_contextlib.py", line 120, in decorate_context
[rank0]:     return func(*args, **kwargs)
[rank0]:   File "/data/scratch/medhaven/nanochat/nanochat/loss_eval.py", line 57, in evaluate_bpb
[rank0]:     dist.all_reduce(total_nats, op=dist.ReduceOp.SUM)
[rank0]:   File "/data/scratch/medhaven/nanochat/.venv/lib/python3.10/site-packages/torch/distributed/c10d_logger.py", line 81, in wrapper
[rank0]:     return func(*args, **kwargs)
[rank0]:   File "/data/scratch/medhaven/nanochat/.venv/lib/python3.10/site-packages/torch/distributed/distributed_c10d.py", line 2935, in all_reduce
[rank0]:     work = group.allreduce([tensor], opts)
[rank0]: torch.distributed.DistBackendError: NCCL error in: /pytorch/torch/csrc/distributed/c10d/ProcessGroupNCCL.cpp:3690, unhandled cuda error (run with NCCL_DEBUG=INFO for details), NCCL version 2.27.5
[rank0]: ncclUnhandledCudaError: Call to CUDA function failed.
[rank0]: Last error:
[rank0]: Cuda failure 700 'an illegal memory access was encountered'
[rank0]:[W313 13:16:02.389827800 ProcessGroupNCCL.cpp:1524] Warning: WARNING: destroy_process_group() was not called before program exit, which can leak resources. For more info, please see https://pytorch.org/docs/stable/distributed.html#shutdown (function operator())
W0313 13:16:04.340000 855584 torch/distributed/elastic/multiprocessing/api.py:908] Sending process 855921 closing signal SIGTERM
E0313 13:16:04.805000 855584 torch/distributed/elastic/multiprocessing/api.py:882] failed (exitcode: 1) local_rank: 0 (pid: 855920) of binary: /data/scratch/medhaven/nanochat/.venv/bin/python
Traceback (most recent call last):
  File "/data/scratch/medhaven/nanochat/.venv/bin/torchrun", line 10, in <module>
    sys.exit(main())
  File "/data/scratch/medhaven/nanochat/.venv/lib/python3.10/site-packages/torch/distributed/elastic/multiprocessing/errors/__init__.py", line 357, in wrapper
    return f(*args, **kwargs)
  File "/data/scratch/medhaven/nanochat/.venv/lib/python3.10/site-packages/torch/distributed/run.py", line 936, in main
    run(args)
  File "/data/scratch/medhaven/nanochat/.venv/lib/python3.10/site-packages/torch/distributed/run.py", line 927, in run
    elastic_launch(
  File "/data/scratch/medhaven/nanochat/.venv/lib/python3.10/site-packages/torch/distributed/launcher/api.py", line 156, in __call__
    return launch_agent(self._config, self._entrypoint, list(args))
  File "/data/scratch/medhaven/nanochat/.venv/lib/python3.10/site-packages/torch/distributed/launcher/api.py", line 293, in launch_agent
    raise ChildFailedError(
torch.distributed.elastic.multiprocessing.errors.ChildFailedError: 
============================================================
scripts.softmax_muon_train FAILED
------------------------------------------------------------
Failures:
  <NO_OTHER_FAILURES>
------------------------------------------------------------
Root Cause (first observed failure):
[0]:
  time      : 2026-03-13_13:16:04
  host      : andreas-h100-1.csail.mit.edu
  rank      : 0 (local_rank: 0)
  exitcode  : 1 (pid: 855920)
  error_file: <N/A>
  traceback : To enable traceback see: https://pytorch.org/docs/stable/elastic/errors.html
============================================================
