========================================
Job ID: 557471
Node: andreas-h100-1
Config: SoftmaxMuon v2 eta=1.0
Start Time: Fri Mar 13 18:51:32 EDT 2026
========================================
Fri Mar 13 18:51:32 2026       
+-----------------------------------------------------------------------------------------+
| NVIDIA-SMI 575.57.08              Driver Version: 575.57.08      CUDA Version: 12.9     |
|-----------------------------------------+------------------------+----------------------+
| GPU  Name                 Persistence-M | Bus-Id          Disp.A | Volatile Uncorr. ECC |
| Fan  Temp   Perf          Pwr:Usage/Cap |           Memory-Usage | GPU-Util  Compute M. |
|                                         |                        |               MIG M. |
|=========================================+========================+======================|
|   0  NVIDIA H100 NVL                On  |   00000000:81:00.0 Off |                    0 |
| N/A   52C    P0             67W /  400W |       0MiB /  95830MiB |      0%      Default |
|                                         |                        |             Disabled |
+-----------------------------------------+------------------------+----------------------+
|   1  NVIDIA H100 NVL                On  |   00000000:A1:00.0 Off |                    0 |
| N/A   55C    P0             69W /  400W |       0MiB /  95830MiB |      0%      Default |
|                                         |                        |             Disabled |
+-----------------------------------------+------------------------+----------------------+
                                                                                         
+-----------------------------------------------------------------------------------------+
| Processes:                                                                              |
|  GPU   GI   CI              PID   Type   Process name                        GPU Memory |
|        ID   ID                                                               Usage      |
|=========================================================================================|
|  No running processes found                                                             |
+-----------------------------------------------------------------------------------------+

                                                       █████                █████
                                                      ░░███                ░░███
     ████████    ██████   ████████    ██████   ██████  ░███████    ██████  ███████
    ░░███░░███  ░░░░░███ ░░███░░███  ███░░███ ███░░███ ░███░░███  ░░░░░███░░░███░
     ░███ ░███   ███████  ░███ ░███ ░███ ░███░███ ░░░  ░███ ░███   ███████  ░███
     ░███ ░███  ███░░███  ░███ ░███ ░███ ░███░███  ███ ░███ ░███  ███░░███  ░███ ███
     ████ █████░░████████ ████ █████░░██████ ░░██████  ████ █████░░███████  ░░█████
    ░░░░ ░░░░░  ░░░░░░░░ ░░░░ ░░░░░  ░░░░░░   ░░░░░░  ░░░░ ░░░░░  ░░░░░░░░   ░░░░░
    
Autodetected device type: cuda
GPU: NVIDIA H100 NVL | Peak FLOPS (BF16): 8.35e+14
Using Flash Attention 3 (Hopper GPU detected)
Vocab size: 32,768
Model config:
{
  "sequence_len": 2048,
  "vocab_size": 32768,
  "n_layer": 20,
  "n_head": 10,
  "n_kv_head": 10,
  "n_embd": 1280,
  "window_pattern": "SSSL"
}
FP8 training enabled (tensorwise scaling) - converted 121 layers
Spectral logging layer: transformer.h.0.mlp.c_fc.weight (shape: torch.Size([5120, 1280]))
Parameter counts:
wte                     : 41,943,040
value_embeds            : 419,430,400
lm_head                 : 41,943,040
transformer_matrices    : 393,219,200
scalars                 : 40
total                   : 896,535,720
Estimated FLOPs per token: 3.004189e+09
Auto-computed optimal batch size: 1,048,576 tokens
Scaling LRs by 1.4142 for batch size 1,048,576
Scaling weight decay from 0.200000 to 0.071563
SoftmaxMuon optimizer created with eta=1.0
Total training tokens: 4,568,645,632 | Iterations: 4,357
Total batch size 1,048,576 => gradient accumulation steps: 16
Step 00000 | Validation bpb: 3.172610
step 00000/04357 (0.00%) | loss: 10.398407 | lrm: 1.00 | dt: 97641.21ms | tok/sec: 10,739 | bf16_mfu: 1.93 | epoch: 1 | total time: 0.00m
step 00001/04357 (0.02%) | loss: 10.891688 | lrm: 1.00 | dt: 9605.38ms | tok/sec: 109,165 | bf16_mfu: 19.64 | epoch: 1 | total time: 0.00m
step 00002/04357 (0.05%) | loss: 10.749459 | lrm: 1.00 | dt: 9628.52ms | tok/sec: 108,903 | bf16_mfu: 19.59 | epoch: 1 | total time: 0.00m
step 00003/04357 (0.07%) | loss: 10.205637 | lrm: 1.00 | dt: 9646.47ms | tok/sec: 108,700 | bf16_mfu: 19.55 | epoch: 1 | total time: 0.00m
step 00004/04357 (0.09%) | loss: 9.566016 | lrm: 1.00 | dt: 9687.49ms | tok/sec: 108,240 | bf16_mfu: 19.47 | epoch: 1 | total time: 0.00m
step 00005/04357 (0.11%) | loss: 9.036990 | lrm: 1.00 | dt: 9706.28ms | tok/sec: 108,030 | bf16_mfu: 19.43 | epoch: 1 | total time: 0.00m
step 00006/04357 (0.14%) | loss: 8.628491 | lrm: 1.00 | dt: 9688.22ms | tok/sec: 108,232 | bf16_mfu: 19.47 | epoch: 1 | total time: 0.00m
step 00007/04357 (0.16%) | loss: 8.283129 | lrm: 1.00 | dt: 9738.64ms | tok/sec: 107,671 | bf16_mfu: 19.37 | epoch: 1 | total time: 0.00m
step 00008/04357 (0.18%) | loss: 8.007867 | lrm: 1.00 | dt: 9738.11ms | tok/sec: 107,677 | bf16_mfu: 19.37 | epoch: 1 | total time: 0.00m
step 00009/04357 (0.21%) | loss: 7.771149 | lrm: 1.00 | dt: 9720.71ms | tok/sec: 107,870 | bf16_mfu: 19.40 | epoch: 1 | total time: 0.00m
step 00010/04357 (0.23%) | loss: 7.555654 | lrm: 1.00 | dt: 9735.68ms | tok/sec: 107,704 | bf16_mfu: 19.38 | epoch: 1 | total time: 0.00m
step 00011/04357 (0.25%) | loss: 7.375960 | lrm: 1.00 | dt: 9735.79ms | tok/sec: 107,703 | bf16_mfu: 19.37 | epoch: 1 | total time: 0.16m | eta: 705.2m
step 00012/04357 (0.28%) | loss: 7.207875 | lrm: 1.00 | dt: 9717.34ms | tok/sec: 107,907 | bf16_mfu: 19.41 | epoch: 1 | total time: 0.32m | eta: 704.4m
step 00013/04357 (0.30%) | loss: 7.063297 | lrm: 1.00 | dt: 9745.10ms | tok/sec: 107,600 | bf16_mfu: 19.36 | epoch: 1 | total time: 0.49m | eta: 704.7m
step 00014/04357 (0.32%) | loss: 6.949006 | lrm: 1.00 | dt: 9713.88ms | tok/sec: 107,946 | bf16_mfu: 19.42 | epoch: 1 | total time: 0.65m | eta: 704.1m
step 00015/04357 (0.34%) | loss: 6.833182 | lrm: 1.00 | dt: 9738.43ms | tok/sec: 107,674 | bf16_mfu: 19.37 | epoch: 1 | total time: 0.81m | eta: 704.1m
step 00016/04357 (0.37%) | loss: 6.746219 | lrm: 1.00 | dt: 9738.80ms | tok/sec: 107,669 | bf16_mfu: 19.37 | epoch: 1 | total time: 0.97m | eta: 704.1m
step 00017/04357 (0.39%) | loss: 6.656017 | lrm: 1.00 | dt: 9752.25ms | tok/sec: 107,521 | bf16_mfu: 19.34 | epoch: 1 | total time: 1.14m | eta: 704.1m
step 00018/04357 (0.41%) | loss: 6.565144 | lrm: 1.00 | dt: 9781.36ms | tok/sec: 107,201 | bf16_mfu: 19.28 | epoch: 1 | total time: 1.30m | eta: 704.4m
step 00019/04357 (0.44%) | loss: 6.494608 | lrm: 1.00 | dt: 9750.79ms | tok/sec: 107,537 | bf16_mfu: 19.35 | epoch: 1 | total time: 1.46m | eta: 704.3m
step 00020/04357 (0.46%) | loss: 6.423301 | lrm: 1.00 | dt: 9762.16ms | tok/sec: 107,412 | bf16_mfu: 19.32 | epoch: 1 | total time: 1.62m | eta: 704.3m
step 00021/04357 (0.48%) | loss: 6.364173 | lrm: 1.00 | dt: 9793.94ms | tok/sec: 107,063 | bf16_mfu: 19.26 | epoch: 1 | total time: 1.79m | eta: 704.5m
step 00022/04357 (0.50%) | loss: 6.315560 | lrm: 1.00 | dt: 9804.28ms | tok/sec: 106,950 | bf16_mfu: 19.24 | epoch: 1 | total time: 1.95m | eta: 704.6m
step 00023/04357 (0.53%) | loss: 6.267446 | lrm: 1.00 | dt: 9822.74ms | tok/sec: 106,749 | bf16_mfu: 19.20 | epoch: 1 | total time: 2.11m | eta: 704.9m
step 00024/04357 (0.55%) | loss: 6.208150 | lrm: 1.00 | dt: 9823.62ms | tok/sec: 106,740 | bf16_mfu: 19.20 | epoch: 1 | total time: 2.28m | eta: 705.0m
step 00025/04357 (0.57%) | loss: 6.171998 | lrm: 1.00 | dt: 9861.57ms | tok/sec: 106,329 | bf16_mfu: 19.13 | epoch: 1 | total time: 2.44m | eta: 705.4m
step 00026/04357 (0.60%) | loss: 6.134111 | lrm: 1.00 | dt: 9877.44ms | tok/sec: 106,158 | bf16_mfu: 19.10 | epoch: 1 | total time: 2.61m | eta: 705.7m
step 00027/04357 (0.62%) | loss: 6.101434 | lrm: 1.00 | dt: 9891.32ms | tok/sec: 106,009 | bf16_mfu: 19.07 | epoch: 1 | total time: 2.77m | eta: 706.0m
step 00028/04357 (0.64%) | loss: 6.067242 | lrm: 1.00 | dt: 9923.70ms | tok/sec: 105,663 | bf16_mfu: 19.01 | epoch: 1 | total time: 2.94m | eta: 706.4m
step 00029/04357 (0.67%) | loss: 6.042854 | lrm: 1.00 | dt: 9924.78ms | tok/sec: 105,652 | bf16_mfu: 19.01 | epoch: 1 | total time: 3.10m | eta: 706.8m
step 00030/04357 (0.69%) | loss: 6.020210 | lrm: 1.00 | dt: 9950.06ms | tok/sec: 105,383 | bf16_mfu: 18.96 | epoch: 1 | total time: 3.27m | eta: 707.1m
step 00031/04357 (0.71%) | loss: 5.995302 | lrm: 1.00 | dt: 9970.79ms | tok/sec: 105,164 | bf16_mfu: 18.92 | epoch: 1 | total time: 3.43m | eta: 707.5m
step 00032/04357 (0.73%) | loss: 5.975299 | lrm: 1.00 | dt: 9970.69ms | tok/sec: 105,165 | bf16_mfu: 18.92 | epoch: 1 | total time: 3.60m | eta: 707.9m
step 00033/04357 (0.76%) | loss: 5.948800 | lrm: 1.00 | dt: 9995.13ms | tok/sec: 104,908 | bf16_mfu: 18.87 | epoch: 1 | total time: 3.77m | eta: 708.3m
step 00034/04357 (0.78%) | loss: 5.911146 | lrm: 1.00 | dt: 10000.32ms | tok/sec: 104,854 | bf16_mfu: 18.86 | epoch: 1 | total time: 3.93m | eta: 708.6m
step 00035/04357 (0.80%) | loss: 5.893594 | lrm: 1.00 | dt: 9977.65ms | tok/sec: 105,092 | bf16_mfu: 18.91 | epoch: 1 | total time: 4.10m | eta: 708.9m
step 00036/04357 (0.83%) | loss: 5.872363 | lrm: 1.00 | dt: 10009.49ms | tok/sec: 104,758 | bf16_mfu: 18.85 | epoch: 1 | total time: 4.27m | eta: 709.2m
step 00037/04357 (0.85%) | loss: 5.841123 | lrm: 1.00 | dt: 9986.79ms | tok/sec: 104,996 | bf16_mfu: 18.89 | epoch: 1 | total time: 4.43m | eta: 709.4m
step 00038/04357 (0.87%) | loss: 5.816455 | lrm: 1.00 | dt: 9987.59ms | tok/sec: 104,987 | bf16_mfu: 18.89 | epoch: 1 | total time: 4.60m | eta: 709.6m
step 00039/04357 (0.90%) | loss: 5.793386 | lrm: 1.00 | dt: 9988.10ms | tok/sec: 104,982 | bf16_mfu: 18.89 | epoch: 1 | total time: 4.77m | eta: 709.7m
step 00040/04357 (0.92%) | loss: 5.768716 | lrm: 1.00 | dt: 9979.97ms | tok/sec: 105,068 | bf16_mfu: 18.90 | epoch: 1 | total time: 4.93m | eta: 709.8m
step 00041/04357 (0.94%) | loss: 5.746273 | lrm: 1.00 | dt: 9981.46ms | tok/sec: 105,052 | bf16_mfu: 18.90 | epoch: 1 | total time: 5.10m | eta: 710.0m
step 00042/04357 (0.96%) | loss: 5.717395 | lrm: 1.00 | dt: 9970.21ms | tok/sec: 105,170 | bf16_mfu: 18.92 | epoch: 1 | total time: 5.27m | eta: 710.0m
step 00043/04357 (0.99%) | loss: 5.694159 | lrm: 1.00 | dt: 9970.76ms | tok/sec: 105,165 | bf16_mfu: 18.92 | epoch: 1 | total time: 5.43m | eta: 710.1m
step 00044/04357 (1.01%) | loss: 5.674079 | lrm: 1.00 | dt: 9956.97ms | tok/sec: 105,310 | bf16_mfu: 18.94 | epoch: 1 | total time: 5.60m | eta: 710.1m
step 00045/04357 (1.03%) | loss: 5.639211 | lrm: 1.00 | dt: 9969.93ms | tok/sec: 105,173 | bf16_mfu: 18.92 | epoch: 1 | total time: 5.76m | eta: 710.1m
step 00046/04357 (1.06%) | loss: 5.622941 | lrm: 1.00 | dt: 9970.42ms | tok/sec: 105,168 | bf16_mfu: 18.92 | epoch: 1 | total time: 5.93m | eta: 710.1m
step 00047/04357 (1.08%) | loss: 5.594321 | lrm: 1.00 | dt: 9959.80ms | tok/sec: 105,280 | bf16_mfu: 18.94 | epoch: 1 | total time: 6.10m | eta: 710.1m
step 00048/04357 (1.10%) | loss: 5.570656 | lrm: 1.00 | dt: 9948.56ms | tok/sec: 105,399 | bf16_mfu: 18.96 | epoch: 1 | total time: 6.26m | eta: 710.0m
step 00049/04357 (1.12%) | loss: 5.541418 | lrm: 1.00 | dt: 9950.73ms | tok/sec: 105,376 | bf16_mfu: 18.96 | epoch: 1 | total time: 6.43m | eta: 710.0m
step 00050/04357 (1.15%) | loss: 5.529165 | lrm: 1.00 | dt: 9951.80ms | tok/sec: 105,365 | bf16_mfu: 18.95 | epoch: 1 | total time: 6.59m | eta: 709.9m
step 00051/04357 (1.17%) | loss: 5.502226 | lrm: 1.00 | dt: 9963.30ms | tok/sec: 105,243 | bf16_mfu: 18.93 | epoch: 1 | total time: 6.76m | eta: 709.9m
step 00052/04357 (1.19%) | loss: 5.479594 | lrm: 1.00 | dt: 9949.40ms | tok/sec: 105,390 | bf16_mfu: 18.96 | epoch: 1 | total time: 6.93m | eta: 709.8m
step 00053/04357 (1.22%) | loss: 5.443906 | lrm: 1.00 | dt: 9978.79ms | tok/sec: 105,080 | bf16_mfu: 18.90 | epoch: 1 | total time: 7.09m | eta: 709.8m
step 00054/04357 (1.24%) | loss: 5.407636 | lrm: 1.00 | dt: 9964.35ms | tok/sec: 105,232 | bf16_mfu: 18.93 | epoch: 1 | total time: 7.26m | eta: 709.8m
step 00055/04357 (1.26%) | loss: 5.391340 | lrm: 1.00 | dt: 9963.25ms | tok/sec: 105,244 | bf16_mfu: 18.93 | epoch: 1 | total time: 7.42m | eta: 709.7m
step 00056/04357 (1.29%) | loss: 5.372527 | lrm: 1.00 | dt: 9947.19ms | tok/sec: 105,414 | bf16_mfu: 18.96 | epoch: 1 | total time: 7.59m | eta: 709.6m
step 00057/04357 (1.31%) | loss: 5.335632 | lrm: 1.00 | dt: 9953.47ms | tok/sec: 105,347 | bf16_mfu: 18.95 | epoch: 1 | total time: 7.76m | eta: 709.5m
step 00058/04357 (1.33%) | loss: 5.310175 | lrm: 1.00 | dt: 9971.24ms | tok/sec: 105,160 | bf16_mfu: 18.92 | epoch: 1 | total time: 7.92m | eta: 709.5m
step 00059/04357 (1.35%) | loss: 5.286489 | lrm: 1.00 | dt: 9944.09ms | tok/sec: 105,447 | bf16_mfu: 18.97 | epoch: 1 | total time: 8.09m | eta: 709.4m
step 00060/04357 (1.38%) | loss: 5.255761 | lrm: 1.00 | dt: 9957.89ms | tok/sec: 105,301 | bf16_mfu: 18.94 | epoch: 1 | total time: 8.25m | eta: 709.3m
step 00061/04357 (1.40%) | loss: 5.237708 | lrm: 1.00 | dt: 9932.08ms | tok/sec: 105,574 | bf16_mfu: 18.99 | epoch: 1 | total time: 8.42m | eta: 709.2m
step 00062/04357 (1.42%) | loss: 5.213088 | lrm: 1.00 | dt: 9926.09ms | tok/sec: 105,638 | bf16_mfu: 19.00 | epoch: 1 | total time: 8.58m | eta: 709.0m
step 00063/04357 (1.45%) | loss: 5.198306 | lrm: 1.00 | dt: 9933.08ms | tok/sec: 105,564 | bf16_mfu: 18.99 | epoch: 1 | total time: 8.75m | eta: 708.9m
step 00064/04357 (1.47%) | loss: 5.176265 | lrm: 1.00 | dt: 9976.59ms | tok/sec: 105,103 | bf16_mfu: 18.91 | epoch: 1 | total time: 8.92m | eta: 708.8m
step 00065/04357 (1.49%) | loss: 5.157025 | lrm: 1.00 | dt: 9952.67ms | tok/sec: 105,356 | bf16_mfu: 18.95 | epoch: 1 | total time: 9.08m | eta: 708.7m
step 00066/04357 (1.51%) | loss: 5.140799 | lrm: 1.00 | dt: 9947.63ms | tok/sec: 105,409 | bf16_mfu: 18.96 | epoch: 1 | total time: 9.25m | eta: 708.6m
step 00067/04357 (1.54%) | loss: 5.114225 | lrm: 1.00 | dt: 9938.17ms | tok/sec: 105,509 | bf16_mfu: 18.98 | epoch: 1 | total time: 9.41m | eta: 708.5m
step 00068/04357 (1.56%) | loss: 5.105248 | lrm: 1.00 | dt: 9959.70ms | tok/sec: 105,281 | bf16_mfu: 18.94 | epoch: 1 | total time: 9.58m | eta: 708.4m
step 00069/04357 (1.58%) | loss: 5.079454 | lrm: 1.00 | dt: 9956.67ms | tok/sec: 105,313 | bf16_mfu: 18.95 | epoch: 1 | total time: 9.75m | eta: 708.3m
step 00070/04357 (1.61%) | loss: 5.065878 | lrm: 1.00 | dt: 9956.16ms | tok/sec: 105,319 | bf16_mfu: 18.95 | epoch: 1 | total time: 9.91m | eta: 708.2m
step 00071/04357 (1.63%) | loss: 5.045484 | lrm: 1.00 | dt: 9959.71ms | tok/sec: 105,281 | bf16_mfu: 18.94 | epoch: 1 | total time: 10.08m | eta: 708.1m
step 00072/04357 (1.65%) | loss: 5.026479 | lrm: 1.00 | dt: 9933.77ms | tok/sec: 105,556 | bf16_mfu: 18.99 | epoch: 1 | total time: 10.24m | eta: 707.9m
step 00073/04357 (1.68%) | loss: 5.013928 | lrm: 1.00 | dt: 9965.86ms | tok/sec: 105,216 | bf16_mfu: 18.93 | epoch: 1 | total time: 10.41m | eta: 707.8m
step 00074/04357 (1.70%) | loss: 4.981992 | lrm: 1.00 | dt: 9936.15ms | tok/sec: 105,531 | bf16_mfu: 18.98 | epoch: 1 | total time: 10.57m | eta: 707.7m
step 00075/04357 (1.72%) | loss: 4.961230 | lrm: 1.00 | dt: 9910.91ms | tok/sec: 105,800 | bf16_mfu: 19.03 | epoch: 1 | total time: 10.74m | eta: 707.5m
step 00076/04357 (1.74%) | loss: 4.940988 | lrm: 1.00 | dt: 9915.68ms | tok/sec: 105,749 | bf16_mfu: 19.02 | epoch: 1 | total time: 10.91m | eta: 707.3m
step 00077/04357 (1.77%) | loss: 4.918878 | lrm: 1.00 | dt: 9945.60ms | tok/sec: 105,431 | bf16_mfu: 18.97 | epoch: 1 | total time: 11.07m | eta: 707.2m
step 00078/04357 (1.79%) | loss: 4.898338 | lrm: 1.00 | dt: 9925.21ms | tok/sec: 105,647 | bf16_mfu: 19.01 | epoch: 1 | total time: 11.24m | eta: 707.1m
step 00079/04357 (1.81%) | loss: 4.871784 | lrm: 1.00 | dt: 9973.50ms | tok/sec: 105,136 | bf16_mfu: 18.91 | epoch: 1 | total time: 11.40m | eta: 706.9m
step 00080/04357 (1.84%) | loss: 4.847243 | lrm: 1.00 | dt: 9922.52ms | tok/sec: 105,676 | bf16_mfu: 19.01 | epoch: 1 | total time: 11.57m | eta: 706.8m
step 00081/04357 (1.86%) | loss: 4.812538 | lrm: 1.00 | dt: 9905.43ms | tok/sec: 105,858 | bf16_mfu: 19.04 | epoch: 1 | total time: 11.73m | eta: 706.6m
step 00082/04357 (1.88%) | loss: 4.795621 | lrm: 1.00 | dt: 9925.81ms | tok/sec: 105,641 | bf16_mfu: 19.00 | epoch: 1 | total time: 11.90m | eta: 706.5m
step 00083/04357 (1.90%) | loss: 4.769355 | lrm: 1.00 | dt: 9958.76ms | tok/sec: 105,291 | bf16_mfu: 18.94 | epoch: 1 | total time: 12.06m | eta: 706.3m
step 00084/04357 (1.93%) | loss: 4.776302 | lrm: 1.00 | dt: 9945.43ms | tok/sec: 105,432 | bf16_mfu: 18.97 | epoch: 1 | total time: 12.23m | eta: 706.2m
step 00085/04357 (1.95%) | loss: 4.761180 | lrm: 1.00 | dt: 9930.37ms | tok/sec: 105,592 | bf16_mfu: 19.00 | epoch: 1 | total time: 12.40m | eta: 706.1m
step 00086/04357 (1.97%) | loss: 4.754555 | lrm: 1.00 | dt: 9929.99ms | tok/sec: 105,596 | bf16_mfu: 19.00 | epoch: 1 | total time: 12.56m | eta: 705.9m
step 00087/04357 (2.00%) | loss: 4.731921 | lrm: 1.00 | dt: 9925.19ms | tok/sec: 105,647 | bf16_mfu: 19.01 | epoch: 1 | total time: 12.73m | eta: 705.7m
step 00088/04357 (2.02%) | loss: 4.721162 | lrm: 1.00 | dt: 9930.00ms | tok/sec: 105,596 | bf16_mfu: 19.00 | epoch: 1 | total time: 12.89m | eta: 705.6m
step 00089/04357 (2.04%) | loss: 4.717430 | lrm: 1.00 | dt: 9944.77ms | tok/sec: 105,439 | bf16_mfu: 18.97 | epoch: 1 | total time: 13.06m | eta: 705.4m
step 00090/04357 (2.07%) | loss: 4.700988 | lrm: 1.00 | dt: 9946.42ms | tok/sec: 105,422 | bf16_mfu: 18.96 | epoch: 1 | total time: 13.22m | eta: 705.3m
step 00091/04357 (2.09%) | loss: 4.677510 | lrm: 1.00 | dt: 9898.20ms | tok/sec: 105,936 | bf16_mfu: 19.06 | epoch: 1 | total time: 13.39m | eta: 705.1m
step 00092/04357 (2.11%) | loss: 4.640521 | lrm: 1.00 | dt: 9904.72ms | tok/sec: 105,866 | bf16_mfu: 19.04 | epoch: 1 | total time: 13.55m | eta: 704.9m
step 00093/04357 (2.13%) | loss: 4.619261 | lrm: 1.00 | dt: 9896.39ms | tok/sec: 105,955 | bf16_mfu: 19.06 | epoch: 1 | total time: 13.72m | eta: 704.8m
step 00094/04357 (2.16%) | loss: 4.596753 | lrm: 1.00 | dt: 9904.94ms | tok/sec: 105,863 | bf16_mfu: 19.04 | epoch: 1 | total time: 13.88m | eta: 704.6m
step 00095/04357 (2.18%) | loss: 4.588567 | lrm: 1.00 | dt: 9854.18ms | tok/sec: 106,409 | bf16_mfu: 19.14 | epoch: 1 | total time: 14.05m | eta: 704.4m
step 00096/04357 (2.20%) | loss: 4.555099 | lrm: 1.00 | dt: 9893.99ms | tok/sec: 105,981 | bf16_mfu: 19.07 | epoch: 1 | total time: 14.21m | eta: 704.2m
step 00097/04357 (2.23%) | loss: 4.520599 | lrm: 1.00 | dt: 9902.09ms | tok/sec: 105,894 | bf16_mfu: 19.05 | epoch: 1 | total time: 14.38m | eta: 704.0m
step 00098/04357 (2.25%) | loss: 4.511958 | lrm: 1.00 | dt: 9939.78ms | tok/sec: 105,492 | bf16_mfu: 18.98 | epoch: 1 | total time: 14.54m | eta: 703.9m
step 00099/04357 (2.27%) | loss: 4.502295 | lrm: 1.00 | dt: 9952.16ms | tok/sec: 105,361 | bf16_mfu: 18.95 | epoch: 1 | total time: 14.71m | eta: 703.7m
step 00100/04357 (2.30%) | loss: 4.490447 | lrm: 1.00 | dt: 10039.43ms | tok/sec: 104,445 | bf16_mfu: 18.79 | epoch: 1 | total time: 14.88m | eta: 703.7m
step 00101/04357 (2.32%) | loss: 4.473842 | lrm: 1.00 | dt: 9872.72ms | tok/sec: 106,209 | bf16_mfu: 19.11 | epoch: 1 | total time: 15.04m | eta: 703.5m
step 00102/04357 (2.34%) | loss: 4.464233 | lrm: 1.00 | dt: 9901.41ms | tok/sec: 105,901 | bf16_mfu: 19.05 | epoch: 1 | total time: 15.21m | eta: 703.3m
step 00103/04357 (2.36%) | loss: 4.443611 | lrm: 1.00 | dt: 9879.10ms | tok/sec: 106,140 | bf16_mfu: 19.09 | epoch: 1 | total time: 15.37m | eta: 703.1m
step 00104/04357 (2.39%) | loss: 4.429336 | lrm: 1.00 | dt: 9897.62ms | tok/sec: 105,942 | bf16_mfu: 19.06 | epoch: 1 | total time: 15.54m | eta: 702.9m
step 00105/04357 (2.41%) | loss: 4.405622 | lrm: 1.00 | dt: 9890.73ms | tok/sec: 106,016 | bf16_mfu: 19.07 | epoch: 1 | total time: 15.70m | eta: 702.7m
step 00106/04357 (2.43%) | loss: 4.384751 | lrm: 1.00 | dt: 9849.75ms | tok/sec: 106,457 | bf16_mfu: 19.15 | epoch: 1 | total time: 15.86m | eta: 702.5m
step 00107/04357 (2.46%) | loss: 4.365091 | lrm: 1.00 | dt: 9933.66ms | tok/sec: 105,557 | bf16_mfu: 18.99 | epoch: 1 | total time: 16.03m | eta: 702.4m
step 00108/04357 (2.48%) | loss: 4.364454 | lrm: 1.00 | dt: 9900.85ms | tok/sec: 105,907 | bf16_mfu: 19.05 | epoch: 1 | total time: 16.20m | eta: 702.2m
step 00109/04357 (2.50%) | loss: 4.351575 | lrm: 1.00 | dt: 9879.69ms | tok/sec: 106,134 | bf16_mfu: 19.09 | epoch: 1 | total time: 16.36m | eta: 702.0m
step 00110/04357 (2.52%) | loss: 4.336763 | lrm: 1.00 | dt: 9900.84ms | tok/sec: 105,907 | bf16_mfu: 19.05 | epoch: 1 | total time: 16.53m | eta: 701.8m
step 00111/04357 (2.55%) | loss: 4.314452 | lrm: 1.00 | dt: 9904.27ms | tok/sec: 105,871 | bf16_mfu: 19.05 | epoch: 1 | total time: 16.69m | eta: 701.6m
step 00112/04357 (2.57%) | loss: 4.303780 | lrm: 1.00 | dt: 9890.69ms | tok/sec: 106,016 | bf16_mfu: 19.07 | epoch: 1 | total time: 16.85m | eta: 701.5m
step 00113/04357 (2.59%) | loss: 4.296889 | lrm: 1.00 | dt: 9863.01ms | tok/sec: 106,313 | bf16_mfu: 19.12 | epoch: 1 | total time: 17.02m | eta: 701.3m
step 00114/04357 (2.62%) | loss: 4.263773 | lrm: 1.00 | dt: 9853.67ms | tok/sec: 106,414 | bf16_mfu: 19.14 | epoch: 1 | total time: 17.18m | eta: 701.1m
step 00115/04357 (2.64%) | loss: 4.266434 | lrm: 1.00 | dt: 9871.64ms | tok/sec: 106,221 | bf16_mfu: 19.11 | epoch: 1 | total time: 17.35m | eta: 700.9m
step 00116/04357 (2.66%) | loss: 4.248975 | lrm: 1.00 | dt: 9860.21ms | tok/sec: 106,344 | bf16_mfu: 19.13 | epoch: 1 | total time: 17.51m | eta: 700.7m
step 00117/04357 (2.69%) | loss: 4.226588 | lrm: 1.00 | dt: 9873.89ms | tok/sec: 106,196 | bf16_mfu: 19.10 | epoch: 1 | total time: 17.68m | eta: 700.5m
step 00118/04357 (2.71%) | loss: 4.218346 | lrm: 1.00 | dt: 9880.60ms | tok/sec: 106,124 | bf16_mfu: 19.09 | epoch: 1 | total time: 17.84m | eta: 700.3m
step 00119/04357 (2.73%) | loss: 4.200966 | lrm: 1.00 | dt: 9868.40ms | tok/sec: 106,255 | bf16_mfu: 19.11 | epoch: 1 | total time: 18.01m | eta: 700.1m
step 00120/04357 (2.75%) | loss: 4.191541 | lrm: 1.00 | dt: 9842.90ms | tok/sec: 106,531 | bf16_mfu: 19.16 | epoch: 1 | total time: 18.17m | eta: 699.9m
step 00121/04357 (2.78%) | loss: 4.178907 | lrm: 1.00 | dt: 9860.11ms | tok/sec: 106,345 | bf16_mfu: 19.13 | epoch: 1 | total time: 18.33m | eta: 699.7m
step 00122/04357 (2.80%) | loss: 4.165387 | lrm: 1.00 | dt: 9885.08ms | tok/sec: 106,076 | bf16_mfu: 19.08 | epoch: 1 | total time: 18.50m | eta: 699.5m
step 00123/04357 (2.82%) | loss: 4.161265 | lrm: 1.00 | dt: 9841.50ms | tok/sec: 106,546 | bf16_mfu: 19.17 | epoch: 1 | total time: 18.66m | eta: 699.3m
step 00124/04357 (2.85%) | loss: 4.145759 | lrm: 1.00 | dt: 9847.76ms | tok/sec: 106,478 | bf16_mfu: 19.15 | epoch: 1 | total time: 18.83m | eta: 699.1m
step 00125/04357 (2.87%) | loss: 4.125905 | lrm: 1.00 | dt: 9844.69ms | tok/sec: 106,511 | bf16_mfu: 19.16 | epoch: 1 | total time: 18.99m | eta: 698.9m
step 00126/04357 (2.89%) | loss: 4.112688 | lrm: 1.00 | dt: 9842.65ms | tok/sec: 106,533 | bf16_mfu: 19.16 | epoch: 1 | total time: 19.16m | eta: 698.7m
step 00127/04357 (2.91%) | loss: 4.113409 | lrm: 1.00 | dt: 9837.14ms | tok/sec: 106,593 | bf16_mfu: 19.18 | epoch: 1 | total time: 19.32m | eta: 698.5m
step 00128/04357 (2.94%) | loss: 4.102703 | lrm: 1.00 | dt: 9840.77ms | tok/sec: 106,554 | bf16_mfu: 19.17 | epoch: 1 | total time: 19.48m | eta: 698.3m
step 00129/04357 (2.96%) | loss: 4.092952 | lrm: 1.00 | dt: 9836.47ms | tok/sec: 106,600 | bf16_mfu: 19.18 | epoch: 1 | total time: 19.65m | eta: 698.1m
step 00130/04357 (2.98%) | loss: 4.076207 | lrm: 1.00 | dt: 9831.15ms | tok/sec: 106,658 | bf16_mfu: 19.19 | epoch: 1 | total time: 19.81m | eta: 697.9m
step 00131/04357 (3.01%) | loss: 4.059295 | lrm: 1.00 | dt: 9849.36ms | tok/sec: 106,461 | bf16_mfu: 19.15 | epoch: 1 | total time: 19.98m | eta: 697.7m
step 00132/04357 (3.03%) | loss: 4.052688 | lrm: 1.00 | dt: 9838.53ms | tok/sec: 106,578 | bf16_mfu: 19.17 | epoch: 1 | total time: 20.14m | eta: 697.5m
step 00133/04357 (3.05%) | loss: 4.040097 | lrm: 1.00 | dt: 9844.47ms | tok/sec: 106,514 | bf16_mfu: 19.16 | epoch: 1 | total time: 20.30m | eta: 697.3m
step 00134/04357 (3.08%) | loss: 4.034110 | lrm: 1.00 | dt: 9836.77ms | tok/sec: 106,597 | bf16_mfu: 19.18 | epoch: 1 | total time: 20.47m | eta: 697.0m
step 00135/04357 (3.10%) | loss: 3.987986 | lrm: 1.00 | dt: 9831.99ms | tok/sec: 106,649 | bf16_mfu: 19.19 | epoch: 1 | total time: 20.63m | eta: 696.8m
step 00136/04357 (3.12%) | loss: 3.973059 | lrm: 1.00 | dt: 9843.83ms | tok/sec: 106,521 | bf16_mfu: 19.16 | epoch: 1 | total time: 20.80m | eta: 696.6m
step 00137/04357 (3.14%) | loss: 3.976875 | lrm: 1.00 | dt: 9851.21ms | tok/sec: 106,441 | bf16_mfu: 19.15 | epoch: 1 | total time: 20.96m | eta: 696.5m
step 00138/04357 (3.17%) | loss: 3.976689 | lrm: 1.00 | dt: 9850.75ms | tok/sec: 106,446 | bf16_mfu: 19.15 | epoch: 1 | total time: 21.12m | eta: 696.3m
step 00139/04357 (3.19%) | loss: 3.960015 | lrm: 1.00 | dt: 9839.18ms | tok/sec: 106,571 | bf16_mfu: 19.17 | epoch: 1 | total time: 21.29m | eta: 696.1m
step 00140/04357 (3.21%) | loss: 3.947430 | lrm: 1.00 | dt: 9830.07ms | tok/sec: 106,670 | bf16_mfu: 19.19 | epoch: 1 | total time: 21.45m | eta: 695.9m
step 00141/04357 (3.24%) | loss: 3.934262 | lrm: 1.00 | dt: 9851.04ms | tok/sec: 106,443 | bf16_mfu: 19.15 | epoch: 1 | total time: 21.62m | eta: 695.7m
step 00142/04357 (3.26%) | loss: 3.938162 | lrm: 1.00 | dt: 9823.48ms | tok/sec: 106,741 | bf16_mfu: 19.20 | epoch: 1 | total time: 21.78m | eta: 695.5m
step 00143/04357 (3.28%) | loss: 3.919757 | lrm: 1.00 | dt: 9836.10ms | tok/sec: 106,604 | bf16_mfu: 19.18 | epoch: 1 | total time: 21.94m | eta: 695.3m
step 00144/04357 (3.31%) | loss: 3.914404 | lrm: 1.00 | dt: 9820.27ms | tok/sec: 106,776 | bf16_mfu: 19.21 | epoch: 1 | total time: 22.11m | eta: 695.1m
step 00145/04357 (3.33%) | loss: 3.887380 | lrm: 1.00 | dt: 9811.64ms | tok/sec: 106,870 | bf16_mfu: 19.23 | epoch: 1 | total time: 22.27m | eta: 694.8m
step 00146/04357 (3.35%) | loss: 3.894983 | lrm: 1.00 | dt: 9804.47ms | tok/sec: 106,948 | bf16_mfu: 19.24 | epoch: 1 | total time: 22.43m | eta: 694.6m
step 00147/04357 (3.37%) | loss: 3.887981 | lrm: 1.00 | dt: 9823.86ms | tok/sec: 106,737 | bf16_mfu: 19.20 | epoch: 1 | total time: 22.60m | eta: 694.4m
step 00148/04357 (3.40%) | loss: 3.898443 | lrm: 1.00 | dt: 9821.75ms | tok/sec: 106,760 | bf16_mfu: 19.21 | epoch: 1 | total time: 22.76m | eta: 694.2m
step 00149/04357 (3.42%) | loss: 3.882517 | lrm: 1.00 | dt: 9803.52ms | tok/sec: 106,959 | bf16_mfu: 19.24 | epoch: 1 | total time: 22.92m | eta: 694.0m
step 00150/04357 (3.44%) | loss: 3.870612 | lrm: 1.00 | dt: 9802.07ms | tok/sec: 106,974 | bf16_mfu: 19.24 | epoch: 1 | total time: 23.09m | eta: 693.8m
step 00151/04357 (3.47%) | loss: 3.855739 | lrm: 1.00 | dt: 9812.83ms | tok/sec: 106,857 | bf16_mfu: 19.22 | epoch: 1 | total time: 23.25m | eta: 693.6m
step 00152/04357 (3.49%) | loss: 3.848091 | lrm: 1.00 | dt: 9818.55ms | tok/sec: 106,795 | bf16_mfu: 19.21 | epoch: 1 | total time: 23.42m | eta: 693.4m
step 00153/04357 (3.51%) | loss: 3.833524 | lrm: 1.00 | dt: 9806.09ms | tok/sec: 106,931 | bf16_mfu: 19.24 | epoch: 1 | total time: 23.58m | eta: 693.2m
step 00154/04357 (3.53%) | loss: 3.834451 | lrm: 1.00 | dt: 9779.43ms | tok/sec: 107,222 | bf16_mfu: 19.29 | epoch: 1 | total time: 23.74m | eta: 693.0m
step 00155/04357 (3.56%) | loss: 3.835935 | lrm: 1.00 | dt: 9799.86ms | tok/sec: 106,999 | bf16_mfu: 19.25 | epoch: 1 | total time: 23.91m | eta: 692.8m
step 00156/04357 (3.58%) | loss: 3.845677 | lrm: 1.00 | dt: 9806.26ms | tok/sec: 106,929 | bf16_mfu: 19.24 | epoch: 1 | total time: 24.07m | eta: 692.5m
step 00157/04357 (3.60%) | loss: 3.842902 | lrm: 1.00 | dt: 9817.65ms | tok/sec: 106,805 | bf16_mfu: 19.21 | epoch: 1 | total time: 24.23m | eta: 692.3m
step 00158/04357 (3.63%) | loss: 3.834451 | lrm: 1.00 | dt: 9806.54ms | tok/sec: 106,926 | bf16_mfu: 19.24 | epoch: 1 | total time: 24.40m | eta: 692.1m
step 00159/04357 (3.65%) | loss: 3.820007 | lrm: 1.00 | dt: 9787.55ms | tok/sec: 107,133 | bf16_mfu: 19.27 | epoch: 1 | total time: 24.56m | eta: 691.9m
step 00160/04357 (3.67%) | loss: 3.811437 | lrm: 1.00 | dt: 9810.60ms | tok/sec: 106,881 | bf16_mfu: 19.23 | epoch: 1 | total time: 24.72m | eta: 691.7m
step 00161/04357 (3.70%) | loss: 3.804147 | lrm: 1.00 | dt: 9821.08ms | tok/sec: 106,767 | bf16_mfu: 19.21 | epoch: 1 | total time: 24.89m | eta: 691.5m
step 00162/04357 (3.72%) | loss: 3.801384 | lrm: 1.00 | dt: 9781.56ms | tok/sec: 107,199 | bf16_mfu: 19.28 | epoch: 1 | total time: 25.05m | eta: 691.3m
step 00163/04357 (3.74%) | loss: 3.773600 | lrm: 1.00 | dt: 9787.06ms | tok/sec: 107,138 | bf16_mfu: 19.27 | epoch: 1 | total time: 25.21m | eta: 691.1m
step 00164/04357 (3.76%) | loss: 3.787529 | lrm: 1.00 | dt: 9783.29ms | tok/sec: 107,180 | bf16_mfu: 19.28 | epoch: 1 | total time: 25.38m | eta: 690.9m
step 00165/04357 (3.79%) | loss: 3.788631 | lrm: 1.00 | dt: 9783.95ms | tok/sec: 107,173 | bf16_mfu: 19.28 | epoch: 1 | total time: 25.54m | eta: 690.7m
step 00166/04357 (3.81%) | loss: 3.790803 | lrm: 1.00 | dt: 9811.31ms | tok/sec: 106,874 | bf16_mfu: 19.23 | epoch: 1 | total time: 25.70m | eta: 690.5m
step 00167/04357 (3.83%) | loss: 3.768619 | lrm: 1.00 | dt: 9797.62ms | tok/sec: 107,023 | bf16_mfu: 19.25 | epoch: 1 | total time: 25.87m | eta: 690.3m
step 00168/04357 (3.86%) | loss: 3.760203 | lrm: 1.00 | dt: 9785.74ms | tok/sec: 107,153 | bf16_mfu: 19.28 | epoch: 1 | total time: 26.03m | eta: 690.1m
step 00169/04357 (3.88%) | loss: 3.748596 | lrm: 1.00 | dt: 9791.75ms | tok/sec: 107,087 | bf16_mfu: 19.26 | epoch: 1 | total time: 26.19m | eta: 689.9m
step 00170/04357 (3.90%) | loss: 3.741039 | lrm: 1.00 | dt: 9780.12ms | tok/sec: 107,215 | bf16_mfu: 19.29 | epoch: 1 | total time: 26.35m | eta: 689.7m
step 00171/04357 (3.92%) | loss: 3.734223 | lrm: 1.00 | dt: 9782.93ms | tok/sec: 107,184 | bf16_mfu: 19.28 | epoch: 1 | total time: 26.52m | eta: 689.5m
step 00172/04357 (3.95%) | loss: 3.728818 | lrm: 1.00 | dt: 9779.08ms | tok/sec: 107,226 | bf16_mfu: 19.29 | epoch: 1 | total time: 26.68m | eta: 689.2m
step 00173/04357 (3.97%) | loss: 3.716131 | lrm: 1.00 | dt: 9772.14ms | tok/sec: 107,302 | bf16_mfu: 19.30 | epoch: 1 | total time: 26.84m | eta: 689.0m
step 00174/04357 (3.99%) | loss: 3.715136 | lrm: 1.00 | dt: 9774.03ms | tok/sec: 107,281 | bf16_mfu: 19.30 | epoch: 1 | total time: 27.01m | eta: 688.8m
step 00175/04357 (4.02%) | loss: 3.713106 | lrm: 1.00 | dt: 9769.55ms | tok/sec: 107,331 | bf16_mfu: 19.31 | epoch: 1 | total time: 27.17m | eta: 688.6m
step 00176/04357 (4.04%) | loss: 3.712666 | lrm: 1.00 | dt: 9761.28ms | tok/sec: 107,422 | bf16_mfu: 19.32 | epoch: 1 | total time: 27.33m | eta: 688.4m
step 00177/04357 (4.06%) | loss: 3.703504 | lrm: 1.00 | dt: 9769.60ms | tok/sec: 107,330 | bf16_mfu: 19.31 | epoch: 1 | total time: 27.49m | eta: 688.2m
step 00178/04357 (4.09%) | loss: 3.702940 | lrm: 1.00 | dt: 9770.60ms | tok/sec: 107,319 | bf16_mfu: 19.31 | epoch: 1 | total time: 27.66m | eta: 688.0m
step 00179/04357 (4.11%) | loss: 3.708660 | lrm: 1.00 | dt: 9759.44ms | tok/sec: 107,442 | bf16_mfu: 19.33 | epoch: 1 | total time: 27.82m | eta: 687.8m
step 00180/04357 (4.13%) | loss: 3.695129 | lrm: 1.00 | dt: 9758.98ms | tok/sec: 107,447 | bf16_mfu: 19.33 | epoch: 1 | total time: 27.98m | eta: 687.6m
step 00181/04357 (4.15%) | loss: 3.689285 | lrm: 1.00 | dt: 9761.91ms | tok/sec: 107,415 | bf16_mfu: 19.32 | epoch: 1 | total time: 28.15m | eta: 687.3m
step 00182/04357 (4.18%) | loss: 3.681631 | lrm: 1.00 | dt: 9744.25ms | tok/sec: 107,609 | bf16_mfu: 19.36 | epoch: 1 | total time: 28.31m | eta: 687.1m
step 00183/04357 (4.20%) | loss: 3.676087 | lrm: 1.00 | dt: 9749.38ms | tok/sec: 107,553 | bf16_mfu: 19.35 | epoch: 1 | total time: 28.47m | eta: 686.9m
step 00184/04357 (4.22%) | loss: 3.674570 | lrm: 1.00 | dt: 9785.19ms | tok/sec: 107,159 | bf16_mfu: 19.28 | epoch: 1 | total time: 28.63m | eta: 686.7m
step 00185/04357 (4.25%) | loss: 3.684520 | lrm: 1.00 | dt: 9737.54ms | tok/sec: 107,683 | bf16_mfu: 19.37 | epoch: 1 | total time: 28.80m | eta: 686.5m
step 00186/04357 (4.27%) | loss: 3.674194 | lrm: 1.00 | dt: 9749.46ms | tok/sec: 107,552 | bf16_mfu: 19.35 | epoch: 1 | total time: 28.96m | eta: 686.3m
step 00187/04357 (4.29%) | loss: 3.664426 | lrm: 1.00 | dt: 9774.14ms | tok/sec: 107,280 | bf16_mfu: 19.30 | epoch: 1 | total time: 29.12m | eta: 686.1m
step 00188/04357 (4.31%) | loss: 3.666873 | lrm: 1.00 | dt: 9756.78ms | tok/sec: 107,471 | bf16_mfu: 19.33 | epoch: 1 | total time: 29.28m | eta: 685.9m
step 00189/04357 (4.34%) | loss: 3.647329 | lrm: 1.00 | dt: 9745.24ms | tok/sec: 107,598 | bf16_mfu: 19.36 | epoch: 1 | total time: 29.45m | eta: 685.6m
step 00190/04357 (4.36%) | loss: 3.664215 | lrm: 1.00 | dt: 9723.22ms | tok/sec: 107,842 | bf16_mfu: 19.40 | epoch: 1 | total time: 29.61m | eta: 685.4m
step 00191/04357 (4.38%) | loss: 3.648685 | lrm: 1.00 | dt: 9751.70ms | tok/sec: 107,527 | bf16_mfu: 19.34 | epoch: 1 | total time: 29.77m | eta: 685.2m
step 00192/04357 (4.41%) | loss: 3.654632 | lrm: 1.00 | dt: 9728.89ms | tok/sec: 107,779 | bf16_mfu: 19.39 | epoch: 1 | total time: 29.93m | eta: 685.0m
step 00193/04357 (4.43%) | loss: 3.655864 | lrm: 1.00 | dt: 9746.32ms | tok/sec: 107,586 | bf16_mfu: 19.35 | epoch: 1 | total time: 30.10m | eta: 684.8m
step 00194/04357 (4.45%) | loss: 3.662784 | lrm: 1.00 | dt: 9759.89ms | tok/sec: 107,437 | bf16_mfu: 19.33 | epoch: 1 | total time: 30.26m | eta: 684.6m
step 00195/04357 (4.48%) | loss: 3.644834 | lrm: 1.00 | dt: 9747.00ms | tok/sec: 107,579 | bf16_mfu: 19.35 | epoch: 1 | total time: 30.42m | eta: 684.4m
step 00196/04357 (4.50%) | loss: 3.638169 | lrm: 1.00 | dt: 9740.85ms | tok/sec: 107,647 | bf16_mfu: 19.36 | epoch: 1 | total time: 30.58m | eta: 684.2m
step 00197/04357 (4.52%) | loss: 3.643361 | lrm: 1.00 | dt: 9739.59ms | tok/sec: 107,661 | bf16_mfu: 19.37 | epoch: 1 | total time: 30.75m | eta: 684.0m
step 00198/04357 (4.54%) | loss: 3.633957 | lrm: 1.00 | dt: 9736.76ms | tok/sec: 107,692 | bf16_mfu: 19.37 | epoch: 1 | total time: 30.91m | eta: 683.7m
step 00199/04357 (4.57%) | loss: 3.615625 | lrm: 1.00 | dt: 9729.56ms | tok/sec: 107,772 | bf16_mfu: 19.39 | epoch: 1 | total time: 31.07m | eta: 683.5m
step 00200/04357 (4.59%) | loss: 3.606303 | lrm: 1.00 | dt: 9827.70ms | tok/sec: 106,695 | bf16_mfu: 19.19 | epoch: 1 | total time: 31.23m | eta: 683.4m
step 00201/04357 (4.61%) | loss: 3.620450 | lrm: 1.00 | dt: 9691.11ms | tok/sec: 108,199 | bf16_mfu: 19.46 | epoch: 1 | total time: 31.39m | eta: 683.1m
step 00202/04357 (4.64%) | loss: 3.614242 | lrm: 1.00 | dt: 9729.96ms | tok/sec: 107,767 | bf16_mfu: 19.39 | epoch: 1 | total time: 31.56m | eta: 682.9m
step 00203/04357 (4.66%) | loss: 3.609738 | lrm: 1.00 | dt: 9736.88ms | tok/sec: 107,691 | bf16_mfu: 19.37 | epoch: 1 | total time: 31.72m | eta: 682.7m
step 00204/04357 (4.68%) | loss: 3.612689 | lrm: 1.00 | dt: 9706.59ms | tok/sec: 108,027 | bf16_mfu: 19.43 | epoch: 1 | total time: 31.88m | eta: 682.5m
step 00205/04357 (4.71%) | loss: 3.605010 | lrm: 1.00 | dt: 9729.51ms | tok/sec: 107,772 | bf16_mfu: 19.39 | epoch: 1 | total time: 32.04m | eta: 682.3m
step 00206/04357 (4.73%) | loss: 3.590347 | lrm: 1.00 | dt: 9704.50ms | tok/sec: 108,050 | bf16_mfu: 19.44 | epoch: 1 | total time: 32.20m | eta: 682.1m
step 00207/04357 (4.75%) | loss: 3.595179 | lrm: 1.00 | dt: 9739.94ms | tok/sec: 107,657 | bf16_mfu: 19.37 | epoch: 1 | total time: 32.37m | eta: 681.8m
step 00208/04357 (4.77%) | loss: 3.596082 | lrm: 1.00 | dt: 9738.37ms | tok/sec: 107,674 | bf16_mfu: 19.37 | epoch: 1 | total time: 32.53m | eta: 681.6m
step 00209/04357 (4.80%) | loss: 3.599426 | lrm: 1.00 | dt: 9724.75ms | tok/sec: 107,825 | bf16_mfu: 19.40 | epoch: 1 | total time: 32.69m | eta: 681.4m
step 00210/04357 (4.82%) | loss: 3.593035 | lrm: 1.00 | dt: 9730.79ms | tok/sec: 107,758 | bf16_mfu: 19.38 | epoch: 1 | total time: 32.85m | eta: 681.2m
step 00211/04357 (4.84%) | loss: 3.582639 | lrm: 1.00 | dt: 9715.99ms | tok/sec: 107,922 | bf16_mfu: 19.41 | epoch: 1 | total time: 33.02m | eta: 681.0m
step 00212/04357 (4.87%) | loss: 3.578626 | lrm: 1.00 | dt: 9727.11ms | tok/sec: 107,799 | bf16_mfu: 19.39 | epoch: 1 | total time: 33.18m | eta: 680.8m
step 00213/04357 (4.89%) | loss: 3.564957 | lrm: 1.00 | dt: 9728.68ms | tok/sec: 107,781 | bf16_mfu: 19.39 | epoch: 1 | total time: 33.34m | eta: 680.6m
step 00214/04357 (4.91%) | loss: 3.557524 | lrm: 1.00 | dt: 9733.29ms | tok/sec: 107,730 | bf16_mfu: 19.38 | epoch: 1 | total time: 33.50m | eta: 680.4m
step 00215/04357 (4.93%) | loss: 3.558658 | lrm: 1.00 | dt: 9714.26ms | tok/sec: 107,941 | bf16_mfu: 19.42 | epoch: 1 | total time: 33.66m | eta: 680.2m
step 00216/04357 (4.96%) | loss: 3.551935 | lrm: 1.00 | dt: 9727.45ms | tok/sec: 107,795 | bf16_mfu: 19.39 | epoch: 1 | total time: 33.83m | eta: 680.0m
step 00217/04357 (4.98%) | loss: 3.561403 | lrm: 1.00 | dt: 9728.52ms | tok/sec: 107,783 | bf16_mfu: 19.39 | epoch: 1 | total time: 33.99m | eta: 679.8m
step 00218/04357 (5.00%) | loss: 3.546078 | lrm: 1.00 | dt: 9732.17ms | tok/sec: 107,743 | bf16_mfu: 19.38 | epoch: 1 | total time: 34.15m | eta: 679.6m
step 00219/04357 (5.03%) | loss: 3.554705 | lrm: 1.00 | dt: 9735.34ms | tok/sec: 107,708 | bf16_mfu: 19.38 | epoch: 1 | total time: 34.31m | eta: 679.4m
step 00220/04357 (5.05%) | loss: 3.549059 | lrm: 1.00 | dt: 9712.96ms | tok/sec: 107,956 | bf16_mfu: 19.42 | epoch: 1 | total time: 34.47m | eta: 679.2m
step 00221/04357 (5.07%) | loss: 3.553531 | lrm: 1.00 | dt: 9707.08ms | tok/sec: 108,021 | bf16_mfu: 19.43 | epoch: 1 | total time: 34.64m | eta: 678.9m
step 00222/04357 (5.10%) | loss: 3.544644 | lrm: 1.00 | dt: 9707.22ms | tok/sec: 108,020 | bf16_mfu: 19.43 | epoch: 1 | total time: 34.80m | eta: 678.7m
step 00223/04357 (5.12%) | loss: 3.549575 | lrm: 1.00 | dt: 9716.36ms | tok/sec: 107,918 | bf16_mfu: 19.41 | epoch: 1 | total time: 34.96m | eta: 678.5m
step 00224/04357 (5.14%) | loss: 3.529803 | lrm: 1.00 | dt: 9701.94ms | tok/sec: 108,079 | bf16_mfu: 19.44 | epoch: 1 | total time: 35.12m | eta: 678.3m
step 00225/04357 (5.16%) | loss: 3.538836 | lrm: 1.00 | dt: 9711.47ms | tok/sec: 107,972 | bf16_mfu: 19.42 | epoch: 1 | total time: 35.28m | eta: 678.1m
step 00226/04357 (5.19%) | loss: 3.532639 | lrm: 1.00 | dt: 9720.85ms | tok/sec: 107,868 | bf16_mfu: 19.40 | epoch: 1 | total time: 35.45m | eta: 677.9m
step 00227/04357 (5.21%) | loss: 3.534345 | lrm: 1.00 | dt: 9720.32ms | tok/sec: 107,874 | bf16_mfu: 19.41 | epoch: 1 | total time: 35.61m | eta: 677.7m
step 00228/04357 (5.23%) | loss: 3.509478 | lrm: 1.00 | dt: 9709.73ms | tok/sec: 107,992 | bf16_mfu: 19.43 | epoch: 1 | total time: 35.77m | eta: 677.5m
step 00229/04357 (5.26%) | loss: 3.515467 | lrm: 1.00 | dt: 9708.22ms | tok/sec: 108,009 | bf16_mfu: 19.43 | epoch: 1 | total time: 35.93m | eta: 677.3m
step 00230/04357 (5.28%) | loss: 3.521647 | lrm: 1.00 | dt: 9690.66ms | tok/sec: 108,204 | bf16_mfu: 19.47 | epoch: 1 | total time: 36.09m | eta: 677.1m
step 00231/04357 (5.30%) | loss: 3.527105 | lrm: 1.00 | dt: 9717.16ms | tok/sec: 107,909 | bf16_mfu: 19.41 | epoch: 1 | total time: 36.25m | eta: 676.9m
step 00232/04357 (5.32%) | loss: 3.525972 | lrm: 1.00 | dt: 9691.51ms | tok/sec: 108,195 | bf16_mfu: 19.46 | epoch: 1 | total time: 36.42m | eta: 676.7m
step 00233/04357 (5.35%) | loss: 3.500097 | lrm: 1.00 | dt: 9698.83ms | tok/sec: 108,113 | bf16_mfu: 19.45 | epoch: 1 | total time: 36.58m | eta: 676.4m
step 00234/04357 (5.37%) | loss: 3.495462 | lrm: 1.00 | dt: 9689.00ms | tok/sec: 108,223 | bf16_mfu: 19.47 | epoch: 1 | total time: 36.74m | eta: 676.2m
step 00235/04357 (5.39%) | loss: 3.491908 | lrm: 1.00 | dt: 9703.97ms | tok/sec: 108,056 | bf16_mfu: 19.44 | epoch: 1 | total time: 36.90m | eta: 676.0m
step 00236/04357 (5.42%) | loss: 3.483346 | lrm: 1.00 | dt: 9703.13ms | tok/sec: 108,065 | bf16_mfu: 19.44 | epoch: 1 | total time: 37.06m | eta: 675.8m
step 00237/04357 (5.44%) | loss: 3.481205 | lrm: 1.00 | dt: 9691.12ms | tok/sec: 108,199 | bf16_mfu: 19.46 | epoch: 1 | total time: 37.22m | eta: 675.6m
step 00238/04357 (5.46%) | loss: 3.482820 | lrm: 1.00 | dt: 9706.42ms | tok/sec: 108,029 | bf16_mfu: 19.43 | epoch: 1 | total time: 37.39m | eta: 675.4m
step 00239/04357 (5.49%) | loss: 3.482375 | lrm: 1.00 | dt: 9690.46ms | tok/sec: 108,206 | bf16_mfu: 19.47 | epoch: 1 | total time: 37.55m | eta: 675.2m
step 00240/04357 (5.51%) | loss: 3.472956 | lrm: 1.00 | dt: 9700.54ms | tok/sec: 108,094 | bf16_mfu: 19.45 | epoch: 1 | total time: 37.71m | eta: 675.0m
step 00241/04357 (5.53%) | loss: 3.477988 | lrm: 1.00 | dt: 9718.73ms | tok/sec: 107,892 | bf16_mfu: 19.41 | epoch: 1 | total time: 37.87m | eta: 674.8m
step 00242/04357 (5.55%) | loss: 3.480839 | lrm: 1.00 | dt: 9686.83ms | tok/sec: 108,247 | bf16_mfu: 19.47 | epoch: 1 | total time: 38.03m | eta: 674.6m
step 00243/04357 (5.58%) | loss: 3.487749 | lrm: 1.00 | dt: 9696.02ms | tok/sec: 108,145 | bf16_mfu: 19.45 | epoch: 1 | total time: 38.19m | eta: 674.4m
step 00244/04357 (5.60%) | loss: 3.503450 | lrm: 1.00 | dt: 9706.91ms | tok/sec: 108,023 | bf16_mfu: 19.43 | epoch: 1 | total time: 38.36m | eta: 674.2m
step 00245/04357 (5.62%) | loss: 3.493497 | lrm: 1.00 | dt: 9710.45ms | tok/sec: 107,984 | bf16_mfu: 19.43 | epoch: 1 | total time: 38.52m | eta: 674.0m
step 00246/04357 (5.65%) | loss: 3.484632 | lrm: 1.00 | dt: 9696.76ms | tok/sec: 108,136 | bf16_mfu: 19.45 | epoch: 1 | total time: 38.68m | eta: 673.8m
step 00247/04357 (5.67%) | loss: 3.488732 | lrm: 1.00 | dt: 9695.26ms | tok/sec: 108,153 | bf16_mfu: 19.46 | epoch: 1 | total time: 38.84m | eta: 673.6m
step 00248/04357 (5.69%) | loss: 3.479859 | lrm: 1.00 | dt: 9689.34ms | tok/sec: 108,219 | bf16_mfu: 19.47 | epoch: 1 | total time: 39.00m | eta: 673.4m
step 00249/04357 (5.71%) | loss: 3.483658 | lrm: 1.00 | dt: 9696.83ms | tok/sec: 108,135 | bf16_mfu: 19.45 | epoch: 1 | total time: 39.16m | eta: 673.2m
Step 00250 | Validation bpb: 1.049281
step 00250/04357 (5.74%) | loss: 3.471563 | lrm: 1.00 | dt: 9781.00ms | tok/sec: 107,205 | bf16_mfu: 19.29 | epoch: 1 | total time: 39.33m | eta: 673.0m
step 00251/04357 (5.76%) | loss: 3.468318 | lrm: 1.00 | dt: 9742.47ms | tok/sec: 107,629 | bf16_mfu: 19.36 | epoch: 1 | total time: 39.49m | eta: 672.8m
step 00252/04357 (5.78%) | loss: 3.467782 | lrm: 1.00 | dt: 9713.31ms | tok/sec: 107,952 | bf16_mfu: 19.42 | epoch: 1 | total time: 39.65m | eta: 672.6m
step 00253/04357 (5.81%) | loss: 3.474481 | lrm: 1.00 | dt: 9709.40ms | tok/sec: 107,995 | bf16_mfu: 19.43 | epoch: 1 | total time: 39.81m | eta: 672.4m
step 00254/04357 (5.83%) | loss: 3.477925 | lrm: 1.00 | dt: 9711.26ms | tok/sec: 107,975 | bf16_mfu: 19.42 | epoch: 1 | total time: 39.98m | eta: 672.2m
step 00255/04357 (5.85%) | loss: 3.475648 | lrm: 1.00 | dt: 9695.10ms | tok/sec: 108,155 | bf16_mfu: 19.46 | epoch: 1 | total time: 40.14m | eta: 672.0m
step 00256/04357 (5.88%) | loss: 3.474643 | lrm: 1.00 | dt: 9695.63ms | tok/sec: 108,149 | bf16_mfu: 19.46 | epoch: 1 | total time: 40.30m | eta: 671.8m
step 00257/04357 (5.90%) | loss: 3.460434 | lrm: 1.00 | dt: 9691.33ms | tok/sec: 108,197 | bf16_mfu: 19.46 | epoch: 1 | total time: 40.46m | eta: 671.6m
step 00258/04357 (5.92%) | loss: 3.449009 | lrm: 1.00 | dt: 9690.49ms | tok/sec: 108,206 | bf16_mfu: 19.47 | epoch: 1 | total time: 40.62m | eta: 671.4m
step 00259/04357 (5.94%) | loss: 3.455440 | lrm: 1.00 | dt: 9702.02ms | tok/sec: 108,078 | bf16_mfu: 19.44 | epoch: 1 | total time: 40.78m | eta: 671.2m
step 00260/04357 (5.97%) | loss: 3.448486 | lrm: 1.00 | dt: 9676.66ms | tok/sec: 108,361 | bf16_mfu: 19.49 | epoch: 1 | total time: 40.94m | eta: 671.0m
step 00261/04357 (5.99%) | loss: 3.448824 | lrm: 1.00 | dt: 9669.70ms | tok/sec: 108,439 | bf16_mfu: 19.51 | epoch: 1 | total time: 41.11m | eta: 670.8m
step 00262/04357 (6.01%) | loss: 3.460955 | lrm: 1.00 | dt: 9665.69ms | tok/sec: 108,484 | bf16_mfu: 19.52 | epoch: 1 | total time: 41.27m | eta: 670.6m
step 00263/04357 (6.04%) | loss: 3.463615 | lrm: 1.00 | dt: 9670.34ms | tok/sec: 108,432 | bf16_mfu: 19.51 | epoch: 1 | total time: 41.43m | eta: 670.4m
step 00264/04357 (6.06%) | loss: 3.447649 | lrm: 1.00 | dt: 9682.44ms | tok/sec: 108,296 | bf16_mfu: 19.48 | epoch: 1 | total time: 41.59m | eta: 670.2m
step 00265/04357 (6.08%) | loss: 3.442561 | lrm: 1.00 | dt: 9692.02ms | tok/sec: 108,189 | bf16_mfu: 19.46 | epoch: 1 | total time: 41.75m | eta: 670.0m
step 00266/04357 (6.11%) | loss: 3.432219 | lrm: 1.00 | dt: 9686.21ms | tok/sec: 108,254 | bf16_mfu: 19.47 | epoch: 1 | total time: 41.91m | eta: 669.8m
step 00267/04357 (6.13%) | loss: 3.435830 | lrm: 1.00 | dt: 9664.58ms | tok/sec: 108,496 | bf16_mfu: 19.52 | epoch: 1 | total time: 42.07m | eta: 669.6m
step 00268/04357 (6.15%) | loss: 3.437277 | lrm: 1.00 | dt: 9670.28ms | tok/sec: 108,432 | bf16_mfu: 19.51 | epoch: 1 | total time: 42.23m | eta: 669.4m
step 00269/04357 (6.17%) | loss: 3.438604 | lrm: 1.00 | dt: 9664.38ms | tok/sec: 108,499 | bf16_mfu: 19.52 | epoch: 1 | total time: 42.40m | eta: 669.2m
step 00270/04357 (6.20%) | loss: 3.429224 | lrm: 1.00 | dt: 9670.75ms | tok/sec: 108,427 | bf16_mfu: 19.51 | epoch: 1 | total time: 42.56m | eta: 669.0m
step 00271/04357 (6.22%) | loss: 3.435672 | lrm: 1.00 | dt: 9679.55ms | tok/sec: 108,328 | bf16_mfu: 19.49 | epoch: 1 | total time: 42.72m | eta: 668.8m
step 00272/04357 (6.24%) | loss: 3.439519 | lrm: 1.00 | dt: 9681.48ms | tok/sec: 108,307 | bf16_mfu: 19.48 | epoch: 1 | total time: 42.88m | eta: 668.6m
step 00273/04357 (6.27%) | loss: 3.416809 | lrm: 1.00 | dt: 9681.45ms | tok/sec: 108,307 | bf16_mfu: 19.48 | epoch: 1 | total time: 43.04m | eta: 668.4m
step 00274/04357 (6.29%) | loss: 3.426144 | lrm: 1.00 | dt: 9673.39ms | tok/sec: 108,398 | bf16_mfu: 19.50 | epoch: 1 | total time: 43.20m | eta: 668.2m
step 00275/04357 (6.31%) | loss: 3.426372 | lrm: 1.00 | dt: 9670.87ms | tok/sec: 108,426 | bf16_mfu: 19.50 | epoch: 1 | total time: 43.36m | eta: 668.0m
step 00276/04357 (6.33%) | loss: 3.417003 | lrm: 1.00 | dt: 9682.97ms | tok/sec: 108,290 | bf16_mfu: 19.48 | epoch: 1 | total time: 43.52m | eta: 667.8m
step 00277/04357 (6.36%) | loss: 3.417664 | lrm: 1.00 | dt: 9663.76ms | tok/sec: 108,506 | bf16_mfu: 19.52 | epoch: 1 | total time: 43.69m | eta: 667.6m
step 00278/04357 (6.38%) | loss: 3.400234 | lrm: 1.00 | dt: 9668.67ms | tok/sec: 108,450 | bf16_mfu: 19.51 | epoch: 1 | total time: 43.85m | eta: 667.4m
step 00279/04357 (6.40%) | loss: 3.397878 | lrm: 1.00 | dt: 9676.33ms | tok/sec: 108,365 | bf16_mfu: 19.49 | epoch: 1 | total time: 44.01m | eta: 667.2m
step 00280/04357 (6.43%) | loss: 3.393700 | lrm: 1.00 | dt: 9668.01ms | tok/sec: 108,458 | bf16_mfu: 19.51 | epoch: 1 | total time: 44.17m | eta: 667.0m
step 00281/04357 (6.45%) | loss: 3.380948 | lrm: 1.00 | dt: 9686.91ms | tok/sec: 108,246 | bf16_mfu: 19.47 | epoch: 1 | total time: 44.33m | eta: 666.8m
step 00282/04357 (6.47%) | loss: 3.377437 | lrm: 1.00 | dt: 9663.26ms | tok/sec: 108,511 | bf16_mfu: 19.52 | epoch: 1 | total time: 44.49m | eta: 666.6m
step 00283/04357 (6.50%) | loss: 3.363043 | lrm: 1.00 | dt: 9665.97ms | tok/sec: 108,481 | bf16_mfu: 19.51 | epoch: 1 | total time: 44.65m | eta: 666.4m
step 00284/04357 (6.52%) | loss: 3.378833 | lrm: 1.00 | dt: 9670.80ms | tok/sec: 108,426 | bf16_mfu: 19.51 | epoch: 1 | total time: 44.81m | eta: 666.2m
step 00285/04357 (6.54%) | loss: 3.385234 | lrm: 1.00 | dt: 9651.10ms | tok/sec: 108,648 | bf16_mfu: 19.54 | epoch: 1 | total time: 44.97m | eta: 666.0m
step 00286/04357 (6.56%) | loss: 3.369678 | lrm: 1.00 | dt: 9669.14ms | tok/sec: 108,445 | bf16_mfu: 19.51 | epoch: 1 | total time: 45.14m | eta: 665.8m
step 00287/04357 (6.59%) | loss: 3.376087 | lrm: 1.00 | dt: 9662.94ms | tok/sec: 108,515 | bf16_mfu: 19.52 | epoch: 1 | total time: 45.30m | eta: 665.6m
step 00288/04357 (6.61%) | loss: 3.377696 | lrm: 1.00 | dt: 9656.27ms | tok/sec: 108,590 | bf16_mfu: 19.53 | epoch: 1 | total time: 45.46m | eta: 665.4m
step 00289/04357 (6.63%) | loss: 3.375402 | lrm: 1.00 | dt: 9661.50ms | tok/sec: 108,531 | bf16_mfu: 19.52 | epoch: 1 | total time: 45.62m | eta: 665.2m
step 00290/04357 (6.66%) | loss: 3.378806 | lrm: 1.00 | dt: 9658.12ms | tok/sec: 108,569 | bf16_mfu: 19.53 | epoch: 1 | total time: 45.78m | eta: 665.0m
step 00291/04357 (6.68%) | loss: 3.387194 | lrm: 1.00 | dt: 9651.23ms | tok/sec: 108,646 | bf16_mfu: 19.54 | epoch: 1 | total time: 45.94m | eta: 664.8m
step 00292/04357 (6.70%) | loss: 3.382512 | lrm: 1.00 | dt: 9664.87ms | tok/sec: 108,493 | bf16_mfu: 19.52 | epoch: 1 | total time: 46.10m | eta: 664.6m
step 00293/04357 (6.72%) | loss: 3.392333 | lrm: 1.00 | dt: 9666.93ms | tok/sec: 108,470 | bf16_mfu: 19.51 | epoch: 1 | total time: 46.26m | eta: 664.4m
step 00294/04357 (6.75%) | loss: 3.387142 | lrm: 1.00 | dt: 9660.83ms | tok/sec: 108,538 | bf16_mfu: 19.53 | epoch: 1 | total time: 46.42m | eta: 664.2m
step 00295/04357 (6.77%) | loss: 3.380966 | lrm: 1.00 | dt: 9654.31ms | tok/sec: 108,612 | bf16_mfu: 19.54 | epoch: 1 | total time: 46.59m | eta: 664.0m
step 00296/04357 (6.79%) | loss: 3.371673 | lrm: 1.00 | dt: 9689.78ms | tok/sec: 108,214 | bf16_mfu: 19.47 | epoch: 1 | total time: 46.75m | eta: 663.8m
step 00297/04357 (6.82%) | loss: 3.355850 | lrm: 1.00 | dt: 9644.06ms | tok/sec: 108,727 | bf16_mfu: 19.56 | epoch: 1 | total time: 46.91m | eta: 663.6m
step 00298/04357 (6.84%) | loss: 3.352032 | lrm: 1.00 | dt: 9656.57ms | tok/sec: 108,586 | bf16_mfu: 19.53 | epoch: 1 | total time: 47.07m | eta: 663.4m
step 00299/04357 (6.86%) | loss: 3.368882 | lrm: 1.00 | dt: 9660.60ms | tok/sec: 108,541 | bf16_mfu: 19.53 | epoch: 1 | total time: 47.23m | eta: 663.2m
step 00300/04357 (6.89%) | loss: 3.372664 | lrm: 1.00 | dt: 9750.01ms | tok/sec: 107,546 | bf16_mfu: 19.35 | epoch: 1 | total time: 47.39m | eta: 663.0m
step 00301/04357 (6.91%) | loss: 3.372097 | lrm: 1.00 | dt: 9624.39ms | tok/sec: 108,949 | bf16_mfu: 19.60 | epoch: 1 | total time: 47.55m | eta: 662.8m
step 00302/04357 (6.93%) | loss: 3.369332 | lrm: 1.00 | dt: 9665.66ms | tok/sec: 108,484 | bf16_mfu: 19.52 | epoch: 1 | total time: 47.71m | eta: 662.6m
step 00303/04357 (6.95%) | loss: 3.366738 | lrm: 1.00 | dt: 9655.74ms | tok/sec: 108,596 | bf16_mfu: 19.54 | epoch: 1 | total time: 47.87m | eta: 662.4m
step 00304/04357 (6.98%) | loss: 3.369490 | lrm: 1.00 | dt: 9659.75ms | tok/sec: 108,551 | bf16_mfu: 19.53 | epoch: 1 | total time: 48.04m | eta: 662.2m
step 00305/04357 (7.00%) | loss: 3.373809 | lrm: 1.00 | dt: 9649.88ms | tok/sec: 108,662 | bf16_mfu: 19.55 | epoch: 1 | total time: 48.20m | eta: 662.0m
step 00306/04357 (7.02%) | loss: 3.367051 | lrm: 1.00 | dt: 9641.64ms | tok/sec: 108,754 | bf16_mfu: 19.56 | epoch: 1 | total time: 48.36m | eta: 661.8m
step 00307/04357 (7.05%) | loss: 3.357218 | lrm: 1.00 | dt: 9649.28ms | tok/sec: 108,668 | bf16_mfu: 19.55 | epoch: 1 | total time: 48.52m | eta: 661.6m
step 00308/04357 (7.07%) | loss: 3.359749 | lrm: 1.00 | dt: 9648.45ms | tok/sec: 108,678 | bf16_mfu: 19.55 | epoch: 1 | total time: 48.68m | eta: 661.4m
step 00309/04357 (7.09%) | loss: 3.345715 | lrm: 1.00 | dt: 9655.10ms | tok/sec: 108,603 | bf16_mfu: 19.54 | epoch: 1 | total time: 48.84m | eta: 661.2m
step 00310/04357 (7.11%) | loss: 3.346908 | lrm: 1.00 | dt: 9648.42ms | tok/sec: 108,678 | bf16_mfu: 19.55 | epoch: 1 | total time: 49.00m | eta: 661.0m
step 00311/04357 (7.14%) | loss: 3.350303 | lrm: 1.00 | dt: 9662.37ms | tok/sec: 108,521 | bf16_mfu: 19.52 | epoch: 1 | total time: 49.16m | eta: 660.8m
step 00312/04357 (7.16%) | loss: 3.353266 | lrm: 1.00 | dt: 9661.87ms | tok/sec: 108,527 | bf16_mfu: 19.52 | epoch: 1 | total time: 49.32m | eta: 660.6m
step 00313/04357 (7.18%) | loss: 3.363837 | lrm: 1.00 | dt: 9635.55ms | tok/sec: 108,823 | bf16_mfu: 19.58 | epoch: 1 | total time: 49.48m | eta: 660.4m
step 00314/04357 (7.21%) | loss: 3.359422 | lrm: 1.00 | dt: 9652.37ms | tok/sec: 108,634 | bf16_mfu: 19.54 | epoch: 1 | total time: 49.64m | eta: 660.2m
step 00315/04357 (7.23%) | loss: 3.363814 | lrm: 1.00 | dt: 9654.57ms | tok/sec: 108,609 | bf16_mfu: 19.54 | epoch: 1 | total time: 49.80m | eta: 660.0m
step 00316/04357 (7.25%) | loss: 3.362798 | lrm: 1.00 | dt: 9650.94ms | tok/sec: 108,650 | bf16_mfu: 19.55 | epoch: 1 | total time: 49.97m | eta: 659.8m
step 00317/04357 (7.28%) | loss: 3.354931 | lrm: 1.00 | dt: 9644.31ms | tok/sec: 108,724 | bf16_mfu: 19.56 | epoch: 1 | total time: 50.13m | eta: 659.6m
step 00318/04357 (7.30%) | loss: 3.359454 | lrm: 1.00 | dt: 9655.93ms | tok/sec: 108,593 | bf16_mfu: 19.54 | epoch: 1 | total time: 50.29m | eta: 659.4m
step 00319/04357 (7.32%) | loss: 3.351112 | lrm: 1.00 | dt: 9623.13ms | tok/sec: 108,964 | bf16_mfu: 19.60 | epoch: 1 | total time: 50.45m | eta: 659.2m
step 00320/04357 (7.34%) | loss: 3.347835 | lrm: 1.00 | dt: 9661.73ms | tok/sec: 108,528 | bf16_mfu: 19.52 | epoch: 1 | total time: 50.61m | eta: 659.1m
step 00321/04357 (7.37%) | loss: 3.342288 | lrm: 1.00 | dt: 9637.72ms | tok/sec: 108,799 | bf16_mfu: 19.57 | epoch: 1 | total time: 50.77m | eta: 658.9m
step 00322/04357 (7.39%) | loss: 3.346226 | lrm: 1.00 | dt: 9637.86ms | tok/sec: 108,797 | bf16_mfu: 19.57 | epoch: 1 | total time: 50.93m | eta: 658.7m
step 00323/04357 (7.41%) | loss: 3.333809 | lrm: 1.00 | dt: 9645.23ms | tok/sec: 108,714 | bf16_mfu: 19.56 | epoch: 1 | total time: 51.09m | eta: 658.5m
step 00324/04357 (7.44%) | loss: 3.319219 | lrm: 1.00 | dt: 9641.23ms | tok/sec: 108,759 | bf16_mfu: 19.56 | epoch: 1 | total time: 51.25m | eta: 658.3m
step 00325/04357 (7.46%) | loss: 3.307593 | lrm: 1.00 | dt: 9643.38ms | tok/sec: 108,735 | bf16_mfu: 19.56 | epoch: 1 | total time: 51.41m | eta: 658.1m
step 00326/04357 (7.48%) | loss: 3.316277 | lrm: 1.00 | dt: 9644.35ms | tok/sec: 108,724 | bf16_mfu: 19.56 | epoch: 1 | total time: 51.57m | eta: 657.9m
step 00327/04357 (7.51%) | loss: 3.301820 | lrm: 1.00 | dt: 9651.03ms | tok/sec: 108,649 | bf16_mfu: 19.55 | epoch: 1 | total time: 51.73m | eta: 657.7m
step 00328/04357 (7.53%) | loss: 3.306057 | lrm: 1.00 | dt: 9662.35ms | tok/sec: 108,521 | bf16_mfu: 19.52 | epoch: 1 | total time: 51.89m | eta: 657.5m
step 00329/04357 (7.55%) | loss: 3.319748 | lrm: 1.00 | dt: 9650.17ms | tok/sec: 108,658 | bf16_mfu: 19.55 | epoch: 1 | total time: 52.06m | eta: 657.3m
step 00330/04357 (7.57%) | loss: 3.321993 | lrm: 1.00 | dt: 9624.13ms | tok/sec: 108,952 | bf16_mfu: 19.60 | epoch: 1 | total time: 52.22m | eta: 657.1m
step 00331/04357 (7.60%) | loss: 3.323605 | lrm: 1.00 | dt: 9635.19ms | tok/sec: 108,827 | bf16_mfu: 19.58 | epoch: 1 | total time: 52.38m | eta: 656.9m
step 00332/04357 (7.62%) | loss: 3.318785 | lrm: 1.00 | dt: 9652.98ms | tok/sec: 108,627 | bf16_mfu: 19.54 | epoch: 1 | total time: 52.54m | eta: 656.7m
step 00333/04357 (7.64%) | loss: 3.321378 | lrm: 1.00 | dt: 9648.84ms | tok/sec: 108,673 | bf16_mfu: 19.55 | epoch: 1 | total time: 52.70m | eta: 656.5m
step 00334/04357 (7.67%) | loss: 3.326283 | lrm: 1.00 | dt: 9645.53ms | tok/sec: 108,711 | bf16_mfu: 19.56 | epoch: 1 | total time: 52.86m | eta: 656.3m
step 00335/04357 (7.69%) | loss: 3.327393 | lrm: 1.00 | dt: 9643.16ms | tok/sec: 108,737 | bf16_mfu: 19.56 | epoch: 1 | total time: 53.02m | eta: 656.1m
step 00336/04357 (7.71%) | loss: 3.327932 | lrm: 1.00 | dt: 9651.26ms | tok/sec: 108,646 | bf16_mfu: 19.54 | epoch: 1 | total time: 53.18m | eta: 655.9m
step 00337/04357 (7.73%) | loss: 3.338027 | lrm: 1.00 | dt: 9653.37ms | tok/sec: 108,622 | bf16_mfu: 19.54 | epoch: 1 | total time: 53.34m | eta: 655.8m
step 00338/04357 (7.76%) | loss: 3.326484 | lrm: 1.00 | dt: 9634.62ms | tok/sec: 108,834 | bf16_mfu: 19.58 | epoch: 1 | total time: 53.50m | eta: 655.6m
step 00339/04357 (7.78%) | loss: 3.310803 | lrm: 1.00 | dt: 9655.64ms | tok/sec: 108,597 | bf16_mfu: 19.54 | epoch: 1 | total time: 53.66m | eta: 655.4m
step 00340/04357 (7.80%) | loss: 3.306185 | lrm: 1.00 | dt: 9650.25ms | tok/sec: 108,657 | bf16_mfu: 19.55 | epoch: 1 | total time: 53.82m | eta: 655.2m
step 00341/04357 (7.83%) | loss: 3.307523 | lrm: 1.00 | dt: 9632.51ms | tok/sec: 108,858 | bf16_mfu: 19.58 | epoch: 1 | total time: 53.98m | eta: 655.0m
step 00342/04357 (7.85%) | loss: 3.300531 | lrm: 1.00 | dt: 9637.04ms | tok/sec: 108,806 | bf16_mfu: 19.57 | epoch: 1 | total time: 54.14m | eta: 654.8m
step 00343/04357 (7.87%) | loss: 3.295558 | lrm: 1.00 | dt: 9640.55ms | tok/sec: 108,767 | bf16_mfu: 19.57 | epoch: 1 | total time: 54.31m | eta: 654.6m
step 00344/04357 (7.90%) | loss: 3.303201 | lrm: 1.00 | dt: 9634.45ms | tok/sec: 108,836 | bf16_mfu: 19.58 | epoch: 1 | total time: 54.47m | eta: 654.4m
step 00345/04357 (7.92%) | loss: 3.309501 | lrm: 1.00 | dt: 9648.38ms | tok/sec: 108,679 | bf16_mfu: 19.55 | epoch: 1 | total time: 54.63m | eta: 654.2m
step 00346/04357 (7.94%) | loss: 3.313863 | lrm: 1.00 | dt: 9622.26ms | tok/sec: 108,973 | bf16_mfu: 19.60 | epoch: 1 | total time: 54.79m | eta: 654.0m
step 00347/04357 (7.96%) | loss: 3.316672 | lrm: 1.00 | dt: 9647.91ms | tok/sec: 108,684 | bf16_mfu: 19.55 | epoch: 1 | total time: 54.95m | eta: 653.8m
step 00348/04357 (7.99%) | loss: 3.307366 | lrm: 1.00 | dt: 9631.75ms | tok/sec: 108,866 | bf16_mfu: 19.58 | epoch: 1 | total time: 55.11m | eta: 653.6m
step 00349/04357 (8.01%) | loss: 3.297887 | lrm: 1.00 | dt: 9635.89ms | tok/sec: 108,819 | bf16_mfu: 19.58 | epoch: 1 | total time: 55.27m | eta: 653.4m
step 00350/04357 (8.03%) | loss: 3.306964 | lrm: 1.00 | dt: 9636.51ms | tok/sec: 108,812 | bf16_mfu: 19.57 | epoch: 1 | total time: 55.43m | eta: 653.3m
step 00351/04357 (8.06%) | loss: 3.297331 | lrm: 1.00 | dt: 9646.48ms | tok/sec: 108,700 | bf16_mfu: 19.55 | epoch: 1 | total time: 55.59m | eta: 653.1m
step 00352/04357 (8.08%) | loss: 3.289920 | lrm: 1.00 | dt: 9632.37ms | tok/sec: 108,859 | bf16_mfu: 19.58 | epoch: 1 | total time: 55.75m | eta: 652.9m
step 00353/04357 (8.10%) | loss: 3.297758 | lrm: 1.00 | dt: 9626.39ms | tok/sec: 108,927 | bf16_mfu: 19.60 | epoch: 1 | total time: 55.91m | eta: 652.7m
step 00354/04357 (8.12%) | loss: 3.293720 | lrm: 1.00 | dt: 9631.95ms | tok/sec: 108,864 | bf16_mfu: 19.58 | epoch: 1 | total time: 56.07m | eta: 652.5m
