========================================
Job ID: 557470
Node: andreas-h100-1
Config: SoftmaxMuon v2 eta=0.1
Start Time: Fri Mar 13 18:51:32 EDT 2026
========================================
Fri Mar 13 18:51:32 2026       
+-----------------------------------------------------------------------------------------+
| NVIDIA-SMI 575.57.08              Driver Version: 575.57.08      CUDA Version: 12.9     |
|-----------------------------------------+------------------------+----------------------+
| GPU  Name                 Persistence-M | Bus-Id          Disp.A | Volatile Uncorr. ECC |
| Fan  Temp   Perf          Pwr:Usage/Cap |           Memory-Usage | GPU-Util  Compute M. |
|                                         |                        |               MIG M. |
|=========================================+========================+======================|
|   0  NVIDIA H100 NVL                On  |   00000000:41:00.0 Off |                    0 |
| N/A   59C    P0             72W /  400W |       0MiB /  95830MiB |      0%      Default |
|                                         |                        |             Disabled |
+-----------------------------------------+------------------------+----------------------+
|   1  NVIDIA H100 NVL                On  |   00000000:61:00.0 Off |                    0 |
| N/A   58C    P0             68W /  400W |       0MiB /  95830MiB |      0%      Default |
|                                         |                        |             Disabled |
+-----------------------------------------+------------------------+----------------------+
                                                                                         
+-----------------------------------------------------------------------------------------+
| Processes:                                                                              |
|  GPU   GI   CI              PID   Type   Process name                        GPU Memory |
|        ID   ID                                                               Usage      |
|=========================================================================================|
|  No running processes found                                                             |
+-----------------------------------------------------------------------------------------+

                                                       █████                █████
                                                      ░░███                ░░███
     ████████    ██████   ████████    ██████   ██████  ░███████    ██████  ███████
    ░░███░░███  ░░░░░███ ░░███░░███  ███░░███ ███░░███ ░███░░███  ░░░░░███░░░███░
     ░███ ░███   ███████  ░███ ░███ ░███ ░███░███ ░░░  ░███ ░███   ███████  ░███
     ░███ ░███  ███░░███  ░███ ░███ ░███ ░███░███  ███ ░███ ░███  ███░░███  ░███ ███
     ████ █████░░████████ ████ █████░░██████ ░░██████  ████ █████░░███████  ░░█████
    ░░░░ ░░░░░  ░░░░░░░░ ░░░░ ░░░░░  ░░░░░░   ░░░░░░  ░░░░ ░░░░░  ░░░░░░░░   ░░░░░
    
Autodetected device type: cuda
GPU: NVIDIA H100 NVL | Peak FLOPS (BF16): 8.35e+14
Using Flash Attention 3 (Hopper GPU detected)
Vocab size: 32,768
Model config:
{
  "sequence_len": 2048,
  "vocab_size": 32768,
  "n_layer": 20,
  "n_head": 10,
  "n_kv_head": 10,
  "n_embd": 1280,
  "window_pattern": "SSSL"
}
FP8 training enabled (tensorwise scaling) - converted 121 layers
Spectral logging layer: transformer.h.0.mlp.c_fc.weight (shape: torch.Size([5120, 1280]))
Parameter counts:
wte                     : 41,943,040
value_embeds            : 419,430,400
lm_head                 : 41,943,040
transformer_matrices    : 393,219,200
scalars                 : 40
total                   : 896,535,720
Estimated FLOPs per token: 3.004189e+09
Auto-computed optimal batch size: 1,048,576 tokens
Scaling LRs by 1.4142 for batch size 1,048,576
Scaling weight decay from 0.200000 to 0.071563
SoftmaxMuon optimizer created with eta=0.1
Total training tokens: 4,568,645,632 | Iterations: 4,357
Total batch size 1,048,576 => gradient accumulation steps: 16
Step 00000 | Validation bpb: 3.172610
step 00000/04357 (0.00%) | loss: 10.398407 | lrm: 1.00 | dt: 102247.05ms | tok/sec: 10,255 | bf16_mfu: 1.84 | epoch: 1 | total time: 0.00m
step 00001/04357 (0.02%) | loss: 10.891687 | lrm: 1.00 | dt: 9582.82ms | tok/sec: 109,422 | bf16_mfu: 19.68 | epoch: 1 | total time: 0.00m
step 00002/04357 (0.05%) | loss: 10.758539 | lrm: 1.00 | dt: 9574.13ms | tok/sec: 109,521 | bf16_mfu: 19.70 | epoch: 1 | total time: 0.00m
step 00003/04357 (0.07%) | loss: 10.231811 | lrm: 1.00 | dt: 9624.52ms | tok/sec: 108,948 | bf16_mfu: 19.60 | epoch: 1 | total time: 0.00m
step 00004/04357 (0.09%) | loss: 9.590552 | lrm: 1.00 | dt: 9642.84ms | tok/sec: 108,741 | bf16_mfu: 19.56 | epoch: 1 | total time: 0.00m
step 00005/04357 (0.11%) | loss: 9.054971 | lrm: 1.00 | dt: 9698.23ms | tok/sec: 108,120 | bf16_mfu: 19.45 | epoch: 1 | total time: 0.00m
step 00006/04357 (0.14%) | loss: 8.643006 | lrm: 1.00 | dt: 9678.27ms | tok/sec: 108,343 | bf16_mfu: 19.49 | epoch: 1 | total time: 0.00m
step 00007/04357 (0.16%) | loss: 8.296571 | lrm: 1.00 | dt: 9707.13ms | tok/sec: 108,021 | bf16_mfu: 19.43 | epoch: 1 | total time: 0.00m
step 00008/04357 (0.18%) | loss: 8.020110 | lrm: 1.00 | dt: 9679.12ms | tok/sec: 108,333 | bf16_mfu: 19.49 | epoch: 1 | total time: 0.00m
step 00009/04357 (0.21%) | loss: 7.781622 | lrm: 1.00 | dt: 9686.21ms | tok/sec: 108,254 | bf16_mfu: 19.47 | epoch: 1 | total time: 0.00m
step 00010/04357 (0.23%) | loss: 7.565185 | lrm: 1.00 | dt: 9677.61ms | tok/sec: 108,350 | bf16_mfu: 19.49 | epoch: 1 | total time: 0.00m
step 00011/04357 (0.25%) | loss: 7.384800 | lrm: 1.00 | dt: 9698.96ms | tok/sec: 108,112 | bf16_mfu: 19.45 | epoch: 1 | total time: 0.16m | eta: 702.5m
step 00012/04357 (0.28%) | loss: 7.215817 | lrm: 1.00 | dt: 9684.89ms | tok/sec: 108,269 | bf16_mfu: 19.48 | epoch: 1 | total time: 0.32m | eta: 701.9m
step 00013/04357 (0.30%) | loss: 7.070132 | lrm: 1.00 | dt: 9725.85ms | tok/sec: 107,813 | bf16_mfu: 19.39 | epoch: 1 | total time: 0.49m | eta: 702.5m
step 00014/04357 (0.32%) | loss: 6.955227 | lrm: 1.00 | dt: 9707.04ms | tok/sec: 108,022 | bf16_mfu: 19.43 | epoch: 1 | total time: 0.65m | eta: 702.4m
step 00015/04357 (0.34%) | loss: 6.838844 | lrm: 1.00 | dt: 9673.81ms | tok/sec: 108,393 | bf16_mfu: 19.50 | epoch: 1 | total time: 0.81m | eta: 701.8m
step 00016/04357 (0.37%) | loss: 6.751725 | lrm: 1.00 | dt: 9670.82ms | tok/sec: 108,426 | bf16_mfu: 19.51 | epoch: 1 | total time: 0.97m | eta: 701.3m
step 00017/04357 (0.39%) | loss: 6.660817 | lrm: 1.00 | dt: 9700.86ms | tok/sec: 108,091 | bf16_mfu: 19.44 | epoch: 1 | total time: 1.13m | eta: 701.2m
step 00018/04357 (0.41%) | loss: 6.569468 | lrm: 1.00 | dt: 9768.36ms | tok/sec: 107,344 | bf16_mfu: 19.31 | epoch: 1 | total time: 1.29m | eta: 701.7m
step 00019/04357 (0.44%) | loss: 6.498368 | lrm: 1.00 | dt: 9735.93ms | tok/sec: 107,701 | bf16_mfu: 19.37 | epoch: 1 | total time: 1.46m | eta: 701.8m
step 00020/04357 (0.46%) | loss: 6.426585 | lrm: 1.00 | dt: 9753.70ms | tok/sec: 107,505 | bf16_mfu: 19.34 | epoch: 1 | total time: 1.62m | eta: 702.0m
step 00021/04357 (0.48%) | loss: 6.367078 | lrm: 1.00 | dt: 9729.90ms | tok/sec: 107,768 | bf16_mfu: 19.39 | epoch: 1 | total time: 1.78m | eta: 702.0m
step 00022/04357 (0.50%) | loss: 6.318145 | lrm: 1.00 | dt: 9779.03ms | tok/sec: 107,226 | bf16_mfu: 19.29 | epoch: 1 | total time: 1.94m | eta: 702.2m
step 00023/04357 (0.53%) | loss: 6.269439 | lrm: 1.00 | dt: 9802.50ms | tok/sec: 106,970 | bf16_mfu: 19.24 | epoch: 1 | total time: 2.11m | eta: 702.5m
step 00024/04357 (0.55%) | loss: 6.209990 | lrm: 1.00 | dt: 9818.18ms | tok/sec: 106,799 | bf16_mfu: 19.21 | epoch: 1 | total time: 2.27m | eta: 702.8m
step 00025/04357 (0.57%) | loss: 6.173601 | lrm: 1.00 | dt: 9802.20ms | tok/sec: 106,973 | bf16_mfu: 19.24 | epoch: 1 | total time: 2.43m | eta: 703.0m
step 00026/04357 (0.60%) | loss: 6.135500 | lrm: 1.00 | dt: 9856.09ms | tok/sec: 106,388 | bf16_mfu: 19.14 | epoch: 1 | total time: 2.60m | eta: 703.4m
step 00027/04357 (0.62%) | loss: 6.102591 | lrm: 1.00 | dt: 9836.50ms | tok/sec: 106,600 | bf16_mfu: 19.18 | epoch: 1 | total time: 2.76m | eta: 703.6m
step 00028/04357 (0.64%) | loss: 6.068533 | lrm: 1.00 | dt: 9911.80ms | tok/sec: 105,790 | bf16_mfu: 19.03 | epoch: 1 | total time: 2.93m | eta: 704.1m
step 00029/04357 (0.67%) | loss: 6.043989 | lrm: 1.00 | dt: 9889.96ms | tok/sec: 106,024 | bf16_mfu: 19.07 | epoch: 1 | total time: 3.09m | eta: 704.4m
step 00030/04357 (0.69%) | loss: 6.021259 | lrm: 1.00 | dt: 9873.84ms | tok/sec: 106,197 | bf16_mfu: 19.10 | epoch: 1 | total time: 3.26m | eta: 704.7m
step 00031/04357 (0.71%) | loss: 5.996168 | lrm: 1.00 | dt: 9917.22ms | tok/sec: 105,732 | bf16_mfu: 19.02 | epoch: 1 | total time: 3.42m | eta: 705.0m
step 00032/04357 (0.73%) | loss: 5.976188 | lrm: 1.00 | dt: 9944.45ms | tok/sec: 105,443 | bf16_mfu: 18.97 | epoch: 1 | total time: 3.59m | eta: 705.4m
step 00033/04357 (0.76%) | loss: 5.949933 | lrm: 1.00 | dt: 9937.47ms | tok/sec: 105,517 | bf16_mfu: 18.98 | epoch: 1 | total time: 3.75m | eta: 705.7m
step 00034/04357 (0.78%) | loss: 5.912461 | lrm: 1.00 | dt: 9931.10ms | tok/sec: 105,585 | bf16_mfu: 18.99 | epoch: 1 | total time: 3.92m | eta: 705.9m
step 00035/04357 (0.80%) | loss: 5.895173 | lrm: 1.00 | dt: 9954.88ms | tok/sec: 105,332 | bf16_mfu: 18.95 | epoch: 1 | total time: 4.09m | eta: 706.2m
step 00036/04357 (0.83%) | loss: 5.873830 | lrm: 1.00 | dt: 9932.37ms | tok/sec: 105,571 | bf16_mfu: 18.99 | epoch: 1 | total time: 4.25m | eta: 706.4m
step 00037/04357 (0.85%) | loss: 5.842683 | lrm: 1.00 | dt: 9935.47ms | tok/sec: 105,538 | bf16_mfu: 18.99 | epoch: 1 | total time: 4.42m | eta: 706.6m
step 00038/04357 (0.87%) | loss: 5.817915 | lrm: 1.00 | dt: 9935.63ms | tok/sec: 105,536 | bf16_mfu: 18.99 | epoch: 1 | total time: 4.58m | eta: 706.7m
step 00039/04357 (0.90%) | loss: 5.794739 | lrm: 1.00 | dt: 9947.35ms | tok/sec: 105,412 | bf16_mfu: 18.96 | epoch: 1 | total time: 4.75m | eta: 706.9m
step 00040/04357 (0.92%) | loss: 5.769943 | lrm: 1.00 | dt: 9945.54ms | tok/sec: 105,431 | bf16_mfu: 18.97 | epoch: 1 | total time: 4.91m | eta: 707.0m
step 00041/04357 (0.94%) | loss: 5.747448 | lrm: 1.00 | dt: 9935.86ms | tok/sec: 105,534 | bf16_mfu: 18.98 | epoch: 1 | total time: 5.08m | eta: 707.1m
step 00042/04357 (0.96%) | loss: 5.718885 | lrm: 1.00 | dt: 9924.78ms | tok/sec: 105,652 | bf16_mfu: 19.01 | epoch: 1 | total time: 5.24m | eta: 707.2m
step 00043/04357 (0.99%) | loss: 5.695707 | lrm: 1.00 | dt: 9924.20ms | tok/sec: 105,658 | bf16_mfu: 19.01 | epoch: 1 | total time: 5.41m | eta: 707.2m
step 00044/04357 (1.01%) | loss: 5.675909 | lrm: 1.00 | dt: 9968.29ms | tok/sec: 105,191 | bf16_mfu: 18.92 | epoch: 1 | total time: 5.58m | eta: 707.3m
step 00045/04357 (1.03%) | loss: 5.641071 | lrm: 1.00 | dt: 9957.78ms | tok/sec: 105,302 | bf16_mfu: 18.94 | epoch: 1 | total time: 5.74m | eta: 707.4m
step 00046/04357 (1.06%) | loss: 5.624806 | lrm: 1.00 | dt: 9939.31ms | tok/sec: 105,497 | bf16_mfu: 18.98 | epoch: 1 | total time: 5.91m | eta: 707.4m
step 00047/04357 (1.08%) | loss: 5.596266 | lrm: 1.00 | dt: 9927.17ms | tok/sec: 105,626 | bf16_mfu: 19.00 | epoch: 1 | total time: 6.07m | eta: 707.4m
step 00048/04357 (1.10%) | loss: 5.572315 | lrm: 1.00 | dt: 9942.83ms | tok/sec: 105,460 | bf16_mfu: 18.97 | epoch: 1 | total time: 6.24m | eta: 707.4m
step 00049/04357 (1.12%) | loss: 5.542655 | lrm: 1.00 | dt: 9958.56ms | tok/sec: 105,293 | bf16_mfu: 18.94 | epoch: 1 | total time: 6.40m | eta: 707.5m
step 00050/04357 (1.15%) | loss: 5.530677 | lrm: 1.00 | dt: 9979.55ms | tok/sec: 105,072 | bf16_mfu: 18.90 | epoch: 1 | total time: 6.57m | eta: 707.5m
step 00051/04357 (1.17%) | loss: 5.504331 | lrm: 1.00 | dt: 9956.30ms | tok/sec: 105,317 | bf16_mfu: 18.95 | epoch: 1 | total time: 6.74m | eta: 707.5m
step 00052/04357 (1.19%) | loss: 5.481163 | lrm: 1.00 | dt: 9948.72ms | tok/sec: 105,398 | bf16_mfu: 18.96 | epoch: 1 | total time: 6.90m | eta: 707.5m
step 00053/04357 (1.22%) | loss: 5.444410 | lrm: 1.00 | dt: 9909.25ms | tok/sec: 105,817 | bf16_mfu: 19.04 | epoch: 1 | total time: 7.07m | eta: 707.4m
step 00054/04357 (1.24%) | loss: 5.408607 | lrm: 1.00 | dt: 9948.76ms | tok/sec: 105,397 | bf16_mfu: 18.96 | epoch: 1 | total time: 7.23m | eta: 707.4m
step 00055/04357 (1.26%) | loss: 5.392881 | lrm: 1.00 | dt: 9917.68ms | tok/sec: 105,727 | bf16_mfu: 19.02 | epoch: 1 | total time: 7.40m | eta: 707.3m
step 00056/04357 (1.29%) | loss: 5.374578 | lrm: 1.00 | dt: 9898.27ms | tok/sec: 105,935 | bf16_mfu: 19.06 | epoch: 1 | total time: 7.56m | eta: 707.2m
step 00057/04357 (1.31%) | loss: 5.337429 | lrm: 1.00 | dt: 9929.97ms | tok/sec: 105,597 | bf16_mfu: 19.00 | epoch: 1 | total time: 7.73m | eta: 707.2m
step 00058/04357 (1.33%) | loss: 5.311512 | lrm: 1.00 | dt: 9943.04ms | tok/sec: 105,458 | bf16_mfu: 18.97 | epoch: 1 | total time: 7.90m | eta: 707.1m
step 00059/04357 (1.35%) | loss: 5.288784 | lrm: 1.00 | dt: 9898.59ms | tok/sec: 105,931 | bf16_mfu: 19.06 | epoch: 1 | total time: 8.06m | eta: 707.0m
step 00060/04357 (1.38%) | loss: 5.259154 | lrm: 1.00 | dt: 9897.78ms | tok/sec: 105,940 | bf16_mfu: 19.06 | epoch: 1 | total time: 8.23m | eta: 706.9m
step 00061/04357 (1.40%) | loss: 5.242389 | lrm: 1.00 | dt: 9893.10ms | tok/sec: 105,990 | bf16_mfu: 19.07 | epoch: 1 | total time: 8.39m | eta: 706.7m
step 00062/04357 (1.42%) | loss: 5.218241 | lrm: 1.00 | dt: 9908.71ms | tok/sec: 105,823 | bf16_mfu: 19.04 | epoch: 1 | total time: 8.56m | eta: 706.6m
step 00063/04357 (1.45%) | loss: 5.203779 | lrm: 1.00 | dt: 9885.61ms | tok/sec: 106,070 | bf16_mfu: 19.08 | epoch: 1 | total time: 8.72m | eta: 706.5m
step 00064/04357 (1.47%) | loss: 5.182469 | lrm: 1.00 | dt: 9941.24ms | tok/sec: 105,477 | bf16_mfu: 18.97 | epoch: 1 | total time: 8.89m | eta: 706.4m
step 00065/04357 (1.49%) | loss: 5.164031 | lrm: 1.00 | dt: 9894.67ms | tok/sec: 105,973 | bf16_mfu: 19.06 | epoch: 1 | total time: 9.05m | eta: 706.3m
step 00066/04357 (1.51%) | loss: 5.149282 | lrm: 1.00 | dt: 9887.48ms | tok/sec: 106,050 | bf16_mfu: 19.08 | epoch: 1 | total time: 9.22m | eta: 706.1m
step 00067/04357 (1.54%) | loss: 5.123510 | lrm: 1.00 | dt: 9888.81ms | tok/sec: 106,036 | bf16_mfu: 19.08 | epoch: 1 | total time: 9.38m | eta: 706.0m
step 00068/04357 (1.56%) | loss: 5.114501 | lrm: 1.00 | dt: 9954.84ms | tok/sec: 105,333 | bf16_mfu: 18.95 | epoch: 1 | total time: 9.55m | eta: 705.9m
step 00069/04357 (1.58%) | loss: 5.087423 | lrm: 1.00 | dt: 9882.64ms | tok/sec: 106,102 | bf16_mfu: 19.09 | epoch: 1 | total time: 9.71m | eta: 705.8m
step 00070/04357 (1.61%) | loss: 5.073213 | lrm: 1.00 | dt: 9874.31ms | tok/sec: 106,192 | bf16_mfu: 19.10 | epoch: 1 | total time: 9.88m | eta: 705.6m
step 00071/04357 (1.63%) | loss: 5.052624 | lrm: 1.00 | dt: 9861.20ms | tok/sec: 106,333 | bf16_mfu: 19.13 | epoch: 1 | total time: 10.04m | eta: 705.4m
step 00072/04357 (1.65%) | loss: 5.034047 | lrm: 1.00 | dt: 9900.60ms | tok/sec: 105,910 | bf16_mfu: 19.05 | epoch: 1 | total time: 10.20m | eta: 705.3m
step 00073/04357 (1.68%) | loss: 5.021311 | lrm: 1.00 | dt: 9908.43ms | tok/sec: 105,826 | bf16_mfu: 19.04 | epoch: 1 | total time: 10.37m | eta: 705.1m
step 00074/04357 (1.70%) | loss: 4.988611 | lrm: 1.00 | dt: 9906.31ms | tok/sec: 105,849 | bf16_mfu: 19.04 | epoch: 1 | total time: 10.53m | eta: 705.0m
step 00075/04357 (1.72%) | loss: 4.967514 | lrm: 1.00 | dt: 9866.95ms | tok/sec: 106,271 | bf16_mfu: 19.12 | epoch: 1 | total time: 10.70m | eta: 704.8m
step 00076/04357 (1.74%) | loss: 4.947227 | lrm: 1.00 | dt: 9895.15ms | tok/sec: 105,968 | bf16_mfu: 19.06 | epoch: 1 | total time: 10.86m | eta: 704.7m
step 00077/04357 (1.77%) | loss: 4.925016 | lrm: 1.00 | dt: 9861.20ms | tok/sec: 106,333 | bf16_mfu: 19.13 | epoch: 1 | total time: 11.03m | eta: 704.5m
step 00078/04357 (1.79%) | loss: 4.904602 | lrm: 1.00 | dt: 9902.50ms | tok/sec: 105,890 | bf16_mfu: 19.05 | epoch: 1 | total time: 11.19m | eta: 704.4m
step 00079/04357 (1.81%) | loss: 4.878880 | lrm: 1.00 | dt: 9867.47ms | tok/sec: 106,265 | bf16_mfu: 19.12 | epoch: 1 | total time: 11.36m | eta: 704.2m
step 00080/04357 (1.84%) | loss: 4.854348 | lrm: 1.00 | dt: 9854.68ms | tok/sec: 106,403 | bf16_mfu: 19.14 | epoch: 1 | total time: 11.52m | eta: 704.0m
step 00081/04357 (1.86%) | loss: 4.820343 | lrm: 1.00 | dt: 9860.52ms | tok/sec: 106,340 | bf16_mfu: 19.13 | epoch: 1 | total time: 11.69m | eta: 703.8m
step 00082/04357 (1.88%) | loss: 4.803656 | lrm: 1.00 | dt: 9904.43ms | tok/sec: 105,869 | bf16_mfu: 19.05 | epoch: 1 | total time: 11.85m | eta: 703.7m
step 00083/04357 (1.90%) | loss: 4.778227 | lrm: 1.00 | dt: 9864.94ms | tok/sec: 106,293 | bf16_mfu: 19.12 | epoch: 1 | total time: 12.02m | eta: 703.5m
step 00084/04357 (1.93%) | loss: 4.785401 | lrm: 1.00 | dt: 9846.36ms | tok/sec: 106,493 | bf16_mfu: 19.16 | epoch: 1 | total time: 12.18m | eta: 703.3m
step 00085/04357 (1.95%) | loss: 4.769951 | lrm: 1.00 | dt: 9854.33ms | tok/sec: 106,407 | bf16_mfu: 19.14 | epoch: 1 | total time: 12.34m | eta: 703.1m
step 00086/04357 (1.97%) | loss: 4.762164 | lrm: 1.00 | dt: 9856.20ms | tok/sec: 106,387 | bf16_mfu: 19.14 | epoch: 1 | total time: 12.51m | eta: 703.0m
step 00087/04357 (2.00%) | loss: 4.738455 | lrm: 1.00 | dt: 9826.56ms | tok/sec: 106,708 | bf16_mfu: 19.20 | epoch: 1 | total time: 12.67m | eta: 702.8m
step 00088/04357 (2.02%) | loss: 4.728927 | lrm: 1.00 | dt: 9880.52ms | tok/sec: 106,125 | bf16_mfu: 19.09 | epoch: 1 | total time: 12.84m | eta: 702.6m
step 00089/04357 (2.04%) | loss: 4.725500 | lrm: 1.00 | dt: 9892.07ms | tok/sec: 106,001 | bf16_mfu: 19.07 | epoch: 1 | total time: 13.00m | eta: 702.4m
step 00090/04357 (2.07%) | loss: 4.708296 | lrm: 1.00 | dt: 9892.62ms | tok/sec: 105,995 | bf16_mfu: 19.07 | epoch: 1 | total time: 13.17m | eta: 702.3m
step 00091/04357 (2.09%) | loss: 4.684603 | lrm: 1.00 | dt: 9839.18ms | tok/sec: 106,571 | bf16_mfu: 19.17 | epoch: 1 | total time: 13.33m | eta: 702.1m
step 00092/04357 (2.11%) | loss: 4.647881 | lrm: 1.00 | dt: 9834.43ms | tok/sec: 106,622 | bf16_mfu: 19.18 | epoch: 1 | total time: 13.49m | eta: 701.9m
step 00093/04357 (2.13%) | loss: 4.626792 | lrm: 1.00 | dt: 9853.58ms | tok/sec: 106,415 | bf16_mfu: 19.14 | epoch: 1 | total time: 13.66m | eta: 701.7m
step 00094/04357 (2.16%) | loss: 4.605076 | lrm: 1.00 | dt: 9959.53ms | tok/sec: 105,283 | bf16_mfu: 18.94 | epoch: 1 | total time: 13.83m | eta: 701.6m
step 00095/04357 (2.18%) | loss: 4.597120 | lrm: 1.00 | dt: 9814.79ms | tok/sec: 106,836 | bf16_mfu: 19.22 | epoch: 1 | total time: 13.99m | eta: 701.4m
step 00096/04357 (2.20%) | loss: 4.563811 | lrm: 1.00 | dt: 9837.82ms | tok/sec: 106,586 | bf16_mfu: 19.17 | epoch: 1 | total time: 14.15m | eta: 701.2m
step 00097/04357 (2.23%) | loss: 4.529209 | lrm: 1.00 | dt: 9903.83ms | tok/sec: 105,875 | bf16_mfu: 19.05 | epoch: 1 | total time: 14.32m | eta: 701.1m
step 00098/04357 (2.25%) | loss: 4.521484 | lrm: 1.00 | dt: 9957.73ms | tok/sec: 105,302 | bf16_mfu: 18.94 | epoch: 1 | total time: 14.48m | eta: 701.0m
step 00099/04357 (2.27%) | loss: 4.509319 | lrm: 1.00 | dt: 9833.12ms | tok/sec: 106,637 | bf16_mfu: 19.18 | epoch: 1 | total time: 14.65m | eta: 700.8m
step 00100/04357 (2.30%) | loss: 4.493337 | lrm: 1.00 | dt: 9973.03ms | tok/sec: 105,141 | bf16_mfu: 18.91 | epoch: 1 | total time: 14.81m | eta: 700.7m
step 00101/04357 (2.32%) | loss: 4.476142 | lrm: 1.00 | dt: 9827.99ms | tok/sec: 106,692 | bf16_mfu: 19.19 | epoch: 1 | total time: 14.98m | eta: 700.5m
step 00102/04357 (2.34%) | loss: 4.467145 | lrm: 1.00 | dt: 9830.76ms | tok/sec: 106,662 | bf16_mfu: 19.19 | epoch: 1 | total time: 15.14m | eta: 700.3m
step 00103/04357 (2.36%) | loss: 4.447343 | lrm: 1.00 | dt: 9865.32ms | tok/sec: 106,289 | bf16_mfu: 19.12 | epoch: 1 | total time: 15.31m | eta: 700.1m
step 00104/04357 (2.39%) | loss: 4.433903 | lrm: 1.00 | dt: 9904.55ms | tok/sec: 105,868 | bf16_mfu: 19.04 | epoch: 1 | total time: 15.47m | eta: 700.0m
step 00105/04357 (2.41%) | loss: 4.411780 | lrm: 1.00 | dt: 9836.67ms | tok/sec: 106,598 | bf16_mfu: 19.18 | epoch: 1 | total time: 15.63m | eta: 699.8m
step 00106/04357 (2.43%) | loss: 4.392665 | lrm: 1.00 | dt: 9851.37ms | tok/sec: 106,439 | bf16_mfu: 19.15 | epoch: 1 | total time: 15.80m | eta: 699.6m
step 00107/04357 (2.46%) | loss: 4.374035 | lrm: 1.00 | dt: 9877.65ms | tok/sec: 106,156 | bf16_mfu: 19.10 | epoch: 1 | total time: 15.96m | eta: 699.4m
step 00108/04357 (2.48%) | loss: 4.372587 | lrm: 1.00 | dt: 9825.84ms | tok/sec: 106,716 | bf16_mfu: 19.20 | epoch: 1 | total time: 16.13m | eta: 699.2m
step 00109/04357 (2.50%) | loss: 4.356959 | lrm: 1.00 | dt: 9832.24ms | tok/sec: 106,646 | bf16_mfu: 19.18 | epoch: 1 | total time: 16.29m | eta: 699.0m
step 00110/04357 (2.52%) | loss: 4.341261 | lrm: 1.00 | dt: 9843.36ms | tok/sec: 106,526 | bf16_mfu: 19.16 | epoch: 1 | total time: 16.46m | eta: 698.9m
step 00111/04357 (2.55%) | loss: 4.319281 | lrm: 1.00 | dt: 9829.99ms | tok/sec: 106,671 | bf16_mfu: 19.19 | epoch: 1 | total time: 16.62m | eta: 698.7m
step 00112/04357 (2.57%) | loss: 4.306552 | lrm: 1.00 | dt: 9780.44ms | tok/sec: 107,211 | bf16_mfu: 19.29 | epoch: 1 | total time: 16.78m | eta: 698.4m
step 00113/04357 (2.59%) | loss: 4.299286 | lrm: 1.00 | dt: 9830.40ms | tok/sec: 106,666 | bf16_mfu: 19.19 | epoch: 1 | total time: 16.95m | eta: 698.2m
step 00114/04357 (2.62%) | loss: 4.269060 | lrm: 1.00 | dt: 9821.86ms | tok/sec: 106,759 | bf16_mfu: 19.21 | epoch: 1 | total time: 17.11m | eta: 698.0m
step 00115/04357 (2.64%) | loss: 4.273242 | lrm: 1.00 | dt: 9846.36ms | tok/sec: 106,493 | bf16_mfu: 19.16 | epoch: 1 | total time: 17.27m | eta: 697.9m
step 00116/04357 (2.66%) | loss: 4.256342 | lrm: 1.00 | dt: 9811.37ms | tok/sec: 106,873 | bf16_mfu: 19.23 | epoch: 1 | total time: 17.44m | eta: 697.7m
step 00117/04357 (2.69%) | loss: 4.233273 | lrm: 1.00 | dt: 9808.24ms | tok/sec: 106,907 | bf16_mfu: 19.23 | epoch: 1 | total time: 17.60m | eta: 697.5m
step 00118/04357 (2.71%) | loss: 4.223802 | lrm: 1.00 | dt: 9824.59ms | tok/sec: 106,729 | bf16_mfu: 19.20 | epoch: 1 | total time: 17.76m | eta: 697.3m
step 00119/04357 (2.73%) | loss: 4.205645 | lrm: 1.00 | dt: 9812.25ms | tok/sec: 106,863 | bf16_mfu: 19.22 | epoch: 1 | total time: 17.93m | eta: 697.1m
step 00120/04357 (2.75%) | loss: 4.197127 | lrm: 1.00 | dt: 9796.88ms | tok/sec: 107,031 | bf16_mfu: 19.25 | epoch: 1 | total time: 18.09m | eta: 696.9m
step 00121/04357 (2.78%) | loss: 4.184177 | lrm: 1.00 | dt: 9829.47ms | tok/sec: 106,676 | bf16_mfu: 19.19 | epoch: 1 | total time: 18.26m | eta: 696.7m
step 00122/04357 (2.80%) | loss: 4.167309 | lrm: 1.00 | dt: 9808.58ms | tok/sec: 106,903 | bf16_mfu: 19.23 | epoch: 1 | total time: 18.42m | eta: 696.5m
step 00123/04357 (2.82%) | loss: 4.161912 | lrm: 1.00 | dt: 9792.43ms | tok/sec: 107,080 | bf16_mfu: 19.26 | epoch: 1 | total time: 18.58m | eta: 696.2m
step 00124/04357 (2.85%) | loss: 4.145309 | lrm: 1.00 | dt: 9811.27ms | tok/sec: 106,874 | bf16_mfu: 19.23 | epoch: 1 | total time: 18.75m | eta: 696.0m
step 00125/04357 (2.87%) | loss: 4.126419 | lrm: 1.00 | dt: 9812.56ms | tok/sec: 106,860 | bf16_mfu: 19.22 | epoch: 1 | total time: 18.91m | eta: 695.9m
step 00126/04357 (2.89%) | loss: 4.113777 | lrm: 1.00 | dt: 9774.04ms | tok/sec: 107,281 | bf16_mfu: 19.30 | epoch: 1 | total time: 19.07m | eta: 695.6m
step 00127/04357 (2.91%) | loss: 4.112386 | lrm: 1.00 | dt: 9767.29ms | tok/sec: 107,355 | bf16_mfu: 19.31 | epoch: 1 | total time: 19.23m | eta: 695.4m
step 00128/04357 (2.94%) | loss: 4.100010 | lrm: 1.00 | dt: 9829.66ms | tok/sec: 106,674 | bf16_mfu: 19.19 | epoch: 1 | total time: 19.40m | eta: 695.2m
step 00129/04357 (2.96%) | loss: 4.088808 | lrm: 1.00 | dt: 9776.32ms | tok/sec: 107,256 | bf16_mfu: 19.29 | epoch: 1 | total time: 19.56m | eta: 695.0m
step 00130/04357 (2.98%) | loss: 4.072867 | lrm: 1.00 | dt: 9764.99ms | tok/sec: 107,381 | bf16_mfu: 19.32 | epoch: 1 | total time: 19.72m | eta: 694.8m
step 00131/04357 (3.01%) | loss: 4.056531 | lrm: 1.00 | dt: 9786.60ms | tok/sec: 107,144 | bf16_mfu: 19.27 | epoch: 1 | total time: 19.89m | eta: 694.6m
step 00132/04357 (3.03%) | loss: 4.049942 | lrm: 1.00 | dt: 9800.01ms | tok/sec: 106,997 | bf16_mfu: 19.25 | epoch: 1 | total time: 20.05m | eta: 694.4m
step 00133/04357 (3.05%) | loss: 4.037251 | lrm: 1.00 | dt: 9802.71ms | tok/sec: 106,967 | bf16_mfu: 19.24 | epoch: 1 | total time: 20.21m | eta: 694.2m
step 00134/04357 (3.08%) | loss: 4.031762 | lrm: 1.00 | dt: 9779.52ms | tok/sec: 107,221 | bf16_mfu: 19.29 | epoch: 1 | total time: 20.38m | eta: 694.0m
step 00135/04357 (3.10%) | loss: 3.988167 | lrm: 1.00 | dt: 9823.96ms | tok/sec: 106,736 | bf16_mfu: 19.20 | epoch: 1 | total time: 20.54m | eta: 693.8m
step 00136/04357 (3.12%) | loss: 3.973370 | lrm: 1.00 | dt: 9793.46ms | tok/sec: 107,069 | bf16_mfu: 19.26 | epoch: 1 | total time: 20.70m | eta: 693.6m
step 00137/04357 (3.14%) | loss: 3.975752 | lrm: 1.00 | dt: 9750.59ms | tok/sec: 107,539 | bf16_mfu: 19.35 | epoch: 1 | total time: 20.87m | eta: 693.4m
step 00138/04357 (3.17%) | loss: 3.975740 | lrm: 1.00 | dt: 9773.65ms | tok/sec: 107,286 | bf16_mfu: 19.30 | epoch: 1 | total time: 21.03m | eta: 693.1m
step 00139/04357 (3.19%) | loss: 3.960151 | lrm: 1.00 | dt: 9794.00ms | tok/sec: 107,063 | bf16_mfu: 19.26 | epoch: 1 | total time: 21.19m | eta: 693.0m
step 00140/04357 (3.21%) | loss: 3.948296 | lrm: 1.00 | dt: 9807.28ms | tok/sec: 106,918 | bf16_mfu: 19.23 | epoch: 1 | total time: 21.36m | eta: 692.8m
step 00141/04357 (3.24%) | loss: 3.936623 | lrm: 1.00 | dt: 9783.32ms | tok/sec: 107,180 | bf16_mfu: 19.28 | epoch: 1 | total time: 21.52m | eta: 692.6m
step 00142/04357 (3.26%) | loss: 3.940443 | lrm: 1.00 | dt: 9738.52ms | tok/sec: 107,673 | bf16_mfu: 19.37 | epoch: 1 | total time: 21.68m | eta: 692.3m
step 00143/04357 (3.28%) | loss: 3.920551 | lrm: 1.00 | dt: 9767.49ms | tok/sec: 107,353 | bf16_mfu: 19.31 | epoch: 1 | total time: 21.84m | eta: 692.1m
step 00144/04357 (3.31%) | loss: 3.914374 | lrm: 1.00 | dt: 9740.15ms | tok/sec: 107,654 | bf16_mfu: 19.37 | epoch: 1 | total time: 22.01m | eta: 691.9m
step 00145/04357 (3.33%) | loss: 3.886835 | lrm: 1.00 | dt: 9766.61ms | tok/sec: 107,363 | bf16_mfu: 19.31 | epoch: 1 | total time: 22.17m | eta: 691.7m
step 00146/04357 (3.35%) | loss: 3.894149 | lrm: 1.00 | dt: 9790.53ms | tok/sec: 107,101 | bf16_mfu: 19.27 | epoch: 1 | total time: 22.33m | eta: 691.5m
step 00147/04357 (3.37%) | loss: 3.888148 | lrm: 1.00 | dt: 9782.70ms | tok/sec: 107,186 | bf16_mfu: 19.28 | epoch: 1 | total time: 22.50m | eta: 691.3m
step 00148/04357 (3.40%) | loss: 3.900337 | lrm: 1.00 | dt: 9799.15ms | tok/sec: 107,006 | bf16_mfu: 19.25 | epoch: 1 | total time: 22.66m | eta: 691.1m
step 00149/04357 (3.42%) | loss: 3.885961 | lrm: 1.00 | dt: 9784.70ms | tok/sec: 107,164 | bf16_mfu: 19.28 | epoch: 1 | total time: 22.82m | eta: 690.9m
step 00150/04357 (3.44%) | loss: 3.876303 | lrm: 1.00 | dt: 9787.96ms | tok/sec: 107,129 | bf16_mfu: 19.27 | epoch: 1 | total time: 22.99m | eta: 690.7m
step 00151/04357 (3.47%) | loss: 3.861706 | lrm: 1.00 | dt: 9760.53ms | tok/sec: 107,430 | bf16_mfu: 19.33 | epoch: 1 | total time: 23.15m | eta: 690.5m
step 00152/04357 (3.49%) | loss: 3.854153 | lrm: 1.00 | dt: 9756.50ms | tok/sec: 107,474 | bf16_mfu: 19.33 | epoch: 1 | total time: 23.31m | eta: 690.3m
step 00153/04357 (3.51%) | loss: 3.838952 | lrm: 1.00 | dt: 9752.17ms | tok/sec: 107,522 | bf16_mfu: 19.34 | epoch: 1 | total time: 23.47m | eta: 690.1m
step 00154/04357 (3.53%) | loss: 3.840067 | lrm: 1.00 | dt: 9769.89ms | tok/sec: 107,327 | bf16_mfu: 19.31 | epoch: 1 | total time: 23.64m | eta: 689.9m
step 00155/04357 (3.56%) | loss: 3.841044 | lrm: 1.00 | dt: 9749.16ms | tok/sec: 107,555 | bf16_mfu: 19.35 | epoch: 1 | total time: 23.80m | eta: 689.7m
step 00156/04357 (3.58%) | loss: 3.849283 | lrm: 1.00 | dt: 9750.24ms | tok/sec: 107,543 | bf16_mfu: 19.35 | epoch: 1 | total time: 23.96m | eta: 689.4m
step 00157/04357 (3.60%) | loss: 3.846712 | lrm: 1.00 | dt: 9744.32ms | tok/sec: 107,608 | bf16_mfu: 19.36 | epoch: 1 | total time: 24.12m | eta: 689.2m
step 00158/04357 (3.63%) | loss: 3.839230 | lrm: 1.00 | dt: 9737.45ms | tok/sec: 107,684 | bf16_mfu: 19.37 | epoch: 1 | total time: 24.29m | eta: 689.0m
step 00159/04357 (3.65%) | loss: 3.825293 | lrm: 1.00 | dt: 9755.20ms | tok/sec: 107,488 | bf16_mfu: 19.34 | epoch: 1 | total time: 24.45m | eta: 688.8m
step 00160/04357 (3.67%) | loss: 3.815509 | lrm: 1.00 | dt: 9709.12ms | tok/sec: 107,999 | bf16_mfu: 19.43 | epoch: 1 | total time: 24.61m | eta: 688.6m
step 00161/04357 (3.70%) | loss: 3.806937 | lrm: 1.00 | dt: 9717.01ms | tok/sec: 107,911 | bf16_mfu: 19.41 | epoch: 1 | total time: 24.77m | eta: 688.4m
step 00162/04357 (3.72%) | loss: 3.802830 | lrm: 1.00 | dt: 9727.47ms | tok/sec: 107,795 | bf16_mfu: 19.39 | epoch: 1 | total time: 24.93m | eta: 688.1m
step 00163/04357 (3.74%) | loss: 3.774084 | lrm: 1.00 | dt: 9828.36ms | tok/sec: 106,688 | bf16_mfu: 19.19 | epoch: 1 | total time: 25.10m | eta: 688.0m
step 00164/04357 (3.76%) | loss: 3.788415 | lrm: 1.00 | dt: 9762.22ms | tok/sec: 107,411 | bf16_mfu: 19.32 | epoch: 1 | total time: 25.26m | eta: 687.8m
step 00165/04357 (3.79%) | loss: 3.789920 | lrm: 1.00 | dt: 9753.90ms | tok/sec: 107,503 | bf16_mfu: 19.34 | epoch: 1 | total time: 25.42m | eta: 687.6m
step 00166/04357 (3.81%) | loss: 3.792152 | lrm: 1.00 | dt: 9716.78ms | tok/sec: 107,913 | bf16_mfu: 19.41 | epoch: 1 | total time: 25.58m | eta: 687.3m
step 00167/04357 (3.83%) | loss: 3.769971 | lrm: 1.00 | dt: 9716.28ms | tok/sec: 107,919 | bf16_mfu: 19.41 | epoch: 1 | total time: 25.75m | eta: 687.1m
step 00168/04357 (3.86%) | loss: 3.762708 | lrm: 1.00 | dt: 9703.86ms | tok/sec: 108,057 | bf16_mfu: 19.44 | epoch: 1 | total time: 25.91m | eta: 686.9m
step 00169/04357 (3.88%) | loss: 3.749673 | lrm: 1.00 | dt: 9701.66ms | tok/sec: 108,082 | bf16_mfu: 19.44 | epoch: 1 | total time: 26.07m | eta: 686.7m
step 00170/04357 (3.90%) | loss: 3.741942 | lrm: 1.00 | dt: 9727.67ms | tok/sec: 107,793 | bf16_mfu: 19.39 | epoch: 1 | total time: 26.23m | eta: 686.5m
step 00171/04357 (3.92%) | loss: 3.735517 | lrm: 1.00 | dt: 9738.28ms | tok/sec: 107,675 | bf16_mfu: 19.37 | epoch: 1 | total time: 26.39m | eta: 686.3m
step 00172/04357 (3.95%) | loss: 3.729814 | lrm: 1.00 | dt: 9744.06ms | tok/sec: 107,611 | bf16_mfu: 19.36 | epoch: 1 | total time: 26.56m | eta: 686.1m
step 00173/04357 (3.97%) | loss: 3.716675 | lrm: 1.00 | dt: 9696.09ms | tok/sec: 108,144 | bf16_mfu: 19.45 | epoch: 1 | total time: 26.72m | eta: 685.8m
step 00174/04357 (3.99%) | loss: 3.716606 | lrm: 1.00 | dt: 9686.77ms | tok/sec: 108,248 | bf16_mfu: 19.47 | epoch: 1 | total time: 26.88m | eta: 685.6m
step 00175/04357 (4.02%) | loss: 3.713570 | lrm: 1.00 | dt: 9706.30ms | tok/sec: 108,030 | bf16_mfu: 19.43 | epoch: 1 | total time: 27.04m | eta: 685.4m
step 00176/04357 (4.04%) | loss: 3.713782 | lrm: 1.00 | dt: 9695.97ms | tok/sec: 108,145 | bf16_mfu: 19.45 | epoch: 1 | total time: 27.20m | eta: 685.2m
step 00177/04357 (4.06%) | loss: 3.705569 | lrm: 1.00 | dt: 9738.26ms | tok/sec: 107,675 | bf16_mfu: 19.37 | epoch: 1 | total time: 27.37m | eta: 685.0m
step 00178/04357 (4.09%) | loss: 3.705301 | lrm: 1.00 | dt: 9711.23ms | tok/sec: 107,975 | bf16_mfu: 19.42 | epoch: 1 | total time: 27.53m | eta: 684.8m
step 00179/04357 (4.11%) | loss: 3.711067 | lrm: 1.00 | dt: 9731.34ms | tok/sec: 107,752 | bf16_mfu: 19.38 | epoch: 1 | total time: 27.69m | eta: 684.5m
step 00180/04357 (4.13%) | loss: 3.697771 | lrm: 1.00 | dt: 9694.53ms | tok/sec: 108,161 | bf16_mfu: 19.46 | epoch: 1 | total time: 27.85m | eta: 684.3m
step 00181/04357 (4.15%) | loss: 3.692910 | lrm: 1.00 | dt: 9693.44ms | tok/sec: 108,173 | bf16_mfu: 19.46 | epoch: 1 | total time: 28.01m | eta: 684.1m
step 00182/04357 (4.18%) | loss: 3.685046 | lrm: 1.00 | dt: 9681.01ms | tok/sec: 108,312 | bf16_mfu: 19.48 | epoch: 1 | total time: 28.17m | eta: 683.9m
step 00183/04357 (4.20%) | loss: 3.677820 | lrm: 1.00 | dt: 9647.16ms | tok/sec: 108,692 | bf16_mfu: 19.55 | epoch: 1 | total time: 28.34m | eta: 683.6m
step 00184/04357 (4.22%) | loss: 3.676678 | lrm: 1.00 | dt: 9671.92ms | tok/sec: 108,414 | bf16_mfu: 19.50 | epoch: 1 | total time: 28.50m | eta: 683.4m
step 00185/04357 (4.25%) | loss: 3.687888 | lrm: 1.00 | dt: 9695.39ms | tok/sec: 108,152 | bf16_mfu: 19.46 | epoch: 1 | total time: 28.66m | eta: 683.2m
step 00186/04357 (4.27%) | loss: 3.677580 | lrm: 1.00 | dt: 9659.13ms | tok/sec: 108,558 | bf16_mfu: 19.53 | epoch: 1 | total time: 28.82m | eta: 683.0m
step 00187/04357 (4.29%) | loss: 3.665634 | lrm: 1.00 | dt: 9703.55ms | tok/sec: 108,061 | bf16_mfu: 19.44 | epoch: 1 | total time: 28.98m | eta: 682.8m
step 00188/04357 (4.31%) | loss: 3.666999 | lrm: 1.00 | dt: 9719.05ms | tok/sec: 107,888 | bf16_mfu: 19.41 | epoch: 1 | total time: 29.14m | eta: 682.6m
step 00189/04357 (4.34%) | loss: 3.646808 | lrm: 1.00 | dt: 9667.07ms | tok/sec: 108,468 | bf16_mfu: 19.51 | epoch: 1 | total time: 29.30m | eta: 682.3m
step 00190/04357 (4.36%) | loss: 3.663074 | lrm: 1.00 | dt: 9677.52ms | tok/sec: 108,351 | bf16_mfu: 19.49 | epoch: 1 | total time: 29.47m | eta: 682.1m
step 00191/04357 (4.38%) | loss: 3.648155 | lrm: 1.00 | dt: 9652.34ms | tok/sec: 108,634 | bf16_mfu: 19.54 | epoch: 1 | total time: 29.63m | eta: 681.9m
step 00192/04357 (4.41%) | loss: 3.654771 | lrm: 1.00 | dt: 9663.82ms | tok/sec: 108,505 | bf16_mfu: 19.52 | epoch: 1 | total time: 29.79m | eta: 681.7m
step 00193/04357 (4.43%) | loss: 3.655264 | lrm: 1.00 | dt: 9663.28ms | tok/sec: 108,511 | bf16_mfu: 19.52 | epoch: 1 | total time: 29.95m | eta: 681.4m
step 00194/04357 (4.45%) | loss: 3.661964 | lrm: 1.00 | dt: 9657.10ms | tok/sec: 108,580 | bf16_mfu: 19.53 | epoch: 1 | total time: 30.11m | eta: 681.2m
step 00195/04357 (4.48%) | loss: 3.644811 | lrm: 1.00 | dt: 9648.27ms | tok/sec: 108,680 | bf16_mfu: 19.55 | epoch: 1 | total time: 30.27m | eta: 681.0m
step 00196/04357 (4.50%) | loss: 3.638564 | lrm: 1.00 | dt: 9692.55ms | tok/sec: 108,183 | bf16_mfu: 19.46 | epoch: 1 | total time: 30.43m | eta: 680.8m
step 00197/04357 (4.52%) | loss: 3.644268 | lrm: 1.00 | dt: 9653.60ms | tok/sec: 108,620 | bf16_mfu: 19.54 | epoch: 1 | total time: 30.59m | eta: 680.6m
step 00198/04357 (4.54%) | loss: 3.635544 | lrm: 1.00 | dt: 9677.04ms | tok/sec: 108,357 | bf16_mfu: 19.49 | epoch: 1 | total time: 30.75m | eta: 680.3m
step 00199/04357 (4.57%) | loss: 3.618030 | lrm: 1.00 | dt: 9663.93ms | tok/sec: 108,504 | bf16_mfu: 19.52 | epoch: 1 | total time: 30.91m | eta: 680.1m
step 00200/04357 (4.59%) | loss: 3.607905 | lrm: 1.00 | dt: 9785.30ms | tok/sec: 107,158 | bf16_mfu: 19.28 | epoch: 1 | total time: 31.08m | eta: 679.9m
step 00201/04357 (4.61%) | loss: 3.620716 | lrm: 1.00 | dt: 9655.52ms | tok/sec: 108,598 | bf16_mfu: 19.54 | epoch: 1 | total time: 31.24m | eta: 679.7m
step 00202/04357 (4.64%) | loss: 3.613724 | lrm: 1.00 | dt: 9669.37ms | tok/sec: 108,443 | bf16_mfu: 19.51 | epoch: 1 | total time: 31.40m | eta: 679.5m
step 00203/04357 (4.66%) | loss: 3.608585 | lrm: 1.00 | dt: 9672.66ms | tok/sec: 108,406 | bf16_mfu: 19.50 | epoch: 1 | total time: 31.56m | eta: 679.3m
step 00204/04357 (4.68%) | loss: 3.611224 | lrm: 1.00 | dt: 9657.19ms | tok/sec: 108,579 | bf16_mfu: 19.53 | epoch: 1 | total time: 31.72m | eta: 679.1m
step 00205/04357 (4.71%) | loss: 3.603525 | lrm: 1.00 | dt: 9654.32ms | tok/sec: 108,612 | bf16_mfu: 19.54 | epoch: 1 | total time: 31.88m | eta: 678.9m
step 00206/04357 (4.73%) | loss: 3.589379 | lrm: 1.00 | dt: 9642.78ms | tok/sec: 108,742 | bf16_mfu: 19.56 | epoch: 1 | total time: 32.04m | eta: 678.6m
step 00207/04357 (4.75%) | loss: 3.595493 | lrm: 1.00 | dt: 9660.73ms | tok/sec: 108,539 | bf16_mfu: 19.53 | epoch: 1 | total time: 32.20m | eta: 678.4m
step 00208/04357 (4.77%) | loss: 3.596846 | lrm: 1.00 | dt: 9683.99ms | tok/sec: 108,279 | bf16_mfu: 19.48 | epoch: 1 | total time: 32.37m | eta: 678.2m
step 00209/04357 (4.80%) | loss: 3.600442 | lrm: 1.00 | dt: 9640.10ms | tok/sec: 108,772 | bf16_mfu: 19.57 | epoch: 1 | total time: 32.53m | eta: 678.0m
step 00210/04357 (4.82%) | loss: 3.593816 | lrm: 1.00 | dt: 9634.18ms | tok/sec: 108,839 | bf16_mfu: 19.58 | epoch: 1 | total time: 32.69m | eta: 677.8m
step 00211/04357 (4.84%) | loss: 3.584002 | lrm: 1.00 | dt: 9684.52ms | tok/sec: 108,273 | bf16_mfu: 19.48 | epoch: 1 | total time: 32.85m | eta: 677.6m
step 00212/04357 (4.87%) | loss: 3.579700 | lrm: 1.00 | dt: 9639.28ms | tok/sec: 108,781 | bf16_mfu: 19.57 | epoch: 1 | total time: 33.01m | eta: 677.3m
step 00213/04357 (4.89%) | loss: 3.566792 | lrm: 1.00 | dt: 9645.55ms | tok/sec: 108,710 | bf16_mfu: 19.56 | epoch: 1 | total time: 33.17m | eta: 677.1m
step 00214/04357 (4.91%) | loss: 3.559575 | lrm: 1.00 | dt: 9627.05ms | tok/sec: 108,919 | bf16_mfu: 19.59 | epoch: 1 | total time: 33.33m | eta: 676.9m
step 00215/04357 (4.93%) | loss: 3.561437 | lrm: 1.00 | dt: 9645.88ms | tok/sec: 108,707 | bf16_mfu: 19.56 | epoch: 1 | total time: 33.49m | eta: 676.7m
step 00216/04357 (4.96%) | loss: 3.555199 | lrm: 1.00 | dt: 9634.67ms | tok/sec: 108,833 | bf16_mfu: 19.58 | epoch: 1 | total time: 33.65m | eta: 676.5m
step 00217/04357 (4.98%) | loss: 3.564345 | lrm: 1.00 | dt: 9656.00ms | tok/sec: 108,593 | bf16_mfu: 19.54 | epoch: 1 | total time: 33.81m | eta: 676.3m
step 00218/04357 (5.00%) | loss: 3.548544 | lrm: 1.00 | dt: 9678.36ms | tok/sec: 108,342 | bf16_mfu: 19.49 | epoch: 1 | total time: 33.97m | eta: 676.1m
step 00219/04357 (5.03%) | loss: 3.557192 | lrm: 1.00 | dt: 9678.89ms | tok/sec: 108,336 | bf16_mfu: 19.49 | epoch: 1 | total time: 34.14m | eta: 675.8m
step 00220/04357 (5.05%) | loss: 3.551965 | lrm: 1.00 | dt: 9665.77ms | tok/sec: 108,483 | bf16_mfu: 19.52 | epoch: 1 | total time: 34.30m | eta: 675.6m
step 00221/04357 (5.07%) | loss: 3.557043 | lrm: 1.00 | dt: 9642.77ms | tok/sec: 108,742 | bf16_mfu: 19.56 | epoch: 1 | total time: 34.46m | eta: 675.4m
step 00222/04357 (5.10%) | loss: 3.548093 | lrm: 1.00 | dt: 9636.61ms | tok/sec: 108,811 | bf16_mfu: 19.57 | epoch: 1 | total time: 34.62m | eta: 675.2m
step 00223/04357 (5.12%) | loss: 3.553050 | lrm: 1.00 | dt: 9655.96ms | tok/sec: 108,593 | bf16_mfu: 19.54 | epoch: 1 | total time: 34.78m | eta: 675.0m
step 00224/04357 (5.14%) | loss: 3.533404 | lrm: 1.00 | dt: 9623.01ms | tok/sec: 108,965 | bf16_mfu: 19.60 | epoch: 1 | total time: 34.94m | eta: 674.8m
step 00225/04357 (5.16%) | loss: 3.541400 | lrm: 1.00 | dt: 9668.59ms | tok/sec: 108,451 | bf16_mfu: 19.51 | epoch: 1 | total time: 35.10m | eta: 674.6m
step 00226/04357 (5.19%) | loss: 3.533682 | lrm: 1.00 | dt: 9623.47ms | tok/sec: 108,960 | bf16_mfu: 19.60 | epoch: 1 | total time: 35.26m | eta: 674.4m
step 00227/04357 (5.21%) | loss: 3.534780 | lrm: 1.00 | dt: 9650.05ms | tok/sec: 108,660 | bf16_mfu: 19.55 | epoch: 1 | total time: 35.42m | eta: 674.2m
step 00228/04357 (5.23%) | loss: 3.509358 | lrm: 1.00 | dt: 9631.82ms | tok/sec: 108,865 | bf16_mfu: 19.58 | epoch: 1 | total time: 35.58m | eta: 673.9m
step 00229/04357 (5.26%) | loss: 3.516035 | lrm: 1.00 | dt: 9657.23ms | tok/sec: 108,579 | bf16_mfu: 19.53 | epoch: 1 | total time: 35.74m | eta: 673.7m
step 00230/04357 (5.28%) | loss: 3.522806 | lrm: 1.00 | dt: 9662.73ms | tok/sec: 108,517 | bf16_mfu: 19.52 | epoch: 1 | total time: 35.90m | eta: 673.5m
step 00231/04357 (5.30%) | loss: 3.529182 | lrm: 1.00 | dt: 9692.44ms | tok/sec: 108,184 | bf16_mfu: 19.46 | epoch: 1 | total time: 36.07m | eta: 673.3m
step 00232/04357 (5.32%) | loss: 3.526781 | lrm: 1.00 | dt: 9641.68ms | tok/sec: 108,754 | bf16_mfu: 19.56 | epoch: 1 | total time: 36.23m | eta: 673.1m
step 00233/04357 (5.35%) | loss: 3.500990 | lrm: 1.00 | dt: 9645.87ms | tok/sec: 108,707 | bf16_mfu: 19.56 | epoch: 1 | total time: 36.39m | eta: 672.9m
step 00234/04357 (5.37%) | loss: 3.497598 | lrm: 1.00 | dt: 9634.75ms | tok/sec: 108,832 | bf16_mfu: 19.58 | epoch: 1 | total time: 36.55m | eta: 672.7m
step 00235/04357 (5.39%) | loss: 3.494881 | lrm: 1.00 | dt: 9648.30ms | tok/sec: 108,679 | bf16_mfu: 19.55 | epoch: 1 | total time: 36.71m | eta: 672.5m
step 00236/04357 (5.42%) | loss: 3.486285 | lrm: 1.00 | dt: 9665.95ms | tok/sec: 108,481 | bf16_mfu: 19.51 | epoch: 1 | total time: 36.87m | eta: 672.3m
step 00237/04357 (5.44%) | loss: 3.483701 | lrm: 1.00 | dt: 9620.89ms | tok/sec: 108,989 | bf16_mfu: 19.61 | epoch: 1 | total time: 37.03m | eta: 672.1m
step 00238/04357 (5.46%) | loss: 3.485497 | lrm: 1.00 | dt: 9624.55ms | tok/sec: 108,948 | bf16_mfu: 19.60 | epoch: 1 | total time: 37.19m | eta: 671.9m
step 00239/04357 (5.49%) | loss: 3.485601 | lrm: 1.00 | dt: 9624.58ms | tok/sec: 108,947 | bf16_mfu: 19.60 | epoch: 1 | total time: 37.35m | eta: 671.7m
step 00240/04357 (5.51%) | loss: 3.475376 | lrm: 1.00 | dt: 9653.31ms | tok/sec: 108,623 | bf16_mfu: 19.54 | epoch: 1 | total time: 37.51m | eta: 671.5m
step 00241/04357 (5.53%) | loss: 3.480521 | lrm: 1.00 | dt: 9632.48ms | tok/sec: 108,858 | bf16_mfu: 19.58 | epoch: 1 | total time: 37.67m | eta: 671.2m
step 00242/04357 (5.55%) | loss: 3.481824 | lrm: 1.00 | dt: 9665.43ms | tok/sec: 108,487 | bf16_mfu: 19.52 | epoch: 1 | total time: 37.83m | eta: 671.1m
step 00243/04357 (5.58%) | loss: 3.488349 | lrm: 1.00 | dt: 9630.68ms | tok/sec: 108,878 | bf16_mfu: 19.59 | epoch: 1 | total time: 37.99m | eta: 670.8m
step 00244/04357 (5.60%) | loss: 3.505054 | lrm: 1.00 | dt: 9621.22ms | tok/sec: 108,985 | bf16_mfu: 19.61 | epoch: 1 | total time: 38.15m | eta: 670.6m
step 00245/04357 (5.62%) | loss: 3.496140 | lrm: 1.00 | dt: 9598.21ms | tok/sec: 109,247 | bf16_mfu: 19.65 | epoch: 1 | total time: 38.31m | eta: 670.4m
step 00246/04357 (5.65%) | loss: 3.486798 | lrm: 1.00 | dt: 9610.07ms | tok/sec: 109,112 | bf16_mfu: 19.63 | epoch: 1 | total time: 38.47m | eta: 670.2m
step 00247/04357 (5.67%) | loss: 3.490210 | lrm: 1.00 | dt: 9614.43ms | tok/sec: 109,062 | bf16_mfu: 19.62 | epoch: 1 | total time: 38.63m | eta: 670.0m
step 00248/04357 (5.69%) | loss: 3.480309 | lrm: 1.00 | dt: 9592.26ms | tok/sec: 109,314 | bf16_mfu: 19.66 | epoch: 1 | total time: 38.79m | eta: 669.8m
step 00249/04357 (5.71%) | loss: 3.484128 | lrm: 1.00 | dt: 9626.88ms | tok/sec: 108,921 | bf16_mfu: 19.59 | epoch: 1 | total time: 38.95m | eta: 669.6m
Step 00250 | Validation bpb: 1.049978
step 00250/04357 (5.74%) | loss: 3.472593 | lrm: 1.00 | dt: 9689.85ms | tok/sec: 108,213 | bf16_mfu: 19.47 | epoch: 1 | total time: 39.12m | eta: 669.4m
step 00251/04357 (5.76%) | loss: 3.468672 | lrm: 1.00 | dt: 9690.15ms | tok/sec: 108,210 | bf16_mfu: 19.47 | epoch: 1 | total time: 39.28m | eta: 669.2m
step 00252/04357 (5.78%) | loss: 3.468867 | lrm: 1.00 | dt: 9652.79ms | tok/sec: 108,629 | bf16_mfu: 19.54 | epoch: 1 | total time: 39.44m | eta: 669.0m
step 00253/04357 (5.81%) | loss: 3.476623 | lrm: 1.00 | dt: 9662.74ms | tok/sec: 108,517 | bf16_mfu: 19.52 | epoch: 1 | total time: 39.60m | eta: 668.8m
step 00254/04357 (5.83%) | loss: 3.480865 | lrm: 1.00 | dt: 9655.63ms | tok/sec: 108,597 | bf16_mfu: 19.54 | epoch: 1 | total time: 39.76m | eta: 668.6m
step 00255/04357 (5.85%) | loss: 3.479065 | lrm: 1.00 | dt: 9628.93ms | tok/sec: 108,898 | bf16_mfu: 19.59 | epoch: 1 | total time: 39.92m | eta: 668.4m
step 00256/04357 (5.88%) | loss: 3.478168 | lrm: 1.00 | dt: 9616.44ms | tok/sec: 109,039 | bf16_mfu: 19.62 | epoch: 1 | total time: 40.08m | eta: 668.2m
step 00257/04357 (5.90%) | loss: 3.463777 | lrm: 1.00 | dt: 9612.03ms | tok/sec: 109,090 | bf16_mfu: 19.62 | epoch: 1 | total time: 40.24m | eta: 668.0m
step 00258/04357 (5.92%) | loss: 3.452689 | lrm: 1.00 | dt: 9649.71ms | tok/sec: 108,663 | bf16_mfu: 19.55 | epoch: 1 | total time: 40.40m | eta: 667.8m
step 00259/04357 (5.94%) | loss: 3.459701 | lrm: 1.00 | dt: 9614.16ms | tok/sec: 109,065 | bf16_mfu: 19.62 | epoch: 1 | total time: 40.56m | eta: 667.6m
step 00260/04357 (5.97%) | loss: 3.453007 | lrm: 1.00 | dt: 9648.74ms | tok/sec: 108,674 | bf16_mfu: 19.55 | epoch: 1 | total time: 40.72m | eta: 667.4m
step 00261/04357 (5.99%) | loss: 3.453790 | lrm: 1.00 | dt: 9614.56ms | tok/sec: 109,061 | bf16_mfu: 19.62 | epoch: 1 | total time: 40.88m | eta: 667.2m
step 00262/04357 (6.01%) | loss: 3.465966 | lrm: 1.00 | dt: 9622.13ms | tok/sec: 108,975 | bf16_mfu: 19.60 | epoch: 1 | total time: 41.04m | eta: 667.0m
step 00263/04357 (6.04%) | loss: 3.468944 | lrm: 1.00 | dt: 9603.98ms | tok/sec: 109,181 | bf16_mfu: 19.64 | epoch: 1 | total time: 41.20m | eta: 666.8m
step 00264/04357 (6.06%) | loss: 3.452291 | lrm: 1.00 | dt: 9630.55ms | tok/sec: 108,880 | bf16_mfu: 19.59 | epoch: 1 | total time: 41.36m | eta: 666.6m
step 00265/04357 (6.08%) | loss: 3.445853 | lrm: 1.00 | dt: 9604.60ms | tok/sec: 109,174 | bf16_mfu: 19.64 | epoch: 1 | total time: 41.52m | eta: 666.3m
step 00266/04357 (6.11%) | loss: 3.433908 | lrm: 1.00 | dt: 9585.56ms | tok/sec: 109,391 | bf16_mfu: 19.68 | epoch: 1 | total time: 41.68m | eta: 666.1m
step 00267/04357 (6.13%) | loss: 3.436226 | lrm: 1.00 | dt: 9625.57ms | tok/sec: 108,936 | bf16_mfu: 19.60 | epoch: 1 | total time: 41.84m | eta: 665.9m
step 00268/04357 (6.15%) | loss: 3.438315 | lrm: 1.00 | dt: 9593.74ms | tok/sec: 109,297 | bf16_mfu: 19.66 | epoch: 1 | total time: 42.00m | eta: 665.7m
step 00269/04357 (6.17%) | loss: 3.439581 | lrm: 1.00 | dt: 9630.01ms | tok/sec: 108,886 | bf16_mfu: 19.59 | epoch: 1 | total time: 42.17m | eta: 665.5m
step 00270/04357 (6.20%) | loss: 3.429582 | lrm: 1.00 | dt: 9600.69ms | tok/sec: 109,218 | bf16_mfu: 19.65 | epoch: 1 | total time: 42.33m | eta: 665.3m
step 00271/04357 (6.22%) | loss: 3.436200 | lrm: 1.00 | dt: 9621.10ms | tok/sec: 108,987 | bf16_mfu: 19.61 | epoch: 1 | total time: 42.49m | eta: 665.1m
step 00272/04357 (6.24%) | loss: 3.440771 | lrm: 1.00 | dt: 9648.31ms | tok/sec: 108,679 | bf16_mfu: 19.55 | epoch: 1 | total time: 42.65m | eta: 664.9m
step 00273/04357 (6.27%) | loss: 3.417784 | lrm: 1.00 | dt: 9629.45ms | tok/sec: 108,892 | bf16_mfu: 19.59 | epoch: 1 | total time: 42.81m | eta: 664.7m
step 00274/04357 (6.29%) | loss: 3.426730 | lrm: 1.00 | dt: 9627.76ms | tok/sec: 108,911 | bf16_mfu: 19.59 | epoch: 1 | total time: 42.97m | eta: 664.5m
step 00275/04357 (6.31%) | loss: 3.426657 | lrm: 1.00 | dt: 9641.42ms | tok/sec: 108,757 | bf16_mfu: 19.56 | epoch: 1 | total time: 43.13m | eta: 664.3m
step 00276/04357 (6.33%) | loss: 3.417388 | lrm: 1.00 | dt: 9623.04ms | tok/sec: 108,965 | bf16_mfu: 19.60 | epoch: 1 | total time: 43.29m | eta: 664.1m
step 00277/04357 (6.36%) | loss: 3.417689 | lrm: 1.00 | dt: 9581.18ms | tok/sec: 109,441 | bf16_mfu: 19.69 | epoch: 1 | total time: 43.45m | eta: 663.9m
step 00278/04357 (6.38%) | loss: 3.401312 | lrm: 1.00 | dt: 9613.62ms | tok/sec: 109,071 | bf16_mfu: 19.62 | epoch: 1 | total time: 43.61m | eta: 663.7m
step 00279/04357 (6.40%) | loss: 3.398173 | lrm: 1.00 | dt: 9592.36ms | tok/sec: 109,313 | bf16_mfu: 19.66 | epoch: 1 | total time: 43.77m | eta: 663.5m
step 00280/04357 (6.43%) | loss: 3.393845 | lrm: 1.00 | dt: 9597.99ms | tok/sec: 109,249 | bf16_mfu: 19.65 | epoch: 1 | total time: 43.93m | eta: 663.3m
step 00281/04357 (6.45%) | loss: 3.380954 | lrm: 1.00 | dt: 9605.45ms | tok/sec: 109,164 | bf16_mfu: 19.64 | epoch: 1 | total time: 44.09m | eta: 663.1m
step 00282/04357 (6.47%) | loss: 3.377580 | lrm: 1.00 | dt: 9589.29ms | tok/sec: 109,348 | bf16_mfu: 19.67 | epoch: 1 | total time: 44.25m | eta: 662.9m
step 00283/04357 (6.50%) | loss: 3.363416 | lrm: 1.00 | dt: 9588.56ms | tok/sec: 109,356 | bf16_mfu: 19.67 | epoch: 1 | total time: 44.41m | eta: 662.7m
step 00284/04357 (6.52%) | loss: 3.378820 | lrm: 1.00 | dt: 9602.46ms | tok/sec: 109,198 | bf16_mfu: 19.64 | epoch: 1 | total time: 44.57m | eta: 662.5m
step 00285/04357 (6.54%) | loss: 3.385264 | lrm: 1.00 | dt: 9599.15ms | tok/sec: 109,236 | bf16_mfu: 19.65 | epoch: 1 | total time: 44.73m | eta: 662.3m
step 00286/04357 (6.56%) | loss: 3.370413 | lrm: 1.00 | dt: 9581.99ms | tok/sec: 109,431 | bf16_mfu: 19.69 | epoch: 1 | total time: 44.89m | eta: 662.1m
step 00287/04357 (6.59%) | loss: 3.376202 | lrm: 1.00 | dt: 9601.04ms | tok/sec: 109,214 | bf16_mfu: 19.65 | epoch: 1 | total time: 45.05m | eta: 661.9m
step 00288/04357 (6.61%) | loss: 3.378333 | lrm: 1.00 | dt: 9581.66ms | tok/sec: 109,435 | bf16_mfu: 19.69 | epoch: 1 | total time: 45.21m | eta: 661.7m
step 00289/04357 (6.63%) | loss: 3.376268 | lrm: 1.00 | dt: 9588.38ms | tok/sec: 109,358 | bf16_mfu: 19.67 | epoch: 1 | total time: 45.37m | eta: 661.5m
step 00290/04357 (6.66%) | loss: 3.379892 | lrm: 1.00 | dt: 9592.41ms | tok/sec: 109,313 | bf16_mfu: 19.66 | epoch: 1 | total time: 45.53m | eta: 661.3m
step 00291/04357 (6.68%) | loss: 3.388407 | lrm: 1.00 | dt: 9587.86ms | tok/sec: 109,365 | bf16_mfu: 19.67 | epoch: 1 | total time: 45.69m | eta: 661.1m
step 00292/04357 (6.70%) | loss: 3.382818 | lrm: 1.00 | dt: 9593.49ms | tok/sec: 109,300 | bf16_mfu: 19.66 | epoch: 1 | total time: 45.85m | eta: 660.9m
step 00293/04357 (6.72%) | loss: 3.392335 | lrm: 1.00 | dt: 9598.68ms | tok/sec: 109,241 | bf16_mfu: 19.65 | epoch: 1 | total time: 46.01m | eta: 660.7m
step 00294/04357 (6.75%) | loss: 3.387044 | lrm: 1.00 | dt: 9572.53ms | tok/sec: 109,540 | bf16_mfu: 19.71 | epoch: 1 | total time: 46.17m | eta: 660.5m
step 00295/04357 (6.77%) | loss: 3.380087 | lrm: 1.00 | dt: 9598.55ms | tok/sec: 109,243 | bf16_mfu: 19.65 | epoch: 1 | total time: 46.33m | eta: 660.3m
step 00296/04357 (6.79%) | loss: 3.371616 | lrm: 1.00 | dt: 9597.69ms | tok/sec: 109,252 | bf16_mfu: 19.65 | epoch: 1 | total time: 46.49m | eta: 660.1m
step 00297/04357 (6.82%) | loss: 3.356327 | lrm: 1.00 | dt: 9600.40ms | tok/sec: 109,222 | bf16_mfu: 19.65 | epoch: 1 | total time: 46.65m | eta: 659.9m
step 00298/04357 (6.84%) | loss: 3.352627 | lrm: 1.00 | dt: 9631.31ms | tok/sec: 108,871 | bf16_mfu: 19.59 | epoch: 1 | total time: 46.81m | eta: 659.7m
step 00299/04357 (6.86%) | loss: 3.370120 | lrm: 1.00 | dt: 9572.69ms | tok/sec: 109,538 | bf16_mfu: 19.71 | epoch: 1 | total time: 46.97m | eta: 659.5m
step 00300/04357 (6.89%) | loss: 3.373387 | lrm: 1.00 | dt: 9685.18ms | tok/sec: 108,266 | bf16_mfu: 19.48 | epoch: 1 | total time: 47.13m | eta: 659.3m
step 00301/04357 (6.91%) | loss: 3.372592 | lrm: 1.00 | dt: 9565.81ms | tok/sec: 109,617 | bf16_mfu: 19.72 | epoch: 1 | total time: 47.29m | eta: 659.1m
step 00302/04357 (6.93%) | loss: 3.370118 | lrm: 1.00 | dt: 9601.57ms | tok/sec: 109,208 | bf16_mfu: 19.65 | epoch: 1 | total time: 47.45m | eta: 658.9m
step 00303/04357 (6.95%) | loss: 3.367765 | lrm: 1.00 | dt: 9581.64ms | tok/sec: 109,435 | bf16_mfu: 19.69 | epoch: 1 | total time: 47.61m | eta: 658.7m
step 00304/04357 (6.98%) | loss: 3.370360 | lrm: 1.00 | dt: 9625.42ms | tok/sec: 108,938 | bf16_mfu: 19.60 | epoch: 1 | total time: 47.77m | eta: 658.5m
step 00305/04357 (7.00%) | loss: 3.375307 | lrm: 1.00 | dt: 9596.58ms | tok/sec: 109,265 | bf16_mfu: 19.66 | epoch: 1 | total time: 47.93m | eta: 658.3m
step 00306/04357 (7.02%) | loss: 3.369059 | lrm: 1.00 | dt: 9609.57ms | tok/sec: 109,117 | bf16_mfu: 19.63 | epoch: 1 | total time: 48.09m | eta: 658.1m
step 00307/04357 (7.05%) | loss: 3.359178 | lrm: 1.00 | dt: 9558.49ms | tok/sec: 109,701 | bf16_mfu: 19.73 | epoch: 1 | total time: 48.25m | eta: 657.9m
step 00308/04357 (7.07%) | loss: 3.361108 | lrm: 1.00 | dt: 9608.59ms | tok/sec: 109,128 | bf16_mfu: 19.63 | epoch: 1 | total time: 48.41m | eta: 657.7m
step 00309/04357 (7.09%) | loss: 3.346275 | lrm: 1.00 | dt: 9560.08ms | tok/sec: 109,682 | bf16_mfu: 19.73 | epoch: 1 | total time: 48.57m | eta: 657.5m
step 00310/04357 (7.11%) | loss: 3.346939 | lrm: 1.00 | dt: 9581.81ms | tok/sec: 109,434 | bf16_mfu: 19.69 | epoch: 1 | total time: 48.73m | eta: 657.3m
step 00311/04357 (7.14%) | loss: 3.348921 | lrm: 1.00 | dt: 9590.84ms | tok/sec: 109,330 | bf16_mfu: 19.67 | epoch: 1 | total time: 48.89m | eta: 657.1m
step 00312/04357 (7.16%) | loss: 3.351629 | lrm: 1.00 | dt: 9609.06ms | tok/sec: 109,123 | bf16_mfu: 19.63 | epoch: 1 | total time: 49.05m | eta: 656.9m
step 00313/04357 (7.18%) | loss: 3.362055 | lrm: 1.00 | dt: 9600.06ms | tok/sec: 109,225 | bf16_mfu: 19.65 | epoch: 1 | total time: 49.21m | eta: 656.7m
step 00314/04357 (7.21%) | loss: 3.357629 | lrm: 1.00 | dt: 9605.11ms | tok/sec: 109,168 | bf16_mfu: 19.64 | epoch: 1 | total time: 49.37m | eta: 656.5m
step 00315/04357 (7.23%) | loss: 3.362635 | lrm: 1.00 | dt: 9600.91ms | tok/sec: 109,216 | bf16_mfu: 19.65 | epoch: 1 | total time: 49.53m | eta: 656.3m
step 00316/04357 (7.25%) | loss: 3.362240 | lrm: 1.00 | dt: 9627.50ms | tok/sec: 108,914 | bf16_mfu: 19.59 | epoch: 1 | total time: 49.69m | eta: 656.2m
step 00317/04357 (7.28%) | loss: 3.355119 | lrm: 1.00 | dt: 9608.84ms | tok/sec: 109,126 | bf16_mfu: 19.63 | epoch: 1 | total time: 49.85m | eta: 656.0m
step 00318/04357 (7.30%) | loss: 3.359210 | lrm: 1.00 | dt: 9566.69ms | tok/sec: 109,607 | bf16_mfu: 19.72 | epoch: 1 | total time: 50.01m | eta: 655.8m
step 00319/04357 (7.32%) | loss: 3.350626 | lrm: 1.00 | dt: 9582.23ms | tok/sec: 109,429 | bf16_mfu: 19.69 | epoch: 1 | total time: 50.17m | eta: 655.6m
step 00320/04357 (7.34%) | loss: 3.348031 | lrm: 1.00 | dt: 9585.96ms | tok/sec: 109,386 | bf16_mfu: 19.68 | epoch: 1 | total time: 50.33m | eta: 655.4m
step 00321/04357 (7.37%) | loss: 3.343714 | lrm: 1.00 | dt: 9587.59ms | tok/sec: 109,368 | bf16_mfu: 19.67 | epoch: 1 | total time: 50.49m | eta: 655.2m
step 00322/04357 (7.39%) | loss: 3.347501 | lrm: 1.00 | dt: 9558.63ms | tok/sec: 109,699 | bf16_mfu: 19.73 | epoch: 1 | total time: 50.64m | eta: 655.0m
step 00323/04357 (7.41%) | loss: 3.334908 | lrm: 1.00 | dt: 9622.70ms | tok/sec: 108,968 | bf16_mfu: 19.60 | epoch: 1 | total time: 50.80m | eta: 654.8m
step 00324/04357 (7.44%) | loss: 3.319612 | lrm: 1.00 | dt: 9550.48ms | tok/sec: 109,792 | bf16_mfu: 19.75 | epoch: 1 | total time: 50.96m | eta: 654.6m
step 00325/04357 (7.46%) | loss: 3.307894 | lrm: 1.00 | dt: 9556.06ms | tok/sec: 109,728 | bf16_mfu: 19.74 | epoch: 1 | total time: 51.12m | eta: 654.4m
step 00326/04357 (7.48%) | loss: 3.316152 | lrm: 1.00 | dt: 9579.29ms | tok/sec: 109,462 | bf16_mfu: 19.69 | epoch: 1 | total time: 51.28m | eta: 654.2m
step 00327/04357 (7.51%) | loss: 3.301386 | lrm: 1.00 | dt: 9701.43ms | tok/sec: 108,084 | bf16_mfu: 19.44 | epoch: 1 | total time: 51.44m | eta: 654.0m
step 00328/04357 (7.53%) | loss: 3.306398 | lrm: 1.00 | dt: 9601.17ms | tok/sec: 109,213 | bf16_mfu: 19.65 | epoch: 1 | total time: 51.60m | eta: 653.8m
step 00329/04357 (7.55%) | loss: 3.320325 | lrm: 1.00 | dt: 9578.28ms | tok/sec: 109,474 | bf16_mfu: 19.69 | epoch: 1 | total time: 51.76m | eta: 653.6m
step 00330/04357 (7.57%) | loss: 3.322762 | lrm: 1.00 | dt: 9561.99ms | tok/sec: 109,660 | bf16_mfu: 19.73 | epoch: 1 | total time: 51.92m | eta: 653.4m
step 00331/04357 (7.60%) | loss: 3.324351 | lrm: 1.00 | dt: 9579.80ms | tok/sec: 109,457 | bf16_mfu: 19.69 | epoch: 1 | total time: 52.08m | eta: 653.2m
step 00332/04357 (7.62%) | loss: 3.319492 | lrm: 1.00 | dt: 9585.21ms | tok/sec: 109,395 | bf16_mfu: 19.68 | epoch: 1 | total time: 52.24m | eta: 653.0m
step 00333/04357 (7.64%) | loss: 3.321848 | lrm: 1.00 | dt: 9593.05ms | tok/sec: 109,305 | bf16_mfu: 19.66 | epoch: 1 | total time: 52.40m | eta: 652.8m
step 00334/04357 (7.67%) | loss: 3.326371 | lrm: 1.00 | dt: 9573.90ms | tok/sec: 109,524 | bf16_mfu: 19.70 | epoch: 1 | total time: 52.56m | eta: 652.7m
step 00335/04357 (7.69%) | loss: 3.326885 | lrm: 1.00 | dt: 9577.43ms | tok/sec: 109,484 | bf16_mfu: 19.70 | epoch: 1 | total time: 52.72m | eta: 652.5m
step 00336/04357 (7.71%) | loss: 3.327595 | lrm: 1.00 | dt: 9595.16ms | tok/sec: 109,281 | bf16_mfu: 19.66 | epoch: 1 | total time: 52.88m | eta: 652.3m
step 00337/04357 (7.73%) | loss: 3.337511 | lrm: 1.00 | dt: 9575.39ms | tok/sec: 109,507 | bf16_mfu: 19.70 | epoch: 1 | total time: 53.04m | eta: 652.1m
step 00338/04357 (7.76%) | loss: 3.326068 | lrm: 1.00 | dt: 9576.22ms | tok/sec: 109,497 | bf16_mfu: 19.70 | epoch: 1 | total time: 53.20m | eta: 651.9m
step 00339/04357 (7.78%) | loss: 3.310733 | lrm: 1.00 | dt: 9549.46ms | tok/sec: 109,804 | bf16_mfu: 19.75 | epoch: 1 | total time: 53.36m | eta: 651.7m
step 00340/04357 (7.80%) | loss: 3.306069 | lrm: 1.00 | dt: 9589.98ms | tok/sec: 109,340 | bf16_mfu: 19.67 | epoch: 1 | total time: 53.52m | eta: 651.5m
step 00341/04357 (7.83%) | loss: 3.306572 | lrm: 1.00 | dt: 9552.70ms | tok/sec: 109,767 | bf16_mfu: 19.75 | epoch: 1 | total time: 53.68m | eta: 651.3m
step 00342/04357 (7.85%) | loss: 3.299244 | lrm: 1.00 | dt: 9570.74ms | tok/sec: 109,560 | bf16_mfu: 19.71 | epoch: 1 | total time: 53.84m | eta: 651.1m
step 00343/04357 (7.87%) | loss: 3.295099 | lrm: 1.00 | dt: 9582.06ms | tok/sec: 109,431 | bf16_mfu: 19.69 | epoch: 1 | total time: 54.00m | eta: 650.9m
step 00344/04357 (7.90%) | loss: 3.303865 | lrm: 1.00 | dt: 9565.87ms | tok/sec: 109,616 | bf16_mfu: 19.72 | epoch: 1 | total time: 54.16m | eta: 650.7m
step 00345/04357 (7.92%) | loss: 3.309943 | lrm: 1.00 | dt: 9578.20ms | tok/sec: 109,475 | bf16_mfu: 19.69 | epoch: 1 | total time: 54.32m | eta: 650.5m
step 00346/04357 (7.94%) | loss: 3.315083 | lrm: 1.00 | dt: 9550.03ms | tok/sec: 109,798 | bf16_mfu: 19.75 | epoch: 1 | total time: 54.48m | eta: 650.3m
step 00347/04357 (7.96%) | loss: 3.317328 | lrm: 1.00 | dt: 9573.62ms | tok/sec: 109,527 | bf16_mfu: 19.70 | epoch: 1 | total time: 54.64m | eta: 650.1m
step 00348/04357 (7.99%) | loss: 3.308043 | lrm: 1.00 | dt: 9649.31ms | tok/sec: 108,668 | bf16_mfu: 19.55 | epoch: 1 | total time: 54.80m | eta: 649.9m
step 00349/04357 (8.01%) | loss: 3.298516 | lrm: 1.00 | dt: 9549.92ms | tok/sec: 109,799 | bf16_mfu: 19.75 | epoch: 1 | total time: 54.96m | eta: 649.8m
step 00350/04357 (8.03%) | loss: 3.307832 | lrm: 1.00 | dt: 9612.34ms | tok/sec: 109,086 | bf16_mfu: 19.62 | epoch: 1 | total time: 55.12m | eta: 649.6m
step 00351/04357 (8.06%) | loss: 3.297608 | lrm: 1.00 | dt: 9550.79ms | tok/sec: 109,789 | bf16_mfu: 19.75 | epoch: 1 | total time: 55.28m | eta: 649.4m
step 00352/04357 (8.08%) | loss: 3.289623 | lrm: 1.00 | dt: 9570.82ms | tok/sec: 109,559 | bf16_mfu: 19.71 | epoch: 1 | total time: 55.44m | eta: 649.2m
step 00353/04357 (8.10%) | loss: 3.297733 | lrm: 1.00 | dt: 9586.29ms | tok/sec: 109,382 | bf16_mfu: 19.68 | epoch: 1 | total time: 55.60m | eta: 649.0m
step 00354/04357 (8.12%) | loss: 3.294371 | lrm: 1.00 | dt: 9557.16ms | tok/sec: 109,716 | bf16_mfu: 19.74 | epoch: 1 | total time: 55.75m | eta: 648.8m
