========================================
Job ID: 557472
Node: andreas-h100-1
Config: SoftmaxMuon v2 eta=20.0
Start Time: Fri Mar 13 18:51:39 EDT 2026
========================================
Fri Mar 13 18:51:39 2026       
+-----------------------------------------------------------------------------------------+
| NVIDIA-SMI 575.57.08              Driver Version: 575.57.08      CUDA Version: 12.9     |
|-----------------------------------------+------------------------+----------------------+
| GPU  Name                 Persistence-M | Bus-Id          Disp.A | Volatile Uncorr. ECC |
| Fan  Temp   Perf          Pwr:Usage/Cap |           Memory-Usage | GPU-Util  Compute M. |
|                                         |                        |               MIG M. |
|=========================================+========================+======================|
|   0  NVIDIA H100 NVL                On  |   00000000:C1:00.0 Off |                    0 |
| N/A   66C    P0             74W /  400W |       0MiB /  95830MiB |      0%      Default |
|                                         |                        |             Disabled |
+-----------------------------------------+------------------------+----------------------+
|   1  NVIDIA H100 NVL                On  |   00000000:E1:00.0 Off |                    0 |
| N/A   51C    P0             68W /  400W |       0MiB /  95830MiB |      0%      Default |
|                                         |                        |             Disabled |
+-----------------------------------------+------------------------+----------------------+
                                                                                         
+-----------------------------------------------------------------------------------------+
| Processes:                                                                              |
|  GPU   GI   CI              PID   Type   Process name                        GPU Memory |
|        ID   ID                                                               Usage      |
|=========================================================================================|
|  No running processes found                                                             |
+-----------------------------------------------------------------------------------------+

                                                       █████                █████
                                                      ░░███                ░░███
     ████████    ██████   ████████    ██████   ██████  ░███████    ██████  ███████
    ░░███░░███  ░░░░░███ ░░███░░███  ███░░███ ███░░███ ░███░░███  ░░░░░███░░░███░
     ░███ ░███   ███████  ░███ ░███ ░███ ░███░███ ░░░  ░███ ░███   ███████  ░███
     ░███ ░███  ███░░███  ░███ ░███ ░███ ░███░███  ███ ░███ ░███  ███░░███  ░███ ███
     ████ █████░░████████ ████ █████░░██████ ░░██████  ████ █████░░███████  ░░█████
    ░░░░ ░░░░░  ░░░░░░░░ ░░░░ ░░░░░  ░░░░░░   ░░░░░░  ░░░░ ░░░░░  ░░░░░░░░   ░░░░░
    
Autodetected device type: cuda
GPU: NVIDIA H100 NVL | Peak FLOPS (BF16): 8.35e+14
Using Flash Attention 3 (Hopper GPU detected)
Vocab size: 32,768
Model config:
{
  "sequence_len": 2048,
  "vocab_size": 32768,
  "n_layer": 20,
  "n_head": 10,
  "n_kv_head": 10,
  "n_embd": 1280,
  "window_pattern": "SSSL"
}
FP8 training enabled (tensorwise scaling) - converted 121 layers
Spectral logging layer: transformer.h.0.mlp.c_fc.weight (shape: torch.Size([5120, 1280]))
Parameter counts:
wte                     : 41,943,040
value_embeds            : 419,430,400
lm_head                 : 41,943,040
transformer_matrices    : 393,219,200
scalars                 : 40
total                   : 896,535,720
Estimated FLOPs per token: 3.004189e+09
Auto-computed optimal batch size: 1,048,576 tokens
Scaling LRs by 1.4142 for batch size 1,048,576
Scaling weight decay from 0.200000 to 0.071563
SoftmaxMuon optimizer created with eta=20.0
Total training tokens: 4,568,645,632 | Iterations: 4,357
Total batch size 1,048,576 => gradient accumulation steps: 16
Step 00000 | Validation bpb: 3.172610
step 00000/04357 (0.00%) | loss: 10.398407 | lrm: 1.00 | dt: 97829.59ms | tok/sec: 10,718 | bf16_mfu: 1.93 | epoch: 1 | total time: 0.00m
step 00001/04357 (0.02%) | loss: 10.891186 | lrm: 1.00 | dt: 9608.64ms | tok/sec: 109,128 | bf16_mfu: 19.63 | epoch: 1 | total time: 0.00m
step 00002/04357 (0.05%) | loss: 10.440611 | lrm: 1.00 | dt: 9553.12ms | tok/sec: 109,762 | bf16_mfu: 19.75 | epoch: 1 | total time: 0.00m
step 00003/04357 (0.07%) | loss: 9.839214 | lrm: 1.00 | dt: 9503.40ms | tok/sec: 110,336 | bf16_mfu: 19.85 | epoch: 1 | total time: 0.00m
step 00004/04357 (0.09%) | loss: 9.453763 | lrm: 1.00 | dt: 9561.61ms | tok/sec: 109,665 | bf16_mfu: 19.73 | epoch: 1 | total time: 0.00m
step 00005/04357 (0.11%) | loss: 9.252848 | lrm: 1.00 | dt: 9589.09ms | tok/sec: 109,350 | bf16_mfu: 19.67 | epoch: 1 | total time: 0.00m
step 00006/04357 (0.14%) | loss: 9.100178 | lrm: 1.00 | dt: 9606.94ms | tok/sec: 109,147 | bf16_mfu: 19.63 | epoch: 1 | total time: 0.00m
step 00007/04357 (0.16%) | loss: 8.952508 | lrm: 1.00 | dt: 9641.18ms | tok/sec: 108,760 | bf16_mfu: 19.57 | epoch: 1 | total time: 0.00m
step 00008/04357 (0.18%) | loss: 8.855721 | lrm: 1.00 | dt: 9635.06ms | tok/sec: 108,829 | bf16_mfu: 19.58 | epoch: 1 | total time: 0.00m
step 00009/04357 (0.21%) | loss: 8.759277 | lrm: 1.00 | dt: 9656.27ms | tok/sec: 108,590 | bf16_mfu: 19.53 | epoch: 1 | total time: 0.00m
step 00010/04357 (0.23%) | loss: 8.654027 | lrm: 1.00 | dt: 9721.71ms | tok/sec: 107,859 | bf16_mfu: 19.40 | epoch: 1 | total time: 0.00m
step 00011/04357 (0.25%) | loss: 8.568837 | lrm: 1.00 | dt: 9757.16ms | tok/sec: 107,467 | bf16_mfu: 19.33 | epoch: 1 | total time: 0.16m | eta: 706.7m
step 00012/04357 (0.28%) | loss: 8.483480 | lrm: 1.00 | dt: 9771.58ms | tok/sec: 107,308 | bf16_mfu: 19.30 | epoch: 1 | total time: 0.33m | eta: 707.1m
step 00013/04357 (0.30%) | loss: 8.401299 | lrm: 1.00 | dt: 9863.81ms | tok/sec: 106,305 | bf16_mfu: 19.12 | epoch: 1 | total time: 0.49m | eta: 709.3m
step 00014/04357 (0.32%) | loss: 8.324622 | lrm: 1.00 | dt: 9944.60ms | tok/sec: 105,441 | bf16_mfu: 18.97 | epoch: 1 | total time: 0.66m | eta: 711.8m
step 00015/04357 (0.34%) | loss: 8.232501 | lrm: 1.00 | dt: 9988.57ms | tok/sec: 104,977 | bf16_mfu: 18.88 | epoch: 1 | total time: 0.82m | eta: 713.9m
step 00016/04357 (0.37%) | loss: 8.150798 | lrm: 1.00 | dt: 10025.47ms | tok/sec: 104,591 | bf16_mfu: 18.82 | epoch: 1 | total time: 0.99m | eta: 715.7m
step 00017/04357 (0.39%) | loss: 8.058304 | lrm: 1.00 | dt: 10133.81ms | tok/sec: 103,473 | bf16_mfu: 18.61 | epoch: 1 | total time: 1.16m | eta: 718.0m
step 00018/04357 (0.41%) | loss: 7.984245 | lrm: 1.00 | dt: 10076.94ms | tok/sec: 104,056 | bf16_mfu: 18.72 | epoch: 1 | total time: 1.33m | eta: 719.2m
step 00019/04357 (0.44%) | loss: 7.881126 | lrm: 1.00 | dt: 10131.50ms | tok/sec: 103,496 | bf16_mfu: 18.62 | epoch: 1 | total time: 1.49m | eta: 720.5m
step 00020/04357 (0.46%) | loss: 7.769326 | lrm: 1.00 | dt: 10121.63ms | tok/sec: 103,597 | bf16_mfu: 18.64 | epoch: 1 | total time: 1.66m | eta: 721.5m
step 00021/04357 (0.48%) | loss: 7.652286 | lrm: 1.00 | dt: 10142.05ms | tok/sec: 103,388 | bf16_mfu: 18.60 | epoch: 1 | total time: 1.83m | eta: 722.4m
step 00022/04357 (0.50%) | loss: 7.546277 | lrm: 1.00 | dt: 10148.96ms | tok/sec: 103,318 | bf16_mfu: 18.59 | epoch: 1 | total time: 2.00m | eta: 723.1m
step 00023/04357 (0.53%) | loss: 7.443909 | lrm: 1.00 | dt: 10161.89ms | tok/sec: 103,187 | bf16_mfu: 18.56 | epoch: 1 | total time: 2.17m | eta: 723.8m
step 00024/04357 (0.55%) | loss: 7.323110 | lrm: 1.00 | dt: 10133.51ms | tok/sec: 103,476 | bf16_mfu: 18.61 | epoch: 1 | total time: 2.34m | eta: 724.2m
step 00025/04357 (0.57%) | loss: 7.226279 | lrm: 1.00 | dt: 10126.99ms | tok/sec: 103,542 | bf16_mfu: 18.63 | epoch: 1 | total time: 2.51m | eta: 724.5m
step 00026/04357 (0.60%) | loss: 7.134301 | lrm: 1.00 | dt: 10157.63ms | tok/sec: 103,230 | bf16_mfu: 18.57 | epoch: 1 | total time: 2.68m | eta: 724.9m
step 00027/04357 (0.62%) | loss: 7.047005 | lrm: 1.00 | dt: 10149.88ms | tok/sec: 103,309 | bf16_mfu: 18.58 | epoch: 1 | total time: 2.85m | eta: 725.2m
step 00028/04357 (0.64%) | loss: 6.960656 | lrm: 1.00 | dt: 10144.52ms | tok/sec: 103,363 | bf16_mfu: 18.59 | epoch: 1 | total time: 3.02m | eta: 725.4m
step 00029/04357 (0.67%) | loss: 6.880304 | lrm: 1.00 | dt: 10111.74ms | tok/sec: 103,698 | bf16_mfu: 18.65 | epoch: 1 | total time: 3.18m | eta: 725.5m
step 00030/04357 (0.69%) | loss: 6.806975 | lrm: 1.00 | dt: 10064.78ms | tok/sec: 104,182 | bf16_mfu: 18.74 | epoch: 1 | total time: 3.35m | eta: 725.3m
step 00031/04357 (0.71%) | loss: 6.729578 | lrm: 1.00 | dt: 10145.88ms | tok/sec: 103,349 | bf16_mfu: 18.59 | epoch: 1 | total time: 3.52m | eta: 725.5m
step 00032/04357 (0.73%) | loss: 6.667222 | lrm: 1.00 | dt: 10118.65ms | tok/sec: 103,628 | bf16_mfu: 18.64 | epoch: 1 | total time: 3.69m | eta: 725.5m
step 00033/04357 (0.76%) | loss: 6.597221 | lrm: 1.00 | dt: 10111.94ms | tok/sec: 103,696 | bf16_mfu: 18.65 | epoch: 1 | total time: 3.86m | eta: 725.5m
step 00034/04357 (0.78%) | loss: 6.520613 | lrm: 1.00 | dt: 10105.28ms | tok/sec: 103,765 | bf16_mfu: 18.67 | epoch: 1 | total time: 4.03m | eta: 725.4m
step 00035/04357 (0.80%) | loss: 6.464209 | lrm: 1.00 | dt: 10151.52ms | tok/sec: 103,292 | bf16_mfu: 18.58 | epoch: 1 | total time: 4.20m | eta: 725.5m
step 00036/04357 (0.83%) | loss: 6.411030 | lrm: 1.00 | dt: 10151.94ms | tok/sec: 103,288 | bf16_mfu: 18.58 | epoch: 1 | total time: 4.37m | eta: 725.5m
step 00037/04357 (0.85%) | loss: 6.347277 | lrm: 1.00 | dt: 10140.71ms | tok/sec: 103,402 | bf16_mfu: 18.60 | epoch: 1 | total time: 4.53m | eta: 725.6m
step 00038/04357 (0.87%) | loss: 6.290661 | lrm: 1.00 | dt: 10131.32ms | tok/sec: 103,498 | bf16_mfu: 18.62 | epoch: 1 | total time: 4.70m | eta: 725.5m
step 00039/04357 (0.90%) | loss: 6.237232 | lrm: 1.00 | dt: 10158.52ms | tok/sec: 103,221 | bf16_mfu: 18.57 | epoch: 1 | total time: 4.87m | eta: 725.6m
step 00040/04357 (0.92%) | loss: 6.183227 | lrm: 1.00 | dt: 10133.56ms | tok/sec: 103,475 | bf16_mfu: 18.61 | epoch: 1 | total time: 5.04m | eta: 725.5m
step 00041/04357 (0.94%) | loss: 6.132623 | lrm: 1.00 | dt: 10148.04ms | tok/sec: 103,327 | bf16_mfu: 18.59 | epoch: 1 | total time: 5.21m | eta: 725.5m
step 00042/04357 (0.96%) | loss: 6.078382 | lrm: 1.00 | dt: 10170.99ms | tok/sec: 103,094 | bf16_mfu: 18.55 | epoch: 1 | total time: 5.38m | eta: 725.5m
step 00043/04357 (0.99%) | loss: 6.030261 | lrm: 1.00 | dt: 10173.92ms | tok/sec: 103,065 | bf16_mfu: 18.54 | epoch: 1 | total time: 5.55m | eta: 725.5m
step 00044/04357 (1.01%) | loss: 5.984398 | lrm: 1.00 | dt: 10149.01ms | tok/sec: 103,318 | bf16_mfu: 18.59 | epoch: 1 | total time: 5.72m | eta: 725.5m
step 00045/04357 (1.03%) | loss: 5.924642 | lrm: 1.00 | dt: 10175.30ms | tok/sec: 103,051 | bf16_mfu: 18.54 | epoch: 1 | total time: 5.89m | eta: 725.5m
step 00046/04357 (1.06%) | loss: 5.885248 | lrm: 1.00 | dt: 10127.36ms | tok/sec: 103,538 | bf16_mfu: 18.63 | epoch: 1 | total time: 6.06m | eta: 725.4m
step 00047/04357 (1.08%) | loss: 5.835831 | lrm: 1.00 | dt: 10161.17ms | tok/sec: 103,194 | bf16_mfu: 18.56 | epoch: 1 | total time: 6.23m | eta: 725.3m
step 00048/04357 (1.10%) | loss: 5.791582 | lrm: 1.00 | dt: 10148.03ms | tok/sec: 103,328 | bf16_mfu: 18.59 | epoch: 1 | total time: 6.40m | eta: 725.3m
step 00049/04357 (1.12%) | loss: 5.742433 | lrm: 1.00 | dt: 10114.72ms | tok/sec: 103,668 | bf16_mfu: 18.65 | epoch: 1 | total time: 6.56m | eta: 725.1m
step 00050/04357 (1.15%) | loss: 5.712634 | lrm: 1.00 | dt: 10093.78ms | tok/sec: 103,883 | bf16_mfu: 18.69 | epoch: 1 | total time: 6.73m | eta: 725.0m
step 00051/04357 (1.17%) | loss: 5.667610 | lrm: 1.00 | dt: 10108.03ms | tok/sec: 103,736 | bf16_mfu: 18.66 | epoch: 1 | total time: 6.90m | eta: 724.8m
step 00052/04357 (1.19%) | loss: 5.629189 | lrm: 1.00 | dt: 10123.81ms | tok/sec: 103,575 | bf16_mfu: 18.63 | epoch: 1 | total time: 7.07m | eta: 724.7m
step 00053/04357 (1.22%) | loss: 5.578904 | lrm: 1.00 | dt: 10124.86ms | tok/sec: 103,564 | bf16_mfu: 18.63 | epoch: 1 | total time: 7.24m | eta: 724.5m
step 00054/04357 (1.24%) | loss: 5.528658 | lrm: 1.00 | dt: 10098.94ms | tok/sec: 103,830 | bf16_mfu: 18.68 | epoch: 1 | total time: 7.41m | eta: 724.4m
step 00055/04357 (1.26%) | loss: 5.498187 | lrm: 1.00 | dt: 10103.75ms | tok/sec: 103,780 | bf16_mfu: 18.67 | epoch: 1 | total time: 7.58m | eta: 724.2m
step 00056/04357 (1.29%) | loss: 5.464220 | lrm: 1.00 | dt: 10110.17ms | tok/sec: 103,714 | bf16_mfu: 18.66 | epoch: 1 | total time: 7.74m | eta: 724.1m
step 00057/04357 (1.31%) | loss: 5.413915 | lrm: 1.00 | dt: 10065.56ms | tok/sec: 104,174 | bf16_mfu: 18.74 | epoch: 1 | total time: 7.91m | eta: 723.8m
step 00058/04357 (1.33%) | loss: 5.375613 | lrm: 1.00 | dt: 10081.64ms | tok/sec: 104,008 | bf16_mfu: 18.71 | epoch: 1 | total time: 8.08m | eta: 723.6m
step 00059/04357 (1.35%) | loss: 5.342196 | lrm: 1.00 | dt: 10074.15ms | tok/sec: 104,085 | bf16_mfu: 18.72 | epoch: 1 | total time: 8.25m | eta: 723.4m
step 00060/04357 (1.38%) | loss: 5.302007 | lrm: 1.00 | dt: 10075.30ms | tok/sec: 104,073 | bf16_mfu: 18.72 | epoch: 1 | total time: 8.42m | eta: 723.2m
step 00061/04357 (1.40%) | loss: 5.273657 | lrm: 1.00 | dt: 10055.27ms | tok/sec: 104,281 | bf16_mfu: 18.76 | epoch: 1 | total time: 8.58m | eta: 723.0m
step 00062/04357 (1.42%) | loss: 5.238509 | lrm: 1.00 | dt: 10102.36ms | tok/sec: 103,795 | bf16_mfu: 18.67 | epoch: 1 | total time: 8.75m | eta: 722.8m
step 00063/04357 (1.45%) | loss: 5.213664 | lrm: 1.00 | dt: 10045.71ms | tok/sec: 104,380 | bf16_mfu: 18.78 | epoch: 1 | total time: 8.92m | eta: 722.6m
step 00064/04357 (1.47%) | loss: 5.181359 | lrm: 1.00 | dt: 10074.09ms | tok/sec: 104,086 | bf16_mfu: 18.72 | epoch: 1 | total time: 9.09m | eta: 722.4m
step 00065/04357 (1.49%) | loss: 5.155263 | lrm: 1.00 | dt: 10041.03ms | tok/sec: 104,429 | bf16_mfu: 18.79 | epoch: 1 | total time: 9.25m | eta: 722.2m
step 00066/04357 (1.51%) | loss: 5.134238 | lrm: 1.00 | dt: 10033.73ms | tok/sec: 104,505 | bf16_mfu: 18.80 | epoch: 1 | total time: 9.42m | eta: 721.9m
step 00067/04357 (1.54%) | loss: 5.102563 | lrm: 1.00 | dt: 10041.69ms | tok/sec: 104,422 | bf16_mfu: 18.78 | epoch: 1 | total time: 9.59m | eta: 721.7m
step 00068/04357 (1.56%) | loss: 5.088662 | lrm: 1.00 | dt: 10042.31ms | tok/sec: 104,415 | bf16_mfu: 18.78 | epoch: 1 | total time: 9.76m | eta: 721.5m
step 00069/04357 (1.58%) | loss: 5.056854 | lrm: 1.00 | dt: 10046.61ms | tok/sec: 104,371 | bf16_mfu: 18.78 | epoch: 1 | total time: 9.92m | eta: 721.2m
step 00070/04357 (1.61%) | loss: 5.040033 | lrm: 1.00 | dt: 10028.63ms | tok/sec: 104,558 | bf16_mfu: 18.81 | epoch: 1 | total time: 10.09m | eta: 721.0m
step 00071/04357 (1.63%) | loss: 5.017831 | lrm: 1.00 | dt: 10041.21ms | tok/sec: 104,427 | bf16_mfu: 18.79 | epoch: 1 | total time: 10.26m | eta: 720.8m
step 00072/04357 (1.65%) | loss: 4.998346 | lrm: 1.00 | dt: 10029.87ms | tok/sec: 104,545 | bf16_mfu: 18.81 | epoch: 1 | total time: 10.43m | eta: 720.5m
step 00073/04357 (1.68%) | loss: 4.983207 | lrm: 1.00 | dt: 10038.87ms | tok/sec: 104,451 | bf16_mfu: 18.79 | epoch: 1 | total time: 10.59m | eta: 720.3m
step 00074/04357 (1.70%) | loss: 4.948572 | lrm: 1.00 | dt: 10010.60ms | tok/sec: 104,746 | bf16_mfu: 18.84 | epoch: 1 | total time: 10.76m | eta: 720.0m
step 00075/04357 (1.72%) | loss: 4.925607 | lrm: 1.00 | dt: 9998.12ms | tok/sec: 104,877 | bf16_mfu: 18.87 | epoch: 1 | total time: 10.93m | eta: 719.8m
step 00076/04357 (1.74%) | loss: 4.902784 | lrm: 1.00 | dt: 9996.05ms | tok/sec: 104,899 | bf16_mfu: 18.87 | epoch: 1 | total time: 11.09m | eta: 719.5m
step 00077/04357 (1.77%) | loss: 4.877910 | lrm: 1.00 | dt: 10000.34ms | tok/sec: 104,854 | bf16_mfu: 18.86 | epoch: 1 | total time: 11.26m | eta: 719.3m
step 00078/04357 (1.79%) | loss: 4.856587 | lrm: 1.00 | dt: 9996.57ms | tok/sec: 104,893 | bf16_mfu: 18.87 | epoch: 1 | total time: 11.43m | eta: 719.0m
step 00079/04357 (1.81%) | loss: 4.829537 | lrm: 1.00 | dt: 9991.90ms | tok/sec: 104,942 | bf16_mfu: 18.88 | epoch: 1 | total time: 11.59m | eta: 718.7m
step 00080/04357 (1.84%) | loss: 4.803044 | lrm: 1.00 | dt: 9982.92ms | tok/sec: 105,037 | bf16_mfu: 18.90 | epoch: 1 | total time: 11.76m | eta: 718.5m
step 00081/04357 (1.86%) | loss: 4.767993 | lrm: 1.00 | dt: 9986.06ms | tok/sec: 105,004 | bf16_mfu: 18.89 | epoch: 1 | total time: 11.93m | eta: 718.2m
step 00082/04357 (1.88%) | loss: 4.750240 | lrm: 1.00 | dt: 9972.89ms | tok/sec: 105,142 | bf16_mfu: 18.91 | epoch: 1 | total time: 12.09m | eta: 717.9m
step 00083/04357 (1.90%) | loss: 4.724822 | lrm: 1.00 | dt: 9969.25ms | tok/sec: 105,181 | bf16_mfu: 18.92 | epoch: 1 | total time: 12.26m | eta: 717.7m
step 00084/04357 (1.93%) | loss: 4.735073 | lrm: 1.00 | dt: 9971.93ms | tok/sec: 105,152 | bf16_mfu: 18.92 | epoch: 1 | total time: 12.42m | eta: 717.4m
step 00085/04357 (1.95%) | loss: 4.720900 | lrm: 1.00 | dt: 9968.06ms | tok/sec: 105,193 | bf16_mfu: 18.92 | epoch: 1 | total time: 12.59m | eta: 717.1m
step 00086/04357 (1.97%) | loss: 4.716091 | lrm: 1.00 | dt: 9966.59ms | tok/sec: 105,209 | bf16_mfu: 18.93 | epoch: 1 | total time: 12.76m | eta: 716.9m
step 00087/04357 (2.00%) | loss: 4.695783 | lrm: 1.00 | dt: 9979.85ms | tok/sec: 105,069 | bf16_mfu: 18.90 | epoch: 1 | total time: 12.92m | eta: 716.6m
step 00088/04357 (2.02%) | loss: 4.686954 | lrm: 1.00 | dt: 9946.79ms | tok/sec: 105,418 | bf16_mfu: 18.96 | epoch: 1 | total time: 13.09m | eta: 716.3m
step 00089/04357 (2.04%) | loss: 4.684076 | lrm: 1.00 | dt: 9967.18ms | tok/sec: 105,202 | bf16_mfu: 18.93 | epoch: 1 | total time: 13.25m | eta: 716.1m
step 00090/04357 (2.07%) | loss: 4.669619 | lrm: 1.00 | dt: 9953.77ms | tok/sec: 105,344 | bf16_mfu: 18.95 | epoch: 1 | total time: 13.42m | eta: 715.8m
step 00091/04357 (2.09%) | loss: 4.647268 | lrm: 1.00 | dt: 9967.16ms | tok/sec: 105,203 | bf16_mfu: 18.93 | epoch: 1 | total time: 13.59m | eta: 715.5m
step 00092/04357 (2.11%) | loss: 4.613624 | lrm: 1.00 | dt: 9945.26ms | tok/sec: 105,434 | bf16_mfu: 18.97 | epoch: 1 | total time: 13.75m | eta: 715.3m
step 00093/04357 (2.13%) | loss: 4.595607 | lrm: 1.00 | dt: 9938.83ms | tok/sec: 105,502 | bf16_mfu: 18.98 | epoch: 1 | total time: 13.92m | eta: 715.0m
step 00094/04357 (2.16%) | loss: 4.575526 | lrm: 1.00 | dt: 9966.55ms | tok/sec: 105,209 | bf16_mfu: 18.93 | epoch: 1 | total time: 14.08m | eta: 714.8m
step 00095/04357 (2.18%) | loss: 4.568646 | lrm: 1.00 | dt: 9940.01ms | tok/sec: 105,490 | bf16_mfu: 18.98 | epoch: 1 | total time: 14.25m | eta: 714.5m
step 00096/04357 (2.20%) | loss: 4.539066 | lrm: 1.00 | dt: 9958.75ms | tok/sec: 105,291 | bf16_mfu: 18.94 | epoch: 1 | total time: 14.42m | eta: 714.2m
step 00097/04357 (2.23%) | loss: 4.507506 | lrm: 1.00 | dt: 9948.73ms | tok/sec: 105,398 | bf16_mfu: 18.96 | epoch: 1 | total time: 14.58m | eta: 714.0m
step 00098/04357 (2.25%) | loss: 4.498938 | lrm: 1.00 | dt: 9953.67ms | tok/sec: 105,345 | bf16_mfu: 18.95 | epoch: 1 | total time: 14.75m | eta: 713.7m
step 00099/04357 (2.27%) | loss: 4.487321 | lrm: 1.00 | dt: 9946.80ms | tok/sec: 105,418 | bf16_mfu: 18.96 | epoch: 1 | total time: 14.91m | eta: 713.5m
step 00100/04357 (2.30%) | loss: 4.474222 | lrm: 1.00 | dt: 10056.63ms | tok/sec: 104,267 | bf16_mfu: 18.76 | epoch: 1 | total time: 15.08m | eta: 713.3m
step 00101/04357 (2.32%) | loss: 4.459617 | lrm: 1.00 | dt: 9886.14ms | tok/sec: 106,065 | bf16_mfu: 19.08 | epoch: 1 | total time: 15.25m | eta: 713.0m
step 00102/04357 (2.34%) | loss: 4.454256 | lrm: 1.00 | dt: 9948.62ms | tok/sec: 105,399 | bf16_mfu: 18.96 | epoch: 1 | total time: 15.41m | eta: 712.8m
step 00103/04357 (2.36%) | loss: 4.436680 | lrm: 1.00 | dt: 9930.31ms | tok/sec: 105,593 | bf16_mfu: 19.00 | epoch: 1 | total time: 15.58m | eta: 712.5m
step 00104/04357 (2.39%) | loss: 4.425733 | lrm: 1.00 | dt: 9915.89ms | tok/sec: 105,747 | bf16_mfu: 19.02 | epoch: 1 | total time: 15.74m | eta: 712.2m
step 00105/04357 (2.41%) | loss: 4.404998 | lrm: 1.00 | dt: 9932.09ms | tok/sec: 105,574 | bf16_mfu: 18.99 | epoch: 1 | total time: 15.91m | eta: 712.0m
step 00106/04357 (2.43%) | loss: 4.384731 | lrm: 1.00 | dt: 9929.32ms | tok/sec: 105,603 | bf16_mfu: 19.00 | epoch: 1 | total time: 16.07m | eta: 711.7m
step 00107/04357 (2.46%) | loss: 4.364678 | lrm: 1.00 | dt: 9933.47ms | tok/sec: 105,559 | bf16_mfu: 18.99 | epoch: 1 | total time: 16.24m | eta: 711.5m
step 00108/04357 (2.48%) | loss: 4.364591 | lrm: 1.00 | dt: 9929.96ms | tok/sec: 105,597 | bf16_mfu: 19.00 | epoch: 1 | total time: 16.40m | eta: 711.2m
step 00109/04357 (2.50%) | loss: 4.352173 | lrm: 1.00 | dt: 9897.17ms | tok/sec: 105,947 | bf16_mfu: 19.06 | epoch: 1 | total time: 16.57m | eta: 711.0m
step 00110/04357 (2.52%) | loss: 4.336723 | lrm: 1.00 | dt: 9914.66ms | tok/sec: 105,760 | bf16_mfu: 19.03 | epoch: 1 | total time: 16.73m | eta: 710.7m
step 00111/04357 (2.55%) | loss: 4.315191 | lrm: 1.00 | dt: 9897.65ms | tok/sec: 105,941 | bf16_mfu: 19.06 | epoch: 1 | total time: 16.90m | eta: 710.4m
step 00112/04357 (2.57%) | loss: 4.303757 | lrm: 1.00 | dt: 9898.80ms | tok/sec: 105,929 | bf16_mfu: 19.06 | epoch: 1 | total time: 17.06m | eta: 710.2m
step 00113/04357 (2.59%) | loss: 4.295408 | lrm: 1.00 | dt: 9911.43ms | tok/sec: 105,794 | bf16_mfu: 19.03 | epoch: 1 | total time: 17.23m | eta: 709.9m
step 00114/04357 (2.62%) | loss: 4.264137 | lrm: 1.00 | dt: 9886.40ms | tok/sec: 106,062 | bf16_mfu: 19.08 | epoch: 1 | total time: 17.39m | eta: 709.6m
step 00115/04357 (2.64%) | loss: 4.266890 | lrm: 1.00 | dt: 9881.66ms | tok/sec: 106,113 | bf16_mfu: 19.09 | epoch: 1 | total time: 17.56m | eta: 709.4m
step 00116/04357 (2.66%) | loss: 4.250524 | lrm: 1.00 | dt: 9895.71ms | tok/sec: 105,962 | bf16_mfu: 19.06 | epoch: 1 | total time: 17.72m | eta: 709.1m
step 00117/04357 (2.69%) | loss: 4.226462 | lrm: 1.00 | dt: 9867.15ms | tok/sec: 106,269 | bf16_mfu: 19.12 | epoch: 1 | total time: 17.89m | eta: 708.8m
step 00118/04357 (2.71%) | loss: 4.216531 | lrm: 1.00 | dt: 9899.95ms | tok/sec: 105,917 | bf16_mfu: 19.05 | epoch: 1 | total time: 18.05m | eta: 708.6m
step 00119/04357 (2.73%) | loss: 4.199185 | lrm: 1.00 | dt: 9862.29ms | tok/sec: 106,321 | bf16_mfu: 19.13 | epoch: 1 | total time: 18.22m | eta: 708.3m
step 00120/04357 (2.75%) | loss: 4.190397 | lrm: 1.00 | dt: 9865.48ms | tok/sec: 106,287 | bf16_mfu: 19.12 | epoch: 1 | total time: 18.38m | eta: 708.0m
step 00121/04357 (2.78%) | loss: 4.177769 | lrm: 1.00 | dt: 9875.03ms | tok/sec: 106,184 | bf16_mfu: 19.10 | epoch: 1 | total time: 18.55m | eta: 707.8m
step 00122/04357 (2.80%) | loss: 4.163400 | lrm: 1.00 | dt: 9872.72ms | tok/sec: 106,209 | bf16_mfu: 19.11 | epoch: 1 | total time: 18.71m | eta: 707.5m
step 00123/04357 (2.82%) | loss: 4.157801 | lrm: 1.00 | dt: 9851.98ms | tok/sec: 106,433 | bf16_mfu: 19.15 | epoch: 1 | total time: 18.88m | eta: 707.2m
step 00124/04357 (2.85%) | loss: 4.143259 | lrm: 1.00 | dt: 9867.97ms | tok/sec: 106,260 | bf16_mfu: 19.12 | epoch: 1 | total time: 19.04m | eta: 707.0m
step 00125/04357 (2.87%) | loss: 4.124459 | lrm: 1.00 | dt: 9856.67ms | tok/sec: 106,382 | bf16_mfu: 19.14 | epoch: 1 | total time: 19.20m | eta: 706.7m
step 00126/04357 (2.89%) | loss: 4.111206 | lrm: 1.00 | dt: 9855.34ms | tok/sec: 106,396 | bf16_mfu: 19.14 | epoch: 1 | total time: 19.37m | eta: 706.4m
step 00127/04357 (2.91%) | loss: 4.113104 | lrm: 1.00 | dt: 9854.06ms | tok/sec: 106,410 | bf16_mfu: 19.14 | epoch: 1 | total time: 19.53m | eta: 706.2m
step 00128/04357 (2.94%) | loss: 4.103193 | lrm: 1.00 | dt: 9855.04ms | tok/sec: 106,400 | bf16_mfu: 19.14 | epoch: 1 | total time: 19.70m | eta: 705.9m
step 00129/04357 (2.96%) | loss: 4.096573 | lrm: 1.00 | dt: 9845.11ms | tok/sec: 106,507 | bf16_mfu: 19.16 | epoch: 1 | total time: 19.86m | eta: 705.6m
step 00130/04357 (2.98%) | loss: 4.080829 | lrm: 1.00 | dt: 9831.53ms | tok/sec: 106,654 | bf16_mfu: 19.19 | epoch: 1 | total time: 20.02m | eta: 705.4m
step 00131/04357 (3.01%) | loss: 4.064562 | lrm: 1.00 | dt: 9835.62ms | tok/sec: 106,610 | bf16_mfu: 19.18 | epoch: 1 | total time: 20.19m | eta: 705.1m
step 00132/04357 (3.03%) | loss: 4.057652 | lrm: 1.00 | dt: 9813.56ms | tok/sec: 106,849 | bf16_mfu: 19.22 | epoch: 1 | total time: 20.35m | eta: 704.8m
step 00133/04357 (3.05%) | loss: 4.044761 | lrm: 1.00 | dt: 9852.77ms | tok/sec: 106,424 | bf16_mfu: 19.14 | epoch: 1 | total time: 20.52m | eta: 704.6m
step 00134/04357 (3.08%) | loss: 4.040339 | lrm: 1.00 | dt: 9820.01ms | tok/sec: 106,779 | bf16_mfu: 19.21 | epoch: 1 | total time: 20.68m | eta: 704.3m
step 00135/04357 (3.10%) | loss: 3.996615 | lrm: 1.00 | dt: 9852.12ms | tok/sec: 106,431 | bf16_mfu: 19.15 | epoch: 1 | total time: 20.84m | eta: 704.0m
step 00136/04357 (3.12%) | loss: 3.985959 | lrm: 1.00 | dt: 9850.81ms | tok/sec: 106,445 | bf16_mfu: 19.15 | epoch: 1 | total time: 21.01m | eta: 703.8m
step 00137/04357 (3.14%) | loss: 3.990023 | lrm: 1.00 | dt: 9860.47ms | tok/sec: 106,341 | bf16_mfu: 19.13 | epoch: 1 | total time: 21.17m | eta: 703.5m
step 00138/04357 (3.17%) | loss: 3.991521 | lrm: 1.00 | dt: 9834.96ms | tok/sec: 106,617 | bf16_mfu: 19.18 | epoch: 1 | total time: 21.34m | eta: 703.3m
step 00139/04357 (3.19%) | loss: 3.975813 | lrm: 1.00 | dt: 9832.63ms | tok/sec: 106,642 | bf16_mfu: 19.18 | epoch: 1 | total time: 21.50m | eta: 703.0m
step 00140/04357 (3.21%) | loss: 3.964708 | lrm: 1.00 | dt: 9810.87ms | tok/sec: 106,879 | bf16_mfu: 19.23 | epoch: 1 | total time: 21.66m | eta: 702.8m
step 00141/04357 (3.24%) | loss: 3.953231 | lrm: 1.00 | dt: 9790.31ms | tok/sec: 107,103 | bf16_mfu: 19.27 | epoch: 1 | total time: 21.83m | eta: 702.5m
step 00142/04357 (3.26%) | loss: 3.957840 | lrm: 1.00 | dt: 9816.53ms | tok/sec: 106,817 | bf16_mfu: 19.22 | epoch: 1 | total time: 21.99m | eta: 702.2m
step 00143/04357 (3.28%) | loss: 3.938931 | lrm: 1.00 | dt: 9824.64ms | tok/sec: 106,729 | bf16_mfu: 19.20 | epoch: 1 | total time: 22.15m | eta: 702.0m
step 00144/04357 (3.31%) | loss: 3.933387 | lrm: 1.00 | dt: 9807.42ms | tok/sec: 106,916 | bf16_mfu: 19.23 | epoch: 1 | total time: 22.32m | eta: 701.7m
step 00145/04357 (3.33%) | loss: 3.908398 | lrm: 1.00 | dt: 9803.30ms | tok/sec: 106,961 | bf16_mfu: 19.24 | epoch: 1 | total time: 22.48m | eta: 701.4m
step 00146/04357 (3.35%) | loss: 3.919433 | lrm: 1.00 | dt: 9797.32ms | tok/sec: 107,026 | bf16_mfu: 19.25 | epoch: 1 | total time: 22.64m | eta: 701.2m
step 00147/04357 (3.37%) | loss: 3.913608 | lrm: 1.00 | dt: 9821.02ms | tok/sec: 106,768 | bf16_mfu: 19.21 | epoch: 1 | total time: 22.81m | eta: 700.9m
step 00148/04357 (3.40%) | loss: 3.926078 | lrm: 1.00 | dt: 9804.85ms | tok/sec: 106,944 | bf16_mfu: 19.24 | epoch: 1 | total time: 22.97m | eta: 700.6m
step 00149/04357 (3.42%) | loss: 3.912627 | lrm: 1.00 | dt: 9772.07ms | tok/sec: 107,303 | bf16_mfu: 19.30 | epoch: 1 | total time: 23.13m | eta: 700.4m
step 00150/04357 (3.44%) | loss: 3.903178 | lrm: 1.00 | dt: 9795.54ms | tok/sec: 107,046 | bf16_mfu: 19.26 | epoch: 1 | total time: 23.30m | eta: 700.1m
step 00151/04357 (3.47%) | loss: 3.887788 | lrm: 1.00 | dt: 9790.34ms | tok/sec: 107,103 | bf16_mfu: 19.27 | epoch: 1 | total time: 23.46m | eta: 699.8m
step 00152/04357 (3.49%) | loss: 3.881742 | lrm: 1.00 | dt: 9808.48ms | tok/sec: 106,905 | bf16_mfu: 19.23 | epoch: 1 | total time: 23.62m | eta: 699.6m
step 00153/04357 (3.51%) | loss: 3.868335 | lrm: 1.00 | dt: 9791.37ms | tok/sec: 107,091 | bf16_mfu: 19.26 | epoch: 1 | total time: 23.79m | eta: 699.3m
step 00154/04357 (3.53%) | loss: 3.868610 | lrm: 1.00 | dt: 9767.67ms | tok/sec: 107,351 | bf16_mfu: 19.31 | epoch: 1 | total time: 23.95m | eta: 699.1m
step 00155/04357 (3.56%) | loss: 3.870194 | lrm: 1.00 | dt: 9769.95ms | tok/sec: 107,326 | bf16_mfu: 19.31 | epoch: 1 | total time: 24.11m | eta: 698.8m
step 00156/04357 (3.58%) | loss: 3.879786 | lrm: 1.00 | dt: 9792.27ms | tok/sec: 107,082 | bf16_mfu: 19.26 | epoch: 1 | total time: 24.28m | eta: 698.5m
step 00157/04357 (3.60%) | loss: 3.877145 | lrm: 1.00 | dt: 9775.87ms | tok/sec: 107,261 | bf16_mfu: 19.30 | epoch: 1 | total time: 24.44m | eta: 698.3m
step 00158/04357 (3.63%) | loss: 3.868924 | lrm: 1.00 | dt: 9784.59ms | tok/sec: 107,166 | bf16_mfu: 19.28 | epoch: 1 | total time: 24.60m | eta: 698.0m
step 00159/04357 (3.65%) | loss: 3.856509 | lrm: 1.00 | dt: 9771.21ms | tok/sec: 107,312 | bf16_mfu: 19.30 | epoch: 1 | total time: 24.77m | eta: 697.8m
step 00160/04357 (3.67%) | loss: 3.848622 | lrm: 1.00 | dt: 9776.45ms | tok/sec: 107,255 | bf16_mfu: 19.29 | epoch: 1 | total time: 24.93m | eta: 697.5m
step 00161/04357 (3.70%) | loss: 3.841294 | lrm: 1.00 | dt: 9784.75ms | tok/sec: 107,164 | bf16_mfu: 19.28 | epoch: 1 | total time: 25.09m | eta: 697.2m
step 00162/04357 (3.72%) | loss: 3.838727 | lrm: 1.00 | dt: 9758.14ms | tok/sec: 107,456 | bf16_mfu: 19.33 | epoch: 1 | total time: 25.25m | eta: 697.0m
step 00163/04357 (3.74%) | loss: 3.811741 | lrm: 1.00 | dt: 9771.88ms | tok/sec: 107,305 | bf16_mfu: 19.30 | epoch: 1 | total time: 25.42m | eta: 696.7m
step 00164/04357 (3.76%) | loss: 3.826033 | lrm: 1.00 | dt: 9758.14ms | tok/sec: 107,456 | bf16_mfu: 19.33 | epoch: 1 | total time: 25.58m | eta: 696.5m
step 00165/04357 (3.79%) | loss: 3.827962 | lrm: 1.00 | dt: 9769.34ms | tok/sec: 107,333 | bf16_mfu: 19.31 | epoch: 1 | total time: 25.74m | eta: 696.2m
step 00166/04357 (3.81%) | loss: 3.831106 | lrm: 1.00 | dt: 9765.11ms | tok/sec: 107,379 | bf16_mfu: 19.32 | epoch: 1 | total time: 25.91m | eta: 696.0m
step 00167/04357 (3.83%) | loss: 3.810419 | lrm: 1.00 | dt: 9756.82ms | tok/sec: 107,471 | bf16_mfu: 19.33 | epoch: 1 | total time: 26.07m | eta: 695.7m
step 00168/04357 (3.86%) | loss: 3.801578 | lrm: 1.00 | dt: 9731.87ms | tok/sec: 107,746 | bf16_mfu: 19.38 | epoch: 1 | total time: 26.23m | eta: 695.4m
step 00169/04357 (3.88%) | loss: 3.790786 | lrm: 1.00 | dt: 9746.53ms | tok/sec: 107,584 | bf16_mfu: 19.35 | epoch: 1 | total time: 26.39m | eta: 695.2m
step 00170/04357 (3.90%) | loss: 3.783212 | lrm: 1.00 | dt: 9731.41ms | tok/sec: 107,751 | bf16_mfu: 19.38 | epoch: 1 | total time: 26.55m | eta: 694.9m
step 00171/04357 (3.92%) | loss: 3.775898 | lrm: 1.00 | dt: 9746.48ms | tok/sec: 107,585 | bf16_mfu: 19.35 | epoch: 1 | total time: 26.72m | eta: 694.6m
step 00172/04357 (3.95%) | loss: 3.770253 | lrm: 1.00 | dt: 9741.33ms | tok/sec: 107,641 | bf16_mfu: 19.36 | epoch: 1 | total time: 26.88m | eta: 694.4m
step 00173/04357 (3.97%) | loss: 3.758909 | lrm: 1.00 | dt: 9754.68ms | tok/sec: 107,494 | bf16_mfu: 19.34 | epoch: 1 | total time: 27.04m | eta: 694.1m
step 00174/04357 (3.99%) | loss: 3.759870 | lrm: 1.00 | dt: 9737.46ms | tok/sec: 107,684 | bf16_mfu: 19.37 | epoch: 1 | total time: 27.20m | eta: 693.9m
step 00175/04357 (4.02%) | loss: 3.757564 | lrm: 1.00 | dt: 9737.28ms | tok/sec: 107,686 | bf16_mfu: 19.37 | epoch: 1 | total time: 27.37m | eta: 693.6m
step 00176/04357 (4.04%) | loss: 3.758045 | lrm: 1.00 | dt: 9737.09ms | tok/sec: 107,688 | bf16_mfu: 19.37 | epoch: 1 | total time: 27.53m | eta: 693.4m
step 00177/04357 (4.06%) | loss: 3.747444 | lrm: 1.00 | dt: 9728.90ms | tok/sec: 107,779 | bf16_mfu: 19.39 | epoch: 1 | total time: 27.69m | eta: 693.1m
step 00178/04357 (4.09%) | loss: 3.747061 | lrm: 1.00 | dt: 9744.34ms | tok/sec: 107,608 | bf16_mfu: 19.36 | epoch: 1 | total time: 27.85m | eta: 692.9m
step 00179/04357 (4.11%) | loss: 3.753860 | lrm: 1.00 | dt: 9727.63ms | tok/sec: 107,793 | bf16_mfu: 19.39 | epoch: 1 | total time: 28.02m | eta: 692.6m
step 00180/04357 (4.13%) | loss: 3.741919 | lrm: 1.00 | dt: 9724.35ms | tok/sec: 107,829 | bf16_mfu: 19.40 | epoch: 1 | total time: 28.18m | eta: 692.3m
step 00181/04357 (4.15%) | loss: 3.736668 | lrm: 1.00 | dt: 9735.64ms | tok/sec: 107,704 | bf16_mfu: 19.38 | epoch: 1 | total time: 28.34m | eta: 692.1m
step 00182/04357 (4.18%) | loss: 3.730625 | lrm: 1.00 | dt: 9739.58ms | tok/sec: 107,661 | bf16_mfu: 19.37 | epoch: 1 | total time: 28.50m | eta: 691.8m
step 00183/04357 (4.20%) | loss: 3.725059 | lrm: 1.00 | dt: 9704.86ms | tok/sec: 108,046 | bf16_mfu: 19.44 | epoch: 1 | total time: 28.66m | eta: 691.6m
step 00184/04357 (4.22%) | loss: 3.723963 | lrm: 1.00 | dt: 9720.66ms | tok/sec: 107,870 | bf16_mfu: 19.41 | epoch: 1 | total time: 28.83m | eta: 691.3m
step 00185/04357 (4.25%) | loss: 3.734010 | lrm: 1.00 | dt: 9721.45ms | tok/sec: 107,862 | bf16_mfu: 19.40 | epoch: 1 | total time: 28.99m | eta: 691.1m
step 00186/04357 (4.27%) | loss: 3.722799 | lrm: 1.00 | dt: 9726.00ms | tok/sec: 107,811 | bf16_mfu: 19.39 | epoch: 1 | total time: 29.15m | eta: 690.8m
step 00187/04357 (4.29%) | loss: 3.711785 | lrm: 1.00 | dt: 9720.54ms | tok/sec: 107,872 | bf16_mfu: 19.41 | epoch: 1 | total time: 29.31m | eta: 690.6m
step 00188/04357 (4.31%) | loss: 3.712791 | lrm: 1.00 | dt: 9706.88ms | tok/sec: 108,023 | bf16_mfu: 19.43 | epoch: 1 | total time: 29.47m | eta: 690.3m
step 00189/04357 (4.34%) | loss: 3.693648 | lrm: 1.00 | dt: 9734.93ms | tok/sec: 107,712 | bf16_mfu: 19.38 | epoch: 1 | total time: 29.64m | eta: 690.1m
step 00190/04357 (4.36%) | loss: 3.710742 | lrm: 1.00 | dt: 9726.55ms | tok/sec: 107,805 | bf16_mfu: 19.39 | epoch: 1 | total time: 29.80m | eta: 689.8m
step 00191/04357 (4.38%) | loss: 3.697155 | lrm: 1.00 | dt: 9701.98ms | tok/sec: 108,078 | bf16_mfu: 19.44 | epoch: 1 | total time: 29.96m | eta: 689.6m
step 00192/04357 (4.41%) | loss: 3.703791 | lrm: 1.00 | dt: 9714.99ms | tok/sec: 107,933 | bf16_mfu: 19.42 | epoch: 1 | total time: 30.12m | eta: 689.3m
step 00193/04357 (4.43%) | loss: 3.704748 | lrm: 1.00 | dt: 9725.77ms | tok/sec: 107,814 | bf16_mfu: 19.39 | epoch: 1 | total time: 30.28m | eta: 689.1m
step 00194/04357 (4.45%) | loss: 3.711437 | lrm: 1.00 | dt: 9715.78ms | tok/sec: 107,925 | bf16_mfu: 19.41 | epoch: 1 | total time: 30.45m | eta: 688.8m
step 00195/04357 (4.48%) | loss: 3.695476 | lrm: 1.00 | dt: 9708.56ms | tok/sec: 108,005 | bf16_mfu: 19.43 | epoch: 1 | total time: 30.61m | eta: 688.6m
step 00196/04357 (4.50%) | loss: 3.690008 | lrm: 1.00 | dt: 9718.29ms | tok/sec: 107,897 | bf16_mfu: 19.41 | epoch: 1 | total time: 30.77m | eta: 688.4m
step 00197/04357 (4.52%) | loss: 3.696558 | lrm: 1.00 | dt: 9701.38ms | tok/sec: 108,085 | bf16_mfu: 19.44 | epoch: 1 | total time: 30.93m | eta: 688.1m
step 00198/04357 (4.54%) | loss: 3.687439 | lrm: 1.00 | dt: 9705.08ms | tok/sec: 108,043 | bf16_mfu: 19.44 | epoch: 1 | total time: 31.09m | eta: 687.9m
step 00199/04357 (4.57%) | loss: 3.669658 | lrm: 1.00 | dt: 9718.64ms | tok/sec: 107,893 | bf16_mfu: 19.41 | epoch: 1 | total time: 31.26m | eta: 687.6m
step 00200/04357 (4.59%) | loss: 3.661589 | lrm: 1.00 | dt: 9796.17ms | tok/sec: 107,039 | bf16_mfu: 19.26 | epoch: 1 | total time: 31.42m | eta: 687.4m
step 00201/04357 (4.61%) | loss: 3.676134 | lrm: 1.00 | dt: 9670.44ms | tok/sec: 108,431 | bf16_mfu: 19.51 | epoch: 1 | total time: 31.58m | eta: 687.1m
step 00202/04357 (4.64%) | loss: 3.669608 | lrm: 1.00 | dt: 9696.07ms | tok/sec: 108,144 | bf16_mfu: 19.45 | epoch: 1 | total time: 31.74m | eta: 686.9m
step 00203/04357 (4.66%) | loss: 3.664385 | lrm: 1.00 | dt: 9708.29ms | tok/sec: 108,008 | bf16_mfu: 19.43 | epoch: 1 | total time: 31.90m | eta: 686.7m
step 00204/04357 (4.68%) | loss: 3.668604 | lrm: 1.00 | dt: 9710.64ms | tok/sec: 107,982 | bf16_mfu: 19.43 | epoch: 1 | total time: 32.06m | eta: 686.4m
step 00205/04357 (4.71%) | loss: 3.661130 | lrm: 1.00 | dt: 9705.49ms | tok/sec: 108,039 | bf16_mfu: 19.44 | epoch: 1 | total time: 32.23m | eta: 686.2m
step 00206/04357 (4.73%) | loss: 3.646889 | lrm: 1.00 | dt: 9718.89ms | tok/sec: 107,890 | bf16_mfu: 19.41 | epoch: 1 | total time: 32.39m | eta: 685.9m
step 00207/04357 (4.75%) | loss: 3.651717 | lrm: 1.00 | dt: 9713.51ms | tok/sec: 107,950 | bf16_mfu: 19.42 | epoch: 1 | total time: 32.55m | eta: 685.7m
step 00208/04357 (4.77%) | loss: 3.651877 | lrm: 1.00 | dt: 9702.80ms | tok/sec: 108,069 | bf16_mfu: 19.44 | epoch: 1 | total time: 32.71m | eta: 685.5m
step 00209/04357 (4.80%) | loss: 3.654513 | lrm: 1.00 | dt: 9736.81ms | tok/sec: 107,691 | bf16_mfu: 19.37 | epoch: 1 | total time: 32.87m | eta: 685.2m
step 00210/04357 (4.82%) | loss: 3.647088 | lrm: 1.00 | dt: 9702.72ms | tok/sec: 108,070 | bf16_mfu: 19.44 | epoch: 1 | total time: 33.04m | eta: 685.0m
step 00211/04357 (4.84%) | loss: 3.638075 | lrm: 1.00 | dt: 9714.29ms | tok/sec: 107,941 | bf16_mfu: 19.42 | epoch: 1 | total time: 33.20m | eta: 684.8m
step 00212/04357 (4.87%) | loss: 3.634398 | lrm: 1.00 | dt: 9701.66ms | tok/sec: 108,082 | bf16_mfu: 19.44 | epoch: 1 | total time: 33.36m | eta: 684.5m
step 00213/04357 (4.89%) | loss: 3.621359 | lrm: 1.00 | dt: 9700.78ms | tok/sec: 108,091 | bf16_mfu: 19.44 | epoch: 1 | total time: 33.52m | eta: 684.3m
step 00214/04357 (4.91%) | loss: 3.614338 | lrm: 1.00 | dt: 9711.32ms | tok/sec: 107,974 | bf16_mfu: 19.42 | epoch: 1 | total time: 33.68m | eta: 684.1m
step 00215/04357 (4.93%) | loss: 3.615769 | lrm: 1.00 | dt: 9702.19ms | tok/sec: 108,076 | bf16_mfu: 19.44 | epoch: 1 | total time: 33.85m | eta: 683.8m
step 00216/04357 (4.96%) | loss: 3.608437 | lrm: 1.00 | dt: 9705.59ms | tok/sec: 108,038 | bf16_mfu: 19.44 | epoch: 1 | total time: 34.01m | eta: 683.6m
step 00217/04357 (4.98%) | loss: 3.617610 | lrm: 1.00 | dt: 9710.45ms | tok/sec: 107,984 | bf16_mfu: 19.43 | epoch: 1 | total time: 34.17m | eta: 683.4m
step 00218/04357 (5.00%) | loss: 3.601651 | lrm: 1.00 | dt: 9716.88ms | tok/sec: 107,912 | bf16_mfu: 19.41 | epoch: 1 | total time: 34.33m | eta: 683.1m
step 00219/04357 (5.03%) | loss: 3.611325 | lrm: 1.00 | dt: 9715.93ms | tok/sec: 107,923 | bf16_mfu: 19.41 | epoch: 1 | total time: 34.49m | eta: 682.9m
step 00220/04357 (5.05%) | loss: 3.605727 | lrm: 1.00 | dt: 9699.98ms | tok/sec: 108,100 | bf16_mfu: 19.45 | epoch: 1 | total time: 34.65m | eta: 682.7m
step 00221/04357 (5.07%) | loss: 3.610256 | lrm: 1.00 | dt: 9689.02ms | tok/sec: 108,223 | bf16_mfu: 19.47 | epoch: 1 | total time: 34.82m | eta: 682.5m
step 00222/04357 (5.10%) | loss: 3.600908 | lrm: 1.00 | dt: 9711.92ms | tok/sec: 107,967 | bf16_mfu: 19.42 | epoch: 1 | total time: 34.98m | eta: 682.2m
step 00223/04357 (5.12%) | loss: 3.606478 | lrm: 1.00 | dt: 9692.22ms | tok/sec: 108,187 | bf16_mfu: 19.46 | epoch: 1 | total time: 35.14m | eta: 682.0m
step 00224/04357 (5.14%) | loss: 3.587108 | lrm: 1.00 | dt: 9718.45ms | tok/sec: 107,895 | bf16_mfu: 19.41 | epoch: 1 | total time: 35.30m | eta: 681.8m
step 00225/04357 (5.16%) | loss: 3.595854 | lrm: 1.00 | dt: 9709.00ms | tok/sec: 108,000 | bf16_mfu: 19.43 | epoch: 1 | total time: 35.46m | eta: 681.5m
step 00226/04357 (5.19%) | loss: 3.589069 | lrm: 1.00 | dt: 9715.00ms | tok/sec: 107,933 | bf16_mfu: 19.42 | epoch: 1 | total time: 35.62m | eta: 681.3m
step 00227/04357 (5.21%) | loss: 3.590718 | lrm: 1.00 | dt: 9707.04ms | tok/sec: 108,022 | bf16_mfu: 19.43 | epoch: 1 | total time: 35.79m | eta: 681.1m
step 00228/04357 (5.23%) | loss: 3.564551 | lrm: 1.00 | dt: 9708.43ms | tok/sec: 108,006 | bf16_mfu: 19.43 | epoch: 1 | total time: 35.95m | eta: 680.9m
step 00229/04357 (5.26%) | loss: 3.570598 | lrm: 1.00 | dt: 9724.76ms | tok/sec: 107,825 | bf16_mfu: 19.40 | epoch: 1 | total time: 36.11m | eta: 680.7m
step 00230/04357 (5.28%) | loss: 3.577037 | lrm: 1.00 | dt: 9690.73ms | tok/sec: 108,204 | bf16_mfu: 19.47 | epoch: 1 | total time: 36.27m | eta: 680.4m
step 00231/04357 (5.30%) | loss: 3.585156 | lrm: 1.00 | dt: 9700.11ms | tok/sec: 108,099 | bf16_mfu: 19.45 | epoch: 1 | total time: 36.43m | eta: 680.2m
step 00232/04357 (5.32%) | loss: 3.583851 | lrm: 1.00 | dt: 9700.22ms | tok/sec: 108,098 | bf16_mfu: 19.45 | epoch: 1 | total time: 36.60m | eta: 680.0m
step 00233/04357 (5.35%) | loss: 3.559110 | lrm: 1.00 | dt: 9691.44ms | tok/sec: 108,196 | bf16_mfu: 19.46 | epoch: 1 | total time: 36.76m | eta: 679.8m
step 00234/04357 (5.37%) | loss: 3.555392 | lrm: 1.00 | dt: 9690.94ms | tok/sec: 108,201 | bf16_mfu: 19.46 | epoch: 1 | total time: 36.92m | eta: 679.5m
step 00235/04357 (5.39%) | loss: 3.552029 | lrm: 1.00 | dt: 9690.03ms | tok/sec: 108,211 | bf16_mfu: 19.47 | epoch: 1 | total time: 37.08m | eta: 679.3m
step 00236/04357 (5.42%) | loss: 3.544147 | lrm: 1.00 | dt: 9690.94ms | tok/sec: 108,201 | bf16_mfu: 19.46 | epoch: 1 | total time: 37.24m | eta: 679.1m
step 00237/04357 (5.44%) | loss: 3.541487 | lrm: 1.00 | dt: 9684.62ms | tok/sec: 108,272 | bf16_mfu: 19.48 | epoch: 1 | total time: 37.40m | eta: 678.9m
step 00238/04357 (5.46%) | loss: 3.541276 | lrm: 1.00 | dt: 9696.59ms | tok/sec: 108,138 | bf16_mfu: 19.45 | epoch: 1 | total time: 37.56m | eta: 678.6m
step 00239/04357 (5.49%) | loss: 3.541241 | lrm: 1.00 | dt: 9665.92ms | tok/sec: 108,481 | bf16_mfu: 19.51 | epoch: 1 | total time: 37.73m | eta: 678.4m
step 00240/04357 (5.51%) | loss: 3.531956 | lrm: 1.00 | dt: 9706.86ms | tok/sec: 108,024 | bf16_mfu: 19.43 | epoch: 1 | total time: 37.89m | eta: 678.2m
step 00241/04357 (5.53%) | loss: 3.536740 | lrm: 1.00 | dt: 9689.74ms | tok/sec: 108,215 | bf16_mfu: 19.47 | epoch: 1 | total time: 38.05m | eta: 678.0m
step 00242/04357 (5.55%) | loss: 3.538255 | lrm: 1.00 | dt: 9688.05ms | tok/sec: 108,233 | bf16_mfu: 19.47 | epoch: 1 | total time: 38.21m | eta: 677.7m
step 00243/04357 (5.58%) | loss: 3.545100 | lrm: 1.00 | dt: 9675.29ms | tok/sec: 108,376 | bf16_mfu: 19.50 | epoch: 1 | total time: 38.37m | eta: 677.5m
step 00244/04357 (5.60%) | loss: 3.561494 | lrm: 1.00 | dt: 9701.19ms | tok/sec: 108,087 | bf16_mfu: 19.44 | epoch: 1 | total time: 38.53m | eta: 677.3m
step 00245/04357 (5.62%) | loss: 3.551107 | lrm: 1.00 | dt: 9690.81ms | tok/sec: 108,203 | bf16_mfu: 19.46 | epoch: 1 | total time: 38.69m | eta: 677.1m
step 00246/04357 (5.65%) | loss: 3.540913 | lrm: 1.00 | dt: 9688.85ms | tok/sec: 108,224 | bf16_mfu: 19.47 | epoch: 1 | total time: 38.86m | eta: 676.9m
step 00247/04357 (5.67%) | loss: 3.545060 | lrm: 1.00 | dt: 9685.76ms | tok/sec: 108,259 | bf16_mfu: 19.47 | epoch: 1 | total time: 39.02m | eta: 676.6m
step 00248/04357 (5.69%) | loss: 3.534351 | lrm: 1.00 | dt: 9699.46ms | tok/sec: 108,106 | bf16_mfu: 19.45 | epoch: 1 | total time: 39.18m | eta: 676.4m
step 00249/04357 (5.71%) | loss: 3.537199 | lrm: 1.00 | dt: 9687.92ms | tok/sec: 108,235 | bf16_mfu: 19.47 | epoch: 1 | total time: 39.34m | eta: 676.2m
Step 00250 | Validation bpb: 1.066166
step 00250/04357 (5.74%) | loss: 3.525666 | lrm: 1.00 | dt: 9797.46ms | tok/sec: 107,025 | bf16_mfu: 19.25 | epoch: 1 | total time: 39.50m | eta: 676.0m
step 00251/04357 (5.76%) | loss: 3.522568 | lrm: 1.00 | dt: 9754.94ms | tok/sec: 107,491 | bf16_mfu: 19.34 | epoch: 1 | total time: 39.67m | eta: 675.8m
step 00252/04357 (5.78%) | loss: 3.522377 | lrm: 1.00 | dt: 9721.85ms | tok/sec: 107,857 | bf16_mfu: 19.40 | epoch: 1 | total time: 39.83m | eta: 675.6m
step 00253/04357 (5.81%) | loss: 3.528847 | lrm: 1.00 | dt: 9712.02ms | tok/sec: 107,966 | bf16_mfu: 19.42 | epoch: 1 | total time: 39.99m | eta: 675.4m
step 00254/04357 (5.83%) | loss: 3.532211 | lrm: 1.00 | dt: 9692.56ms | tok/sec: 108,183 | bf16_mfu: 19.46 | epoch: 1 | total time: 40.15m | eta: 675.2m
step 00255/04357 (5.85%) | loss: 3.530051 | lrm: 1.00 | dt: 9694.07ms | tok/sec: 108,166 | bf16_mfu: 19.46 | epoch: 1 | total time: 40.31m | eta: 675.0m
step 00256/04357 (5.88%) | loss: 3.528165 | lrm: 1.00 | dt: 9683.66ms | tok/sec: 108,283 | bf16_mfu: 19.48 | epoch: 1 | total time: 40.48m | eta: 674.7m
step 00257/04357 (5.90%) | loss: 3.514280 | lrm: 1.00 | dt: 9679.65ms | tok/sec: 108,327 | bf16_mfu: 19.49 | epoch: 1 | total time: 40.64m | eta: 674.5m
step 00258/04357 (5.92%) | loss: 3.503434 | lrm: 1.00 | dt: 9702.60ms | tok/sec: 108,071 | bf16_mfu: 19.44 | epoch: 1 | total time: 40.80m | eta: 674.3m
step 00259/04357 (5.94%) | loss: 3.509761 | lrm: 1.00 | dt: 9672.25ms | tok/sec: 108,410 | bf16_mfu: 19.50 | epoch: 1 | total time: 40.96m | eta: 674.1m
step 00260/04357 (5.97%) | loss: 3.503383 | lrm: 1.00 | dt: 9653.04ms | tok/sec: 108,626 | bf16_mfu: 19.54 | epoch: 1 | total time: 41.12m | eta: 673.9m
step 00261/04357 (5.99%) | loss: 3.503201 | lrm: 1.00 | dt: 9687.33ms | tok/sec: 108,241 | bf16_mfu: 19.47 | epoch: 1 | total time: 41.28m | eta: 673.7m
step 00262/04357 (6.01%) | loss: 3.516887 | lrm: 1.00 | dt: 9684.98ms | tok/sec: 108,268 | bf16_mfu: 19.48 | epoch: 1 | total time: 41.44m | eta: 673.4m
step 00263/04357 (6.04%) | loss: 3.521130 | lrm: 1.00 | dt: 9682.72ms | tok/sec: 108,293 | bf16_mfu: 19.48 | epoch: 1 | total time: 41.60m | eta: 673.2m
step 00264/04357 (6.06%) | loss: 3.504769 | lrm: 1.00 | dt: 9677.94ms | tok/sec: 108,347 | bf16_mfu: 19.49 | epoch: 1 | total time: 41.77m | eta: 673.0m
step 00265/04357 (6.08%) | loss: 3.497560 | lrm: 1.00 | dt: 9679.30ms | tok/sec: 108,331 | bf16_mfu: 19.49 | epoch: 1 | total time: 41.93m | eta: 672.8m
step 00266/04357 (6.11%) | loss: 3.485681 | lrm: 1.00 | dt: 9674.42ms | tok/sec: 108,386 | bf16_mfu: 19.50 | epoch: 1 | total time: 42.09m | eta: 672.6m
step 00267/04357 (6.13%) | loss: 3.488068 | lrm: 1.00 | dt: 9683.56ms | tok/sec: 108,284 | bf16_mfu: 19.48 | epoch: 1 | total time: 42.25m | eta: 672.4m
step 00268/04357 (6.15%) | loss: 3.490181 | lrm: 1.00 | dt: 9680.36ms | tok/sec: 108,319 | bf16_mfu: 19.49 | epoch: 1 | total time: 42.41m | eta: 672.2m
step 00269/04357 (6.17%) | loss: 3.491293 | lrm: 1.00 | dt: 9680.06ms | tok/sec: 108,323 | bf16_mfu: 19.49 | epoch: 1 | total time: 42.57m | eta: 672.0m
step 00270/04357 (6.20%) | loss: 3.482307 | lrm: 1.00 | dt: 9667.86ms | tok/sec: 108,459 | bf16_mfu: 19.51 | epoch: 1 | total time: 42.73m | eta: 671.7m
step 00271/04357 (6.22%) | loss: 3.487636 | lrm: 1.00 | dt: 9680.08ms | tok/sec: 108,323 | bf16_mfu: 19.49 | epoch: 1 | total time: 42.89m | eta: 671.5m
step 00272/04357 (6.24%) | loss: 3.490898 | lrm: 1.00 | dt: 9658.22ms | tok/sec: 108,568 | bf16_mfu: 19.53 | epoch: 1 | total time: 43.06m | eta: 671.3m
step 00273/04357 (6.27%) | loss: 3.467859 | lrm: 1.00 | dt: 9668.96ms | tok/sec: 108,447 | bf16_mfu: 19.51 | epoch: 1 | total time: 43.22m | eta: 671.1m
step 00274/04357 (6.29%) | loss: 3.477184 | lrm: 1.00 | dt: 9664.17ms | tok/sec: 108,501 | bf16_mfu: 19.52 | epoch: 1 | total time: 43.38m | eta: 670.9m
step 00275/04357 (6.31%) | loss: 3.478126 | lrm: 1.00 | dt: 9666.86ms | tok/sec: 108,471 | bf16_mfu: 19.51 | epoch: 1 | total time: 43.54m | eta: 670.7m
step 00276/04357 (6.33%) | loss: 3.469341 | lrm: 1.00 | dt: 9650.54ms | tok/sec: 108,654 | bf16_mfu: 19.55 | epoch: 1 | total time: 43.70m | eta: 670.4m
step 00277/04357 (6.36%) | loss: 3.469423 | lrm: 1.00 | dt: 9660.88ms | tok/sec: 108,538 | bf16_mfu: 19.53 | epoch: 1 | total time: 43.86m | eta: 670.2m
step 00278/04357 (6.38%) | loss: 3.451570 | lrm: 1.00 | dt: 9688.61ms | tok/sec: 108,227 | bf16_mfu: 19.47 | epoch: 1 | total time: 44.02m | eta: 670.0m
step 00279/04357 (6.40%) | loss: 3.448409 | lrm: 1.00 | dt: 9648.39ms | tok/sec: 108,678 | bf16_mfu: 19.55 | epoch: 1 | total time: 44.18m | eta: 669.8m
step 00280/04357 (6.43%) | loss: 3.443331 | lrm: 1.00 | dt: 9666.85ms | tok/sec: 108,471 | bf16_mfu: 19.51 | epoch: 1 | total time: 44.34m | eta: 669.6m
step 00281/04357 (6.45%) | loss: 3.430394 | lrm: 1.00 | dt: 9662.36ms | tok/sec: 108,521 | bf16_mfu: 19.52 | epoch: 1 | total time: 44.51m | eta: 669.4m
step 00282/04357 (6.47%) | loss: 3.426581 | lrm: 1.00 | dt: 9655.67ms | tok/sec: 108,596 | bf16_mfu: 19.54 | epoch: 1 | total time: 44.67m | eta: 669.2m
step 00283/04357 (6.50%) | loss: 3.412345 | lrm: 1.00 | dt: 9670.27ms | tok/sec: 108,432 | bf16_mfu: 19.51 | epoch: 1 | total time: 44.83m | eta: 669.0m
step 00284/04357 (6.52%) | loss: 3.428665 | lrm: 1.00 | dt: 9697.04ms | tok/sec: 108,133 | bf16_mfu: 19.45 | epoch: 1 | total time: 44.99m | eta: 668.8m
step 00285/04357 (6.54%) | loss: 3.435471 | lrm: 1.00 | dt: 9670.51ms | tok/sec: 108,430 | bf16_mfu: 19.51 | epoch: 1 | total time: 45.15m | eta: 668.6m
step 00286/04357 (6.56%) | loss: 3.421812 | lrm: 1.00 | dt: 9687.97ms | tok/sec: 108,234 | bf16_mfu: 19.47 | epoch: 1 | total time: 45.31m | eta: 668.3m
step 00287/04357 (6.59%) | loss: 3.429676 | lrm: 1.00 | dt: 9676.43ms | tok/sec: 108,363 | bf16_mfu: 19.49 | epoch: 1 | total time: 45.47m | eta: 668.1m
step 00288/04357 (6.61%) | loss: 3.430872 | lrm: 1.00 | dt: 9665.26ms | tok/sec: 108,489 | bf16_mfu: 19.52 | epoch: 1 | total time: 45.63m | eta: 667.9m
step 00289/04357 (6.63%) | loss: 3.428736 | lrm: 1.00 | dt: 9654.13ms | tok/sec: 108,614 | bf16_mfu: 19.54 | epoch: 1 | total time: 45.80m | eta: 667.7m
step 00290/04357 (6.66%) | loss: 3.432331 | lrm: 1.00 | dt: 9655.21ms | tok/sec: 108,602 | bf16_mfu: 19.54 | epoch: 1 | total time: 45.96m | eta: 667.5m
step 00291/04357 (6.68%) | loss: 3.440234 | lrm: 1.00 | dt: 9637.75ms | tok/sec: 108,798 | bf16_mfu: 19.57 | epoch: 1 | total time: 46.12m | eta: 667.3m
step 00292/04357 (6.70%) | loss: 3.435274 | lrm: 1.00 | dt: 9656.28ms | tok/sec: 108,590 | bf16_mfu: 19.53 | epoch: 1 | total time: 46.28m | eta: 667.1m
step 00293/04357 (6.72%) | loss: 3.446143 | lrm: 1.00 | dt: 9651.87ms | tok/sec: 108,639 | bf16_mfu: 19.54 | epoch: 1 | total time: 46.44m | eta: 666.9m
step 00294/04357 (6.75%) | loss: 3.441375 | lrm: 1.00 | dt: 9660.60ms | tok/sec: 108,541 | bf16_mfu: 19.53 | epoch: 1 | total time: 46.60m | eta: 666.7m
step 00295/04357 (6.77%) | loss: 3.435428 | lrm: 1.00 | dt: 9651.79ms | tok/sec: 108,640 | bf16_mfu: 19.54 | epoch: 1 | total time: 46.76m | eta: 666.5m
step 00296/04357 (6.79%) | loss: 3.424930 | lrm: 1.00 | dt: 9664.72ms | tok/sec: 108,495 | bf16_mfu: 19.52 | epoch: 1 | total time: 46.92m | eta: 666.3m
step 00297/04357 (6.82%) | loss: 3.408637 | lrm: 1.00 | dt: 9646.55ms | tok/sec: 108,699 | bf16_mfu: 19.55 | epoch: 1 | total time: 47.08m | eta: 666.0m
step 00298/04357 (6.84%) | loss: 3.404464 | lrm: 1.00 | dt: 9668.31ms | tok/sec: 108,454 | bf16_mfu: 19.51 | epoch: 1 | total time: 47.24m | eta: 665.8m
step 00299/04357 (6.86%) | loss: 3.420845 | lrm: 1.00 | dt: 9671.85ms | tok/sec: 108,415 | bf16_mfu: 19.50 | epoch: 1 | total time: 47.40m | eta: 665.6m
step 00300/04357 (6.89%) | loss: 3.423980 | lrm: 1.00 | dt: 9760.67ms | tok/sec: 107,428 | bf16_mfu: 19.33 | epoch: 1 | total time: 47.57m | eta: 665.4m
step 00301/04357 (6.91%) | loss: 3.423770 | lrm: 1.00 | dt: 9645.16ms | tok/sec: 108,715 | bf16_mfu: 19.56 | epoch: 1 | total time: 47.73m | eta: 665.2m
step 00302/04357 (6.93%) | loss: 3.420749 | lrm: 1.00 | dt: 9655.74ms | tok/sec: 108,596 | bf16_mfu: 19.54 | epoch: 1 | total time: 47.89m | eta: 665.0m
step 00303/04357 (6.95%) | loss: 3.418139 | lrm: 1.00 | dt: 9654.72ms | tok/sec: 108,607 | bf16_mfu: 19.54 | epoch: 1 | total time: 48.05m | eta: 664.8m
step 00304/04357 (6.98%) | loss: 3.420297 | lrm: 1.00 | dt: 9654.49ms | tok/sec: 108,610 | bf16_mfu: 19.54 | epoch: 1 | total time: 48.21m | eta: 664.6m
step 00305/04357 (7.00%) | loss: 3.424160 | lrm: 1.00 | dt: 9664.14ms | tok/sec: 108,501 | bf16_mfu: 19.52 | epoch: 1 | total time: 48.37m | eta: 664.4m
step 00306/04357 (7.02%) | loss: 3.417508 | lrm: 1.00 | dt: 9658.94ms | tok/sec: 108,560 | bf16_mfu: 19.53 | epoch: 1 | total time: 48.53m | eta: 664.2m
step 00307/04357 (7.05%) | loss: 3.407788 | lrm: 1.00 | dt: 9647.18ms | tok/sec: 108,692 | bf16_mfu: 19.55 | epoch: 1 | total time: 48.69m | eta: 664.0m
step 00308/04357 (7.07%) | loss: 3.410921 | lrm: 1.00 | dt: 9664.58ms | tok/sec: 108,496 | bf16_mfu: 19.52 | epoch: 1 | total time: 48.85m | eta: 663.8m
step 00309/04357 (7.09%) | loss: 3.396195 | lrm: 1.00 | dt: 9657.49ms | tok/sec: 108,576 | bf16_mfu: 19.53 | epoch: 1 | total time: 49.02m | eta: 663.6m
step 00310/04357 (7.11%) | loss: 3.396362 | lrm: 1.00 | dt: 9665.77ms | tok/sec: 108,483 | bf16_mfu: 19.52 | epoch: 1 | total time: 49.18m | eta: 663.4m
step 00311/04357 (7.14%) | loss: 3.399285 | lrm: 1.00 | dt: 9652.72ms | tok/sec: 108,630 | bf16_mfu: 19.54 | epoch: 1 | total time: 49.34m | eta: 663.2m
step 00312/04357 (7.16%) | loss: 3.403322 | lrm: 1.00 | dt: 9655.73ms | tok/sec: 108,596 | bf16_mfu: 19.54 | epoch: 1 | total time: 49.50m | eta: 663.0m
step 00313/04357 (7.18%) | loss: 3.413962 | lrm: 1.00 | dt: 9663.62ms | tok/sec: 108,507 | bf16_mfu: 19.52 | epoch: 1 | total time: 49.66m | eta: 662.8m
step 00314/04357 (7.21%) | loss: 3.409811 | lrm: 1.00 | dt: 9656.58ms | tok/sec: 108,586 | bf16_mfu: 19.53 | epoch: 1 | total time: 49.82m | eta: 662.6m
step 00315/04357 (7.23%) | loss: 3.415074 | lrm: 1.00 | dt: 9660.06ms | tok/sec: 108,547 | bf16_mfu: 19.53 | epoch: 1 | total time: 49.98m | eta: 662.4m
step 00316/04357 (7.25%) | loss: 3.414365 | lrm: 1.00 | dt: 9664.49ms | tok/sec: 108,497 | bf16_mfu: 19.52 | epoch: 1 | total time: 50.14m | eta: 662.2m
step 00317/04357 (7.28%) | loss: 3.406283 | lrm: 1.00 | dt: 9660.49ms | tok/sec: 108,542 | bf16_mfu: 19.53 | epoch: 1 | total time: 50.30m | eta: 662.0m
step 00318/04357 (7.30%) | loss: 3.409906 | lrm: 1.00 | dt: 9619.22ms | tok/sec: 109,008 | bf16_mfu: 19.61 | epoch: 1 | total time: 50.46m | eta: 661.8m
step 00319/04357 (7.32%) | loss: 3.401767 | lrm: 1.00 | dt: 9676.79ms | tok/sec: 108,359 | bf16_mfu: 19.49 | epoch: 1 | total time: 50.63m | eta: 661.6m
step 00320/04357 (7.34%) | loss: 3.398776 | lrm: 1.00 | dt: 9648.60ms | tok/sec: 108,676 | bf16_mfu: 19.55 | epoch: 1 | total time: 50.79m | eta: 661.4m
step 00321/04357 (7.37%) | loss: 3.392989 | lrm: 1.00 | dt: 9653.54ms | tok/sec: 108,620 | bf16_mfu: 19.54 | epoch: 1 | total time: 50.95m | eta: 661.2m
step 00322/04357 (7.39%) | loss: 3.396766 | lrm: 1.00 | dt: 9647.21ms | tok/sec: 108,692 | bf16_mfu: 19.55 | epoch: 1 | total time: 51.11m | eta: 661.0m
step 00323/04357 (7.41%) | loss: 3.384672 | lrm: 1.00 | dt: 9656.02ms | tok/sec: 108,592 | bf16_mfu: 19.53 | epoch: 1 | total time: 51.27m | eta: 660.8m
step 00324/04357 (7.44%) | loss: 3.370361 | lrm: 1.00 | dt: 9661.87ms | tok/sec: 108,527 | bf16_mfu: 19.52 | epoch: 1 | total time: 51.43m | eta: 660.6m
step 00325/04357 (7.46%) | loss: 3.358031 | lrm: 1.00 | dt: 9653.23ms | tok/sec: 108,624 | bf16_mfu: 19.54 | epoch: 1 | total time: 51.59m | eta: 660.4m
step 00326/04357 (7.48%) | loss: 3.365599 | lrm: 1.00 | dt: 9659.83ms | tok/sec: 108,550 | bf16_mfu: 19.53 | epoch: 1 | total time: 51.75m | eta: 660.2m
step 00327/04357 (7.51%) | loss: 3.350845 | lrm: 1.00 | dt: 9661.26ms | tok/sec: 108,534 | bf16_mfu: 19.52 | epoch: 1 | total time: 51.91m | eta: 660.0m
step 00328/04357 (7.53%) | loss: 3.355338 | lrm: 1.00 | dt: 9664.09ms | tok/sec: 108,502 | bf16_mfu: 19.52 | epoch: 1 | total time: 52.07m | eta: 659.8m
step 00329/04357 (7.55%) | loss: 3.368383 | lrm: 1.00 | dt: 9657.14ms | tok/sec: 108,580 | bf16_mfu: 19.53 | epoch: 1 | total time: 52.23m | eta: 659.6m
step 00330/04357 (7.57%) | loss: 3.371900 | lrm: 1.00 | dt: 9663.23ms | tok/sec: 108,511 | bf16_mfu: 19.52 | epoch: 1 | total time: 52.40m | eta: 659.4m
step 00331/04357 (7.60%) | loss: 3.374058 | lrm: 1.00 | dt: 9654.97ms | tok/sec: 108,604 | bf16_mfu: 19.54 | epoch: 1 | total time: 52.56m | eta: 659.2m
step 00332/04357 (7.62%) | loss: 3.369881 | lrm: 1.00 | dt: 9664.09ms | tok/sec: 108,502 | bf16_mfu: 19.52 | epoch: 1 | total time: 52.72m | eta: 659.0m
step 00333/04357 (7.64%) | loss: 3.372709 | lrm: 1.00 | dt: 9660.12ms | tok/sec: 108,546 | bf16_mfu: 19.53 | epoch: 1 | total time: 52.88m | eta: 658.8m
step 00334/04357 (7.67%) | loss: 3.376666 | lrm: 1.00 | dt: 9640.23ms | tok/sec: 108,770 | bf16_mfu: 19.57 | epoch: 1 | total time: 53.04m | eta: 658.6m
step 00335/04357 (7.69%) | loss: 3.377494 | lrm: 1.00 | dt: 9636.70ms | tok/sec: 108,810 | bf16_mfu: 19.57 | epoch: 1 | total time: 53.20m | eta: 658.4m
step 00336/04357 (7.71%) | loss: 3.377548 | lrm: 1.00 | dt: 9635.10ms | tok/sec: 108,828 | bf16_mfu: 19.58 | epoch: 1 | total time: 53.36m | eta: 658.2m
step 00337/04357 (7.73%) | loss: 3.387157 | lrm: 1.00 | dt: 9654.57ms | tok/sec: 108,609 | bf16_mfu: 19.54 | epoch: 1 | total time: 53.52m | eta: 658.0m
step 00338/04357 (7.76%) | loss: 3.375344 | lrm: 1.00 | dt: 9643.71ms | tok/sec: 108,731 | bf16_mfu: 19.56 | epoch: 1 | total time: 53.68m | eta: 657.8m
step 00339/04357 (7.78%) | loss: 3.360651 | lrm: 1.00 | dt: 9652.69ms | tok/sec: 108,630 | bf16_mfu: 19.54 | epoch: 1 | total time: 53.84m | eta: 657.6m
step 00340/04357 (7.80%) | loss: 3.356984 | lrm: 1.00 | dt: 9668.64ms | tok/sec: 108,451 | bf16_mfu: 19.51 | epoch: 1 | total time: 54.00m | eta: 657.4m
step 00341/04357 (7.83%) | loss: 3.358871 | lrm: 1.00 | dt: 9641.08ms | tok/sec: 108,761 | bf16_mfu: 19.57 | epoch: 1 | total time: 54.16m | eta: 657.2m
step 00342/04357 (7.85%) | loss: 3.350480 | lrm: 1.00 | dt: 9633.27ms | tok/sec: 108,849 | bf16_mfu: 19.58 | epoch: 1 | total time: 54.33m | eta: 657.0m
step 00343/04357 (7.87%) | loss: 3.345331 | lrm: 1.00 | dt: 9657.93ms | tok/sec: 108,571 | bf16_mfu: 19.53 | epoch: 1 | total time: 54.49m | eta: 656.8m
step 00344/04357 (7.90%) | loss: 3.352849 | lrm: 1.00 | dt: 9629.09ms | tok/sec: 108,896 | bf16_mfu: 19.59 | epoch: 1 | total time: 54.65m | eta: 656.6m
step 00345/04357 (7.92%) | loss: 3.359141 | lrm: 1.00 | dt: 9647.86ms | tok/sec: 108,684 | bf16_mfu: 19.55 | epoch: 1 | total time: 54.81m | eta: 656.4m
step 00346/04357 (7.94%) | loss: 3.363544 | lrm: 1.00 | dt: 9651.53ms | tok/sec: 108,643 | bf16_mfu: 19.54 | epoch: 1 | total time: 54.97m | eta: 656.2m
step 00347/04357 (7.96%) | loss: 3.366587 | lrm: 1.00 | dt: 9616.65ms | tok/sec: 109,037 | bf16_mfu: 19.61 | epoch: 1 | total time: 55.13m | eta: 656.0m
step 00348/04357 (7.99%) | loss: 3.356819 | lrm: 1.00 | dt: 9649.89ms | tok/sec: 108,661 | bf16_mfu: 19.55 | epoch: 1 | total time: 55.29m | eta: 655.8m
step 00349/04357 (8.01%) | loss: 3.347348 | lrm: 1.00 | dt: 9650.70ms | tok/sec: 108,652 | bf16_mfu: 19.55 | epoch: 1 | total time: 55.45m | eta: 655.6m
step 00350/04357 (8.03%) | loss: 3.355480 | lrm: 1.00 | dt: 9644.29ms | tok/sec: 108,725 | bf16_mfu: 19.56 | epoch: 1 | total time: 55.61m | eta: 655.4m
step 00351/04357 (8.06%) | loss: 3.345087 | lrm: 1.00 | dt: 9666.64ms | tok/sec: 108,473 | bf16_mfu: 19.51 | epoch: 1 | total time: 55.77m | eta: 655.2m
step 00352/04357 (8.08%) | loss: 3.337166 | lrm: 1.00 | dt: 9634.72ms | tok/sec: 108,832 | bf16_mfu: 19.58 | epoch: 1 | total time: 55.93m | eta: 655.0m
step 00353/04357 (8.10%) | loss: 3.345368 | lrm: 1.00 | dt: 9649.62ms | tok/sec: 108,664 | bf16_mfu: 19.55 | epoch: 1 | total time: 56.09m | eta: 654.8m
