========================================
Job ID: 379722
Node: andreas-h100-1
GPUs: 4
Config: PAD_RATIO=0.1, POWER_ITERS=1, POWER_BATCH=4, SV_LOG=1
Start Time: Fri Feb 27 02:12:11 PM EST 2026
========================================
Fri Feb 27 14:12:11 2026       
+-----------------------------------------------------------------------------------------+
| NVIDIA-SMI 575.57.08              Driver Version: 575.57.08      CUDA Version: 12.9     |
|-----------------------------------------+------------------------+----------------------+
| GPU  Name                 Persistence-M | Bus-Id          Disp.A | Volatile Uncorr. ECC |
| Fan  Temp   Perf          Pwr:Usage/Cap |           Memory-Usage | GPU-Util  Compute M. |
|                                         |                        |               MIG M. |
|=========================================+========================+======================|
|   0  NVIDIA H100 NVL                On  |   00000000:81:00.0 Off |                    0 |
| N/A   42C    P0             64W /  400W |       0MiB /  95830MiB |      0%      Default |
|                                         |                        |             Disabled |
+-----------------------------------------+------------------------+----------------------+
|   1  NVIDIA H100 NVL                On  |   00000000:A1:00.0 Off |                    0 |
| N/A   40C    P0             64W /  400W |       0MiB /  95830MiB |      0%      Default |
|                                         |                        |             Disabled |
+-----------------------------------------+------------------------+----------------------+
|   2  NVIDIA H100 NVL                On  |   00000000:C1:00.0 Off |                    0 |
| N/A   43C    P0             64W /  400W |       0MiB /  95830MiB |      0%      Default |
|                                         |                        |             Disabled |
+-----------------------------------------+------------------------+----------------------+
|   3  NVIDIA H100 NVL                On  |   00000000:E1:00.0 Off |                    0 |
| N/A   41C    P0             64W /  400W |       0MiB /  95830MiB |      0%      Default |
|                                         |                        |             Disabled |
+-----------------------------------------+------------------------+----------------------+
                                                                                         
+-----------------------------------------------------------------------------------------+
| Processes:                                                                              |
|  GPU   GI   CI              PID   Type   Process name                        GPU Memory |
|        ID   ID                                                               Usage      |
|=========================================================================================|
|  No running processes found                                                             |
+-----------------------------------------------------------------------------------------+
Starting: spectralpad_gamma0.1_pi1_pb4

                                                       █████                █████
                                                      ░░███                ░░███
     ████████    ██████   ████████    ██████   ██████  ░███████    ██████  ███████
    ░░███░░███  ░░░░░███ ░░███░░███  ███░░███ ███░░███ ░███░░███  ░░░░░███░░░███░
     ░███ ░███   ███████  ░███ ░███ ░███ ░███░███ ░░░  ░███ ░███   ███████  ░███
     ░███ ░███  ███░░███  ░███ ░███ ░███ ░███░███  ███ ░███ ░███  ███░░███  ░███ ███
     ████ █████░░████████ ████ █████░░██████ ░░██████  ████ █████░░███████  ░░█████
    ░░░░ ░░░░░  ░░░░░░░░ ░░░░ ░░░░░  ░░░░░░   ░░░░░░  ░░░░ ░░░░░  ░░░░░░░░   ░░░░░
    
=== Spectral-Padded Muon Experiment ===
  PAD_RATIO=0.1, POWER_ITERS=1, POWER_BATCH=4
  SV_LOG=True, every=250
Autodetected device type: cuda
GPU: NVIDIA H100 NVL | Peak FLOPS (BF16): 8.35e+14
Using Flash Attention 3
Vocab size: 32,768
Model config:
{
  "sequence_len": 2048,
  "vocab_size": 32768,
  "n_layer": 20,
  "n_head": 10,
  "n_kv_head": 10,
  "n_embd": 1280,
  "window_pattern": "SSSL"
}
FP8 training enabled - converted 121 layers
Parameter counts:
wte                     : 41,943,040
value_embeds            : 419,430,400
lm_head                 : 41,943,040
transformer_matrices    : 393,219,200
scalars                 : 40
total                   : 896,535,720
Estimated FLOPs per token: 3.004189e+09
Auto-computed optimal batch size: 1,048,576 tokens
Scaling LRs by 1.4142 for batch size 1,048,576
Scaling weight decay from 0.200000 to 0.071563
Scaling the LR for the AdamW parameters 1/sqrt(1280/768) = 0.774597
SV logging groups: {139617200826304: 'largest_[5120, 1280]', 139622480474048: 'smallest_[10, 32]'}
Calculated iterations from target data:param ratio: 4,357
Total tokens: 4,568,645,632 | Iterations: 4,357
Gradient accumulation steps: 8
[spectralpad_gamma0.1_pi1_pb4] Step 00000 | val_bpb: 3.169049
[SV step=0] spectralpad_gamma0.1_pi1_pb4/pre smallest_[10, 32] [10, 32] | sigma_max=1.0000e-12 | p05=0.0000 p25=0.0000 p50=0.0000 p75=0.0000 p95=0.0000
[SV step=0] spectralpad_gamma0.1_pi1_pb4/polar smallest_[10, 32] [10, 32] | sigma_max=1.0000e-12 | p05=0.0000 p25=0.0000 p50=0.0000 p75=0.0000 p95=0.0000
[SV step=0] spectralpad_gamma0.1_pi1_pb4/blended smallest_[10, 32] [10, 32] | sigma_max=1.0000e-12 | p05=0.0000 p25=0.0000 p50=0.0000 p75=0.0000 p95=0.0000
========================================
[spectralpad_gamma0.1_pi1_pb4] Job completed at: Fri Feb 27 02:14:02 PM EST 2026
========================================
