========================================
Job ID: 379746
Node: andreas-h100-1
GPUs: 4
Config: PAD_RATIO=0.1, POWER_ITERS=1, POWER_BATCH=4, SV_LOG=1
Start Time: Fri Feb 27 02:30:38 PM EST 2026
========================================
Fri Feb 27 14:30:38 2026       
+-----------------------------------------------------------------------------------------+
| NVIDIA-SMI 575.57.08              Driver Version: 575.57.08      CUDA Version: 12.9     |
|-----------------------------------------+------------------------+----------------------+
| GPU  Name                 Persistence-M | Bus-Id          Disp.A | Volatile Uncorr. ECC |
| Fan  Temp   Perf          Pwr:Usage/Cap |           Memory-Usage | GPU-Util  Compute M. |
|                                         |                        |               MIG M. |
|=========================================+========================+======================|
|   0  NVIDIA H100 NVL                On  |   00000000:81:00.0 Off |                    0 |
| N/A   45C    P0             65W /  400W |       0MiB /  95830MiB |      0%      Default |
|                                         |                        |             Disabled |
+-----------------------------------------+------------------------+----------------------+
|   1  NVIDIA H100 NVL                On  |   00000000:A1:00.0 Off |                    0 |
| N/A   43C    P0             65W /  400W |       0MiB /  95830MiB |      0%      Default |
|                                         |                        |             Disabled |
+-----------------------------------------+------------------------+----------------------+
|   2  NVIDIA H100 NVL                On  |   00000000:C1:00.0 Off |                    0 |
| N/A   45C    P0             65W /  400W |       0MiB /  95830MiB |      0%      Default |
|                                         |                        |             Disabled |
+-----------------------------------------+------------------------+----------------------+
|   3  NVIDIA H100 NVL                On  |   00000000:E1:00.0 Off |                    0 |
| N/A   44C    P0             65W /  400W |       0MiB /  95830MiB |      0%      Default |
|                                         |                        |             Disabled |
+-----------------------------------------+------------------------+----------------------+
                                                                                         
+-----------------------------------------------------------------------------------------+
| Processes:                                                                              |
|  GPU   GI   CI              PID   Type   Process name                        GPU Memory |
|        ID   ID                                                               Usage      |
|=========================================================================================|
|  No running processes found                                                             |
+-----------------------------------------------------------------------------------------+
Starting: spectralpad_gamma0.1_pi1_pb4

                                                       █████                █████
                                                      ░░███                ░░███
     ████████    ██████   ████████    ██████   ██████  ░███████    ██████  ███████
    ░░███░░███  ░░░░░███ ░░███░░███  ███░░███ ███░░███ ░███░░███  ░░░░░███░░░███░
     ░███ ░███   ███████  ░███ ░███ ░███ ░███░███ ░░░  ░███ ░███   ███████  ░███
     ░███ ░███  ███░░███  ░███ ░███ ░███ ░███░███  ███ ░███ ░███  ███░░███  ░███ ███
     ████ █████░░████████ ████ █████░░██████ ░░██████  ████ █████░░███████  ░░█████
    ░░░░ ░░░░░  ░░░░░░░░ ░░░░ ░░░░░  ░░░░░░   ░░░░░░  ░░░░ ░░░░░  ░░░░░░░░   ░░░░░
    
=== Spectral-Padded Muon Experiment ===
  PAD_RATIO=0.1, POWER_ITERS=1, POWER_BATCH=4
  SV_LOG=True, every=250
Autodetected device type: cuda
GPU: NVIDIA H100 NVL | Peak FLOPS (BF16): 8.35e+14
Using Flash Attention 3
Vocab size: 32,768
Model config:
{
  "sequence_len": 2048,
  "vocab_size": 32768,
  "n_layer": 20,
  "n_head": 10,
  "n_kv_head": 10,
  "n_embd": 1280,
  "window_pattern": "SSSL"
}
FP8 training enabled - converted 121 layers
Parameter counts:
wte                     : 41,943,040
value_embeds            : 419,430,400
lm_head                 : 41,943,040
transformer_matrices    : 393,219,200
scalars                 : 40
total                   : 896,535,720
Estimated FLOPs per token: 3.004189e+09
Auto-computed optimal batch size: 1,048,576 tokens
Scaling LRs by 1.4142 for batch size 1,048,576
Scaling weight decay from 0.200000 to 0.071563
Scaling the LR for the AdamW parameters 1/sqrt(1280/768) = 0.774597
SV logging groups: {140208208438976: 'largest_[5120, 1280]', 140208208441536: 'smallest_[10, 32]'}
Calculated iterations from target data:param ratio: 4,357
Total tokens: 4,568,645,632 | Iterations: 4,357
Gradient accumulation steps: 8
[spectralpad_gamma0.1_pi1_pb4] Step 00000 | val_bpb: 3.169049
[SV step=0] spectralpad_gamma0.1_pi1_pb4/pre smallest_[10, 32] [10, 32] | sigma_max=1.0000e-12 | p05=0.0000 p25=0.0000 p50=0.0000 p75=0.0000 p95=0.0000
[SV step=0] spectralpad_gamma0.1_pi1_pb4/polar smallest_[10, 32] [10, 32] | sigma_max=1.0000e-12 | p05=0.0000 p25=0.0000 p50=0.0000 p75=0.0000 p95=0.0000
[SV step=0] spectralpad_gamma0.1_pi1_pb4/blended smallest_[10, 32] [10, 32] | sigma_max=1.0000e-12 | p05=0.0000 p25=0.0000 p50=0.0000 p75=0.0000 p95=0.0000
[SV step=0] spectralpad_gamma0.1_pi1_pb4/pre largest_[5120, 1280] [5120, 1280] | sigma_max=1.0000e-12 | p05=0.0000 p25=0.0000 p50=0.0000 p75=0.0000 p95=0.0000
[SV step=0] spectralpad_gamma0.1_pi1_pb4/polar largest_[5120, 1280] [5120, 1280] | sigma_max=1.0000e-12 | p05=0.0000 p25=0.0000 p50=0.0000 p75=0.0000 p95=0.0000
[SV step=0] spectralpad_gamma0.1_pi1_pb4/blended largest_[5120, 1280] [5120, 1280] | sigma_max=1.0000e-12 | p05=0.0000 p25=0.0000 p50=0.0000 p75=0.0000 p95=0.0000
[spectralpad_gamma0.1_pi1_pb4] step 00000/04357 (0.00%) | loss: 10.398166 | dt: 38046.42ms | tok/s: 27,560
[spectralpad_gamma0.1_pi1_pb4] step 00050/04357 (1.15%) | loss: 5.812164 | dt: 2020.04ms | tok/s: 519,087 | eta: 144.2m
[spectralpad_gamma0.1_pi1_pb4] step 00100/04357 (2.30%) | loss: 5.730525 | dt: 2058.02ms | tok/s: 509,507 | eta: 143.7m
[spectralpad_gamma0.1_pi1_pb4] step 00150/04357 (3.44%) | loss: 5.683828 | dt: 2064.63ms | tok/s: 507,875 | eta: 142.9m
[spectralpad_gamma0.1_pi1_pb4] step 00200/04357 (4.59%) | loss: 5.635784 | dt: 2057.08ms | tok/s: 509,739 | eta: 141.6m
[spectralpad_gamma0.1_pi1_pb4] Step 00250 | val_bpb: 1.600830
[SV step=250] spectralpad_gamma0.1_pi1_pb4/pre smallest_[10, 32] [10, 32] | sigma_max=2.7869e-03 | p05=0.0814 p25=0.1217 p50=0.1859 p75=0.3678 p95=0.8464
[SV step=250] spectralpad_gamma0.1_pi1_pb4/polar smallest_[10, 32] [10, 32] | sigma_max=1.1433e+00 | p05=0.7609 p25=0.8005 p50=0.8784 p75=0.9263 p95=0.9980
[SV step=250] spectralpad_gamma0.1_pi1_pb4/blended smallest_[10, 32] [10, 32] | sigma_max=2.7789e-03 | p05=0.1622 p25=0.2122 p50=0.2678 p75=0.4349 p95=0.8576
[SV step=250] spectralpad_gamma0.1_pi1_pb4/pre largest_[5120, 1280] [5120, 1280] | sigma_max=2.7134e-04 | p05=0.0012 p25=0.0019 p50=0.0032 p75=0.0057 p95=0.0182
[SV step=250] spectralpad_gamma0.1_pi1_pb4/polar largest_[5120, 1280] [5120, 1280] | sigma_max=1.1433e+00 | p05=0.7504 p25=0.7983 p50=0.8928 p75=0.9659 p95=0.9965
[SV step=250] spectralpad_gamma0.1_pi1_pb4/blended largest_[5120, 1280] [5120, 1280] | sigma_max=2.4426e-04 | p05=0.0014 p25=0.0022 p50=0.0034 p75=0.0059 p95=0.0185
[spectralpad_gamma0.1_pi1_pb4] step 00250/04357 (5.74%) | loss: 5.335981 | dt: 2428.13ms | tok/s: 431,844 | eta: 140.0m
[spectralpad_gamma0.1_pi1_pb4] step 00300/04357 (6.89%) | loss: 5.006839 | dt: 2065.78ms | tok/s: 507,594 | eta: 138.5m
[spectralpad_gamma0.1_pi1_pb4] step 00350/04357 (8.03%) | loss: 4.843019 | dt: 2068.63ms | tok/s: 506,893 | eta: 137.0m
[spectralpad_gamma0.1_pi1_pb4] step 00400/04357 (9.18%) | loss: 4.684553 | dt: 2067.09ms | tok/s: 507,271 | eta: 135.4m
[spectralpad_gamma0.1_pi1_pb4] step 00450/04357 (10.33%) | loss: 4.569242 | dt: 2064.06ms | tok/s: 508,017 | eta: 133.8m
[spectralpad_gamma0.1_pi1_pb4] Step 00500 | val_bpb: 1.455471
[SV step=500] spectralpad_gamma0.1_pi1_pb4/pre smallest_[10, 32] [10, 32] | sigma_max=3.1704e-02 | p05=0.0151 p25=0.0198 p50=0.0317 p75=0.0777 p95=0.6538
[SV step=500] spectralpad_gamma0.1_pi1_pb4/polar smallest_[10, 32] [10, 32] | sigma_max=1.1347e+00 | p05=0.7752 p25=0.7993 p50=0.8706 p75=0.9627 p95=0.9968
[SV step=500] spectralpad_gamma0.1_pi1_pb4/blended smallest_[10, 32] [10, 32] | sigma_max=3.1986e-02 | p05=0.1125 p25=0.1182 p50=0.1299 p75=0.1643 p95=0.6828
[SV step=500] spectralpad_gamma0.1_pi1_pb4/pre largest_[5120, 1280] [5120, 1280] | sigma_max=1.1190e-03 | p05=0.0015 p25=0.0024 p50=0.0038 p75=0.0070 p95=0.0233
[SV step=500] spectralpad_gamma0.1_pi1_pb4/polar largest_[5120, 1280] [5120, 1280] | sigma_max=1.1436e+00 | p05=0.7519 p25=0.8044 p50=0.8982 p75=0.9688 p95=0.9965
[SV step=500] spectralpad_gamma0.1_pi1_pb4/blended largest_[5120, 1280] [5120, 1280] | sigma_max=1.0120e-03 | p05=0.0065 p25=0.0085 p50=0.0095 p75=0.0124 p95=0.0285
[spectralpad_gamma0.1_pi1_pb4] step 00500/04357 (11.48%) | loss: 4.584345 | dt: 2386.40ms | tok/s: 439,396 | eta: 132.2m
[spectralpad_gamma0.1_pi1_pb4] step 00550/04357 (12.62%) | loss: 4.328229 | dt: 2059.49ms | tok/s: 509,143 | eta: 130.4m
[spectralpad_gamma0.1_pi1_pb4] step 00600/04357 (13.77%) | loss: 4.745270 | dt: 2047.33ms | tok/s: 512,167 | eta: 128.7m
[spectralpad_gamma0.1_pi1_pb4] step 00650/04357 (14.92%) | loss: 4.323570 | dt: 2060.48ms | tok/s: 508,899 | eta: 127.0m
[spectralpad_gamma0.1_pi1_pb4] step 00700/04357 (16.07%) | loss: 4.199477 | dt: 2073.65ms | tok/s: 505,667 | eta: 125.4m
[spectralpad_gamma0.1_pi1_pb4] Step 00750 | val_bpb: 1.242559
[SV step=750] spectralpad_gamma0.1_pi1_pb4/pre smallest_[10, 32] [10, 32] | sigma_max=7.9788e-03 | p05=0.0252 p25=0.0353 p50=0.0559 p75=0.1343 p95=0.6467
[SV step=750] spectralpad_gamma0.1_pi1_pb4/polar smallest_[10, 32] [10, 32] | sigma_max=1.1389e+00 | p05=0.7777 p25=0.7912 p50=0.8147 p75=0.9600 p95=0.9951
[SV step=750] spectralpad_gamma0.1_pi1_pb4/blended smallest_[10, 32] [10, 32] | sigma_max=7.8992e-03 | p05=0.1150 p25=0.1274 p50=0.1631 p75=0.2200 p95=0.6807
[SV step=750] spectralpad_gamma0.1_pi1_pb4/pre largest_[5120, 1280] [5120, 1280] | sigma_max=4.6122e-04 | p05=0.0043 p25=0.0066 p50=0.0105 p75=0.0186 p95=0.0514
[SV step=750] spectralpad_gamma0.1_pi1_pb4/polar largest_[5120, 1280] [5120, 1280] | sigma_max=1.1424e+00 | p05=0.7529 p25=0.7835 p50=0.8587 p75=0.9423 p95=0.9874
[SV step=750] spectralpad_gamma0.1_pi1_pb4/blended largest_[5120, 1280] [5120, 1280] | sigma_max=4.1563e-04 | p05=0.0055 p25=0.0076 p50=0.0118 p75=0.0199 p95=0.0523
[spectralpad_gamma0.1_pi1_pb4] step 00750/04357 (17.21%) | loss: 4.074737 | dt: 2393.22ms | tok/s: 438,144 | eta: 123.7m
[spectralpad_gamma0.1_pi1_pb4] step 00800/04357 (18.36%) | loss: 4.052644 | dt: 2072.24ms | tok/s: 506,011 | eta: 122.0m
[spectralpad_gamma0.1_pi1_pb4] step 00850/04357 (19.51%) | loss: 3.989405 | dt: 2064.66ms | tok/s: 507,868 | eta: 120.3m
[spectralpad_gamma0.1_pi1_pb4] step 00900/04357 (20.66%) | loss: 3.978037 | dt: 2071.12ms | tok/s: 506,284 | eta: 118.6m
[spectralpad_gamma0.1_pi1_pb4] step 00950/04357 (21.80%) | loss: 3.869412 | dt: 2070.73ms | tok/s: 506,379 | eta: 117.0m
[spectralpad_gamma0.1_pi1_pb4] Step 01000 | val_bpb: 1.161999
[SV step=1000] spectralpad_gamma0.1_pi1_pb4/pre smallest_[10, 32] [10, 32] | sigma_max=5.3773e-03 | p05=0.0213 p25=0.0303 p50=0.0456 p75=0.1287 p95=0.6189
[SV step=1000] spectralpad_gamma0.1_pi1_pb4/polar smallest_[10, 32] [10, 32] | sigma_max=1.1177e+00 | p05=0.7859 p25=0.8432 p50=0.9017 p75=0.9758 p95=0.9980
[SV step=1000] spectralpad_gamma0.1_pi1_pb4/blended smallest_[10, 32] [10, 32] | sigma_max=5.4370e-03 | p05=0.1142 p25=0.1268 p50=0.1442 p75=0.2120 p95=0.6523
[SV step=1000] spectralpad_gamma0.1_pi1_pb4/pre largest_[5120, 1280] [5120, 1280] | sigma_max=5.7045e-04 | p05=0.0040 p25=0.0061 p50=0.0100 p75=0.0184 p95=0.0580
[SV step=1000] spectralpad_gamma0.1_pi1_pb4/polar largest_[5120, 1280] [5120, 1280] | sigma_max=1.1432e+00 | p05=0.7532 p25=0.7846 p50=0.8640 p75=0.9466 p95=0.9906
[SV step=1000] spectralpad_gamma0.1_pi1_pb4/blended largest_[5120, 1280] [5120, 1280] | sigma_max=5.1464e-04 | p05=0.0063 p25=0.0080 p50=0.0124 p75=0.0208 p95=0.0601
[spectralpad_gamma0.1_pi1_pb4] step 01000/04357 (22.95%) | loss: 3.845571 | dt: 2663.01ms | tok/s: 393,756 | eta: 115.3m
[spectralpad_gamma0.1_pi1_pb4] step 01050/04357 (24.10%) | loss: 4.679193 | dt: 2069.92ms | tok/s: 506,577 | eta: 113.6m
[spectralpad_gamma0.1_pi1_pb4] step 01100/04357 (25.25%) | loss: 4.176684 | dt: 2080.69ms | tok/s: 503,954 | eta: 112.0m
[spectralpad_gamma0.1_pi1_pb4] step 01150/04357 (26.39%) | loss: 3.950138 | dt: 2076.38ms | tok/s: 505,001 | eta: 110.3m
[spectralpad_gamma0.1_pi1_pb4] step 01200/04357 (27.54%) | loss: 3.834844 | dt: 2078.82ms | tok/s: 504,409 | eta: 108.6m
[spectralpad_gamma0.1_pi1_pb4] Step 01250 | val_bpb: 1.145422
[SV step=1250] spectralpad_gamma0.1_pi1_pb4/pre smallest_[10, 32] [10, 32] | sigma_max=6.1745e-03 | p05=0.0157 p25=0.0227 p50=0.0446 p75=0.1157 p95=0.6587
[SV step=1250] spectralpad_gamma0.1_pi1_pb4/polar smallest_[10, 32] [10, 32] | sigma_max=1.1210e+00 | p05=0.7823 p25=0.8380 p50=0.9527 p75=0.9844 p95=0.9976
[SV step=1250] spectralpad_gamma0.1_pi1_pb4/blended smallest_[10, 32] [10, 32] | sigma_max=6.2366e-03 | p05=0.1174 p25=0.1256 p50=0.1407 p75=0.1896 p95=0.6965
[SV step=1250] spectralpad_gamma0.1_pi1_pb4/pre largest_[5120, 1280] [5120, 1280] | sigma_max=4.7265e-04 | p05=0.0029 p25=0.0045 p50=0.0074 p75=0.0138 p95=0.0460
[SV step=1250] spectralpad_gamma0.1_pi1_pb4/polar largest_[5120, 1280] [5120, 1280] | sigma_max=1.1448e+00 | p05=0.7531 p25=0.7907 p50=0.8799 p75=0.9635 p95=0.9954
[SV step=1250] spectralpad_gamma0.1_pi1_pb4/blended largest_[5120, 1280] [5120, 1280] | sigma_max=4.2588e-04 | p05=0.0043 p25=0.0056 p50=0.0085 p75=0.0149 p95=0.0471
[spectralpad_gamma0.1_pi1_pb4] step 01250/04357 (28.69%) | loss: 3.791241 | dt: 2414.39ms | tok/s: 434,302 | eta: 106.9m
[spectralpad_gamma0.1_pi1_pb4] step 01300/04357 (29.84%) | loss: 3.864142 | dt: 2076.17ms | tok/s: 505,052 | eta: 105.2m
[spectralpad_gamma0.1_pi1_pb4] step 01350/04357 (30.98%) | loss: 3.739961 | dt: 2087.58ms | tok/s: 502,293 | eta: 103.6m
[spectralpad_gamma0.1_pi1_pb4] step 01400/04357 (32.13%) | loss: 3.969570 | dt: 2087.66ms | tok/s: 502,274 | eta: 101.9m
[spectralpad_gamma0.1_pi1_pb4] step 01450/04357 (33.28%) | loss: 3.758665 | dt: 2080.76ms | tok/s: 503,939 | eta: 100.2m
[spectralpad_gamma0.1_pi1_pb4] Step 01500 | val_bpb: 1.124944
[SV step=1500] spectralpad_gamma0.1_pi1_pb4/pre smallest_[10, 32] [10, 32] | sigma_max=1.9642e-03 | p05=0.0315 p25=0.0544 p50=0.1042 p75=0.2087 p95=0.7665
[SV step=1500] spectralpad_gamma0.1_pi1_pb4/polar smallest_[10, 32] [10, 32] | sigma_max=1.0533e+00 | p05=0.8228 p25=0.8332 p50=0.8504 p75=0.9475 p95=0.9813
[SV step=1500] spectralpad_gamma0.1_pi1_pb4/blended smallest_[10, 32] [10, 32] | sigma_max=1.9390e-03 | p05=0.1184 p25=0.1521 p50=0.1910 p75=0.2825 p95=0.7873
[SV step=1500] spectralpad_gamma0.1_pi1_pb4/pre largest_[5120, 1280] [5120, 1280] | sigma_max=4.5767e-04 | p05=0.0020 p25=0.0031 p50=0.0052 p75=0.0103 p95=0.0440
[SV step=1500] spectralpad_gamma0.1_pi1_pb4/polar largest_[5120, 1280] [5120, 1280] | sigma_max=1.1439e+00 | p05=0.7546 p25=0.8092 p50=0.9014 p75=0.9689 p95=0.9961
[SV step=1500] spectralpad_gamma0.1_pi1_pb4/blended largest_[5120, 1280] [5120, 1280] | sigma_max=4.1236e-04 | p05=0.0030 p25=0.0043 p50=0.0062 p75=0.0114 p95=0.0450
[spectralpad_gamma0.1_pi1_pb4] step 01500/04357 (34.43%) | loss: 3.728757 | dt: 2456.78ms | tok/s: 426,808 | eta: 98.5m
[spectralpad_gamma0.1_pi1_pb4] step 01550/04357 (35.57%) | loss: 3.733047 | dt: 2080.09ms | tok/s: 504,101 | eta: 96.8m
[spectralpad_gamma0.1_pi1_pb4] step 01600/04357 (36.72%) | loss: 3.729437 | dt: 2083.39ms | tok/s: 503,302 | eta: 95.1m
[spectralpad_gamma0.1_pi1_pb4] step 01650/04357 (37.87%) | loss: 3.675061 | dt: 2078.13ms | tok/s: 504,576 | eta: 93.4m
[spectralpad_gamma0.1_pi1_pb4] step 01700/04357 (39.02%) | loss: 3.652964 | dt: 2073.00ms | tok/s: 505,825 | eta: 91.6m
[spectralpad_gamma0.1_pi1_pb4] Step 01750 | val_bpb: 1.113875
[SV step=1750] spectralpad_gamma0.1_pi1_pb4/pre smallest_[10, 32] [10, 32] | sigma_max=3.2811e-03 | p05=0.0311 p25=0.0482 p50=0.0829 p75=0.1639 p95=0.6880
[SV step=1750] spectralpad_gamma0.1_pi1_pb4/polar smallest_[10, 32] [10, 32] | sigma_max=1.1373e+00 | p05=0.7889 p25=0.8008 p50=0.8830 p75=0.9771 p95=0.9994
[SV step=1750] spectralpad_gamma0.1_pi1_pb4/blended smallest_[10, 32] [10, 32] | sigma_max=3.2935e-03 | p05=0.1179 p25=0.1339 p50=0.1864 p75=0.2526 p95=0.7247
[SV step=1750] spectralpad_gamma0.1_pi1_pb4/pre largest_[5120, 1280] [5120, 1280] | sigma_max=6.9078e-04 | p05=0.0020 p25=0.0032 p50=0.0054 p75=0.0106 p95=0.0350
[SV step=1750] spectralpad_gamma0.1_pi1_pb4/polar largest_[5120, 1280] [5120, 1280] | sigma_max=1.1435e+00 | p05=0.7536 p25=0.8091 p50=0.9007 p75=0.9680 p95=0.9958
[SV step=1750] spectralpad_gamma0.1_pi1_pb4/blended largest_[5120, 1280] [5120, 1280] | sigma_max=6.2369e-04 | p05=0.0051 p25=0.0066 p50=0.0081 p75=0.0137 p95=0.0375
[spectralpad_gamma0.1_pi1_pb4] step 01750/04357 (40.17%) | loss: 3.627944 | dt: 2442.29ms | tok/s: 429,341 | eta: 89.9m
[spectralpad_gamma0.1_pi1_pb4] step 01800/04357 (41.31%) | loss: 3.701817 | dt: 2081.28ms | tok/s: 503,812 | eta: 88.2m
[spectralpad_gamma0.1_pi1_pb4] step 01850/04357 (42.46%) | loss: 3.635890 | dt: 2081.97ms | tok/s: 503,647 | eta: 86.5m
[spectralpad_gamma0.1_pi1_pb4] step 01900/04357 (43.61%) | loss: 3.725793 | dt: 2090.32ms | tok/s: 501,634 | eta: 84.8m
[spectralpad_gamma0.1_pi1_pb4] step 01950/04357 (44.76%) | loss: 3.621863 | dt: 2091.98ms | tok/s: 501,237 | eta: 83.1m
[spectralpad_gamma0.1_pi1_pb4] Step 02000 | val_bpb: 1.092583
[SV step=2000] spectralpad_gamma0.1_pi1_pb4/pre smallest_[10, 32] [10, 32] | sigma_max=3.2333e-03 | p05=0.0233 p25=0.0359 p50=0.0556 p75=0.1330 p95=0.6635
[SV step=2000] spectralpad_gamma0.1_pi1_pb4/polar smallest_[10, 32] [10, 32] | sigma_max=1.1266e+00 | p05=0.7995 p25=0.8555 p50=0.9421 p75=0.9791 p95=0.9948
[SV step=2000] spectralpad_gamma0.1_pi1_pb4/blended smallest_[10, 32] [10, 32] | sigma_max=3.2096e-03 | p05=0.1213 p25=0.1293 p50=0.1592 p75=0.2324 p95=0.7011
[SV step=2000] spectralpad_gamma0.1_pi1_pb4/pre largest_[5120, 1280] [5120, 1280] | sigma_max=3.0394e-04 | p05=0.0025 p25=0.0040 p50=0.0069 p75=0.0138 p95=0.0556
[SV step=2000] spectralpad_gamma0.1_pi1_pb4/polar largest_[5120, 1280] [5120, 1280] | sigma_max=1.1450e+00 | p05=0.7542 p25=0.8043 p50=0.9014 p75=0.9680 p95=0.9958
[SV step=2000] spectralpad_gamma0.1_pi1_pb4/blended largest_[5120, 1280] [5120, 1280] | sigma_max=2.7370e-04 | p05=0.0031 p25=0.0047 p50=0.0074 p75=0.0143 p95=0.0561
[spectralpad_gamma0.1_pi1_pb4] step 02000/04357 (45.90%) | loss: 3.633350 | dt: 2450.47ms | tok/s: 427,908 | eta: 81.4m
[spectralpad_gamma0.1_pi1_pb4] step 02050/04357 (47.05%) | loss: 3.578946 | dt: 2088.46ms | tok/s: 502,079 | eta: 79.7m
[spectralpad_gamma0.1_pi1_pb4] step 02100/04357 (48.20%) | loss: 3.599458 | dt: 2081.75ms | tok/s: 503,699 | eta: 78.0m
[spectralpad_gamma0.1_pi1_pb4] step 02150/04357 (49.35%) | loss: 3.945420 | dt: 2085.88ms | tok/s: 502,702 | eta: 76.3m
[spectralpad_gamma0.1_pi1_pb4] step 02200/04357 (50.49%) | loss: 3.708158 | dt: 2081.47ms | tok/s: 503,766 | eta: 74.6m
[spectralpad_gamma0.1_pi1_pb4] Step 02250 | val_bpb: 1.083724
[SV step=2250] spectralpad_gamma0.1_pi1_pb4/pre smallest_[10, 32] [10, 32] | sigma_max=8.3780e-03 | p05=0.0115 p25=0.0231 p50=0.0390 p75=0.0820 p95=0.6537
[SV step=2250] spectralpad_gamma0.1_pi1_pb4/polar smallest_[10, 32] [10, 32] | sigma_max=1.1305e+00 | p05=0.7638 p25=0.7834 p50=0.8197 p75=0.8659 p95=0.9464
[SV step=2250] spectralpad_gamma0.1_pi1_pb4/blended smallest_[10, 32] [10, 32] | sigma_max=8.3724e-03 | p05=0.1048 p25=0.1117 p50=0.1218 p75=0.1816 p95=0.6844
[SV step=2250] spectralpad_gamma0.1_pi1_pb4/pre largest_[5120, 1280] [5120, 1280] | sigma_max=5.7845e-04 | p05=0.0011 p25=0.0017 p50=0.0029 p75=0.0059 p95=0.0252
[SV step=2250] spectralpad_gamma0.1_pi1_pb4/polar largest_[5120, 1280] [5120, 1280] | sigma_max=1.1432e+00 | p05=0.6372 p25=0.7751 p50=0.8750 p75=0.9609 p95=0.9967
[SV step=2250] spectralpad_gamma0.1_pi1_pb4/blended largest_[5120, 1280] [5120, 1280] | sigma_max=5.2181e-04 | p05=0.0027 p25=0.0040 p50=0.0054 p75=0.0079 p95=0.0276
[spectralpad_gamma0.1_pi1_pb4] step 02250/04357 (51.64%) | loss: 3.589660 | dt: 2441.73ms | tok/s: 429,440 | eta: 72.9m
[spectralpad_gamma0.1_pi1_pb4] step 02300/04357 (52.79%) | loss: 3.568181 | dt: 2092.47ms | tok/s: 501,119 | eta: 71.1m
[spectralpad_gamma0.1_pi1_pb4] step 02350/04357 (53.94%) | loss: 3.559672 | dt: 2087.47ms | tok/s: 502,317 | eta: 69.4m
[spectralpad_gamma0.1_pi1_pb4] step 02400/04357 (55.08%) | loss: 3.536354 | dt: 2089.47ms | tok/s: 501,838 | eta: 67.7m
[spectralpad_gamma0.1_pi1_pb4] step 02450/04357 (56.23%) | loss: 3.555662 | dt: 2094.57ms | tok/s: 500,617 | eta: 66.0m
[spectralpad_gamma0.1_pi1_pb4] Step 02500 | val_bpb: 1.064827
[SV step=2500] spectralpad_gamma0.1_pi1_pb4/pre smallest_[10, 32] [10, 32] | sigma_max=3.5331e-03 | p05=0.0186 p25=0.0270 p50=0.0460 p75=0.0919 p95=0.6319
[SV step=2500] spectralpad_gamma0.1_pi1_pb4/polar smallest_[10, 32] [10, 32] | sigma_max=1.1397e+00 | p05=0.7617 p25=0.8710 p50=0.9127 p75=0.9761 p95=0.9962
[SV step=2500] spectralpad_gamma0.1_pi1_pb4/blended smallest_[10, 32] [10, 32] | sigma_max=3.5655e-03 | p05=0.1047 p25=0.1221 p50=0.1455 p75=0.1847 p95=0.6733
[SV step=2500] spectralpad_gamma0.1_pi1_pb4/pre largest_[5120, 1280] [5120, 1280] | sigma_max=5.8695e-04 | p05=0.0014 p25=0.0022 p50=0.0038 p75=0.0076 p95=0.0272
[SV step=2500] spectralpad_gamma0.1_pi1_pb4/polar largest_[5120, 1280] [5120, 1280] | sigma_max=1.1435e+00 | p05=0.7514 p25=0.7996 p50=0.8945 p75=0.9663 p95=0.9964
[SV step=2500] spectralpad_gamma0.1_pi1_pb4/blended largest_[5120, 1280] [5120, 1280] | sigma_max=5.2972e-04 | p05=0.0039 p25=0.0054 p50=0.0065 p75=0.0107 p95=0.0298
[spectralpad_gamma0.1_pi1_pb4] step 02500/04357 (57.38%) | loss: 3.532457 | dt: 2419.08ms | tok/s: 433,460 | eta: 64.3m
[spectralpad_gamma0.1_pi1_pb4] step 02550/04357 (58.53%) | loss: 3.680343 | dt: 2089.35ms | tok/s: 501,867 | eta: 62.6m
[spectralpad_gamma0.1_pi1_pb4] step 02600/04357 (59.67%) | loss: 3.491805 | dt: 2084.83ms | tok/s: 502,953 | eta: 60.8m
[spectralpad_gamma0.1_pi1_pb4] step 02650/04357 (60.82%) | loss: 3.512260 | dt: 2085.66ms | tok/s: 502,754 | eta: 59.1m
[spectralpad_gamma0.1_pi1_pb4] step 02700/04357 (61.97%) | loss: 3.695238 | dt: 2093.85ms | tok/s: 500,789 | eta: 57.4m
[spectralpad_gamma0.1_pi1_pb4] Step 02750 | val_bpb: 1.055741
[SV step=2750] spectralpad_gamma0.1_pi1_pb4/pre smallest_[10, 32] [10, 32] | sigma_max=8.0061e-03 | p05=0.0087 p25=0.0129 p50=0.0209 p75=0.0460 p95=0.6008
[SV step=2750] spectralpad_gamma0.1_pi1_pb4/polar smallest_[10, 32] [10, 32] | sigma_max=1.1381e+00 | p05=0.7542 p25=0.7713 p50=0.8183 p75=0.9202 p95=0.9783
[SV step=2750] spectralpad_gamma0.1_pi1_pb4/blended smallest_[10, 32] [10, 32] | sigma_max=8.0572e-03 | p05=0.0931 p25=0.1077 p50=0.1229 p75=0.1318 p95=0.6352
[SV step=2750] spectralpad_gamma0.1_pi1_pb4/pre largest_[5120, 1280] [5120, 1280] | sigma_max=8.9810e-04 | p05=0.0009 p25=0.0015 p50=0.0027 p75=0.0054 p95=0.0210
[SV step=2750] spectralpad_gamma0.1_pi1_pb4/polar largest_[5120, 1280] [5120, 1280] | sigma_max=1.1434e+00 | p05=0.6182 p25=0.7725 p50=0.8708 p75=0.9600 p95=0.9966
[SV step=2750] spectralpad_gamma0.1_pi1_pb4/blended largest_[5120, 1280] [5120, 1280] | sigma_max=8.0996e-04 | p05=0.0025 p25=0.0038 p50=0.0052 p75=0.0075 p95=0.0235
[spectralpad_gamma0.1_pi1_pb4] step 02750/04357 (63.12%) | loss: 3.455558 | dt: 2459.32ms | tok/s: 426,369 | eta: 55.7m
[spectralpad_gamma0.1_pi1_pb4] step 02800/04357 (64.26%) | loss: 3.492979 | dt: 2088.56ms | tok/s: 502,057 | eta: 53.9m
[spectralpad_gamma0.1_pi1_pb4] step 02850/04357 (65.41%) | loss: 3.564249 | dt: 2091.24ms | tok/s: 501,412 | eta: 52.2m
[spectralpad_gamma0.1_pi1_pb4] step 02900/04357 (66.56%) | loss: 3.467242 | dt: 2094.41ms | tok/s: 500,655 | eta: 50.5m
[spectralpad_gamma0.1_pi1_pb4] step 02950/04357 (67.71%) | loss: 3.435868 | dt: 2085.00ms | tok/s: 502,913 | eta: 48.8m
[spectralpad_gamma0.1_pi1_pb4] Step 03000 | val_bpb: 1.066297
[SV step=3000] spectralpad_gamma0.1_pi1_pb4/pre smallest_[10, 32] [10, 32] | sigma_max=7.7374e-03 | p05=0.0206 p25=0.0349 p50=0.0534 p75=0.1551 p95=0.6575
[SV step=3000] spectralpad_gamma0.1_pi1_pb4/polar smallest_[10, 32] [10, 32] | sigma_max=1.1130e+00 | p05=0.8001 p25=0.8539 p50=0.9373 p75=0.9735 p95=0.9965
[SV step=3000] spectralpad_gamma0.1_pi1_pb4/blended smallest_[10, 32] [10, 32] | sigma_max=7.7632e-03 | p05=0.1112 p25=0.1289 p50=0.1578 p75=0.2441 p95=0.6905
[SV step=3000] spectralpad_gamma0.1_pi1_pb4/pre largest_[5120, 1280] [5120, 1280] | sigma_max=3.7221e-03 | p05=0.0002 p25=0.0004 p50=0.0007 p75=0.0015 p95=0.0085
[SV step=3000] spectralpad_gamma0.1_pi1_pb4/polar largest_[5120, 1280] [5120, 1280] | sigma_max=1.1416e+00 | p05=0.1778 p25=0.2850 p50=0.4870 p75=0.7982 p95=0.9863
[SV step=3000] spectralpad_gamma0.1_pi1_pb4/blended largest_[5120, 1280] [5120, 1280] | sigma_max=3.4215e-03 | p05=0.0047 p25=0.0075 p50=0.0129 p75=0.0234 p95=0.0309
[spectralpad_gamma0.1_pi1_pb4] step 03000/04357 (68.85%) | loss: 3.557087 | dt: 2447.73ms | tok/s: 428,387 | eta: 47.0m
[spectralpad_gamma0.1_pi1_pb4] step 03050/04357 (70.00%) | loss: 3.428530 | dt: 2087.69ms | tok/s: 502,265 | eta: 45.3m
[spectralpad_gamma0.1_pi1_pb4] step 03100/04357 (71.15%) | loss: 3.868449 | dt: 2089.01ms | tok/s: 501,948 | eta: 43.6m
[spectralpad_gamma0.1_pi1_pb4] step 03150/04357 (72.30%) | loss: 3.464872 | dt: 2087.35ms | tok/s: 502,346 | eta: 41.8m
[spectralpad_gamma0.1_pi1_pb4] step 03200/04357 (73.45%) | loss: 3.445506 | dt: 2082.75ms | tok/s: 503,457 | eta: 40.1m
[spectralpad_gamma0.1_pi1_pb4] Step 03250 | val_bpb: 1.041961
[SV step=3250] spectralpad_gamma0.1_pi1_pb4/pre smallest_[10, 32] [10, 32] | sigma_max=1.1183e-02 | p05=0.0080 p25=0.0138 p50=0.0204 p75=0.0440 p95=0.5794
[SV step=3250] spectralpad_gamma0.1_pi1_pb4/polar smallest_[10, 32] [10, 32] | sigma_max=1.1063e+00 | p05=0.7813 p25=0.8004 p50=0.9164 p75=0.9866 p95=0.9966
[SV step=3250] spectralpad_gamma0.1_pi1_pb4/blended smallest_[10, 32] [10, 32] | sigma_max=1.1290e-02 | p05=0.1030 p25=0.1105 p50=0.1129 p75=0.1292 p95=0.6253
[SV step=3250] spectralpad_gamma0.1_pi1_pb4/pre largest_[5120, 1280] [5120, 1280] | sigma_max=2.4592e-03 | p05=0.0004 p25=0.0006 p50=0.0011 p75=0.0024 p95=0.0102
[SV step=3250] spectralpad_gamma0.1_pi1_pb4/polar largest_[5120, 1280] [5120, 1280] | sigma_max=1.1422e+00 | p05=0.2892 p25=0.4625 p50=0.7458 p75=0.9001 p95=0.9935
[SV step=3250] spectralpad_gamma0.1_pi1_pb4/blended largest_[5120, 1280] [5120, 1280] | sigma_max=2.2893e-03 | p05=0.0128 p25=0.0205 p50=0.0331 p75=0.0421 p95=0.0486
[spectralpad_gamma0.1_pi1_pb4] step 03250/04357 (74.59%) | loss: 3.459659 | dt: 2429.92ms | tok/s: 431,527 | eta: 38.4m
[spectralpad_gamma0.1_pi1_pb4] step 03300/04357 (75.74%) | loss: 3.397001 | dt: 2082.71ms | tok/s: 503,467 | eta: 36.6m
[spectralpad_gamma0.1_pi1_pb4] step 03350/04357 (76.89%) | loss: 3.438106 | dt: 2078.96ms | tok/s: 504,374 | eta: 34.9m
[spectralpad_gamma0.1_pi1_pb4] step 03400/04357 (78.04%) | loss: 3.425308 | dt: 2085.00ms | tok/s: 502,914 | eta: 33.2m
[spectralpad_gamma0.1_pi1_pb4] step 03450/04357 (79.18%) | loss: 3.412610 | dt: 2077.80ms | tok/s: 504,657 | eta: 31.4m
[spectralpad_gamma0.1_pi1_pb4] Step 03500 | val_bpb: 1.031307
[SV step=3500] spectralpad_gamma0.1_pi1_pb4/pre smallest_[10, 32] [10, 32] | sigma_max=3.1208e-03 | p05=0.0203 p25=0.0331 p50=0.0412 p75=0.0868 p95=0.6198
[SV step=3500] spectralpad_gamma0.1_pi1_pb4/polar smallest_[10, 32] [10, 32] | sigma_max=1.1413e+00 | p05=0.7787 p25=0.8070 p50=0.8499 p75=0.9246 p95=0.9992
[SV step=3500] spectralpad_gamma0.1_pi1_pb4/blended smallest_[10, 32] [10, 32] | sigma_max=3.1114e-03 | p05=0.1148 p25=0.1249 p50=0.1403 p75=0.1810 p95=0.6550
[SV step=3500] spectralpad_gamma0.1_pi1_pb4/pre largest_[5120, 1280] [5120, 1280] | sigma_max=3.9730e-04 | p05=0.0027 p25=0.0044 p50=0.0078 p75=0.0161 p95=0.0556
[SV step=3500] spectralpad_gamma0.1_pi1_pb4/polar largest_[5120, 1280] [5120, 1280] | sigma_max=1.1452e+00 | p05=0.7543 p25=0.8026 p50=0.8971 p75=0.9679 p95=0.9958
[SV step=3500] spectralpad_gamma0.1_pi1_pb4/blended largest_[5120, 1280] [5120, 1280] | sigma_max=3.5771e-04 | p05=0.0031 p25=0.0049 p50=0.0082 p75=0.0165 p95=0.0560
[spectralpad_gamma0.1_pi1_pb4] step 03500/04357 (80.33%) | loss: 3.357916 | dt: 2403.76ms | tok/s: 436,223 | eta: 29.7m
[spectralpad_gamma0.1_pi1_pb4] step 03550/04357 (81.48%) | loss: 3.378633 | dt: 2085.19ms | tok/s: 502,868 | eta: 28.0m
[spectralpad_gamma0.1_pi1_pb4] step 03600/04357 (82.63%) | loss: 3.412756 | dt: 2078.11ms | tok/s: 504,582 | eta: 26.2m
[spectralpad_gamma0.1_pi1_pb4] step 03650/04357 (83.77%) | loss: 3.403720 | dt: 2082.67ms | tok/s: 503,475 | eta: 24.5m
[spectralpad_gamma0.1_pi1_pb4] step 03700/04357 (84.92%) | loss: 3.369681 | dt: 2075.93ms | tok/s: 505,110 | eta: 22.8m
[spectralpad_gamma0.1_pi1_pb4] Step 03750 | val_bpb: 1.026269
[SV step=3750] spectralpad_gamma0.1_pi1_pb4/pre smallest_[10, 32] [10, 32] | sigma_max=2.8112e-03 | p05=0.0245 p25=0.0330 p50=0.0500 p75=0.0898 p95=0.6273
[SV step=3750] spectralpad_gamma0.1_pi1_pb4/polar smallest_[10, 32] [10, 32] | sigma_max=1.1400e+00 | p05=0.8238 p25=0.8553 p50=0.9352 p75=0.9813 p95=0.9960
[SV step=3750] spectralpad_gamma0.1_pi1_pb4/blended smallest_[10, 32] [10, 32] | sigma_max=2.8266e-03 | p05=0.1090 p25=0.1311 p50=0.1418 p75=0.1752 p95=0.6662
[SV step=3750] spectralpad_gamma0.1_pi1_pb4/pre largest_[5120, 1280] [5120, 1280] | sigma_max=3.0847e-04 | p05=0.0036 p25=0.0060 p50=0.0106 p75=0.0219 p95=0.0767
[SV step=3750] spectralpad_gamma0.1_pi1_pb4/polar largest_[5120, 1280] [5120, 1280] | sigma_max=1.1453e+00 | p05=0.7539 p25=0.8000 p50=0.8969 p75=0.9669 p95=0.9957
[SV step=3750] spectralpad_gamma0.1_pi1_pb4/blended largest_[5120, 1280] [5120, 1280] | sigma_max=2.7789e-04 | p05=0.0046 p25=0.0070 p50=0.0115 p75=0.0228 p95=0.0775
[spectralpad_gamma0.1_pi1_pb4] step 03750/04357 (86.07%) | loss: 3.372412 | dt: 2437.14ms | tok/s: 430,248 | eta: 21.0m
[spectralpad_gamma0.1_pi1_pb4] step 03800/04357 (87.22%) | loss: 3.366729 | dt: 2080.65ms | tok/s: 503,964 | eta: 19.3m
[spectralpad_gamma0.1_pi1_pb4] step 03850/04357 (88.36%) | loss: 3.370577 | dt: 2077.51ms | tok/s: 504,727 | eta: 17.6m
[spectralpad_gamma0.1_pi1_pb4] step 03900/04357 (89.51%) | loss: 3.360231 | dt: 2078.46ms | tok/s: 504,496 | eta: 15.8m
[spectralpad_gamma0.1_pi1_pb4] step 03950/04357 (90.66%) | loss: 3.376312 | dt: 2063.15ms | tok/s: 508,239 | eta: 14.1m
[spectralpad_gamma0.1_pi1_pb4] Step 04000 | val_bpb: 1.021964
[SV step=4000] spectralpad_gamma0.1_pi1_pb4/pre smallest_[10, 32] [10, 32] | sigma_max=2.2695e-03 | p05=0.0305 p25=0.0369 p50=0.0558 p75=0.1085 p95=0.6284
[SV step=4000] spectralpad_gamma0.1_pi1_pb4/polar smallest_[10, 32] [10, 32] | sigma_max=1.1095e+00 | p05=0.7841 p25=0.8203 p50=0.8922 p75=0.9400 p95=0.9937
[SV step=4000] spectralpad_gamma0.1_pi1_pb4/blended smallest_[10, 32] [10, 32] | sigma_max=2.2564e-03 | p05=0.1140 p25=0.1196 p50=0.1358 p75=0.1946 p95=0.6660
[SV step=4000] spectralpad_gamma0.1_pi1_pb4/pre largest_[5120, 1280] [5120, 1280] | sigma_max=4.3630e-04 | p05=0.0027 p25=0.0045 p50=0.0080 p75=0.0166 p95=0.0562
[SV step=4000] spectralpad_gamma0.1_pi1_pb4/polar largest_[5120, 1280] [5120, 1280] | sigma_max=1.1451e+00 | p05=0.7540 p25=0.7996 p50=0.8933 p75=0.9657 p95=0.9957
[SV step=4000] spectralpad_gamma0.1_pi1_pb4/blended largest_[5120, 1280] [5120, 1280] | sigma_max=3.9281e-04 | p05=0.0031 p25=0.0049 p50=0.0084 p75=0.0170 p95=0.0565
[spectralpad_gamma0.1_pi1_pb4] step 04000/04357 (91.81%) | loss: 3.376641 | dt: 2426.75ms | tok/s: 432,090 | eta: 12.4m
[spectralpad_gamma0.1_pi1_pb4] step 04050/04357 (92.95%) | loss: 3.365776 | dt: 2081.37ms | tok/s: 503,790 | eta: 10.7m
[spectralpad_gamma0.1_pi1_pb4] step 04100/04357 (94.10%) | loss: 3.382818 | dt: 2078.88ms | tok/s: 504,394 | eta: 8.9m
[spectralpad_gamma0.1_pi1_pb4] step 04150/04357 (95.25%) | loss: 3.380479 | dt: 2079.20ms | tok/s: 504,317 | eta: 7.2m
[spectralpad_gamma0.1_pi1_pb4] step 04200/04357 (96.40%) | loss: 3.341909 | dt: 2084.90ms | tok/s: 502,937 | eta: 5.4m
[spectralpad_gamma0.1_pi1_pb4] Step 04250 | val_bpb: 1.019824
[SV step=4250] spectralpad_gamma0.1_pi1_pb4/pre smallest_[10, 32] [10, 32] | sigma_max=1.7479e-03 | p05=0.0399 p25=0.0536 p50=0.0775 p75=0.1664 p95=0.6950
[SV step=4250] spectralpad_gamma0.1_pi1_pb4/polar smallest_[10, 32] [10, 32] | sigma_max=1.1408e+00 | p05=0.8080 p25=0.8551 p50=0.9282 p75=0.9822 p95=0.9965
[SV step=4250] spectralpad_gamma0.1_pi1_pb4/blended smallest_[10, 32] [10, 32] | sigma_max=1.7596e-03 | p05=0.1339 p25=0.1420 p50=0.1710 p75=0.2441 p95=0.7242
[SV step=4250] spectralpad_gamma0.1_pi1_pb4/pre largest_[5120, 1280] [5120, 1280] | sigma_max=5.1078e-04 | p05=0.0024 p25=0.0040 p50=0.0071 p75=0.0149 p95=0.0506
[SV step=4250] spectralpad_gamma0.1_pi1_pb4/polar largest_[5120, 1280] [5120, 1280] | sigma_max=1.1453e+00 | p05=0.7544 p25=0.8007 p50=0.8966 p75=0.9674 p95=0.9958
[SV step=4250] spectralpad_gamma0.1_pi1_pb4/blended largest_[5120, 1280] [5120, 1280] | sigma_max=4.6015e-04 | p05=0.0033 p25=0.0049 p50=0.0079 p75=0.0157 p95=0.0513
[spectralpad_gamma0.1_pi1_pb4] step 04250/04357 (97.54%) | loss: 3.339828 | dt: 2427.91ms | tok/s: 431,884 | eta: 3.7m
[spectralpad_gamma0.1_pi1_pb4] step 04300/04357 (98.69%) | loss: 3.371481 | dt: 2079.68ms | tok/s: 504,199 | eta: 2.0m
[spectralpad_gamma0.1_pi1_pb4] step 04350/04357 (99.84%) | loss: 3.378304 | dt: 2075.02ms | tok/s: 505,332 | eta: 0.2m
[spectralpad_gamma0.1_pi1_pb4] Step 04357 | val_bpb: 1.019510
Results saved to spectralpadded_results/spectralpad_gamma0.1_pi1_pb4/val_loss.json
[spectralpad_gamma0.1_pi1_pb4] Done. Min val bpb: 1.019510
Peak memory: 40718.31 MiB
Total training time: 150.81m
========================================
[spectralpad_gamma0.1_pi1_pb4] Job completed at: Fri Feb 27 05:08:52 PM EST 2026
========================================
