cpu-bind=MASK - andreas-h100-1, task  0  0 [3939781]: mask 0xffff000000000000ffff0000 set
Resolved 134 packages in 197ms
Audited 121 packages in 837ms
2026-02-27 14:03:24,798 - nanochat.common - [32m[1mINFO[0m - Distributed world size: 4
[rank0]: Traceback (most recent call last):
[rank0]:   File "/usr/lib/python3.10/runpy.py", line 196, in _run_module_as_main
[rank0]:     return _run_code(code, main_globals, None,
[rank0]:   File "/usr/lib/python3.10/runpy.py", line 86, in _run_code
[rank0]:     exec(code, run_globals)
[rank0]:   File "/data/scratch/medhaven/nanochat/scripts/spectralpadded_muon_train.py", line 689, in <module>
[rank0]:     log_dir=results_dir if master_process else None,
[rank0]: NameError: name 'results_dir' is not defined
[rank0]:[W227 14:03:28.240526937 ProcessGroupNCCL.cpp:1524] Warning: WARNING: destroy_process_group() was not called before program exit, which can leak resources. For more info, please see https://pytorch.org/docs/stable/distributed.html#shutdown (function operator())
W0227 14:03:34.515000 3939840 torch/distributed/elastic/multiprocessing/api.py:908] Sending process 3940123 closing signal SIGTERM
W0227 14:03:34.520000 3939840 torch/distributed/elastic/multiprocessing/api.py:908] Sending process 3940124 closing signal SIGTERM
W0227 14:03:34.520000 3939840 torch/distributed/elastic/multiprocessing/api.py:908] Sending process 3940125 closing signal SIGTERM
E0227 14:03:35.050000 3939840 torch/distributed/elastic/multiprocessing/api.py:882] failed (exitcode: 1) local_rank: 0 (pid: 3940122) of binary: /data/scratch/medhaven/nanochat/.venv/bin/python
Traceback (most recent call last):
  File "/data/scratch/medhaven/nanochat/.venv/bin/torchrun", line 10, in <module>
    sys.exit(main())
  File "/data/scratch/medhaven/nanochat/.venv/lib/python3.10/site-packages/torch/distributed/elastic/multiprocessing/errors/__init__.py", line 357, in wrapper
    return f(*args, **kwargs)
  File "/data/scratch/medhaven/nanochat/.venv/lib/python3.10/site-packages/torch/distributed/run.py", line 936, in main
    run(args)
  File "/data/scratch/medhaven/nanochat/.venv/lib/python3.10/site-packages/torch/distributed/run.py", line 927, in run
    elastic_launch(
  File "/data/scratch/medhaven/nanochat/.venv/lib/python3.10/site-packages/torch/distributed/launcher/api.py", line 156, in __call__
    return launch_agent(self._config, self._entrypoint, list(args))
  File "/data/scratch/medhaven/nanochat/.venv/lib/python3.10/site-packages/torch/distributed/launcher/api.py", line 293, in launch_agent
    raise ChildFailedError(
torch.distributed.elastic.multiprocessing.errors.ChildFailedError: 
============================================================
scripts.spectralpadded_muon_train FAILED
------------------------------------------------------------
Failures:
  <NO_OTHER_FAILURES>
------------------------------------------------------------
Root Cause (first observed failure):
[0]:
  time      : 2026-02-27_14:03:34
  host      : andreas-h100-1.csail.mit.edu
  rank      : 0 (local_rank: 0)
  exitcode  : 1 (pid: 3940122)
  error_file: <N/A>
  traceback : To enable traceback see: https://pytorch.org/docs/stable/elastic/errors.html
============================================================
