cpu-bind=MASK - andreas-h100-1, task  0  0 [3946203]: mask 0xffff000000000000ffff00000000 set
Resolved 134 packages in 32ms
Audited 121 packages in 507ms
2026-02-27 14:12:50,356 - nanochat.common - [32m[1mINFO[0m - Distributed world size: 4
[rank1]: Traceback (most recent call last):
[rank1]:   File "/usr/lib/python3.10/runpy.py", line 196, in _run_module_as_main
[rank1]:     return _run_code(code, main_globals, None,
[rank1]:   File "/usr/lib/python3.10/runpy.py", line 86, in _run_code
[rank1]:     exec(code, run_globals)
[rank1]:   File "/data/scratch/medhaven/nanochat/scripts/spectralpadded_muon_train.py", line 812, in <module>
[rank1]:     optimizer.step()
[rank1]:   File "/data/scratch/medhaven/nanochat/.venv/lib/python3.10/site-packages/torch/optim/optimizer.py", line 517, in wrapper
[rank1]:     out = func(*args, **kwargs)
[rank1]:   File "/data/scratch/medhaven/nanochat/.venv/lib/python3.10/site-packages/torch/utils/_contextlib.py", line 120, in decorate_context
[rank1]:     return func(*args, **kwargs)
[rank1]:   File "/data/scratch/medhaven/nanochat/scripts/muon_spectralpadded.py", line 560, in step
[rank1]:     self._compute_muon(group, info, gather_list, rank)
[rank1]:   File "/data/scratch/medhaven/nanochat/scripts/spectralpadded_muon_train.py", line 355, in _compute_muon
[rank1]:     return super()._compute_muon(group, info, gather_list, rank)
[rank1]:   File "/data/scratch/medhaven/nanochat/scripts/muon_spectralpadded.py", line 514, in _compute_muon
[rank1]:     muon_step_fused(
[rank1]:   File "/data/scratch/medhaven/nanochat/.venv/lib/python3.10/site-packages/torch/_dynamo/eval_frame.py", line 845, in compile_wrapper
[rank1]:     raise e.remove_dynamo_frames() from None  # see TORCHDYNAMO_VERBOSE=1
[rank1]:   File "/data/scratch/medhaven/nanochat/.venv/lib/python3.10/site-packages/torch/_dynamo/output_graph.py", line 2196, in _call_user_compiler
[rank1]:     raise BackendCompilerFailed(
[rank1]:   File "/data/scratch/medhaven/nanochat/.venv/lib/python3.10/site-packages/torch/_dynamo/output_graph.py", line 2171, in _call_user_compiler
[rank1]:     compiled_fn = compiler_fn(gm, example_inputs)
[rank1]:   File "/data/scratch/medhaven/nanochat/.venv/lib/python3.10/site-packages/torch/_dynamo/repro/after_dynamo.py", line 156, in __call__
[rank1]:     compiled_gm = compiler_fn(gm, example_inputs)
[rank1]:   File "/data/scratch/medhaven/nanochat/.venv/lib/python3.10/site-packages/torch/__init__.py", line 2392, in __call__
[rank1]:     return compile_fx(model_, inputs_, config_patches=self.config)
[rank1]:   File "/data/scratch/medhaven/nanochat/.venv/lib/python3.10/site-packages/torch/_inductor/compile_fx.py", line 2681, in compile_fx
[rank1]:     return aot_autograd(
[rank1]:   File "/data/scratch/medhaven/nanochat/.venv/lib/python3.10/site-packages/torch/_dynamo/backends/common.py", line 117, in __call__
[rank1]:     cg = aot_module_simplified(gm, example_inputs, **self.kwargs)
[rank1]:   File "/data/scratch/medhaven/nanochat/.venv/lib/python3.10/site-packages/torch/_functorch/aot_autograd.py", line 1106, in aot_module_simplified
[rank1]:     compiled_fn, _ = aot_stage2_compile(aot_state, aot_graph_capture)
[rank1]:   File "/data/scratch/medhaven/nanochat/.venv/lib/python3.10/site-packages/torch/_functorch/_aot_autograd/graph_compile.py", line 242, in aot_stage2_compile
[rank1]:     return aot_stage2_inference(aot_state, aot_graph_capture)
[rank1]:   File "/data/scratch/medhaven/nanochat/.venv/lib/python3.10/site-packages/torch/_functorch/_aot_autograd/graph_compile.py", line 315, in aot_stage2_inference
[rank1]:     compiled_fw = compiler(fw_module, updated_flat_args)
[rank1]:   File "/data/scratch/medhaven/nanochat/.venv/lib/python3.10/site-packages/torch/_functorch/_aot_autograd/schemas.py", line 1251, in __call__
[rank1]:     return self.compiler_fn(gm, example_inputs)
[rank1]:   File "/data/scratch/medhaven/nanochat/.venv/lib/python3.10/site-packages/torch/_inductor/compile_fx.py", line 2558, in fw_compiler_base
[rank1]:     return compile_fx_forward(
[rank1]:   File "/data/scratch/medhaven/nanochat/.venv/lib/python3.10/site-packages/torch/_inductor/compile_fx.py", line 2211, in compile_fx_forward
[rank1]:     _recursive_joint_graph_passes(gm)
[rank1]:   File "/data/scratch/medhaven/nanochat/.venv/lib/python3.10/site-packages/torch/_inductor/compile_fx.py", line 527, in _recursive_joint_graph_passes
[rank1]:     joint_graph_passes(gm)
[rank1]:   File "/data/scratch/medhaven/nanochat/.venv/lib/python3.10/site-packages/torch/_inductor/fx_passes/joint_graph.py", line 601, in joint_graph_passes
[rank1]:     ).apply_graph_pass(patterns.apply)
[rank1]:   File "/data/scratch/medhaven/nanochat/.venv/lib/python3.10/site-packages/torch/fx/passes/graph_transform_observer.py", line 88, in apply_graph_pass
[rank1]:     return pass_fn(self.gm.graph)
[rank1]:   File "/data/scratch/medhaven/nanochat/.venv/lib/python3.10/site-packages/torch/_inductor/pattern_matcher.py", line 1982, in apply
[rank1]:     if is_match(m) and guard_or_false(entry.extra_check(m)):
[rank1]:   File "/data/scratch/medhaven/nanochat/.venv/lib/python3.10/site-packages/torch/_inductor/pattern_matcher.py", line 1518, in check_fn
[rank1]:     if is_match(specific_pattern_match) and extra_check(specific_pattern_match):
[rank1]:   File "/data/scratch/medhaven/nanochat/.venv/lib/python3.10/site-packages/torch/_inductor/fx_passes/pad_mm.py", line 805, in should_pad_bmm
[rank1]:     return should_pad_common(mat1, mat2) and should_pad_bench(
[rank1]:   File "/data/scratch/medhaven/nanochat/.venv/lib/python3.10/site-packages/torch/_inductor/fx_passes/pad_mm.py", line 396, in should_pad_bench
[rank1]:     return _should_pad_bench(*args, **kwargs)
[rank1]:   File "/data/scratch/medhaven/nanochat/.venv/lib/python3.10/site-packages/torch/_inductor/fx_passes/pad_mm.py", line 469, in _should_pad_bench
[rank1]:     key = should_pad_bench_key(match, mat1, mat2, op, input)
[rank1]:   File "/data/scratch/medhaven/nanochat/.venv/lib/python3.10/site-packages/torch/_inductor/fx_passes/pad_mm.py", line 283, in should_pad_bench_key
[rank1]:     None if mat1.dtype != torch.float32 else torch.backends.cuda.matmul.allow_tf32
[rank1]:   File "/data/scratch/medhaven/nanochat/.venv/lib/python3.10/site-packages/torch/backends/cuda/__init__.py", line 131, in __getattr__
[rank1]:     return torch._C._get_cublas_allow_tf32()
[rank1]: torch._dynamo.exc.BackendCompilerFailed: backend='inductor' raised:
[rank1]: RuntimeError: PyTorch is checking whether allow_tf32_new is enabled for cuBlas matmul,Current status indicate that you have used mix of the legacy and new APIs to set the TF32 status for cublas matmul. We suggest only using the new API to set the TF32 flag. See also: https://pytorch.org/docs/main/notes/cuda.html#tensorfloat-32-tf32-on-ampere-and-later-devices

[rank1]: Set TORCHDYNAMO_VERBOSE=1 for the internal stack trace (please do this especially if you're reporting a bug to PyTorch). For even more developer context, set TORCH_LOGS="+dynamo"

[rank2]: Traceback (most recent call last):
[rank2]:   File "/usr/lib/python3.10/runpy.py", line 196, in _run_module_as_main
[rank2]:     return _run_code(code, main_globals, None,
[rank2]:   File "/usr/lib/python3.10/runpy.py", line 86, in _run_code
[rank2]:     exec(code, run_globals)
[rank2]:   File "/data/scratch/medhaven/nanochat/scripts/spectralpadded_muon_train.py", line 812, in <module>
[rank2]:     optimizer.step()
[rank2]:   File "/data/scratch/medhaven/nanochat/.venv/lib/python3.10/site-packages/torch/optim/optimizer.py", line 517, in wrapper
[rank2]:     out = func(*args, **kwargs)
[rank2]:   File "/data/scratch/medhaven/nanochat/.venv/lib/python3.10/site-packages/torch/utils/_contextlib.py", line 120, in decorate_context
[rank2]:     return func(*args, **kwargs)
[rank2]:   File "/data/scratch/medhaven/nanochat/scripts/muon_spectralpadded.py", line 560, in step
[rank2]:     self._compute_muon(group, info, gather_list, rank)
[rank2]:   File "/data/scratch/medhaven/nanochat/scripts/spectralpadded_muon_train.py", line 355, in _compute_muon
[rank2]:     return super()._compute_muon(group, info, gather_list, rank)
[rank2]:   File "/data/scratch/medhaven/nanochat/scripts/muon_spectralpadded.py", line 514, in _compute_muon
[rank2]:     muon_step_fused(
[rank2]:   File "/data/scratch/medhaven/nanochat/.venv/lib/python3.10/site-packages/torch/_dynamo/eval_frame.py", line 845, in compile_wrapper
[rank2]:     raise e.remove_dynamo_frames() from None  # see TORCHDYNAMO_VERBOSE=1
[rank2]:   File "/data/scratch/medhaven/nanochat/.venv/lib/python3.10/site-packages/torch/_dynamo/output_graph.py", line 2196, in _call_user_compiler
[rank2]:     raise BackendCompilerFailed(
[rank2]:   File "/data/scratch/medhaven/nanochat/.venv/lib/python3.10/site-packages/torch/_dynamo/output_graph.py", line 2171, in _call_user_compiler
[rank2]:     compiled_fn = compiler_fn(gm, example_inputs)
[rank2]:   File "/data/scratch/medhaven/nanochat/.venv/lib/python3.10/site-packages/torch/_dynamo/repro/after_dynamo.py", line 156, in __call__
[rank2]:     compiled_gm = compiler_fn(gm, example_inputs)
[rank2]:   File "/data/scratch/medhaven/nanochat/.venv/lib/python3.10/site-packages/torch/__init__.py", line 2392, in __call__
[rank2]:     return compile_fx(model_, inputs_, config_patches=self.config)
[rank2]:   File "/data/scratch/medhaven/nanochat/.venv/lib/python3.10/site-packages/torch/_inductor/compile_fx.py", line 2681, in compile_fx
[rank2]:     return aot_autograd(
[rank2]:   File "/data/scratch/medhaven/nanochat/.venv/lib/python3.10/site-packages/torch/_dynamo/backends/common.py", line 117, in __call__
[rank2]:     cg = aot_module_simplified(gm, example_inputs, **self.kwargs)
[rank2]:   File "/data/scratch/medhaven/nanochat/.venv/lib/python3.10/site-packages/torch/_functorch/aot_autograd.py", line 1106, in aot_module_simplified
[rank2]:     compiled_fn, _ = aot_stage2_compile(aot_state, aot_graph_capture)
[rank2]:   File "/data/scratch/medhaven/nanochat/.venv/lib/python3.10/site-packages/torch/_functorch/_aot_autograd/graph_compile.py", line 242, in aot_stage2_compile
[rank2]:     return aot_stage2_inference(aot_state, aot_graph_capture)
[rank2]:   File "/data/scratch/medhaven/nanochat/.venv/lib/python3.10/site-packages/torch/_functorch/_aot_autograd/graph_compile.py", line 315, in aot_stage2_inference
[rank2]:     compiled_fw = compiler(fw_module, updated_flat_args)
[rank2]:   File "/data/scratch/medhaven/nanochat/.venv/lib/python3.10/site-packages/torch/_functorch/_aot_autograd/schemas.py", line 1251, in __call__
[rank2]:     return self.compiler_fn(gm, example_inputs)
[rank2]:   File "/data/scratch/medhaven/nanochat/.venv/lib/python3.10/site-packages/torch/_inductor/compile_fx.py", line 2558, in fw_compiler_base
[rank2]:     return compile_fx_forward(
[rank2]:   File "/data/scratch/medhaven/nanochat/.venv/lib/python3.10/site-packages/torch/_inductor/compile_fx.py", line 2211, in compile_fx_forward
[rank2]:     _recursive_joint_graph_passes(gm)
[rank2]:   File "/data/scratch/medhaven/nanochat/.venv/lib/python3.10/site-packages/torch/_inductor/compile_fx.py", line 527, in _recursive_joint_graph_passes
[rank2]:     joint_graph_passes(gm)
[rank2]:   File "/data/scratch/medhaven/nanochat/.venv/lib/python3.10/site-packages/torch/_inductor/fx_passes/joint_graph.py", line 601, in joint_graph_passes
[rank2]:     ).apply_graph_pass(patterns.apply)
[rank2]:   File "/data/scratch/medhaven/nanochat/.venv/lib/python3.10/site-packages/torch/fx/passes/graph_transform_observer.py", line 88, in apply_graph_pass
[rank2]:     return pass_fn(self.gm.graph)
[rank2]:   File "/data/scratch/medhaven/nanochat/.venv/lib/python3.10/site-packages/torch/_inductor/pattern_matcher.py", line 1982, in apply
[rank2]:     if is_match(m) and guard_or_false(entry.extra_check(m)):
[rank2]:   File "/data/scratch/medhaven/nanochat/.venv/lib/python3.10/site-packages/torch/_inductor/pattern_matcher.py", line 1518, in check_fn
[rank2]:     if is_match(specific_pattern_match) and extra_check(specific_pattern_match):
[rank2]:   File "/data/scratch/medhaven/nanochat/.venv/lib/python3.10/site-packages/torch/_inductor/fx_passes/pad_mm.py", line 805, in should_pad_bmm
[rank2]:     return should_pad_common(mat1, mat2) and should_pad_bench(
[rank2]:   File "/data/scratch/medhaven/nanochat/.venv/lib/python3.10/site-packages/torch/_inductor/fx_passes/pad_mm.py", line 396, in should_pad_bench
[rank2]:     return _should_pad_bench(*args, **kwargs)
[rank2]:   File "/data/scratch/medhaven/nanochat/.venv/lib/python3.10/site-packages/torch/_inductor/fx_passes/pad_mm.py", line 469, in _should_pad_bench
[rank2]:     key = should_pad_bench_key(match, mat1, mat2, op, input)
[rank2]:   File "/data/scratch/medhaven/nanochat/.venv/lib/python3.10/site-packages/torch/_inductor/fx_passes/pad_mm.py", line 283, in should_pad_bench_key
[rank2]:     None if mat1.dtype != torch.float32 else torch.backends.cuda.matmul.allow_tf32
[rank2]:   File "/data/scratch/medhaven/nanochat/.venv/lib/python3.10/site-packages/torch/backends/cuda/__init__.py", line 131, in __getattr__
[rank2]:     return torch._C._get_cublas_allow_tf32()
[rank2]: torch._dynamo.exc.BackendCompilerFailed: backend='inductor' raised:
[rank2]: RuntimeError: PyTorch is checking whether allow_tf32_new is enabled for cuBlas matmul,Current status indicate that you have used mix of the legacy and new APIs to set the TF32 status for cublas matmul. We suggest only using the new API to set the TF32 flag. See also: https://pytorch.org/docs/main/notes/cuda.html#tensorfloat-32-tf32-on-ampere-and-later-devices

[rank2]: Set TORCHDYNAMO_VERBOSE=1 for the internal stack trace (please do this especially if you're reporting a bug to PyTorch). For even more developer context, set TORCH_LOGS="+dynamo"

[rank3]: Traceback (most recent call last):
[rank3]:   File "/usr/lib/python3.10/runpy.py", line 196, in _run_module_as_main
[rank3]:     return _run_code(code, main_globals, None,
[rank3]:   File "/usr/lib/python3.10/runpy.py", line 86, in _run_code
[rank3]:     exec(code, run_globals)
[rank3]:   File "/data/scratch/medhaven/nanochat/scripts/spectralpadded_muon_train.py", line 812, in <module>
[rank3]:     optimizer.step()
[rank3]:   File "/data/scratch/medhaven/nanochat/.venv/lib/python3.10/site-packages/torch/optim/optimizer.py", line 517, in wrapper
[rank3]:     out = func(*args, **kwargs)
[rank3]:   File "/data/scratch/medhaven/nanochat/.venv/lib/python3.10/site-packages/torch/utils/_contextlib.py", line 120, in decorate_context
[rank3]:     return func(*args, **kwargs)
[rank3]:   File "/data/scratch/medhaven/nanochat/scripts/muon_spectralpadded.py", line 560, in step
[rank3]:     self._compute_muon(group, info, gather_list, rank)
[rank3]:   File "/data/scratch/medhaven/nanochat/scripts/spectralpadded_muon_train.py", line 355, in _compute_muon
[rank3]:     return super()._compute_muon(group, info, gather_list, rank)
[rank3]:   File "/data/scratch/medhaven/nanochat/scripts/muon_spectralpadded.py", line 514, in _compute_muon
[rank3]:     muon_step_fused(
[rank3]:   File "/data/scratch/medhaven/nanochat/.venv/lib/python3.10/site-packages/torch/_dynamo/eval_frame.py", line 845, in compile_wrapper
[rank3]:     raise e.remove_dynamo_frames() from None  # see TORCHDYNAMO_VERBOSE=1
[rank3]:   File "/data/scratch/medhaven/nanochat/.venv/lib/python3.10/site-packages/torch/_inductor/compile_fx.py", line 990, in _compile_fx_inner
[rank3]:     raise InductorError(e, currentframe()).with_traceback(
[rank3]:   File "/data/scratch/medhaven/nanochat/.venv/lib/python3.10/site-packages/torch/_inductor/compile_fx.py", line 974, in _compile_fx_inner
[rank3]:     mb_compiled_graph = fx_codegen_and_compile(
[rank3]:   File "/data/scratch/medhaven/nanochat/.venv/lib/python3.10/site-packages/torch/_inductor/compile_fx.py", line 1695, in fx_codegen_and_compile
[rank3]:     return scheme.codegen_and_compile(gm, example_inputs, inputs_to_check, graph_kwargs)
[rank3]:   File "/data/scratch/medhaven/nanochat/.venv/lib/python3.10/site-packages/torch/_inductor/compile_fx.py", line 1195, in codegen_and_compile
[rank3]:     _warn_tf32_disabled()
[rank3]:   File "/data/scratch/medhaven/nanochat/.venv/lib/python3.10/site-packages/torch/_inductor/compile_fx.py", line 309, in _warn_tf32_disabled
[rank3]:     and not torch.backends.cuda.matmul.allow_tf32
[rank3]:   File "/data/scratch/medhaven/nanochat/.venv/lib/python3.10/site-packages/torch/backends/cuda/__init__.py", line 131, in __getattr__
[rank3]:     return torch._C._get_cublas_allow_tf32()
[rank3]: torch._inductor.exc.InductorError: RuntimeError: PyTorch is checking whether allow_tf32_new is enabled for cuBlas matmul,Current status indicate that you have used mix of the legacy and new APIs to set the TF32 status for cublas matmul. We suggest only using the new API to set the TF32 flag. See also: https://pytorch.org/docs/main/notes/cuda.html#tensorfloat-32-tf32-on-ampere-and-later-devices

[rank3]: Set TORCHDYNAMO_VERBOSE=1 for the internal stack trace (please do this especially if you're reporting a bug to PyTorch). For even more developer context, set TORCH_LOGS="+dynamo"

[rank0]: Traceback (most recent call last):
[rank0]:   File "/usr/lib/python3.10/runpy.py", line 196, in _run_module_as_main
[rank0]:     return _run_code(code, main_globals, None,
[rank0]:   File "/usr/lib/python3.10/runpy.py", line 86, in _run_code
[rank0]:     exec(code, run_globals)
[rank0]:   File "/data/scratch/medhaven/nanochat/scripts/spectralpadded_muon_train.py", line 812, in <module>
[rank0]:     optimizer.step()
[rank0]:   File "/data/scratch/medhaven/nanochat/.venv/lib/python3.10/site-packages/torch/optim/optimizer.py", line 517, in wrapper
[rank0]:     out = func(*args, **kwargs)
[rank0]:   File "/data/scratch/medhaven/nanochat/.venv/lib/python3.10/site-packages/torch/utils/_contextlib.py", line 120, in decorate_context
[rank0]:     return func(*args, **kwargs)
[rank0]:   File "/data/scratch/medhaven/nanochat/scripts/muon_spectralpadded.py", line 560, in step
[rank0]:     self._compute_muon(group, info, gather_list, rank)
[rank0]:   File "/data/scratch/medhaven/nanochat/scripts/spectralpadded_muon_train.py", line 355, in _compute_muon
[rank0]:     return super()._compute_muon(group, info, gather_list, rank)
[rank0]:   File "/data/scratch/medhaven/nanochat/scripts/muon_spectralpadded.py", line 514, in _compute_muon
[rank0]:     muon_step_fused(
[rank0]:   File "/data/scratch/medhaven/nanochat/.venv/lib/python3.10/site-packages/torch/_dynamo/eval_frame.py", line 845, in compile_wrapper
[rank0]:     raise e.remove_dynamo_frames() from None  # see TORCHDYNAMO_VERBOSE=1
[rank0]:   File "/data/scratch/medhaven/nanochat/.venv/lib/python3.10/site-packages/torch/_inductor/compile_fx.py", line 990, in _compile_fx_inner
[rank0]:     raise InductorError(e, currentframe()).with_traceback(
[rank0]:   File "/data/scratch/medhaven/nanochat/.venv/lib/python3.10/site-packages/torch/_inductor/compile_fx.py", line 974, in _compile_fx_inner
[rank0]:     mb_compiled_graph = fx_codegen_and_compile(
[rank0]:   File "/data/scratch/medhaven/nanochat/.venv/lib/python3.10/site-packages/torch/_inductor/compile_fx.py", line 1695, in fx_codegen_and_compile
[rank0]:     return scheme.codegen_and_compile(gm, example_inputs, inputs_to_check, graph_kwargs)
[rank0]:   File "/data/scratch/medhaven/nanochat/.venv/lib/python3.10/site-packages/torch/_inductor/compile_fx.py", line 1195, in codegen_and_compile
[rank0]:     _warn_tf32_disabled()
[rank0]:   File "/data/scratch/medhaven/nanochat/.venv/lib/python3.10/site-packages/torch/_inductor/compile_fx.py", line 309, in _warn_tf32_disabled
[rank0]:     and not torch.backends.cuda.matmul.allow_tf32
[rank0]:   File "/data/scratch/medhaven/nanochat/.venv/lib/python3.10/site-packages/torch/backends/cuda/__init__.py", line 131, in __getattr__
[rank0]:     return torch._C._get_cublas_allow_tf32()
[rank0]: torch._inductor.exc.InductorError: RuntimeError: PyTorch is checking whether allow_tf32_new is enabled for cuBlas matmul,Current status indicate that you have used mix of the legacy and new APIs to set the TF32 status for cublas matmul. We suggest only using the new API to set the TF32 flag. See also: https://pytorch.org/docs/main/notes/cuda.html#tensorfloat-32-tf32-on-ampere-and-later-devices

[rank0]: Set TORCHDYNAMO_VERBOSE=1 for the internal stack trace (please do this especially if you're reporting a bug to PyTorch). For even more developer context, set TORCH_LOGS="+dynamo"

W0227 14:14:01.527000 3946233 torch/distributed/elastic/multiprocessing/api.py:908] Sending process 3946433 closing signal SIGTERM
W0227 14:14:01.530000 3946233 torch/distributed/elastic/multiprocessing/api.py:908] Sending process 3946434 closing signal SIGTERM
W0227 14:14:01.531000 3946233 torch/distributed/elastic/multiprocessing/api.py:908] Sending process 3946435 closing signal SIGTERM
E0227 14:14:02.097000 3946233 torch/distributed/elastic/multiprocessing/api.py:882] failed (exitcode: 1) local_rank: 3 (pid: 3946436) of binary: /data/scratch/medhaven/nanochat/.venv/bin/python
Traceback (most recent call last):
  File "/data/scratch/medhaven/nanochat/.venv/bin/torchrun", line 10, in <module>
    sys.exit(main())
  File "/data/scratch/medhaven/nanochat/.venv/lib/python3.10/site-packages/torch/distributed/elastic/multiprocessing/errors/__init__.py", line 357, in wrapper
    return f(*args, **kwargs)
  File "/data/scratch/medhaven/nanochat/.venv/lib/python3.10/site-packages/torch/distributed/run.py", line 936, in main
    run(args)
  File "/data/scratch/medhaven/nanochat/.venv/lib/python3.10/site-packages/torch/distributed/run.py", line 927, in run
    elastic_launch(
  File "/data/scratch/medhaven/nanochat/.venv/lib/python3.10/site-packages/torch/distributed/launcher/api.py", line 156, in __call__
    return launch_agent(self._config, self._entrypoint, list(args))
  File "/data/scratch/medhaven/nanochat/.venv/lib/python3.10/site-packages/torch/distributed/launcher/api.py", line 293, in launch_agent
    raise ChildFailedError(
torch.distributed.elastic.multiprocessing.errors.ChildFailedError: 
============================================================
scripts.spectralpadded_muon_train FAILED
------------------------------------------------------------
Failures:
  <NO_OTHER_FAILURES>
------------------------------------------------------------
Root Cause (first observed failure):
[0]:
  time      : 2026-02-27_14:14:01
  host      : andreas-h100-1.csail.mit.edu
  rank      : 3 (local_rank: 3)
  exitcode  : 1 (pid: 3946436)
  error_file: <N/A>
  traceback : To enable traceback see: https://pytorch.org/docs/stable/elastic/errors.html
============================================================
