========================================
Job ID: 380909
Node: andreas-h100-1
GPUs: 4
Config: PAD_RATIO=0.0, POWER_ITERS=1, POWER_BATCH=4, SV_LOG=1
Start Time: Fri Feb 27 05:50:48 PM EST 2026
========================================
Fri Feb 27 17:50:48 2026       
+-----------------------------------------------------------------------------------------+
| NVIDIA-SMI 575.57.08              Driver Version: 575.57.08      CUDA Version: 12.9     |
|-----------------------------------------+------------------------+----------------------+
| GPU  Name                 Persistence-M | Bus-Id          Disp.A | Volatile Uncorr. ECC |
| Fan  Temp   Perf          Pwr:Usage/Cap |           Memory-Usage | GPU-Util  Compute M. |
|                                         |                        |               MIG M. |
|=========================================+========================+======================|
|   0  NVIDIA H100 NVL                On  |   00000000:21:00.0 Off |                    0 |
| N/A   43C    P0             62W /  400W |       0MiB /  95830MiB |      0%      Default |
|                                         |                        |             Disabled |
+-----------------------------------------+------------------------+----------------------+
|   1  NVIDIA H100 NVL                On  |   00000000:81:00.0 Off |                    0 |
| N/A   47C    P0             65W /  400W |       0MiB /  95830MiB |      0%      Default |
|                                         |                        |             Disabled |
+-----------------------------------------+------------------------+----------------------+
|   2  NVIDIA H100 NVL                On  |   00000000:A1:00.0 Off |                    0 |
| N/A   46C    P0             66W /  400W |       0MiB /  95830MiB |      0%      Default |
|                                         |                        |             Disabled |
+-----------------------------------------+------------------------+----------------------+
|   3  NVIDIA H100 NVL                On  |   00000000:E1:00.0 Off |                    0 |
| N/A   47C    P0             67W /  400W |       0MiB /  95830MiB |      0%      Default |
|                                         |                        |             Disabled |
+-----------------------------------------+------------------------+----------------------+
                                                                                         
+-----------------------------------------------------------------------------------------+
| Processes:                                                                              |
|  GPU   GI   CI              PID   Type   Process name                        GPU Memory |
|        ID   ID                                                               Usage      |
|=========================================================================================|
|  No running processes found                                                             |
+-----------------------------------------------------------------------------------------+
Starting: baseline

                                                       █████                █████
                                                      ░░███                ░░███
     ████████    ██████   ████████    ██████   ██████  ░███████    ██████  ███████
    ░░███░░███  ░░░░░███ ░░███░░███  ███░░███ ███░░███ ░███░░███  ░░░░░███░░░███░
     ░███ ░███   ███████  ░███ ░███ ░███ ░███░███ ░░░  ░███ ░███   ███████  ░███
     ░███ ░███  ███░░███  ░███ ░███ ░███ ░███░███  ███ ░███ ░███  ███░░███  ░███ ███
     ████ █████░░████████ ████ █████░░██████ ░░██████  ████ █████░░███████  ░░█████
    ░░░░ ░░░░░  ░░░░░░░░ ░░░░ ░░░░░  ░░░░░░   ░░░░░░  ░░░░ ░░░░░  ░░░░░░░░   ░░░░░
    
=== Spectral-Padded Muon Experiment ===
  PAD_RATIO=0.0, POWER_ITERS=1, POWER_BATCH=4
  SV_LOG=True, every=250
Autodetected device type: cuda
GPU: NVIDIA H100 NVL | Peak FLOPS (BF16): 8.35e+14
Using Flash Attention 3
Vocab size: 32,768
Model config:
{
  "sequence_len": 2048,
  "vocab_size": 32768,
  "n_layer": 20,
  "n_head": 10,
  "n_kv_head": 10,
  "n_embd": 1280,
  "window_pattern": "SSSL"
}
FP8 training enabled - converted 121 layers
Parameter counts:
wte                     : 41,943,040
value_embeds            : 419,430,400
lm_head                 : 41,943,040
transformer_matrices    : 393,219,200
scalars                 : 40
total                   : 896,535,720
Estimated FLOPs per token: 3.004189e+09
Auto-computed optimal batch size: 1,048,576 tokens
Scaling LRs by 1.4142 for batch size 1,048,576
Scaling weight decay from 0.200000 to 0.071563
Scaling the LR for the AdamW parameters 1/sqrt(1280/768) = 0.774597
SV logging groups: {139925480441792: 'largest_[5120, 1280]', 139928226852800: 'smallest_[10, 32]'}
Calculated iterations from target data:param ratio: 4,357
Total tokens: 4,568,645,632 | Iterations: 4,357
Gradient accumulation steps: 8
[baseline] Step 00000 | val_bpb: 3.169049
[SV step=0] baseline/pre smallest_[10, 32] [10, 32] | sigma_max=1.0000e-12 | p05=0.0000 p25=0.0000 p50=0.0000 p75=0.0000 p95=0.0000
[SV step=0] baseline/polar smallest_[10, 32] [10, 32] | sigma_max=1.0000e-12 | p05=0.0000 p25=0.0000 p50=0.0000 p75=0.0000 p95=0.0000
[SV step=0] baseline/blended smallest_[10, 32] [10, 32] | sigma_max=1.0000e-12 | p05=0.0000 p25=0.0000 p50=0.0000 p75=0.0000 p95=0.0000
[SV step=0] baseline/pre largest_[5120, 1280] [5120, 1280] | sigma_max=1.0000e-12 | p05=0.0000 p25=0.0000 p50=0.0000 p75=0.0000 p95=0.0000
[SV step=0] baseline/polar largest_[5120, 1280] [5120, 1280] | sigma_max=1.0000e-12 | p05=0.0000 p25=0.0000 p50=0.0000 p75=0.0000 p95=0.0000
[SV step=0] baseline/blended largest_[5120, 1280] [5120, 1280] | sigma_max=1.0000e-12 | p05=0.0000 p25=0.0000 p50=0.0000 p75=0.0000 p95=0.0000
[baseline] step 00000/04357 (0.00%) | loss: 10.398166 | dt: 27799.86ms | tok/s: 37,718
[baseline] step 00050/04357 (1.15%) | loss: 5.812413 | dt: 2052.28ms | tok/s: 510,933 | eta: 147.0m
[baseline] step 00100/04357 (2.30%) | loss: 5.730577 | dt: 2073.50ms | tok/s: 505,702 | eta: 146.0m
[baseline] step 00150/04357 (3.44%) | loss: 5.683833 | dt: 2079.81ms | tok/s: 504,168 | eta: 144.9m
[baseline] step 00200/04357 (4.59%) | loss: 5.652322 | dt: 2081.75ms | tok/s: 503,699 | eta: 143.4m
[baseline] Step 00250 | val_bpb: 1.647909
[SV step=250] baseline/pre smallest_[10, 32] [10, 32] | sigma_max=1.4754e-03 | p05=0.1402 p25=0.2550 p50=0.4228 p75=0.6211 p95=0.8581
[SV step=250] baseline/polar smallest_[10, 32] [10, 32] | sigma_max=1.1372e+00 | p05=0.7711 p25=0.7928 p50=0.9089 p75=0.9445 p95=0.9824
[SV step=250] baseline/blended smallest_[10, 32] [10, 32] | sigma_max=1.4754e-03 | p05=0.1402 p25=0.2550 p50=0.4228 p75=0.6211 p95=0.8581
[SV step=250] baseline/pre largest_[5120, 1280] [5120, 1280] | sigma_max=1.9600e-04 | p05=0.0010 p25=0.0017 p50=0.0031 p75=0.0062 p95=0.0190
[SV step=250] baseline/polar largest_[5120, 1280] [5120, 1280] | sigma_max=1.1433e+00 | p05=0.6042 p25=0.7691 p50=0.8653 p75=0.9568 p95=0.9960
[SV step=250] baseline/blended largest_[5120, 1280] [5120, 1280] | sigma_max=1.9600e-04 | p05=0.0010 p25=0.0017 p50=0.0031 p75=0.0062 p95=0.0190
[baseline] step 00250/04357 (5.74%) | loss: 5.468186 | dt: 2415.07ms | tok/s: 434,180 | eta: 141.8m
[baseline] step 00300/04357 (6.89%) | loss: 5.252441 | dt: 2078.71ms | tok/s: 504,435 | eta: 140.1m
[baseline] step 00350/04357 (8.03%) | loss: 5.088619 | dt: 2084.23ms | tok/s: 503,099 | eta: 138.5m
[baseline] step 00400/04357 (9.18%) | loss: 4.950038 | dt: 2092.03ms | tok/s: 501,224 | eta: 136.8m
[baseline] step 00450/04357 (10.33%) | loss: 4.826828 | dt: 2099.54ms | tok/s: 499,430 | eta: 135.3m
[baseline] Step 00500 | val_bpb: 1.430232
[SV step=500] baseline/pre smallest_[10, 32] [10, 32] | sigma_max=4.6265e-03 | p05=0.0351 p25=0.0431 p50=0.0743 p75=0.1549 p95=0.6461
[SV step=500] baseline/polar smallest_[10, 32] [10, 32] | sigma_max=1.1209e+00 | p05=0.7735 p25=0.8354 p50=0.8831 p75=0.9530 p95=0.9960
[SV step=500] baseline/blended smallest_[10, 32] [10, 32] | sigma_max=4.6265e-03 | p05=0.0351 p25=0.0431 p50=0.0743 p75=0.1549 p95=0.6461
[SV step=500] baseline/pre largest_[5120, 1280] [5120, 1280] | sigma_max=1.0733e-03 | p05=0.0003 p25=0.0005 p50=0.0009 p75=0.0018 p95=0.0057
[SV step=500] baseline/polar largest_[5120, 1280] [5120, 1280] | sigma_max=1.1422e+00 | p05=0.2574 p25=0.4116 p50=0.6740 p75=0.8803 p95=0.9927
[SV step=500] baseline/blended largest_[5120, 1280] [5120, 1280] | sigma_max=1.0733e-03 | p05=0.0003 p25=0.0005 p50=0.0009 p75=0.0018 p95=0.0057
[baseline] step 00500/04357 (11.48%) | loss: 4.734640 | dt: 2435.23ms | tok/s: 430,585 | eta: 133.8m
[baseline] step 00550/04357 (12.62%) | loss: 4.642269 | dt: 2099.90ms | tok/s: 499,346 | eta: 132.2m
[baseline] step 00600/04357 (13.77%) | loss: 4.630773 | dt: 2117.15ms | tok/s: 495,276 | eta: 130.5m
[baseline] step 00650/04357 (14.92%) | loss: 4.557608 | dt: 2110.12ms | tok/s: 496,927 | eta: 128.9m
[baseline] step 00700/04357 (16.07%) | loss: 4.487207 | dt: 2103.46ms | tok/s: 498,500 | eta: 127.3m
[baseline] Step 00750 | val_bpb: 1.338236
[SV step=750] baseline/pre smallest_[10, 32] [10, 32] | sigma_max=4.3124e-03 | p05=0.0386 p25=0.0569 p50=0.0729 p75=0.1605 p95=0.6686
[SV step=750] baseline/polar smallest_[10, 32] [10, 32] | sigma_max=1.1421e+00 | p05=0.7845 p25=0.8001 p50=0.8259 p75=0.8762 p95=0.9847
[SV step=750] baseline/blended smallest_[10, 32] [10, 32] | sigma_max=4.3124e-03 | p05=0.0386 p25=0.0569 p50=0.0729 p75=0.1605 p95=0.6686
[SV step=750] baseline/pre largest_[5120, 1280] [5120, 1280] | sigma_max=3.4515e-04 | p05=0.0008 p25=0.0012 p50=0.0020 p75=0.0036 p95=0.0106
[SV step=750] baseline/polar largest_[5120, 1280] [5120, 1280] | sigma_max=1.1427e+00 | p05=0.5744 p25=0.7606 p50=0.8638 p75=0.9590 p95=0.9965
[SV step=750] baseline/blended largest_[5120, 1280] [5120, 1280] | sigma_max=3.4515e-04 | p05=0.0008 p25=0.0012 p50=0.0020 p75=0.0036 p95=0.0106
[baseline] step 00750/04357 (17.21%) | loss: 4.385800 | dt: 2438.48ms | tok/s: 430,012 | eta: 125.7m
[baseline] step 00800/04357 (18.36%) | loss: 4.392584 | dt: 2112.01ms | tok/s: 496,482 | eta: 124.0m
[baseline] step 00850/04357 (19.51%) | loss: 4.327859 | dt: 2117.40ms | tok/s: 495,217 | eta: 122.4m
[baseline] step 00900/04357 (20.66%) | loss: 4.361944 | dt: 2120.60ms | tok/s: 494,471 | eta: 120.7m
[baseline] step 00950/04357 (21.80%) | loss: 4.267059 | dt: 2120.33ms | tok/s: 494,533 | eta: 119.1m
[baseline] Step 01000 | val_bpb: 1.293174
[SV step=1000] baseline/pre smallest_[10, 32] [10, 32] | sigma_max=9.0129e-03 | p05=0.0190 p25=0.0254 p50=0.0399 p75=0.0557 p95=0.5849
[SV step=1000] baseline/polar smallest_[10, 32] [10, 32] | sigma_max=1.1324e+00 | p05=0.8253 p25=0.8795 p50=0.9286 p75=0.9702 p95=0.9990
[SV step=1000] baseline/blended smallest_[10, 32] [10, 32] | sigma_max=9.0129e-03 | p05=0.0190 p25=0.0254 p50=0.0399 p75=0.0557 p95=0.5849
[SV step=1000] baseline/pre largest_[5120, 1280] [5120, 1280] | sigma_max=2.4028e-04 | p05=0.0008 p25=0.0012 p50=0.0020 p75=0.0037 p95=0.0148
[SV step=1000] baseline/polar largest_[5120, 1280] [5120, 1280] | sigma_max=1.1428e+00 | p05=0.5115 p25=0.7404 p50=0.8430 p75=0.9519 p95=0.9964
[SV step=1000] baseline/blended largest_[5120, 1280] [5120, 1280] | sigma_max=2.4028e-04 | p05=0.0008 p25=0.0012 p50=0.0020 p75=0.0037 p95=0.0148
[baseline] step 01000/04357 (22.95%) | loss: 4.307820 | dt: 2438.86ms | tok/s: 429,945 | eta: 117.4m
[baseline] step 01050/04357 (24.10%) | loss: 4.248809 | dt: 2116.05ms | tok/s: 495,534 | eta: 115.7m
[baseline] step 01100/04357 (25.25%) | loss: 4.229662 | dt: 2121.15ms | tok/s: 494,342 | eta: 114.0m
[baseline] step 01150/04357 (26.39%) | loss: 4.189837 | dt: 2120.82ms | tok/s: 494,419 | eta: 112.3m
[baseline] step 01200/04357 (27.54%) | loss: 4.148377 | dt: 2118.41ms | tok/s: 494,981 | eta: 110.6m
[baseline] Step 01250 | val_bpb: 1.256145
[SV step=1250] baseline/pre smallest_[10, 32] [10, 32] | sigma_max=3.4541e-03 | p05=0.0427 p25=0.0533 p50=0.1140 p75=0.1755 p95=0.6575
[SV step=1250] baseline/polar smallest_[10, 32] [10, 32] | sigma_max=1.1413e+00 | p05=0.7545 p25=0.7841 p50=0.8986 p75=0.9811 p95=0.9988
[SV step=1250] baseline/blended smallest_[10, 32] [10, 32] | sigma_max=3.4541e-03 | p05=0.0427 p25=0.0533 p50=0.1140 p75=0.1755 p95=0.6575
[SV step=1250] baseline/pre largest_[5120, 1280] [5120, 1280] | sigma_max=5.5020e-04 | p05=0.0003 p25=0.0005 p50=0.0008 p75=0.0015 p95=0.0061
[SV step=1250] baseline/polar largest_[5120, 1280] [5120, 1280] | sigma_max=1.1417e+00 | p05=0.2516 p25=0.3839 p50=0.5965 p75=0.8423 p95=0.9889
[SV step=1250] baseline/blended largest_[5120, 1280] [5120, 1280] | sigma_max=5.5020e-04 | p05=0.0003 p25=0.0005 p50=0.0008 p75=0.0015 p95=0.0061
[baseline] step 01250/04357 (28.69%) | loss: 4.149947 | dt: 2448.85ms | tok/s: 428,191 | eta: 108.9m
[baseline] step 01300/04357 (29.84%) | loss: 4.125567 | dt: 2124.17ms | tok/s: 493,640 | eta: 107.2m
[baseline] step 01350/04357 (30.98%) | loss: 4.129414 | dt: 2127.68ms | tok/s: 492,827 | eta: 105.5m
[baseline] step 01400/04357 (32.13%) | loss: 4.115222 | dt: 2121.64ms | tok/s: 494,229 | eta: 103.8m
[baseline] step 01450/04357 (33.28%) | loss: 4.089472 | dt: 2118.42ms | tok/s: 494,980 | eta: 102.1m
[baseline] Step 01500 | val_bpb: 1.216662
[SV step=1500] baseline/pre smallest_[10, 32] [10, 32] | sigma_max=2.1988e-03 | p05=0.0486 p25=0.0969 p50=0.1229 p75=0.2335 p95=0.7391
[SV step=1500] baseline/polar smallest_[10, 32] [10, 32] | sigma_max=1.1435e+00 | p05=0.7698 p25=0.7984 p50=0.8225 p75=0.8715 p95=0.9485
[SV step=1500] baseline/blended smallest_[10, 32] [10, 32] | sigma_max=2.1988e-03 | p05=0.0486 p25=0.0969 p50=0.1229 p75=0.2335 p95=0.7391
[SV step=1500] baseline/pre largest_[5120, 1280] [5120, 1280] | sigma_max=9.9975e-05 | p05=0.0012 p25=0.0018 p50=0.0029 p75=0.0055 p95=0.0234
[SV step=1500] baseline/polar largest_[5120, 1280] [5120, 1280] | sigma_max=1.1429e+00 | p05=0.6248 p25=0.7713 p50=0.8746 p75=0.9627 p95=0.9967
[SV step=1500] baseline/blended largest_[5120, 1280] [5120, 1280] | sigma_max=9.9975e-05 | p05=0.0012 p25=0.0018 p50=0.0029 p75=0.0055 p95=0.0234
[baseline] step 01500/04357 (34.43%) | loss: 4.019372 | dt: 2446.20ms | tok/s: 428,655 | eta: 100.3m
[baseline] step 01550/04357 (35.57%) | loss: 3.986475 | dt: 2122.95ms | tok/s: 493,922 | eta: 98.6m
[baseline] step 01600/04357 (36.72%) | loss: 4.056105 | dt: 2119.09ms | tok/s: 494,823 | eta: 96.9m
[baseline] step 01650/04357 (37.87%) | loss: 3.975123 | dt: 2127.42ms | tok/s: 492,886 | eta: 95.1m
[baseline] step 01700/04357 (39.02%) | loss: 3.942988 | dt: 2127.78ms | tok/s: 492,803 | eta: 93.4m
[baseline] Step 01750 | val_bpb: 1.188511
[SV step=1750] baseline/pre smallest_[10, 32] [10, 32] | sigma_max=2.5478e-03 | p05=0.0503 p25=0.0718 p50=0.1021 p75=0.1631 p95=0.6726
[SV step=1750] baseline/polar smallest_[10, 32] [10, 32] | sigma_max=1.1307e+00 | p05=0.7877 p25=0.8289 p50=0.8950 p75=0.9406 p95=0.9899
[SV step=1750] baseline/blended smallest_[10, 32] [10, 32] | sigma_max=2.5478e-03 | p05=0.0503 p25=0.0718 p50=0.1021 p75=0.1631 p95=0.6726
[SV step=1750] baseline/pre largest_[5120, 1280] [5120, 1280] | sigma_max=2.3967e-04 | p05=0.0004 p25=0.0007 p50=0.0011 p75=0.0020 p95=0.0094
[SV step=1750] baseline/polar largest_[5120, 1280] [5120, 1280] | sigma_max=1.1419e+00 | p05=0.2953 p25=0.4475 p50=0.6831 p75=0.8772 p95=0.9917
[SV step=1750] baseline/blended largest_[5120, 1280] [5120, 1280] | sigma_max=2.3967e-04 | p05=0.0004 p25=0.0007 p50=0.0011 p75=0.0020 p95=0.0094
[baseline] step 01750/04357 (40.17%) | loss: 3.915183 | dt: 2450.69ms | tok/s: 427,870 | eta: 91.7m
[baseline] step 01800/04357 (41.31%) | loss: 3.930752 | dt: 2128.85ms | tok/s: 492,554 | eta: 89.9m
[baseline] step 01850/04357 (42.46%) | loss: 3.859163 | dt: 2120.24ms | tok/s: 494,555 | eta: 88.2m
[baseline] step 01900/04357 (43.61%) | loss: 3.917977 | dt: 2123.75ms | tok/s: 493,738 | eta: 86.4m
[baseline] step 01950/04357 (44.76%) | loss: 3.858897 | dt: 2125.92ms | tok/s: 493,234 | eta: 84.7m
[baseline] Step 02000 | val_bpb: 1.166559
[SV step=2000] baseline/pre smallest_[10, 32] [10, 32] | sigma_max=1.7734e-03 | p05=0.0634 p25=0.1020 p50=0.1454 p75=0.2062 p95=0.7904
[SV step=2000] baseline/polar smallest_[10, 32] [10, 32] | sigma_max=1.1374e+00 | p05=0.7765 p25=0.8128 p50=0.8928 p75=0.9690 p95=0.9968
[SV step=2000] baseline/blended smallest_[10, 32] [10, 32] | sigma_max=1.7734e-03 | p05=0.0634 p25=0.1020 p50=0.1454 p75=0.2062 p95=0.7904
[SV step=2000] baseline/pre largest_[5120, 1280] [5120, 1280] | sigma_max=2.7166e-04 | p05=0.0003 p25=0.0004 p50=0.0007 p75=0.0014 p95=0.0068
[SV step=2000] baseline/polar largest_[5120, 1280] [5120, 1280] | sigma_max=1.1415e+00 | p05=0.2236 p25=0.3424 p50=0.5396 p75=0.8080 p95=0.9837
[SV step=2000] baseline/blended largest_[5120, 1280] [5120, 1280] | sigma_max=2.7166e-04 | p05=0.0003 p25=0.0004 p50=0.0007 p75=0.0014 p95=0.0068
[baseline] step 02000/04357 (45.90%) | loss: 3.861405 | dt: 2436.37ms | tok/s: 430,385 | eta: 83.0m
[baseline] step 02050/04357 (47.05%) | loss: 3.845339 | dt: 2121.39ms | tok/s: 494,286 | eta: 81.2m
[baseline] step 02100/04357 (48.20%) | loss: 3.810596 | dt: 2120.28ms | tok/s: 494,545 | eta: 79.5m
[baseline] step 02150/04357 (49.35%) | loss: 3.840770 | dt: 2124.41ms | tok/s: 493,583 | eta: 77.7m
[baseline] step 02200/04357 (50.49%) | loss: 3.787204 | dt: 2128.22ms | tok/s: 492,701 | eta: 76.0m
[baseline] Step 02250 | val_bpb: 1.154489
[SV step=2250] baseline/pre smallest_[10, 32] [10, 32] | sigma_max=9.0358e-03 | p05=0.0164 p25=0.0225 p50=0.0350 p75=0.0511 p95=0.5957
[SV step=2250] baseline/polar smallest_[10, 32] [10, 32] | sigma_max=1.1402e+00 | p05=0.8042 p25=0.8478 p50=0.9635 p75=0.9887 p95=0.9982
[SV step=2250] baseline/blended smallest_[10, 32] [10, 32] | sigma_max=9.0358e-03 | p05=0.0164 p25=0.0225 p50=0.0350 p75=0.0511 p95=0.5957
[SV step=2250] baseline/pre largest_[5120, 1280] [5120, 1280] | sigma_max=2.2245e-04 | p05=0.0003 p25=0.0004 p50=0.0007 p75=0.0014 p95=0.0080
[SV step=2250] baseline/polar largest_[5120, 1280] [5120, 1280] | sigma_max=1.1414e+00 | p05=0.1663 p25=0.2576 p50=0.4196 p75=0.7530 p95=0.9749
[SV step=2250] baseline/blended largest_[5120, 1280] [5120, 1280] | sigma_max=2.2245e-04 | p05=0.0003 p25=0.0004 p50=0.0007 p75=0.0014 p95=0.0080
[baseline] step 02250/04357 (51.64%) | loss: 3.840255 | dt: 2449.98ms | tok/s: 427,994 | eta: 74.2m
[baseline] step 02300/04357 (52.79%) | loss: 3.779610 | dt: 2124.34ms | tok/s: 493,600 | eta: 72.5m
[baseline] step 02350/04357 (53.94%) | loss: 3.781008 | dt: 2122.71ms | tok/s: 493,980 | eta: 70.7m
[baseline] step 02400/04357 (55.08%) | loss: 3.755466 | dt: 2122.60ms | tok/s: 494,005 | eta: 69.0m
[baseline] step 02450/04357 (56.23%) | loss: 3.762436 | dt: 2129.57ms | tok/s: 492,387 | eta: 67.2m
[baseline] Step 02500 | val_bpb: 1.227947
[SV step=2500] baseline/pre smallest_[10, 32] [10, 32] | sigma_max=1.6729e-02 | p05=0.0116 p25=0.0156 p50=0.0273 p75=0.0594 p95=0.5944
[SV step=2500] baseline/polar smallest_[10, 32] [10, 32] | sigma_max=1.1265e+00 | p05=0.7875 p25=0.8237 p50=0.9280 p75=0.9748 p95=0.9944
[SV step=2500] baseline/blended smallest_[10, 32] [10, 32] | sigma_max=1.6729e-02 | p05=0.0116 p25=0.0156 p50=0.0273 p75=0.0594 p95=0.5944
[SV step=2500] baseline/pre largest_[5120, 1280] [5120, 1280] | sigma_max=7.8484e-04 | p05=0.0001 p25=0.0001 p50=0.0002 p75=0.0004 p95=0.0024
[SV step=2500] baseline/polar largest_[5120, 1280] [5120, 1280] | sigma_max=1.1414e+00 | p05=0.0753 p25=0.1164 p50=0.1890 p75=0.3661 p95=0.9036
[SV step=2500] baseline/blended largest_[5120, 1280] [5120, 1280] | sigma_max=7.8484e-04 | p05=0.0001 p25=0.0001 p50=0.0002 p75=0.0004 p95=0.0024
[baseline] step 02500/04357 (57.38%) | loss: 3.810116 | dt: 2450.37ms | tok/s: 427,926 | eta: 65.4m
[baseline] step 02550/04357 (58.53%) | loss: 3.707026 | dt: 2125.73ms | tok/s: 493,278 | eta: 63.7m
[baseline] step 02600/04357 (59.67%) | loss: 3.707709 | dt: 2121.56ms | tok/s: 494,246 | eta: 61.9m
[baseline] step 02650/04357 (60.82%) | loss: 3.704250 | dt: 2125.55ms | tok/s: 493,320 | eta: 60.2m
[baseline] step 02700/04357 (61.97%) | loss: 3.728539 | dt: 2120.14ms | tok/s: 494,579 | eta: 58.4m
[baseline] Step 02750 | val_bpb: 1.122221
[SV step=2750] baseline/pre smallest_[10, 32] [10, 32] | sigma_max=2.0384e-03 | p05=0.0444 p25=0.0541 p50=0.0771 p75=0.1300 p95=0.7081
[SV step=2750] baseline/polar smallest_[10, 32] [10, 32] | sigma_max=1.1438e+00 | p05=0.8698 p25=0.9128 p50=0.9660 p75=0.9804 p95=0.9948
[SV step=2750] baseline/blended smallest_[10, 32] [10, 32] | sigma_max=2.0384e-03 | p05=0.0444 p25=0.0541 p50=0.0771 p75=0.1300 p95=0.7081
[SV step=2750] baseline/pre largest_[5120, 1280] [5120, 1280] | sigma_max=5.3712e-05 | p05=0.0009 p25=0.0014 p50=0.0023 p75=0.0046 p95=0.0228
[SV step=2750] baseline/polar largest_[5120, 1280] [5120, 1280] | sigma_max=1.1422e+00 | p05=0.3958 p25=0.6037 p50=0.7926 p75=0.9303 p95=0.9955
[SV step=2750] baseline/blended largest_[5120, 1280] [5120, 1280] | sigma_max=5.3712e-05 | p05=0.0009 p25=0.0014 p50=0.0023 p75=0.0046 p95=0.0228
[baseline] step 02750/04357 (63.12%) | loss: 3.674091 | dt: 2444.56ms | tok/s: 428,942 | eta: 56.7m
[baseline] step 02800/04357 (64.26%) | loss: 3.709932 | dt: 2130.89ms | tok/s: 492,083 | eta: 54.9m
[baseline] step 02850/04357 (65.41%) | loss: 3.715846 | dt: 2128.98ms | tok/s: 492,526 | eta: 53.2m
[baseline] step 02900/04357 (66.56%) | loss: 3.688680 | dt: 2124.42ms | tok/s: 493,583 | eta: 51.4m
[baseline] step 02950/04357 (67.71%) | loss: 3.646722 | dt: 2123.96ms | tok/s: 493,688 | eta: 49.6m
[baseline] Step 03000 | val_bpb: 1.111534
[SV step=3000] baseline/pre smallest_[10, 32] [10, 32] | sigma_max=9.9502e-04 | p05=0.0775 p25=0.1207 p50=0.2061 p75=0.2836 p95=0.8005
[SV step=3000] baseline/polar smallest_[10, 32] [10, 32] | sigma_max=1.1095e+00 | p05=0.8155 p25=0.8773 p50=0.9243 p75=0.9644 p95=0.9890
[SV step=3000] baseline/blended smallest_[10, 32] [10, 32] | sigma_max=9.9502e-04 | p05=0.0775 p25=0.1207 p50=0.2061 p75=0.2836 p95=0.8005
[SV step=3000] baseline/pre largest_[5120, 1280] [5120, 1280] | sigma_max=6.0388e-05 | p05=0.0007 p25=0.0012 p50=0.0020 p75=0.0040 p95=0.0191
[SV step=3000] baseline/polar largest_[5120, 1280] [5120, 1280] | sigma_max=1.1427e+00 | p05=0.4738 p25=0.7063 p50=0.8303 p75=0.9467 p95=0.9960
[SV step=3000] baseline/blended largest_[5120, 1280] [5120, 1280] | sigma_max=6.0388e-05 | p05=0.0007 p25=0.0012 p50=0.0020 p75=0.0040 p95=0.0191
[baseline] step 03000/04357 (68.85%) | loss: 3.662842 | dt: 2444.66ms | tok/s: 428,925 | eta: 47.9m
[baseline] step 03050/04357 (70.00%) | loss: 3.643882 | dt: 2128.59ms | tok/s: 492,614 | eta: 46.1m
[baseline] step 03100/04357 (71.15%) | loss: 3.652434 | dt: 2123.56ms | tok/s: 493,781 | eta: 44.4m
[baseline] step 03150/04357 (72.30%) | loss: 3.628294 | dt: 2121.22ms | tok/s: 494,326 | eta: 42.6m
[baseline] step 03200/04357 (73.45%) | loss: 3.656322 | dt: 2124.90ms | tok/s: 493,471 | eta: 40.8m
[baseline] Step 03250 | val_bpb: 1.103648
[SV step=3250] baseline/pre smallest_[10, 32] [10, 32] | sigma_max=2.6137e-03 | p05=0.0310 p25=0.0425 p50=0.0707 p75=0.1163 p95=0.6767
[SV step=3250] baseline/polar smallest_[10, 32] [10, 32] | sigma_max=1.0956e+00 | p05=0.8303 p25=0.8717 p50=0.9391 p75=0.9846 p95=0.9961
[SV step=3250] baseline/blended smallest_[10, 32] [10, 32] | sigma_max=2.6137e-03 | p05=0.0310 p25=0.0425 p50=0.0707 p75=0.1163 p95=0.6767
[SV step=3250] baseline/pre largest_[5120, 1280] [5120, 1280] | sigma_max=1.4729e-04 | p05=0.0003 p25=0.0005 p50=0.0008 p75=0.0017 p95=0.0080
[SV step=3250] baseline/polar largest_[5120, 1280] [5120, 1280] | sigma_max=1.1418e+00 | p05=0.2236 p25=0.3552 p50=0.5738 p75=0.8294 p95=0.9875
[SV step=3250] baseline/blended largest_[5120, 1280] [5120, 1280] | sigma_max=1.4729e-04 | p05=0.0003 p25=0.0005 p50=0.0008 p75=0.0017 p95=0.0080
[baseline] step 03250/04357 (74.59%) | loss: 3.641373 | dt: 2447.44ms | tok/s: 428,438 | eta: 39.1m
[baseline] step 03300/04357 (75.74%) | loss: 3.615758 | dt: 2124.99ms | tok/s: 493,450 | eta: 37.3m
[baseline] step 03350/04357 (76.89%) | loss: 3.652403 | dt: 2124.24ms | tok/s: 493,624 | eta: 35.5m
[baseline] step 03400/04357 (78.04%) | loss: 3.638607 | dt: 2125.32ms | tok/s: 493,373 | eta: 33.8m
[baseline] step 03450/04357 (79.18%) | loss: 3.626760 | dt: 2129.64ms | tok/s: 492,371 | eta: 32.0m
[baseline] Step 03500 | val_bpb: 1.097513
[SV step=3500] baseline/pre smallest_[10, 32] [10, 32] | sigma_max=1.3039e-03 | p05=0.0648 p25=0.0769 p50=0.1388 p75=0.1978 p95=0.9037
[SV step=3500] baseline/polar smallest_[10, 32] [10, 32] | sigma_max=1.1360e+00 | p05=0.8038 p25=0.8486 p50=0.8947 p75=0.9712 p95=0.9884
[SV step=3500] baseline/blended smallest_[10, 32] [10, 32] | sigma_max=1.3039e-03 | p05=0.0648 p25=0.0769 p50=0.1388 p75=0.1978 p95=0.9037
[SV step=3500] baseline/pre largest_[5120, 1280] [5120, 1280] | sigma_max=9.1549e-05 | p05=0.0005 p25=0.0008 p50=0.0013 p75=0.0027 p95=0.0128
[SV step=3500] baseline/polar largest_[5120, 1280] [5120, 1280] | sigma_max=1.1421e+00 | p05=0.3343 p25=0.5231 p50=0.7636 p75=0.9121 p95=0.9942
[SV step=3500] baseline/blended largest_[5120, 1280] [5120, 1280] | sigma_max=9.1549e-05 | p05=0.0005 p25=0.0008 p50=0.0013 p75=0.0027 p95=0.0128
[baseline] step 03500/04357 (80.33%) | loss: 3.573222 | dt: 2441.04ms | tok/s: 429,561 | eta: 30.3m
[baseline] step 03550/04357 (81.48%) | loss: 3.594118 | dt: 2122.10ms | tok/s: 494,120 | eta: 28.5m
[baseline] step 03600/04357 (82.63%) | loss: 3.594468 | dt: 2123.81ms | tok/s: 493,724 | eta: 26.7m
[baseline] step 03650/04357 (83.77%) | loss: 3.619544 | dt: 2124.18ms | tok/s: 493,637 | eta: 25.0m
[baseline] step 03700/04357 (84.92%) | loss: 3.575065 | dt: 2124.72ms | tok/s: 493,512 | eta: 23.2m
[baseline] Step 03750 | val_bpb: 1.091905
[SV step=3750] baseline/pre smallest_[10, 32] [10, 32] | sigma_max=1.0228e-03 | p05=0.0653 p25=0.1244 p50=0.1775 p75=0.2732 p95=0.7550
[SV step=3750] baseline/polar smallest_[10, 32] [10, 32] | sigma_max=1.0666e+00 | p05=0.8333 p25=0.8718 p50=0.9034 p75=0.9416 p95=0.9815
[SV step=3750] baseline/blended smallest_[10, 32] [10, 32] | sigma_max=1.0228e-03 | p05=0.0653 p25=0.1244 p50=0.1775 p75=0.2732 p95=0.7550
[SV step=3750] baseline/pre largest_[5120, 1280] [5120, 1280] | sigma_max=6.0400e-05 | p05=0.0007 p25=0.0012 p50=0.0020 p75=0.0041 p95=0.0196
[SV step=3750] baseline/polar largest_[5120, 1280] [5120, 1280] | sigma_max=1.1425e+00 | p05=0.4100 p25=0.6340 p50=0.8080 p75=0.9365 p95=0.9954
[SV step=3750] baseline/blended largest_[5120, 1280] [5120, 1280] | sigma_max=6.0400e-05 | p05=0.0007 p25=0.0012 p50=0.0020 p75=0.0041 p95=0.0196
[baseline] step 03750/04357 (86.07%) | loss: 3.587232 | dt: 2442.17ms | tok/s: 429,361 | eta: 21.4m
[baseline] step 03800/04357 (87.22%) | loss: 3.578269 | dt: 2117.98ms | tok/s: 495,082 | eta: 19.7m
[baseline] step 03850/04357 (88.36%) | loss: 3.587087 | dt: 2123.66ms | tok/s: 493,758 | eta: 17.9m
[baseline] step 03900/04357 (89.51%) | loss: 3.579798 | dt: 2123.40ms | tok/s: 493,818 | eta: 16.1m
[baseline] step 03950/04357 (90.66%) | loss: 3.591865 | dt: 2125.75ms | tok/s: 493,272 | eta: 14.4m
[baseline] Step 04000 | val_bpb: 1.088279
[SV step=4000] baseline/pre smallest_[10, 32] [10, 32] | sigma_max=8.0482e-04 | p05=0.0866 p25=0.1363 p50=0.1981 p75=0.2842 p95=0.8424
[SV step=4000] baseline/polar smallest_[10, 32] [10, 32] | sigma_max=1.1336e+00 | p05=0.7543 p25=0.7729 p50=0.8489 p75=0.8856 p95=0.9780
[SV step=4000] baseline/blended smallest_[10, 32] [10, 32] | sigma_max=8.0482e-04 | p05=0.0866 p25=0.1363 p50=0.1981 p75=0.2842 p95=0.8424
[SV step=4000] baseline/pre largest_[5120, 1280] [5120, 1280] | sigma_max=5.2063e-05 | p05=0.0008 p25=0.0013 p50=0.0023 p75=0.0047 p95=0.0220
[SV step=4000] baseline/polar largest_[5120, 1280] [5120, 1280] | sigma_max=1.1428e+00 | p05=0.4557 p25=0.6950 p50=0.8277 p75=0.9450 p95=0.9961
[SV step=4000] baseline/blended largest_[5120, 1280] [5120, 1280] | sigma_max=5.2063e-05 | p05=0.0008 p25=0.0013 p50=0.0023 p75=0.0047 p95=0.0220
[baseline] step 04000/04357 (91.81%) | loss: 3.592763 | dt: 2453.95ms | tok/s: 427,301 | eta: 12.6m
[baseline] step 04050/04357 (92.95%) | loss: 3.586033 | dt: 2122.14ms | tok/s: 494,112 | eta: 10.8m
[baseline] step 04100/04357 (94.10%) | loss: 3.601384 | dt: 2127.33ms | tok/s: 492,907 | eta: 9.1m
[baseline] step 04150/04357 (95.25%) | loss: 3.599273 | dt: 2123.36ms | tok/s: 493,828 | eta: 7.3m
