========================================
Job ID: 381168
Node: andreas-h100-1
GPUs: 4
Config: PAD_RATIO=0.0, POWER_ITERS=1, POWER_BATCH=4, SV_LOG=1
Start Time: Fri Feb 27 08:26:53 PM EST 2026
========================================
Fri Feb 27 20:26:53 2026       
+-----------------------------------------------------------------------------------------+
| NVIDIA-SMI 575.57.08              Driver Version: 575.57.08      CUDA Version: 12.9     |
|-----------------------------------------+------------------------+----------------------+
| GPU  Name                 Persistence-M | Bus-Id          Disp.A | Volatile Uncorr. ECC |
| Fan  Temp   Perf          Pwr:Usage/Cap |           Memory-Usage | GPU-Util  Compute M. |
|                                         |                        |               MIG M. |
|=========================================+========================+======================|
|   0  NVIDIA H100 NVL                On  |   00000000:01:00.0 Off |                    0 |
| N/A   40C    P0             65W /  400W |       0MiB /  95830MiB |      0%      Default |
|                                         |                        |             Disabled |
+-----------------------------------------+------------------------+----------------------+
|   1  NVIDIA H100 NVL                On  |   00000000:21:00.0 Off |                    0 |
| N/A   42C    P0             62W /  400W |       0MiB /  95830MiB |      0%      Default |
|                                         |                        |             Disabled |
+-----------------------------------------+------------------------+----------------------+
|   2  NVIDIA H100 NVL                On  |   00000000:C1:00.0 Off |                    0 |
| N/A   43C    P0             64W /  400W |       0MiB /  95830MiB |      0%      Default |
|                                         |                        |             Disabled |
+-----------------------------------------+------------------------+----------------------+
|   3  NVIDIA H100 NVL                On  |   00000000:E1:00.0 Off |                    0 |
| N/A   44C    P0             65W /  400W |       0MiB /  95830MiB |      0%      Default |
|                                         |                        |             Disabled |
+-----------------------------------------+------------------------+----------------------+
                                                                                         
+-----------------------------------------------------------------------------------------+
| Processes:                                                                              |
|  GPU   GI   CI              PID   Type   Process name                        GPU Memory |
|        ID   ID                                                               Usage      |
|=========================================================================================|
|  No running processes found                                                             |
+-----------------------------------------------------------------------------------------+
Starting: baseline

                                                       █████                █████
                                                      ░░███                ░░███
     ████████    ██████   ████████    ██████   ██████  ░███████    ██████  ███████
    ░░███░░███  ░░░░░███ ░░███░░███  ███░░███ ███░░███ ░███░░███  ░░░░░███░░░███░
     ░███ ░███   ███████  ░███ ░███ ░███ ░███░███ ░░░  ░███ ░███   ███████  ░███
     ░███ ░███  ███░░███  ░███ ░███ ░███ ░███░███  ███ ░███ ░███  ███░░███  ░███ ███
     ████ █████░░████████ ████ █████░░██████ ░░██████  ████ █████░░███████  ░░█████
    ░░░░ ░░░░░  ░░░░░░░░ ░░░░ ░░░░░  ░░░░░░   ░░░░░░  ░░░░ ░░░░░  ░░░░░░░░   ░░░░░
    
=== Spectral-Padded Muon Experiment ===
  PAD_RATIO=0.0, POWER_ITERS=1, POWER_BATCH=4
  SV_LOG=True, every=250
Autodetected device type: cuda
GPU: NVIDIA H100 NVL | Peak FLOPS (BF16): 8.35e+14
Using Flash Attention 3
Vocab size: 32,768
Model config:
{
  "sequence_len": 2048,
  "vocab_size": 32768,
  "n_layer": 20,
  "n_head": 10,
  "n_kv_head": 10,
  "n_embd": 1280,
  "window_pattern": "SSSL"
}
FP8 training enabled - converted 121 layers
Parameter counts:
wte                     : 41,943,040
value_embeds            : 419,430,400
lm_head                 : 41,943,040
transformer_matrices    : 393,219,200
scalars                 : 40
total                   : 896,535,720
Estimated FLOPs per token: 3.004189e+09
Auto-computed optimal batch size: 1,048,576 tokens
Scaling LRs by 1.4142 for batch size 1,048,576
Scaling weight decay from 0.200000 to 0.071563
Scaling the LR for the AdamW parameters 1/sqrt(1280/768) = 0.774597
SV logging groups: {140326088178496: 'largest_[5120, 1280]', 140331357555776: 'smallest_[10, 32]'}
Calculated iterations from target data:param ratio: 4,357
Total tokens: 4,568,645,632 | Iterations: 4,357
Gradient accumulation steps: 8
[baseline] Step 00000 | val_bpb: 3.169049
[SV step=0] baseline/pre smallest_[10, 32] [10, 32] | sigma_max=1.0000e-12 | p05=0.0000 p25=0.0000 p50=0.0000 p75=0.0000 p95=0.0000
[SV step=0] baseline/polar smallest_[10, 32] [10, 32] | sigma_max=1.0000e-12 | p05=0.0000 p25=0.0000 p50=0.0000 p75=0.0000 p95=0.0000
[SV step=0] baseline/blended smallest_[10, 32] [10, 32] | sigma_max=1.0000e-12 | p05=0.0000 p25=0.0000 p50=0.0000 p75=0.0000 p95=0.0000
[SV step=0] baseline/pre largest_[5120, 1280] [5120, 1280] | sigma_max=1.0000e-12 | p05=0.0000 p25=0.0000 p50=0.0000 p75=0.0000 p95=0.0000
[SV step=0] baseline/polar largest_[5120, 1280] [5120, 1280] | sigma_max=1.0000e-12 | p05=0.0000 p25=0.0000 p50=0.0000 p75=0.0000 p95=0.0000
[SV step=0] baseline/blended largest_[5120, 1280] [5120, 1280] | sigma_max=1.0000e-12 | p05=0.0000 p25=0.0000 p50=0.0000 p75=0.0000 p95=0.0000
[baseline] step 00000/04357 (0.00%) | loss: 10.398166 | dt: 35736.55ms | tok/s: 29,341
[baseline] step 00050/04357 (1.15%) | loss: 5.840651 | dt: 2061.77ms | tok/s: 508,581 | eta: 146.6m
[baseline] step 00100/04357 (2.30%) | loss: 5.741678 | dt: 2073.25ms | tok/s: 505,763 | eta: 145.8m
[baseline] step 00150/04357 (3.44%) | loss: 5.690148 | dt: 2064.00ms | tok/s: 508,032 | eta: 144.4m
[baseline] step 00200/04357 (4.59%) | loss: 5.681753 | dt: 2071.22ms | tok/s: 506,260 | eta: 142.8m
[baseline] Step 00250 | val_bpb: 1.722567
[SV step=250] baseline/pre smallest_[10, 32] [10, 32] | sigma_max=1.4972e-04 | p05=0.0267 p25=0.0641 p50=0.1087 p75=0.3280 p95=0.7556
[SV step=250] baseline/polar smallest_[10, 32] [10, 32] | sigma_max=1.1223e+00 | p05=0.7655 p25=0.7947 p50=0.8697 p75=0.9518 p95=0.9923
[SV step=250] baseline/blended smallest_[10, 32] [10, 32] | sigma_max=1.4972e-04 | p05=0.0267 p25=0.0641 p50=0.1087 p75=0.3280 p95=0.7556
[SV step=250] baseline/pre largest_[5120, 1280] [5120, 1280] | sigma_max=2.3304e-06 | p05=0.0042 p25=0.0064 p50=0.0100 p75=0.0167 p95=0.0430
[SV step=250] baseline/polar largest_[5120, 1280] [5120, 1280] | sigma_max=1.1444e+00 | p05=0.7527 p25=0.7933 p50=0.8869 p75=0.9664 p95=0.9958
[SV step=250] baseline/blended largest_[5120, 1280] [5120, 1280] | sigma_max=2.3304e-06 | p05=0.0042 p25=0.0064 p50=0.0100 p75=0.0167 p95=0.0430
[baseline] step 00250/04357 (5.74%) | loss: 5.681063 | dt: 2397.95ms | tok/s: 437,281 | eta: 141.2m
[baseline] step 00300/04357 (6.89%) | loss: 5.563530 | dt: 2059.59ms | tok/s: 509,119 | eta: 139.5m
[baseline] step 00350/04357 (8.03%) | loss: 5.210805 | dt: 2058.97ms | tok/s: 509,272 | eta: 137.8m
[baseline] step 00400/04357 (9.18%) | loss: 4.829266 | dt: 2062.82ms | tok/s: 508,322 | eta: 136.0m
[baseline] step 00450/04357 (10.33%) | loss: 4.594888 | dt: 2055.22ms | tok/s: 510,202 | eta: 134.2m
[baseline] Step 00500 | val_bpb: 1.337325
[SV step=500] baseline/pre smallest_[10, 32] [10, 32] | sigma_max=4.0976e-04 | p05=0.1129 p25=0.1688 p50=0.2941 p75=0.5347 p95=0.9228
[SV step=500] baseline/polar smallest_[10, 32] [10, 32] | sigma_max=1.1317e+00 | p05=0.9093 p25=0.9297 p50=0.9541 p75=0.9710 p95=0.9939
[SV step=500] baseline/blended smallest_[10, 32] [10, 32] | sigma_max=4.0976e-04 | p05=0.1129 p25=0.1688 p50=0.2941 p75=0.5347 p95=0.9228
[SV step=500] baseline/pre largest_[5120, 1280] [5120, 1280] | sigma_max=7.7963e-05 | p05=0.0032 p25=0.0047 p50=0.0072 p75=0.0117 p95=0.0320
[SV step=500] baseline/polar largest_[5120, 1280] [5120, 1280] | sigma_max=1.1426e+00 | p05=0.7525 p25=0.7844 p50=0.8611 p75=0.9461 p95=0.9894
[SV step=500] baseline/blended largest_[5120, 1280] [5120, 1280] | sigma_max=7.7963e-05 | p05=0.0032 p25=0.0047 p50=0.0072 p75=0.0117 p95=0.0320
[baseline] step 00500/04357 (11.48%) | loss: 4.434397 | dt: 2379.67ms | tok/s: 440,639 | eta: 132.5m
[baseline] step 00550/04357 (12.62%) | loss: 4.337219 | dt: 2048.39ms | tok/s: 511,901 | eta: 130.8m
[baseline] step 00600/04357 (13.77%) | loss: 4.227165 | dt: 2051.81ms | tok/s: 511,048 | eta: 129.1m
[baseline] step 00650/04357 (14.92%) | loss: 4.171573 | dt: 2052.18ms | tok/s: 510,956 | eta: 127.3m
[baseline] step 00700/04357 (16.07%) | loss: 4.081508 | dt: 2061.01ms | tok/s: 508,768 | eta: 125.6m
[baseline] Step 00750 | val_bpb: 1.209716
[SV step=750] baseline/pre smallest_[10, 32] [10, 32] | sigma_max=1.3117e-03 | p05=0.0413 p25=0.0650 p50=0.1142 p75=0.2325 p95=0.7775
[SV step=750] baseline/polar smallest_[10, 32] [10, 32] | sigma_max=1.1393e+00 | p05=0.7720 p25=0.8469 p50=0.9140 p75=0.9827 p95=0.9999
[SV step=750] baseline/blended smallest_[10, 32] [10, 32] | sigma_max=1.3117e-03 | p05=0.0413 p25=0.0650 p50=0.1142 p75=0.2325 p95=0.7775
[SV step=750] baseline/pre largest_[5120, 1280] [5120, 1280] | sigma_max=2.9902e-05 | p05=0.0042 p25=0.0062 p50=0.0094 p75=0.0152 p95=0.0421
[SV step=750] baseline/polar largest_[5120, 1280] [5120, 1280] | sigma_max=1.1425e+00 | p05=0.7525 p25=0.7824 p50=0.8580 p75=0.9430 p95=0.9866
[SV step=750] baseline/blended largest_[5120, 1280] [5120, 1280] | sigma_max=2.9902e-05 | p05=0.0042 p25=0.0062 p50=0.0094 p75=0.0152 p95=0.0421
[baseline] step 00750/04357 (17.21%) | loss: 3.953941 | dt: 2382.93ms | tok/s: 440,035 | eta: 123.9m
[baseline] step 00800/04357 (18.36%) | loss: 3.938111 | dt: 2069.44ms | tok/s: 506,694 | eta: 122.2m
[baseline] step 00850/04357 (19.51%) | loss: 3.880631 | dt: 2060.27ms | tok/s: 508,950 | eta: 120.5m
[baseline] step 00900/04357 (20.66%) | loss: 3.888098 | dt: 2058.61ms | tok/s: 509,362 | eta: 118.8m
[baseline] step 00950/04357 (21.80%) | loss: 3.830899 | dt: 2062.03ms | tok/s: 508,515 | eta: 117.1m
[baseline] Step 01000 | val_bpb: 1.155895
[SV step=1000] baseline/pre smallest_[10, 32] [10, 32] | sigma_max=8.0476e-04 | p05=0.0503 p25=0.0769 p50=0.1252 p75=0.2870 p95=0.8468
[SV step=1000] baseline/polar smallest_[10, 32] [10, 32] | sigma_max=1.1256e+00 | p05=0.7780 p25=0.8243 p50=0.9367 p75=0.9847 p95=0.9958
[SV step=1000] baseline/blended smallest_[10, 32] [10, 32] | sigma_max=8.0476e-04 | p05=0.0503 p25=0.0769 p50=0.1252 p75=0.2870 p95=0.8468
[SV step=1000] baseline/pre largest_[5120, 1280] [5120, 1280] | sigma_max=2.2652e-05 | p05=0.0030 p25=0.0044 p50=0.0067 p75=0.0110 p95=0.0293
[SV step=1000] baseline/polar largest_[5120, 1280] [5120, 1280] | sigma_max=1.1439e+00 | p05=0.7523 p25=0.7856 p50=0.8685 p75=0.9538 p95=0.9949
[SV step=1000] baseline/blended largest_[5120, 1280] [5120, 1280] | sigma_max=2.2652e-05 | p05=0.0030 p25=0.0044 p50=0.0067 p75=0.0110 p95=0.0293
[baseline] step 01000/04357 (22.95%) | loss: 3.815503 | dt: 2390.89ms | tok/s: 438,570 | eta: 115.4m
[baseline] step 01050/04357 (24.10%) | loss: 3.786143 | dt: 2065.65ms | tok/s: 507,625 | eta: 113.6m
[baseline] step 01100/04357 (25.25%) | loss: 3.775483 | dt: 2055.62ms | tok/s: 510,101 | eta: 111.9m
[baseline] step 01150/04357 (26.39%) | loss: 3.770944 | dt: 2063.17ms | tok/s: 508,236 | eta: 110.2m
[baseline] step 01200/04357 (27.54%) | loss: 3.728661 | dt: 2062.02ms | tok/s: 508,519 | eta: 108.5m
[baseline] Step 01250 | val_bpb: 1.133011
[SV step=1250] baseline/pre smallest_[10, 32] [10, 32] | sigma_max=5.9687e-04 | p05=0.1072 p25=0.1851 p50=0.2567 p75=0.5040 p95=0.8525
[SV step=1250] baseline/polar smallest_[10, 32] [10, 32] | sigma_max=1.1405e+00 | p05=0.7693 p25=0.7944 p50=0.8894 p75=0.9918 p95=0.9988
[SV step=1250] baseline/blended smallest_[10, 32] [10, 32] | sigma_max=5.9687e-04 | p05=0.1072 p25=0.1851 p50=0.2567 p75=0.5040 p95=0.8525
[SV step=1250] baseline/pre largest_[5120, 1280] [5120, 1280] | sigma_max=2.3377e-05 | p05=0.0022 p25=0.0033 p50=0.0050 p75=0.0084 p95=0.0246
[SV step=1250] baseline/polar largest_[5120, 1280] [5120, 1280] | sigma_max=1.1452e+00 | p05=0.7533 p25=0.7996 p50=0.9024 p75=0.9686 p95=0.9959
[SV step=1250] baseline/blended largest_[5120, 1280] [5120, 1280] | sigma_max=2.3377e-05 | p05=0.0022 p25=0.0033 p50=0.0050 p75=0.0084 p95=0.0246
[baseline] step 01250/04357 (28.69%) | loss: 3.742552 | dt: 2394.23ms | tok/s: 437,959 | eta: 106.8m
[baseline] step 01300/04357 (29.84%) | loss: 3.723177 | dt: 2072.62ms | tok/s: 505,917 | eta: 105.1m
[baseline] step 01350/04357 (30.98%) | loss: 3.700586 | dt: 2074.07ms | tok/s: 505,563 | eta: 103.4m
[baseline] step 01400/04357 (32.13%) | loss: 3.655068 | dt: 2077.39ms | tok/s: 504,755 | eta: 101.7m
[baseline] step 01450/04357 (33.28%) | loss: 3.679897 | dt: 2066.90ms | tok/s: 507,317 | eta: 100.0m
[baseline] Step 01500 | val_bpb: 1.109731
[SV step=1500] baseline/pre smallest_[10, 32] [10, 32] | sigma_max=5.7261e-04 | p05=0.1103 p25=0.1666 p50=0.2500 p75=0.5447 p95=0.8440
[SV step=1500] baseline/polar smallest_[10, 32] [10, 32] | sigma_max=1.1304e+00 | p05=0.7668 p25=0.8147 p50=0.8791 p75=0.9694 p95=0.9974
[SV step=1500] baseline/blended smallest_[10, 32] [10, 32] | sigma_max=5.7261e-04 | p05=0.1103 p25=0.1666 p50=0.2500 p75=0.5447 p95=0.8440
[SV step=1500] baseline/pre largest_[5120, 1280] [5120, 1280] | sigma_max=4.2695e-05 | p05=0.0016 p25=0.0024 p50=0.0038 p75=0.0066 p95=0.0195
[SV step=1500] baseline/polar largest_[5120, 1280] [5120, 1280] | sigma_max=1.1437e+00 | p05=0.7535 p25=0.8114 p50=0.9033 p75=0.9697 p95=0.9960
[SV step=1500] baseline/blended largest_[5120, 1280] [5120, 1280] | sigma_max=4.2695e-05 | p05=0.0016 p25=0.0024 p50=0.0038 p75=0.0066 p95=0.0195
[baseline] step 01500/04357 (34.43%) | loss: 3.638985 | dt: 2400.15ms | tok/s: 436,879 | eta: 98.3m
[baseline] step 01550/04357 (35.57%) | loss: 3.638611 | dt: 2071.98ms | tok/s: 506,074 | eta: 96.6m
[baseline] step 01600/04357 (36.72%) | loss: 3.611915 | dt: 2059.15ms | tok/s: 509,227 | eta: 94.9m
[baseline] step 01650/04357 (37.87%) | loss: 3.640890 | dt: 2064.94ms | tok/s: 507,799 | eta: 93.1m
[baseline] step 01700/04357 (39.02%) | loss: 3.593181 | dt: 2072.16ms | tok/s: 506,031 | eta: 91.4m
[baseline] Step 01750 | val_bpb: 1.090094
[SV step=1750] baseline/pre smallest_[10, 32] [10, 32] | sigma_max=1.0496e-03 | p05=0.0537 p25=0.0825 p50=0.1289 p75=0.2375 p95=0.7382
[SV step=1750] baseline/polar smallest_[10, 32] [10, 32] | sigma_max=1.1392e+00 | p05=0.7563 p25=0.7723 p50=0.9054 p75=0.9765 p95=0.9989
[SV step=1750] baseline/blended smallest_[10, 32] [10, 32] | sigma_max=1.0496e-03 | p05=0.0537 p25=0.0825 p50=0.1289 p75=0.2375 p95=0.7382
[SV step=1750] baseline/pre largest_[5120, 1280] [5120, 1280] | sigma_max=4.3859e-06 | p05=0.0042 p25=0.0063 p50=0.0097 p75=0.0159 p95=0.0392
[SV step=1750] baseline/polar largest_[5120, 1280] [5120, 1280] | sigma_max=1.1423e+00 | p05=0.7529 p25=0.7839 p50=0.8579 p75=0.9418 p95=0.9865
[SV step=1750] baseline/blended largest_[5120, 1280] [5120, 1280] | sigma_max=4.3859e-06 | p05=0.0042 p25=0.0063 p50=0.0097 p75=0.0159 p95=0.0392
[baseline] step 01750/04357 (40.17%) | loss: 3.599614 | dt: 2400.89ms | tok/s: 436,745 | eta: 89.7m
[baseline] step 01800/04357 (41.31%) | loss: 3.586055 | dt: 2071.08ms | tok/s: 506,293 | eta: 88.0m
[baseline] step 01850/04357 (42.46%) | loss: 3.554502 | dt: 2069.24ms | tok/s: 506,744 | eta: 86.3m
[baseline] step 01900/04357 (43.61%) | loss: 3.566986 | dt: 2076.55ms | tok/s: 504,959 | eta: 84.6m
[baseline] step 01950/04357 (44.76%) | loss: 3.548842 | dt: 2061.82ms | tok/s: 508,566 | eta: 82.9m
[baseline] Step 02000 | val_bpb: 1.073880
[SV step=2000] baseline/pre smallest_[10, 32] [10, 32] | sigma_max=7.5665e-04 | p05=0.0786 p25=0.1210 p50=0.1660 p75=0.3114 p95=0.7485
[SV step=2000] baseline/polar smallest_[10, 32] [10, 32] | sigma_max=1.1359e+00 | p05=0.7549 p25=0.8026 p50=0.9577 p75=0.9870 p95=0.9983
[SV step=2000] baseline/blended smallest_[10, 32] [10, 32] | sigma_max=7.5665e-04 | p05=0.0786 p25=0.1210 p50=0.1660 p75=0.3114 p95=0.7485
[SV step=2000] baseline/pre largest_[5120, 1280] [5120, 1280] | sigma_max=2.1392e-06 | p05=0.0060 p25=0.0090 p50=0.0138 p75=0.0228 p95=0.0561
[SV step=2000] baseline/polar largest_[5120, 1280] [5120, 1280] | sigma_max=1.1427e+00 | p05=0.7523 p25=0.7812 p50=0.8545 p75=0.9391 p95=0.9875
[SV step=2000] baseline/blended largest_[5120, 1280] [5120, 1280] | sigma_max=2.1392e-06 | p05=0.0060 p25=0.0090 p50=0.0138 p75=0.0228 p95=0.0561
[baseline] step 02000/04357 (45.90%) | loss: 3.565534 | dt: 2403.37ms | tok/s: 436,293 | eta: 81.2m
[baseline] step 02050/04357 (47.05%) | loss: 3.538078 | dt: 2067.51ms | tok/s: 507,168 | eta: 79.4m
[baseline] step 02100/04357 (48.20%) | loss: 3.536217 | dt: 2075.85ms | tok/s: 505,130 | eta: 77.7m
[baseline] step 02150/04357 (49.35%) | loss: 3.553588 | dt: 2072.69ms | tok/s: 505,902 | eta: 76.0m
[baseline] step 02200/04357 (50.49%) | loss: 3.505020 | dt: 2069.00ms | tok/s: 506,803 | eta: 74.3m
[baseline] Step 02250 | val_bpb: 1.061635
[SV step=2250] baseline/pre smallest_[10, 32] [10, 32] | sigma_max=6.1534e-04 | p05=0.0720 p25=0.1065 p50=0.1978 p75=0.3214 p95=0.8579
[SV step=2250] baseline/polar smallest_[10, 32] [10, 32] | sigma_max=1.1420e+00 | p05=0.7815 p25=0.8321 p50=0.8933 p75=0.9307 p95=0.9976
[SV step=2250] baseline/blended smallest_[10, 32] [10, 32] | sigma_max=6.1534e-04 | p05=0.0720 p25=0.1065 p50=0.1978 p75=0.3214 p95=0.8579
[SV step=2250] baseline/pre largest_[5120, 1280] [5120, 1280] | sigma_max=1.4949e-06 | p05=0.0061 p25=0.0091 p50=0.0141 p75=0.0233 p95=0.0579
[SV step=2250] baseline/polar largest_[5120, 1280] [5120, 1280] | sigma_max=1.1424e+00 | p05=0.7525 p25=0.7821 p50=0.8576 p75=0.9419 p95=0.9865
[SV step=2250] baseline/blended largest_[5120, 1280] [5120, 1280] | sigma_max=1.4949e-06 | p05=0.0061 p25=0.0091 p50=0.0141 p75=0.0233 p95=0.0579
[baseline] step 02250/04357 (51.64%) | loss: 3.515978 | dt: 2400.17ms | tok/s: 436,875 | eta: 72.6m
[baseline] step 02300/04357 (52.79%) | loss: 3.489532 | dt: 2077.65ms | tok/s: 504,694 | eta: 70.9m
[baseline] step 02350/04357 (53.94%) | loss: 3.506763 | dt: 2073.45ms | tok/s: 505,716 | eta: 69.1m
[baseline] step 02400/04357 (55.08%) | loss: 3.458243 | dt: 2072.45ms | tok/s: 505,959 | eta: 67.4m
[baseline] step 02450/04357 (56.23%) | loss: 3.476501 | dt: 2075.51ms | tok/s: 505,212 | eta: 65.7m
[baseline] Step 02500 | val_bpb: 1.048782
[SV step=2500] baseline/pre smallest_[10, 32] [10, 32] | sigma_max=5.5030e-04 | p05=0.0818 p25=0.1285 p50=0.1956 p75=0.3361 p95=0.8938
[SV step=2500] baseline/polar smallest_[10, 32] [10, 32] | sigma_max=1.1409e+00 | p05=0.7693 p25=0.8264 p50=0.9388 p75=0.9904 p95=0.9985
[SV step=2500] baseline/blended smallest_[10, 32] [10, 32] | sigma_max=5.5030e-04 | p05=0.0818 p25=0.1285 p50=0.1956 p75=0.3361 p95=0.8938
[SV step=2500] baseline/pre largest_[5120, 1280] [5120, 1280] | sigma_max=7.8238e-07 | p05=0.0088 p25=0.0134 p50=0.0207 p75=0.0343 p95=0.0841
[SV step=2500] baseline/polar largest_[5120, 1280] [5120, 1280] | sigma_max=1.1427e+00 | p05=0.7527 p25=0.7826 p50=0.8579 p75=0.9427 p95=0.9878
[SV step=2500] baseline/blended largest_[5120, 1280] [5120, 1280] | sigma_max=7.8238e-07 | p05=0.0088 p25=0.0134 p50=0.0207 p75=0.0343 p95=0.0841
[baseline] step 02500/04357 (57.38%) | loss: 3.483121 | dt: 2398.23ms | tok/s: 437,228 | eta: 64.0m
[baseline] step 02550/04357 (58.53%) | loss: 3.438627 | dt: 2074.96ms | tok/s: 505,348 | eta: 62.3m
[baseline] step 02600/04357 (59.67%) | loss: 3.435332 | dt: 2077.96ms | tok/s: 504,617 | eta: 60.6m
[baseline] step 02650/04357 (60.82%) | loss: 3.430357 | dt: 2069.77ms | tok/s: 506,615 | eta: 58.8m
[baseline] step 02700/04357 (61.97%) | loss: 3.457890 | dt: 2077.68ms | tok/s: 504,686 | eta: 57.1m
[baseline] Step 02750 | val_bpb: 1.038754
[SV step=2750] baseline/pre smallest_[10, 32] [10, 32] | sigma_max=8.4517e-04 | p05=0.0620 p25=0.1102 p50=0.1583 p75=0.3009 p95=0.8549
[SV step=2750] baseline/polar smallest_[10, 32] [10, 32] | sigma_max=1.1261e+00 | p05=0.7615 p25=0.7935 p50=0.9485 p75=0.9741 p95=0.9974
[SV step=2750] baseline/blended smallest_[10, 32] [10, 32] | sigma_max=8.4517e-04 | p05=0.0620 p25=0.1102 p50=0.1583 p75=0.3009 p95=0.8549
[SV step=2750] baseline/pre largest_[5120, 1280] [5120, 1280] | sigma_max=6.2563e-07 | p05=0.0092 p25=0.0140 p50=0.0217 p75=0.0361 p95=0.0879
[SV step=2750] baseline/polar largest_[5120, 1280] [5120, 1280] | sigma_max=1.1427e+00 | p05=0.7527 p25=0.7836 p50=0.8633 p75=0.9469 p95=0.9904
[SV step=2750] baseline/blended largest_[5120, 1280] [5120, 1280] | sigma_max=6.2563e-07 | p05=0.0092 p25=0.0140 p50=0.0217 p75=0.0361 p95=0.0879
[baseline] step 02750/04357 (63.12%) | loss: 3.397101 | dt: 2402.87ms | tok/s: 436,384 | eta: 55.4m
[baseline] step 02800/04357 (64.26%) | loss: 3.437893 | dt: 2076.58ms | tok/s: 504,953 | eta: 53.7m
[baseline] step 02850/04357 (65.41%) | loss: 3.445502 | dt: 2074.87ms | tok/s: 505,369 | eta: 52.0m
[baseline] step 02900/04357 (66.56%) | loss: 3.412794 | dt: 2066.75ms | tok/s: 507,356 | eta: 50.2m
[baseline] step 02950/04357 (67.71%) | loss: 3.380661 | dt: 2078.47ms | tok/s: 504,494 | eta: 48.5m
[baseline] Step 03000 | val_bpb: 1.028962
[SV step=3000] baseline/pre smallest_[10, 32] [10, 32] | sigma_max=4.9034e-04 | p05=0.1080 p25=0.1609 p50=0.2407 p75=0.3827 p95=0.8471
[SV step=3000] baseline/polar smallest_[10, 32] [10, 32] | sigma_max=1.1341e+00 | p05=0.7577 p25=0.8398 p50=0.8903 p75=0.9719 p95=0.9936
[SV step=3000] baseline/blended smallest_[10, 32] [10, 32] | sigma_max=4.9034e-04 | p05=0.1080 p25=0.1609 p50=0.2407 p75=0.3827 p95=0.8471
[SV step=3000] baseline/pre largest_[5120, 1280] [5120, 1280] | sigma_max=6.2306e-07 | p05=0.0081 p25=0.0124 p50=0.0192 p75=0.0321 p95=0.0774
[SV step=3000] baseline/polar largest_[5120, 1280] [5120, 1280] | sigma_max=1.1437e+00 | p05=0.7526 p25=0.7857 p50=0.8668 p75=0.9504 p95=0.9939
[SV step=3000] baseline/blended largest_[5120, 1280] [5120, 1280] | sigma_max=6.2306e-07 | p05=0.0081 p25=0.0124 p50=0.0192 p75=0.0321 p95=0.0774
[baseline] step 03000/04357 (68.85%) | loss: 3.397462 | dt: 2405.87ms | tok/s: 435,840 | eta: 46.8m
[baseline] step 03050/04357 (70.00%) | loss: 3.381871 | dt: 2071.75ms | tok/s: 506,131 | eta: 45.1m
[baseline] step 03100/04357 (71.15%) | loss: 3.372056 | dt: 2074.56ms | tok/s: 505,446 | eta: 43.4m
[baseline] step 03150/04357 (72.30%) | loss: 3.363054 | dt: 2072.49ms | tok/s: 505,950 | eta: 41.6m
[baseline] step 03200/04357 (73.45%) | loss: 3.381463 | dt: 2076.73ms | tok/s: 504,917 | eta: 39.9m
[baseline] Step 03250 | val_bpb: 1.021333
[SV step=3250] baseline/pre smallest_[10, 32] [10, 32] | sigma_max=4.5292e-04 | p05=0.0992 p25=0.1694 p50=0.2776 p75=0.5968 p95=0.8504
[SV step=3250] baseline/polar smallest_[10, 32] [10, 32] | sigma_max=1.1293e+00 | p05=0.7800 p25=0.8058 p50=0.8763 p75=0.9711 p95=0.9990
[SV step=3250] baseline/blended smallest_[10, 32] [10, 32] | sigma_max=4.5292e-04 | p05=0.0992 p25=0.1694 p50=0.2776 p75=0.5968 p95=0.8504
[SV step=3250] baseline/pre largest_[5120, 1280] [5120, 1280] | sigma_max=4.8221e-07 | p05=0.0096 p25=0.0147 p50=0.0228 p75=0.0383 p95=0.0918
[SV step=3250] baseline/polar largest_[5120, 1280] [5120, 1280] | sigma_max=1.1434e+00 | p05=0.7528 p25=0.7848 p50=0.8635 p75=0.9501 p95=0.9931
[SV step=3250] baseline/blended largest_[5120, 1280] [5120, 1280] | sigma_max=4.8221e-07 | p05=0.0096 p25=0.0147 p50=0.0228 p75=0.0383 p95=0.0918
[baseline] step 03250/04357 (74.59%) | loss: 3.372185 | dt: 2405.51ms | tok/s: 435,905 | eta: 38.2m
[baseline] step 03300/04357 (75.74%) | loss: 3.337026 | dt: 2076.69ms | tok/s: 504,927 | eta: 36.5m
[baseline] step 03350/04357 (76.89%) | loss: 3.380656 | dt: 2079.59ms | tok/s: 504,221 | eta: 34.7m
[baseline] step 03400/04357 (78.04%) | loss: 3.368921 | dt: 2077.90ms | tok/s: 504,633 | eta: 33.0m
[baseline] step 03450/04357 (79.18%) | loss: 3.362012 | dt: 2078.07ms | tok/s: 504,592 | eta: 31.3m
[baseline] Step 03500 | val_bpb: 1.014524
[SV step=3500] baseline/pre smallest_[10, 32] [10, 32] | sigma_max=3.9858e-04 | p05=0.1194 p25=0.1733 p50=0.2857 p75=0.3960 p95=0.8556
[SV step=3500] baseline/polar smallest_[10, 32] [10, 32] | sigma_max=1.1378e+00 | p05=0.7553 p25=0.7851 p50=0.8451 p75=0.8702 p95=0.9983
[SV step=3500] baseline/blended smallest_[10, 32] [10, 32] | sigma_max=3.9858e-04 | p05=0.1194 p25=0.1733 p50=0.2857 p75=0.3960 p95=0.8556
[SV step=3500] baseline/pre largest_[5120, 1280] [5120, 1280] | sigma_max=4.2327e-07 | p05=0.0105 p25=0.0162 p50=0.0252 p75=0.0423 p95=0.1001
[SV step=3500] baseline/polar largest_[5120, 1280] [5120, 1280] | sigma_max=1.1435e+00 | p05=0.7527 p25=0.7851 p50=0.8648 p75=0.9512 p95=0.9939
[SV step=3500] baseline/blended largest_[5120, 1280] [5120, 1280] | sigma_max=4.2327e-07 | p05=0.0105 p25=0.0162 p50=0.0252 p75=0.0423 p95=0.1001
[baseline] step 03500/04357 (80.33%) | loss: 3.302196 | dt: 2393.87ms | tok/s: 438,026 | eta: 29.6m
[baseline] step 03550/04357 (81.48%) | loss: 3.321472 | dt: 2086.61ms | tok/s: 502,527 | eta: 27.8m
[baseline] step 03600/04357 (82.63%) | loss: 3.325320 | dt: 2079.79ms | tok/s: 504,174 | eta: 26.1m
[baseline] step 03650/04357 (83.77%) | loss: 3.347575 | dt: 2074.37ms | tok/s: 505,491 | eta: 24.4m
[baseline] step 03700/04357 (84.92%) | loss: 3.309681 | dt: 2075.56ms | tok/s: 505,201 | eta: 22.7m
[baseline] Step 03750 | val_bpb: 1.009249
[SV step=3750] baseline/pre smallest_[10, 32] [10, 32] | sigma_max=4.3382e-04 | p05=0.1029 p25=0.1527 p50=0.2501 p75=0.3867 p95=0.8371
[SV step=3750] baseline/polar smallest_[10, 32] [10, 32] | sigma_max=1.1377e+00 | p05=0.7836 p25=0.8567 p50=0.8990 p75=0.9735 p95=0.9985
[SV step=3750] baseline/blended smallest_[10, 32] [10, 32] | sigma_max=4.3382e-04 | p05=0.1029 p25=0.1527 p50=0.2501 p75=0.3867 p95=0.8371
[SV step=3750] baseline/pre largest_[5120, 1280] [5120, 1280] | sigma_max=5.1684e-07 | p05=0.0085 p25=0.0132 p50=0.0205 p75=0.0346 p95=0.0826
[SV step=3750] baseline/polar largest_[5120, 1280] [5120, 1280] | sigma_max=1.1438e+00 | p05=0.7528 p25=0.7858 p50=0.8670 p75=0.9532 p95=0.9942
[SV step=3750] baseline/blended largest_[5120, 1280] [5120, 1280] | sigma_max=5.1684e-07 | p05=0.0085 p25=0.0132 p50=0.0205 p75=0.0346 p95=0.0826
[baseline] step 03750/04357 (86.07%) | loss: 3.318307 | dt: 2403.10ms | tok/s: 436,343 | eta: 20.9m
[baseline] step 03800/04357 (87.22%) | loss: 3.311977 | dt: 2073.61ms | tok/s: 505,677 | eta: 19.2m
[baseline] step 03850/04357 (88.36%) | loss: 3.319302 | dt: 2075.24ms | tok/s: 505,278 | eta: 17.5m
[baseline] step 03900/04357 (89.51%) | loss: 3.309695 | dt: 2071.56ms | tok/s: 506,176 | eta: 15.8m
[baseline] step 03950/04357 (90.66%) | loss: 3.325393 | dt: 2075.81ms | tok/s: 505,140 | eta: 14.0m
[baseline] Step 04000 | val_bpb: 1.005362
[SV step=4000] baseline/pre smallest_[10, 32] [10, 32] | sigma_max=3.5157e-04 | p05=0.1549 p25=0.2518 p50=0.3712 p75=0.6003 p95=0.8766
[SV step=4000] baseline/polar smallest_[10, 32] [10, 32] | sigma_max=1.1321e+00 | p05=0.7699 p25=0.7813 p50=0.8376 p75=0.9815 p95=0.9988
[SV step=4000] baseline/blended smallest_[10, 32] [10, 32] | sigma_max=3.5157e-04 | p05=0.1549 p25=0.2518 p50=0.3712 p75=0.6003 p95=0.8766
[SV step=4000] baseline/pre largest_[5120, 1280] [5120, 1280] | sigma_max=4.1250e-07 | p05=0.0108 p25=0.0168 p50=0.0263 p75=0.0442 p95=0.1048
[SV step=4000] baseline/polar largest_[5120, 1280] [5120, 1280] | sigma_max=1.1432e+00 | p05=0.7526 p25=0.7859 p50=0.8655 p75=0.9509 p95=0.9931
[SV step=4000] baseline/blended largest_[5120, 1280] [5120, 1280] | sigma_max=4.1250e-07 | p05=0.0108 p25=0.0168 p50=0.0263 p75=0.0442 p95=0.1048
[baseline] step 04000/04357 (91.81%) | loss: 3.326703 | dt: 2410.02ms | tok/s: 435,090 | eta: 12.3m
[baseline] step 04050/04357 (92.95%) | loss: 3.312248 | dt: 2076.11ms | tok/s: 505,068 | eta: 10.6m
[baseline] step 04100/04357 (94.10%) | loss: 3.332622 | dt: 2077.44ms | tok/s: 504,745 | eta: 8.9m
[baseline] step 04150/04357 (95.25%) | loss: 3.329063 | dt: 2073.32ms | tok/s: 505,746 | eta: 7.1m
[baseline] step 04200/04357 (96.40%) | loss: 3.293798 | dt: 2076.16ms | tok/s: 505,054 | eta: 5.4m
[baseline] Step 04250 | val_bpb: 1.003144
[SV step=4250] baseline/pre smallest_[10, 32] [10, 32] | sigma_max=3.4249e-04 | p05=0.1873 p25=0.2601 p50=0.3770 p75=0.6778 p95=0.9333
[SV step=4250] baseline/polar smallest_[10, 32] [10, 32] | sigma_max=1.1045e+00 | p05=0.7853 p25=0.7934 p50=0.8288 p75=0.9536 p95=0.9912
[SV step=4250] baseline/blended smallest_[10, 32] [10, 32] | sigma_max=3.4249e-04 | p05=0.1873 p25=0.2601 p50=0.3770 p75=0.6778 p95=0.9333
[SV step=4250] baseline/pre largest_[5120, 1280] [5120, 1280] | sigma_max=4.1277e-07 | p05=0.0111 p25=0.0173 p50=0.0271 p75=0.0460 p95=0.1115
[SV step=4250] baseline/polar largest_[5120, 1280] [5120, 1280] | sigma_max=1.1435e+00 | p05=0.7526 p25=0.7850 p50=0.8663 p75=0.9495 p95=0.9929
[SV step=4250] baseline/blended largest_[5120, 1280] [5120, 1280] | sigma_max=4.1277e-07 | p05=0.0111 p25=0.0173 p50=0.0271 p75=0.0460 p95=0.1115
[baseline] step 04250/04357 (97.54%) | loss: 3.287052 | dt: 2402.28ms | tok/s: 436,492 | eta: 3.7m
[baseline] step 04300/04357 (98.69%) | loss: 3.318755 | dt: 2074.32ms | tok/s: 505,503 | eta: 2.0m
[baseline] step 04350/04357 (99.84%) | loss: 3.326597 | dt: 2069.15ms | tok/s: 506,766 | eta: 0.2m
[baseline] Step 04357 | val_bpb: 1.002772
Results saved to spectralpadded_v2_results/baseline/val_loss.json
[baseline] Done. Min val bpb: 1.002772
Peak memory: 40719.68 MiB
Total training time: 150.03m
========================================
[baseline] Job completed at: Fri Feb 27 11:04:11 PM EST 2026
========================================
