========================================
Job ID: 381424
Node: andreas-h100-1
GPUs: 4
Config: PAD_RATIO=0.1, POWER_ITERS=1, POWER_BATCH=4, SV_LOG=1
Start Time: Fri Feb 27 22:53:45 EST 2026
========================================
Fri Feb 27 22:53:45 2026       
+-----------------------------------------------------------------------------------------+
| NVIDIA-SMI 575.57.08              Driver Version: 575.57.08      CUDA Version: 12.9     |
|-----------------------------------------+------------------------+----------------------+
| GPU  Name                 Persistence-M | Bus-Id          Disp.A | Volatile Uncorr. ECC |
| Fan  Temp   Perf          Pwr:Usage/Cap |           Memory-Usage | GPU-Util  Compute M. |
|                                         |                        |               MIG M. |
|=========================================+========================+======================|
|   0  NVIDIA H100 NVL                On  |   00000000:41:00.0 Off |                    0 |
| N/A   61C    P0             74W /  400W |       0MiB /  95830MiB |      0%      Default |
|                                         |                        |             Disabled |
+-----------------------------------------+------------------------+----------------------+
|   1  NVIDIA H100 NVL                On  |   00000000:61:00.0 Off |                    0 |
| N/A   60C    P0             69W /  400W |       0MiB /  95830MiB |      0%      Default |
|                                         |                        |             Disabled |
+-----------------------------------------+------------------------+----------------------+
|   2  NVIDIA H100 NVL                On  |   00000000:81:00.0 Off |                    0 |
| N/A   60C    P0             70W /  400W |       0MiB /  95830MiB |      0%      Default |
|                                         |                        |             Disabled |
+-----------------------------------------+------------------------+----------------------+
|   3  NVIDIA H100 NVL                On  |   00000000:A1:00.0 Off |                    0 |
| N/A   62C    P0             73W /  400W |       0MiB /  95830MiB |      0%      Default |
|                                         |                        |             Disabled |
+-----------------------------------------+------------------------+----------------------+
                                                                                         
+-----------------------------------------------------------------------------------------+
| Processes:                                                                              |
|  GPU   GI   CI              PID   Type   Process name                        GPU Memory |
|        ID   ID                                                               Usage      |
|=========================================================================================|
|  No running processes found                                                             |
+-----------------------------------------------------------------------------------------+
Starting: spectralpad_gamma0.1_pi1_pb4

                                                       █████                █████
                                                      ░░███                ░░███
     ████████    ██████   ████████    ██████   ██████  ░███████    ██████  ███████
    ░░███░░███  ░░░░░███ ░░███░░███  ███░░███ ███░░███ ░███░░███  ░░░░░███░░░███░
     ░███ ░███   ███████  ░███ ░███ ░███ ░███░███ ░░░  ░███ ░███   ███████  ░███
     ░███ ░███  ███░░███  ░███ ░███ ░███ ░███░███  ███ ░███ ░███  ███░░███  ░███ ███
     ████ █████░░████████ ████ █████░░██████ ░░██████  ████ █████░░███████  ░░█████
    ░░░░ ░░░░░  ░░░░░░░░ ░░░░ ░░░░░  ░░░░░░   ░░░░░░  ░░░░ ░░░░░  ░░░░░░░░   ░░░░░
    
=== Spectral-Padded Muon Experiment ===
  PAD_RATIO=0.1, POWER_ITERS=1, POWER_BATCH=4
  SV_LOG=True, every=250
Autodetected device type: cuda
GPU: NVIDIA H100 NVL | Peak FLOPS (BF16): 8.35e+14
Using Flash Attention 3
Vocab size: 32,768
Model config:
{
  "sequence_len": 2048,
  "vocab_size": 32768,
  "n_layer": 20,
  "n_head": 10,
  "n_kv_head": 10,
  "n_embd": 1280,
  "window_pattern": "SSSL"
}
FP8 training enabled - converted 121 layers
Parameter counts:
wte                     : 41,943,040
value_embeds            : 419,430,400
lm_head                 : 41,943,040
transformer_matrices    : 393,219,200
scalars                 : 40
total                   : 896,535,720
Estimated FLOPs per token: 3.004189e+09
Auto-computed optimal batch size: 1,048,576 tokens
Scaling LRs by 1.4142 for batch size 1,048,576
Scaling weight decay from 0.200000 to 0.071563
Scaling the LR for the AdamW parameters 1/sqrt(1280/768) = 0.774597
SV logging groups: {140408129884480: 'largest_[5120, 1280]', 140415434354880: 'smallest_[10, 32]'}
Calculated iterations from target data:param ratio: 4,357
Total tokens: 4,568,645,632 | Iterations: 4,357
Gradient accumulation steps: 8
[spectralpad_gamma0.1_pi1_pb4] Step 00000 | val_bpb: 3.169049
[SV step=0] spectralpad_gamma0.1_pi1_pb4/pre smallest_[10, 32] [10, 32] | sigma_max=1.0000e-12 | p05=0.0000 p25=0.0000 p50=0.0000 p75=0.0000 p95=0.0000
[SV step=0] spectralpad_gamma0.1_pi1_pb4/polar smallest_[10, 32] [10, 32] | sigma_max=1.0000e-12 | p05=0.0000 p25=0.0000 p50=0.0000 p75=0.0000 p95=0.0000
[SV step=0] spectralpad_gamma0.1_pi1_pb4/blended smallest_[10, 32] [10, 32] | sigma_max=1.0000e-12 | p05=0.0000 p25=0.0000 p50=0.0000 p75=0.0000 p95=0.0000
[SV step=0] spectralpad_gamma0.1_pi1_pb4/pre largest_[5120, 1280] [5120, 1280] | sigma_max=1.0000e-12 | p05=0.0000 p25=0.0000 p50=0.0000 p75=0.0000 p95=0.0000
[SV step=0] spectralpad_gamma0.1_pi1_pb4/polar largest_[5120, 1280] [5120, 1280] | sigma_max=1.0000e-12 | p05=0.0000 p25=0.0000 p50=0.0000 p75=0.0000 p95=0.0000
[SV step=0] spectralpad_gamma0.1_pi1_pb4/blended largest_[5120, 1280] [5120, 1280] | sigma_max=1.0000e-12 | p05=0.0000 p25=0.0000 p50=0.0000 p75=0.0000 p95=0.0000
[spectralpad_gamma0.1_pi1_pb4] step 00000/04357 (0.00%) | loss: 10.398166 | dt: 26909.99ms | tok/s: 38,966
[spectralpad_gamma0.1_pi1_pb4] step 00050/04357 (1.15%) | loss: 5.841247 | dt: 2044.46ms | tok/s: 512,886 | eta: 144.9m
[spectralpad_gamma0.1_pi1_pb4] step 00100/04357 (2.30%) | loss: 5.739991 | dt: 2064.25ms | tok/s: 507,968 | eta: 144.7m
[spectralpad_gamma0.1_pi1_pb4] step 00150/04357 (3.44%) | loss: 5.677590 | dt: 2065.99ms | tok/s: 507,542 | eta: 143.6m
[spectralpad_gamma0.1_pi1_pb4] step 00200/04357 (4.59%) | loss: 5.638632 | dt: 2065.00ms | tok/s: 507,785 | eta: 142.1m
[spectralpad_gamma0.1_pi1_pb4] Step 00250 | val_bpb: 1.657443
[SV step=250] spectralpad_gamma0.1_pi1_pb4/pre smallest_[10, 32] [10, 32] | sigma_max=1.7045e-05 | p05=0.0372 p25=0.0660 p50=0.1525 p75=0.2854 p95=0.8380
[SV step=250] spectralpad_gamma0.1_pi1_pb4/polar smallest_[10, 32] [10, 32] | sigma_max=1.1056e+00 | p05=0.7901 p25=0.8607 p50=0.8970 p75=0.9695 p95=0.9936
[SV step=250] spectralpad_gamma0.1_pi1_pb4/blended smallest_[10, 32] [10, 32] | sigma_max=1.5342e-05 | p05=0.0372 p25=0.0661 p50=0.1525 p75=0.2854 p95=0.8380
[SV step=250] spectralpad_gamma0.1_pi1_pb4/pre largest_[5120, 1280] [5120, 1280] | sigma_max=2.1211e-06 | p05=0.0005 p25=0.0009 p50=0.0015 p75=0.0029 p95=0.0116
[SV step=250] spectralpad_gamma0.1_pi1_pb4/polar largest_[5120, 1280] [5120, 1280] | sigma_max=1.1420e+00 | p05=0.2428 p25=0.3839 p50=0.6188 p75=0.8563 p95=0.9911
[SV step=250] spectralpad_gamma0.1_pi1_pb4/blended largest_[5120, 1280] [5120, 1280] | sigma_max=1.9099e-06 | p05=0.0007 p25=0.0011 p50=0.0018 p75=0.0035 p95=0.0121
[spectralpad_gamma0.1_pi1_pb4] step 00250/04357 (5.74%) | loss: 5.509599 | dt: 2396.33ms | tok/s: 437,575 | eta: 140.6m
[spectralpad_gamma0.1_pi1_pb4] step 00300/04357 (6.89%) | loss: 5.125156 | dt: 2055.91ms | tok/s: 510,031 | eta: 139.0m
[spectralpad_gamma0.1_pi1_pb4] step 00350/04357 (8.03%) | loss: 4.751682 | dt: 2058.48ms | tok/s: 509,392 | eta: 137.3m
[spectralpad_gamma0.1_pi1_pb4] step 00400/04357 (9.18%) | loss: 4.448905 | dt: 2059.66ms | tok/s: 509,101 | eta: 135.6m
[spectralpad_gamma0.1_pi1_pb4] step 00450/04357 (10.33%) | loss: 4.218971 | dt: 2065.67ms | tok/s: 507,620 | eta: 133.9m
[spectralpad_gamma0.1_pi1_pb4] Step 00500 | val_bpb: 1.232511
[SV step=500] spectralpad_gamma0.1_pi1_pb4/pre smallest_[10, 32] [10, 32] | sigma_max=1.9227e-06 | p05=0.0159 p25=0.0363 p50=0.0840 p75=0.2797 p95=0.7036
[SV step=500] spectralpad_gamma0.1_pi1_pb4/polar smallest_[10, 32] [10, 32] | sigma_max=1.1276e+00 | p05=0.7633 p25=0.7816 p50=0.8277 p75=0.9528 p95=0.9872
[SV step=500] spectralpad_gamma0.1_pi1_pb4/blended smallest_[10, 32] [10, 32] | sigma_max=1.7313e-06 | p05=0.0164 p25=0.0368 p50=0.0845 p75=0.2801 p95=0.7038
[SV step=500] spectralpad_gamma0.1_pi1_pb4/pre largest_[5120, 1280] [5120, 1280] | sigma_max=8.9270e-07 | p05=0.0017 p25=0.0026 p50=0.0040 p75=0.0071 p95=0.0257
[SV step=500] spectralpad_gamma0.1_pi1_pb4/polar largest_[5120, 1280] [5120, 1280] | sigma_max=1.1428e+00 | p05=0.5322 p25=0.7465 p50=0.8480 p75=0.9532 p95=0.9968
[SV step=500] spectralpad_gamma0.1_pi1_pb4/blended largest_[5120, 1280] [5120, 1280] | sigma_max=8.0451e-07 | p05=0.0024 p25=0.0036 p50=0.0054 p75=0.0084 p95=0.0269
[spectralpad_gamma0.1_pi1_pb4] step 00500/04357 (11.48%) | loss: 4.082021 | dt: 2398.42ms | tok/s: 437,193 | eta: 132.3m
[spectralpad_gamma0.1_pi1_pb4] step 00550/04357 (12.62%) | loss: 3.977597 | dt: 2062.01ms | tok/s: 508,521 | eta: 130.6m
[spectralpad_gamma0.1_pi1_pb4] step 00600/04357 (13.77%) | loss: 3.959080 | dt: 2071.75ms | tok/s: 506,129 | eta: 128.9m
[spectralpad_gamma0.1_pi1_pb4] step 00650/04357 (14.92%) | loss: 3.936774 | dt: 2069.80ms | tok/s: 506,606 | eta: 127.2m
[spectralpad_gamma0.1_pi1_pb4] step 00700/04357 (16.07%) | loss: 3.835012 | dt: 2066.63ms | tok/s: 507,383 | eta: 125.6m
[spectralpad_gamma0.1_pi1_pb4] Step 00750 | val_bpb: 1.134194
[SV step=750] spectralpad_gamma0.1_pi1_pb4/pre smallest_[10, 32] [10, 32] | sigma_max=3.8665e-06 | p05=0.0132 p25=0.0238 p50=0.0515 p75=0.1363 p95=0.8489
[SV step=750] spectralpad_gamma0.1_pi1_pb4/polar smallest_[10, 32] [10, 32] | sigma_max=1.0735e+00 | p05=0.8189 p25=0.8282 p50=0.8973 p75=0.9796 p95=0.9953
[SV step=750] spectralpad_gamma0.1_pi1_pb4/blended smallest_[10, 32] [10, 32] | sigma_max=3.4810e-06 | p05=0.0135 p25=0.0240 p50=0.0518 p75=0.1366 p95=0.8489
[SV step=750] spectralpad_gamma0.1_pi1_pb4/pre largest_[5120, 1280] [5120, 1280] | sigma_max=6.7906e-07 | p05=0.0031 p25=0.0047 p50=0.0074 p75=0.0128 p95=0.0412
[SV step=750] spectralpad_gamma0.1_pi1_pb4/polar largest_[5120, 1280] [5120, 1280] | sigma_max=1.1437e+00 | p05=0.7451 p25=0.8015 p50=0.8977 p75=0.9687 p95=0.9967
[SV step=750] spectralpad_gamma0.1_pi1_pb4/blended largest_[5120, 1280] [5120, 1280] | sigma_max=6.1227e-07 | p05=0.0045 p25=0.0065 p50=0.0092 p75=0.0142 p95=0.0428
[spectralpad_gamma0.1_pi1_pb4] step 00750/04357 (17.21%) | loss: 3.705732 | dt: 2401.83ms | tok/s: 436,574 | eta: 123.9m
[spectralpad_gamma0.1_pi1_pb4] step 00800/04357 (18.36%) | loss: 3.733245 | dt: 2071.07ms | tok/s: 506,296 | eta: 122.2m
[spectralpad_gamma0.1_pi1_pb4] step 00850/04357 (19.51%) | loss: 3.792529 | dt: 2073.90ms | tok/s: 505,606 | eta: 120.5m
[spectralpad_gamma0.1_pi1_pb4] step 00900/04357 (20.66%) | loss: 4.090226 | dt: 2079.60ms | tok/s: 504,220 | eta: 118.9m
[spectralpad_gamma0.1_pi1_pb4] step 00950/04357 (21.80%) | loss: 3.652278 | dt: 2072.86ms | tok/s: 505,860 | eta: 117.2m
[spectralpad_gamma0.1_pi1_pb4] Step 01000 | val_bpb: 1.104363
[SV step=1000] spectralpad_gamma0.1_pi1_pb4/pre smallest_[10, 32] [10, 32] | sigma_max=1.8042e-05 | p05=0.0049 p25=0.0095 p50=0.0294 p75=0.1336 p95=0.7381
[SV step=1000] spectralpad_gamma0.1_pi1_pb4/polar smallest_[10, 32] [10, 32] | sigma_max=1.1169e+00 | p05=0.7687 p25=0.7891 p50=0.8568 p75=0.9395 p95=0.9907
[SV step=1000] spectralpad_gamma0.1_pi1_pb4/blended smallest_[10, 32] [10, 32] | sigma_max=1.6238e-05 | p05=0.0049 p25=0.0096 p50=0.0294 p75=0.1337 p95=0.7382
[SV step=1000] spectralpad_gamma0.1_pi1_pb4/pre largest_[5120, 1280] [5120, 1280] | sigma_max=1.1847e-06 | p05=0.0010 p25=0.0015 p50=0.0024 p75=0.0044 p95=0.0163
[SV step=1000] spectralpad_gamma0.1_pi1_pb4/polar largest_[5120, 1280] [5120, 1280] | sigma_max=1.1423e+00 | p05=0.3910 p25=0.5777 p50=0.7789 p75=0.9225 p95=0.9951
[SV step=1000] spectralpad_gamma0.1_pi1_pb4/blended largest_[5120, 1280] [5120, 1280] | sigma_max=1.0674e-06 | p05=0.0014 p25=0.0021 p50=0.0033 p75=0.0055 p95=0.0171
[spectralpad_gamma0.1_pi1_pb4] step 01000/04357 (22.95%) | loss: 3.676609 | dt: 2407.72ms | tok/s: 435,505 | eta: 115.5m
[spectralpad_gamma0.1_pi1_pb4] step 01050/04357 (24.10%) | loss: 3.897661 | dt: 2064.11ms | tok/s: 508,002 | eta: 113.8m
[spectralpad_gamma0.1_pi1_pb4] step 01100/04357 (25.25%) | loss: 3.816032 | dt: 2069.58ms | tok/s: 506,662 | eta: 112.1m
[spectralpad_gamma0.1_pi1_pb4] step 01150/04357 (26.39%) | loss: 3.647275 | dt: 2072.87ms | tok/s: 505,856 | eta: 110.4m
[spectralpad_gamma0.1_pi1_pb4] step 01200/04357 (27.54%) | loss: 3.558273 | dt: 2073.25ms | tok/s: 505,764 | eta: 108.7m
[spectralpad_gamma0.1_pi1_pb4] Step 01250 | val_bpb: 1.070478
[SV step=1250] spectralpad_gamma0.1_pi1_pb4/pre smallest_[10, 32] [10, 32] | sigma_max=3.5846e-06 | p05=0.0052 p25=0.0497 p50=0.0960 p75=0.3327 p95=0.8157
[SV step=1250] spectralpad_gamma0.1_pi1_pb4/polar smallest_[10, 32] [10, 32] | sigma_max=1.1399e+00 | p05=0.7962 p25=0.8339 p50=0.9269 p75=0.9764 p95=0.9955
[SV step=1250] spectralpad_gamma0.1_pi1_pb4/blended smallest_[10, 32] [10, 32] | sigma_max=3.2271e-06 | p05=0.0055 p25=0.0501 p50=0.0963 p75=0.3329 p95=0.8158
[SV step=1250] spectralpad_gamma0.1_pi1_pb4/pre largest_[5120, 1280] [5120, 1280] | sigma_max=3.3429e-07 | p05=0.0031 p25=0.0047 p50=0.0074 p75=0.0128 p95=0.0387
[SV step=1250] spectralpad_gamma0.1_pi1_pb4/polar largest_[5120, 1280] [5120, 1280] | sigma_max=1.1429e+00 | p05=0.5513 p25=0.7539 p50=0.8561 p75=0.9579 p95=0.9967
[SV step=1250] spectralpad_gamma0.1_pi1_pb4/blended largest_[5120, 1280] [5120, 1280] | sigma_max=3.0177e-07 | p05=0.0052 p25=0.0076 p50=0.0111 p75=0.0161 p95=0.0415
[spectralpad_gamma0.1_pi1_pb4] step 01250/04357 (28.69%) | loss: 3.547202 | dt: 2407.93ms | tok/s: 435,467 | eta: 107.0m
[spectralpad_gamma0.1_pi1_pb4] step 01300/04357 (29.84%) | loss: 3.531584 | dt: 2082.79ms | tok/s: 503,447 | eta: 105.3m
[spectralpad_gamma0.1_pi1_pb4] step 01350/04357 (30.98%) | loss: 3.514664 | dt: 2077.38ms | tok/s: 504,757 | eta: 103.6m
[spectralpad_gamma0.1_pi1_pb4] step 01400/04357 (32.13%) | loss: 3.457013 | dt: 2075.80ms | tok/s: 505,143 | eta: 101.9m
[spectralpad_gamma0.1_pi1_pb4] step 01450/04357 (33.28%) | loss: 3.466251 | dt: 2075.88ms | tok/s: 505,124 | eta: 100.2m
[spectralpad_gamma0.1_pi1_pb4] Step 01500 | val_bpb: 1.131669
[SV step=1500] spectralpad_gamma0.1_pi1_pb4/pre smallest_[10, 32] [10, 32] | sigma_max=1.5908e-05 | p05=0.0152 p25=0.0375 p50=0.0905 p75=0.2350 p95=0.7188
[SV step=1500] spectralpad_gamma0.1_pi1_pb4/polar smallest_[10, 32] [10, 32] | sigma_max=1.1388e+00 | p05=0.8005 p25=0.8594 p50=0.9408 p75=0.9663 p95=0.9891
[SV step=1500] spectralpad_gamma0.1_pi1_pb4/blended smallest_[10, 32] [10, 32] | sigma_max=1.4318e-05 | p05=0.0153 p25=0.0376 p50=0.0906 p75=0.2351 p95=0.7188
[SV step=1500] spectralpad_gamma0.1_pi1_pb4/pre largest_[5120, 1280] [5120, 1280] | sigma_max=8.7646e-07 | p05=0.0003 p25=0.0005 p50=0.0008 p75=0.0017 p95=0.0078
[SV step=1500] spectralpad_gamma0.1_pi1_pb4/polar largest_[5120, 1280] [5120, 1280] | sigma_max=1.1414e+00 | p05=0.1242 p25=0.1922 p50=0.3128 p75=0.5821 p95=0.9583
[SV step=1500] spectralpad_gamma0.1_pi1_pb4/blended largest_[5120, 1280] [5120, 1280] | sigma_max=7.8986e-07 | p05=0.0005 p25=0.0008 p50=0.0013 p75=0.0025 p95=0.0089
[spectralpad_gamma0.1_pi1_pb4] step 01500/04357 (34.43%) | loss: 3.771772 | dt: 2416.31ms | tok/s: 433,957 | eta: 98.5m
[spectralpad_gamma0.1_pi1_pb4] step 01550/04357 (35.57%) | loss: 3.697344 | dt: 2085.81ms | tok/s: 502,719 | eta: 96.8m
[spectralpad_gamma0.1_pi1_pb4] step 01600/04357 (36.72%) | loss: 3.525350 | dt: 2087.65ms | tok/s: 502,274 | eta: 95.1m
[spectralpad_gamma0.1_pi1_pb4] step 01650/04357 (37.87%) | loss: 3.729734 | dt: 2096.33ms | tok/s: 500,194 | eta: 93.4m
[spectralpad_gamma0.1_pi1_pb4] step 01700/04357 (39.02%) | loss: 3.461224 | dt: 2083.84ms | tok/s: 503,194 | eta: 91.7m
[spectralpad_gamma0.1_pi1_pb4] Step 01750 | val_bpb: 1.037172
[SV step=1750] spectralpad_gamma0.1_pi1_pb4/pre smallest_[10, 32] [10, 32] | sigma_max=1.1243e-06 | p05=0.0227 p25=0.0446 p50=0.1682 p75=0.2984 p95=0.8116
[SV step=1750] spectralpad_gamma0.1_pi1_pb4/polar smallest_[10, 32] [10, 32] | sigma_max=1.1083e+00 | p05=0.7788 p25=0.7943 p50=0.8265 p75=0.9421 p95=0.9985
[SV step=1750] spectralpad_gamma0.1_pi1_pb4/blended smallest_[10, 32] [10, 32] | sigma_max=1.0128e-06 | p05=0.0236 p25=0.0456 p50=0.1691 p75=0.2992 p95=0.8118
[SV step=1750] spectralpad_gamma0.1_pi1_pb4/pre largest_[5120, 1280] [5120, 1280] | sigma_max=2.9860e-08 | p05=0.0019 p25=0.0029 p50=0.0046 p75=0.0083 p95=0.0273
[SV step=1750] spectralpad_gamma0.1_pi1_pb4/polar largest_[5120, 1280] [5120, 1280] | sigma_max=1.1412e+00 | p05=0.0462 p25=0.0712 p50=0.1140 p75=0.2032 p95=0.6189
[SV step=1750] spectralpad_gamma0.1_pi1_pb4/blended largest_[5120, 1280] [5120, 1280] | sigma_max=2.8015e-08 | p05=0.0037 p25=0.0057 p50=0.0091 p75=0.0162 p95=0.0514
[spectralpad_gamma0.1_pi1_pb4] step 01750/04357 (40.17%) | loss: 3.441130 | dt: 2424.47ms | tok/s: 432,496 | eta: 90.0m
[spectralpad_gamma0.1_pi1_pb4] step 01800/04357 (41.31%) | loss: 3.440158 | dt: 2078.80ms | tok/s: 504,413 | eta: 88.3m
[spectralpad_gamma0.1_pi1_pb4] step 01850/04357 (42.46%) | loss: 3.369153 | dt: 2079.67ms | tok/s: 504,204 | eta: 86.6m
[spectralpad_gamma0.1_pi1_pb4] step 01900/04357 (43.61%) | loss: 3.604041 | dt: 2075.02ms | tok/s: 505,333 | eta: 84.9m
[spectralpad_gamma0.1_pi1_pb4] step 01950/04357 (44.76%) | loss: 3.402221 | dt: 2071.31ms | tok/s: 506,238 | eta: 83.1m
[spectralpad_gamma0.1_pi1_pb4] Step 02000 | val_bpb: 1.048548
[SV step=2000] spectralpad_gamma0.1_pi1_pb4/pre smallest_[10, 32] [10, 32] | sigma_max=3.1508e-05 | p05=0.0039 p25=0.0080 p50=0.0191 p75=0.0668 p95=0.6078
[SV step=2000] spectralpad_gamma0.1_pi1_pb4/polar smallest_[10, 32] [10, 32] | sigma_max=1.1398e+00 | p05=0.7527 p25=0.7711 p50=0.8203 p75=0.9129 p95=0.9978
[SV step=2000] spectralpad_gamma0.1_pi1_pb4/blended smallest_[10, 32] [10, 32] | sigma_max=2.8358e-05 | p05=0.0040 p25=0.0081 p50=0.0191 p75=0.0669 p95=0.6078
[SV step=2000] spectralpad_gamma0.1_pi1_pb4/pre largest_[5120, 1280] [5120, 1280] | sigma_max=4.1225e-08 | p05=0.0010 p25=0.0015 p50=0.0024 p75=0.0043 p95=0.0138
[SV step=2000] spectralpad_gamma0.1_pi1_pb4/polar largest_[5120, 1280] [5120, 1280] | sigma_max=1.1411e+00 | p05=0.0327 p25=0.0507 p50=0.0809 p75=0.1441 p95=0.4444
[SV step=2000] spectralpad_gamma0.1_pi1_pb4/blended largest_[5120, 1280] [5120, 1280] | sigma_max=3.8126e-08 | p05=0.0019 p25=0.0030 p50=0.0048 p75=0.0085 p95=0.0267
[spectralpad_gamma0.1_pi1_pb4] step 02000/04357 (45.90%) | loss: 3.498937 | dt: 2410.93ms | tok/s: 434,925 | eta: 81.4m
[spectralpad_gamma0.1_pi1_pb4] step 02050/04357 (47.05%) | loss: 3.489114 | dt: 2078.81ms | tok/s: 504,410 | eta: 79.7m
[spectralpad_gamma0.1_pi1_pb4] step 02100/04357 (48.20%) | loss: 3.362823 | dt: 2076.09ms | tok/s: 505,071 | eta: 78.0m
[spectralpad_gamma0.1_pi1_pb4] step 02150/04357 (49.35%) | loss: 3.386229 | dt: 2079.70ms | tok/s: 504,194 | eta: 76.2m
[spectralpad_gamma0.1_pi1_pb4] step 02200/04357 (50.49%) | loss: 3.310827 | dt: 2072.66ms | tok/s: 505,908 | eta: 74.5m
[spectralpad_gamma0.1_pi1_pb4] Step 02250 | val_bpb: 1.005733
[SV step=2250] spectralpad_gamma0.1_pi1_pb4/pre smallest_[10, 32] [10, 32] | sigma_max=5.8627e-06 | p05=0.0093 p25=0.0148 p50=0.0408 p75=0.1689 p95=0.6882
[SV step=2250] spectralpad_gamma0.1_pi1_pb4/polar smallest_[10, 32] [10, 32] | sigma_max=1.1386e+00 | p05=0.7534 p25=0.7851 p50=0.8225 p75=0.8622 p95=0.9849
[SV step=2250] spectralpad_gamma0.1_pi1_pb4/blended smallest_[10, 32] [10, 32] | sigma_max=5.2774e-06 | p05=0.0095 p25=0.0150 p50=0.0410 p75=0.1690 p95=0.6882
[SV step=2250] spectralpad_gamma0.1_pi1_pb4/pre largest_[5120, 1280] [5120, 1280] | sigma_max=8.5662e-09 | p05=0.0034 p25=0.0053 p50=0.0083 p75=0.0140 p95=0.0362
[SV step=2250] spectralpad_gamma0.1_pi1_pb4/polar largest_[5120, 1280] [5120, 1280] | sigma_max=1.1401e+00 | p05=0.0250 p25=0.0386 p50=0.0607 p75=0.1027 p95=0.2621
[SV step=2250] spectralpad_gamma0.1_pi1_pb4/blended largest_[5120, 1280] [5120, 1280] | sigma_max=8.5652e-09 | p05=0.0064 p25=0.0099 p50=0.0155 p75=0.0263 p95=0.0674
[spectralpad_gamma0.1_pi1_pb4] step 02250/04357 (51.64%) | loss: 3.327093 | dt: 2402.66ms | tok/s: 436,423 | eta: 72.8m
[spectralpad_gamma0.1_pi1_pb4] step 02300/04357 (52.79%) | loss: 3.303745 | dt: 2078.40ms | tok/s: 504,511 | eta: 71.1m
[spectralpad_gamma0.1_pi1_pb4] step 02350/04357 (53.94%) | loss: 3.352950 | dt: 2081.39ms | tok/s: 503,785 | eta: 69.3m
[spectralpad_gamma0.1_pi1_pb4] step 02400/04357 (55.08%) | loss: 3.469725 | dt: 2076.24ms | tok/s: 505,037 | eta: 67.6m
[spectralpad_gamma0.1_pi1_pb4] step 02450/04357 (56.23%) | loss: 3.310190 | dt: 2079.52ms | tok/s: 504,240 | eta: 65.9m
[spectralpad_gamma0.1_pi1_pb4] Step 02500 | val_bpb: 0.993564
[SV step=2500] spectralpad_gamma0.1_pi1_pb4/pre smallest_[10, 32] [10, 32] | sigma_max=7.4665e-06 | p05=0.0070 p25=0.0162 p50=0.0435 p75=0.2548 p95=0.8009
[SV step=2500] spectralpad_gamma0.1_pi1_pb4/polar smallest_[10, 32] [10, 32] | sigma_max=1.1390e+00 | p05=0.7876 p25=0.8175 p50=0.8972 p75=0.9616 p95=0.9950
[SV step=2500] spectralpad_gamma0.1_pi1_pb4/blended smallest_[10, 32] [10, 32] | sigma_max=6.7210e-06 | p05=0.0071 p25=0.0164 p50=0.0436 p75=0.2549 p95=0.8009
[SV step=2500] spectralpad_gamma0.1_pi1_pb4/pre largest_[5120, 1280] [5120, 1280] | sigma_max=7.3372e-09 | p05=0.0034 p25=0.0053 p50=0.0084 p75=0.0144 p95=0.0380
[SV step=2500] spectralpad_gamma0.1_pi1_pb4/polar largest_[5120, 1280] [5120, 1280] | sigma_max=1.1387e+00 | p05=0.0214 p25=0.0334 p50=0.0528 p75=0.0905 p95=0.2370
[SV step=2500] spectralpad_gamma0.1_pi1_pb4/blended largest_[5120, 1280] [5120, 1280] | sigma_max=7.5871e-09 | p05=0.0062 p25=0.0096 p50=0.0152 p75=0.0261 p95=0.0687
[spectralpad_gamma0.1_pi1_pb4] step 02500/04357 (57.38%) | loss: 3.310889 | dt: 2410.41ms | tok/s: 435,019 | eta: 64.2m
[spectralpad_gamma0.1_pi1_pb4] step 02550/04357 (58.53%) | loss: 3.336652 | dt: 2071.73ms | tok/s: 506,135 | eta: 62.4m
[spectralpad_gamma0.1_pi1_pb4] step 02600/04357 (59.67%) | loss: 3.282895 | dt: 2075.46ms | tok/s: 505,226 | eta: 60.7m
[spectralpad_gamma0.1_pi1_pb4] step 02650/04357 (60.82%) | loss: 3.235881 | dt: 2071.69ms | tok/s: 506,145 | eta: 59.0m
[spectralpad_gamma0.1_pi1_pb4] step 02700/04357 (61.97%) | loss: 3.363317 | dt: 2079.63ms | tok/s: 504,213 | eta: 57.3m
[spectralpad_gamma0.1_pi1_pb4] Step 02750 | val_bpb: 0.985560
[SV step=2750] spectralpad_gamma0.1_pi1_pb4/pre smallest_[10, 32] [10, 32] | sigma_max=9.6579e-06 | p05=0.0040 p25=0.0158 p50=0.0484 p75=0.1344 p95=0.6758
[SV step=2750] spectralpad_gamma0.1_pi1_pb4/polar smallest_[10, 32] [10, 32] | sigma_max=1.1425e+00 | p05=0.7620 p25=0.8416 p50=0.8930 p75=0.9534 p95=0.9965
[SV step=2750] spectralpad_gamma0.1_pi1_pb4/blended smallest_[10, 32] [10, 32] | sigma_max=8.6931e-06 | p05=0.0041 p25=0.0159 p50=0.0486 p75=0.1345 p95=0.6759
[SV step=2750] spectralpad_gamma0.1_pi1_pb4/pre largest_[5120, 1280] [5120, 1280] | sigma_max=5.4891e-09 | p05=0.0043 p25=0.0068 p50=0.0108 p75=0.0185 p95=0.0489
[SV step=2750] spectralpad_gamma0.1_pi1_pb4/polar largest_[5120, 1280] [5120, 1280] | sigma_max=1.1309e+00 | p05=0.0204 p25=0.0321 p50=0.0510 p75=0.0875 p95=0.2296
[SV step=2750] spectralpad_gamma0.1_pi1_pb4/blended largest_[5120, 1280] [5120, 1280] | sigma_max=6.0134e-09 | p05=0.0074 p25=0.0116 p50=0.0184 p75=0.0316 p95=0.0834
[spectralpad_gamma0.1_pi1_pb4] step 02750/04357 (63.12%) | loss: 3.225311 | dt: 2405.06ms | tok/s: 435,988 | eta: 55.5m
[spectralpad_gamma0.1_pi1_pb4] step 02800/04357 (64.26%) | loss: 3.261707 | dt: 2079.95ms | tok/s: 504,135 | eta: 53.8m
[spectralpad_gamma0.1_pi1_pb4] step 02850/04357 (65.41%) | loss: 3.283412 | dt: 2074.65ms | tok/s: 505,422 | eta: 52.1m
[spectralpad_gamma0.1_pi1_pb4] step 02900/04357 (66.56%) | loss: 3.235262 | dt: 2079.35ms | tok/s: 504,281 | eta: 50.4m
[spectralpad_gamma0.1_pi1_pb4] step 02950/04357 (67.71%) | loss: 3.197548 | dt: 2082.82ms | tok/s: 503,440 | eta: 48.6m
[spectralpad_gamma0.1_pi1_pb4] Step 03000 | val_bpb: 0.973029
[SV step=3000] spectralpad_gamma0.1_pi1_pb4/pre smallest_[10, 32] [10, 32] | sigma_max=1.0357e-05 | p05=0.0110 p25=0.0213 p50=0.0462 p75=0.1587 p95=0.6810
[SV step=3000] spectralpad_gamma0.1_pi1_pb4/polar smallest_[10, 32] [10, 32] | sigma_max=1.1303e+00 | p05=0.7635 p25=0.8340 p50=0.8632 p75=0.9049 p95=0.9934
[SV step=3000] spectralpad_gamma0.1_pi1_pb4/blended smallest_[10, 32] [10, 32] | sigma_max=9.3223e-06 | p05=0.0111 p25=0.0214 p50=0.0463 p75=0.1588 p95=0.6810
[SV step=3000] spectralpad_gamma0.1_pi1_pb4/pre largest_[5120, 1280] [5120, 1280] | sigma_max=1.7178e-08 | p05=0.0025 p25=0.0039 p50=0.0062 p75=0.0107 p95=0.0281
[SV step=3000] spectralpad_gamma0.1_pi1_pb4/polar largest_[5120, 1280] [5120, 1280] | sigma_max=1.1398e+00 | p05=0.0362 p25=0.0568 p50=0.0904 p75=0.1550 p95=0.3953
[SV step=3000] spectralpad_gamma0.1_pi1_pb4/blended largest_[5120, 1280] [5120, 1280] | sigma_max=1.6474e-08 | p05=0.0048 p25=0.0076 p50=0.0121 p75=0.0208 p95=0.0537
[spectralpad_gamma0.1_pi1_pb4] step 03000/04357 (68.85%) | loss: 3.210514 | dt: 2411.71ms | tok/s: 434,785 | eta: 46.9m
[spectralpad_gamma0.1_pi1_pb4] step 03050/04357 (70.00%) | loss: 3.231362 | dt: 2078.57ms | tok/s: 504,470 | eta: 45.2m
[spectralpad_gamma0.1_pi1_pb4] step 03100/04357 (71.15%) | loss: 3.188995 | dt: 2071.79ms | tok/s: 506,120 | eta: 43.5m
[spectralpad_gamma0.1_pi1_pb4] step 03150/04357 (72.30%) | loss: 3.217112 | dt: 2078.35ms | tok/s: 504,523 | eta: 41.7m
[spectralpad_gamma0.1_pi1_pb4] step 03200/04357 (73.45%) | loss: 3.201120 | dt: 2079.19ms | tok/s: 504,318 | eta: 40.0m
[spectralpad_gamma0.1_pi1_pb4] Step 03250 | val_bpb: 0.966479
[SV step=3250] spectralpad_gamma0.1_pi1_pb4/pre smallest_[10, 32] [10, 32] | sigma_max=1.1278e-05 | p05=0.0066 p25=0.0237 p50=0.0528 p75=0.0966 p95=0.6815
[SV step=3250] spectralpad_gamma0.1_pi1_pb4/polar smallest_[10, 32] [10, 32] | sigma_max=1.0934e+00 | p05=0.7831 p25=0.7953 p50=0.8382 p75=0.9317 p95=0.9903
[SV step=3250] spectralpad_gamma0.1_pi1_pb4/blended smallest_[10, 32] [10, 32] | sigma_max=1.0151e-05 | p05=0.0067 p25=0.0238 p50=0.0529 p75=0.0967 p95=0.6815
[SV step=3250] spectralpad_gamma0.1_pi1_pb4/pre largest_[5120, 1280] [5120, 1280] | sigma_max=6.9010e-09 | p05=0.0050 p25=0.0080 p50=0.0127 p75=0.0218 p95=0.0573
[SV step=3250] spectralpad_gamma0.1_pi1_pb4/polar largest_[5120, 1280] [5120, 1280] | sigma_max=1.1402e+00 | p05=0.0298 p25=0.0471 p50=0.0749 p75=0.1286 p95=0.3320
[SV step=3250] spectralpad_gamma0.1_pi1_pb4/blended largest_[5120, 1280] [5120, 1280] | sigma_max=7.2681e-09 | p05=0.0090 p25=0.0142 p50=0.0226 p75=0.0388 p95=0.1011
[spectralpad_gamma0.1_pi1_pb4] step 03250/04357 (74.59%) | loss: 3.191484 | dt: 2415.60ms | tok/s: 434,084 | eta: 38.3m
[spectralpad_gamma0.1_pi1_pb4] step 03300/04357 (75.74%) | loss: 3.199726 | dt: 2082.53ms | tok/s: 503,511 | eta: 36.6m
[spectralpad_gamma0.1_pi1_pb4] step 03350/04357 (76.89%) | loss: 3.193487 | dt: 2082.91ms | tok/s: 503,419 | eta: 34.8m
[spectralpad_gamma0.1_pi1_pb4] step 03400/04357 (78.04%) | loss: 3.190732 | dt: 2079.51ms | tok/s: 504,242 | eta: 33.1m
[spectralpad_gamma0.1_pi1_pb4] step 03450/04357 (79.18%) | loss: 3.196033 | dt: 2077.07ms | tok/s: 504,834 | eta: 31.4m
[spectralpad_gamma0.1_pi1_pb4] Step 03500 | val_bpb: 0.960385
[SV step=3500] spectralpad_gamma0.1_pi1_pb4/pre smallest_[10, 32] [10, 32] | sigma_max=1.5339e-05 | p05=0.0101 p25=0.0312 p50=0.0663 p75=0.1473 p95=0.8446
[SV step=3500] spectralpad_gamma0.1_pi1_pb4/polar smallest_[10, 32] [10, 32] | sigma_max=1.1408e+00 | p05=0.7545 p25=0.8886 p50=0.9414 p75=0.9605 p95=0.9964
[SV step=3500] spectralpad_gamma0.1_pi1_pb4/blended smallest_[10, 32] [10, 32] | sigma_max=1.3806e-05 | p05=0.0102 p25=0.0312 p50=0.0664 p75=0.1473 p95=0.8446
[SV step=3500] spectralpad_gamma0.1_pi1_pb4/pre largest_[5120, 1280] [5120, 1280] | sigma_max=1.7516e-08 | p05=0.0022 p25=0.0035 p50=0.0056 p75=0.0097 p95=0.0261
[SV step=3500] spectralpad_gamma0.1_pi1_pb4/polar largest_[5120, 1280] [5120, 1280] | sigma_max=1.1408e+00 | p05=0.0326 p25=0.0517 p50=0.0826 p75=0.1426 p95=0.3747
[SV step=3500] spectralpad_gamma0.1_pi1_pb4/blended largest_[5120, 1280] [5120, 1280] | sigma_max=1.6816e-08 | p05=0.0043 p25=0.0068 p50=0.0109 p75=0.0187 p95=0.0499
[spectralpad_gamma0.1_pi1_pb4] step 03500/04357 (80.33%) | loss: 3.129498 | dt: 2415.10ms | tok/s: 434,174 | eta: 29.6m
[spectralpad_gamma0.1_pi1_pb4] step 03550/04357 (81.48%) | loss: 3.144017 | dt: 2078.31ms | tok/s: 504,532 | eta: 27.9m
[spectralpad_gamma0.1_pi1_pb4] step 03600/04357 (82.63%) | loss: 3.139880 | dt: 2080.21ms | tok/s: 504,073 | eta: 26.2m
[spectralpad_gamma0.1_pi1_pb4] step 03650/04357 (83.77%) | loss: 3.164563 | dt: 2082.81ms | tok/s: 503,442 | eta: 24.5m
[spectralpad_gamma0.1_pi1_pb4] step 03700/04357 (84.92%) | loss: 3.127312 | dt: 2078.08ms | tok/s: 504,588 | eta: 22.7m
[spectralpad_gamma0.1_pi1_pb4] Step 03750 | val_bpb: 0.953342
[SV step=3750] spectralpad_gamma0.1_pi1_pb4/pre smallest_[10, 32] [10, 32] | sigma_max=1.9900e-05 | p05=0.0038 p25=0.0119 p50=0.0407 p75=0.0995 p95=0.6391
[SV step=3750] spectralpad_gamma0.1_pi1_pb4/polar smallest_[10, 32] [10, 32] | sigma_max=1.1276e+00 | p05=0.7939 p25=0.8338 p50=0.9135 p75=0.9482 p95=0.9927
[SV step=3750] spectralpad_gamma0.1_pi1_pb4/blended smallest_[10, 32] [10, 32] | sigma_max=1.7911e-05 | p05=0.0038 p25=0.0120 p50=0.0407 p75=0.0995 p95=0.6391
[SV step=3750] spectralpad_gamma0.1_pi1_pb4/pre largest_[5120, 1280] [5120, 1280] | sigma_max=8.7135e-09 | p05=0.0055 p25=0.0088 p50=0.0140 p75=0.0243 p95=0.0639
[SV step=3750] spectralpad_gamma0.1_pi1_pb4/polar largest_[5120, 1280] [5120, 1280] | sigma_max=1.1414e+00 | p05=0.0410 p25=0.0650 p50=0.1037 p75=0.1790 p95=0.4535
[SV step=3750] spectralpad_gamma0.1_pi1_pb4/blended largest_[5120, 1280] [5120, 1280] | sigma_max=8.7011e-09 | p05=0.0104 p25=0.0164 p50=0.0263 p75=0.0454 p95=0.1170
[spectralpad_gamma0.1_pi1_pb4] step 03750/04357 (86.07%) | loss: 3.135060 | dt: 2415.51ms | tok/s: 434,101 | eta: 21.0m
[spectralpad_gamma0.1_pi1_pb4] step 03800/04357 (87.22%) | loss: 3.127847 | dt: 2073.78ms | tok/s: 505,634 | eta: 19.3m
[spectralpad_gamma0.1_pi1_pb4] step 03850/04357 (88.36%) | loss: 3.135330 | dt: 2080.58ms | tok/s: 503,982 | eta: 17.5m
[spectralpad_gamma0.1_pi1_pb4] step 03900/04357 (89.51%) | loss: 3.126236 | dt: 2081.82ms | tok/s: 503,682 | eta: 15.8m
[spectralpad_gamma0.1_pi1_pb4] step 03950/04357 (90.66%) | loss: 3.141641 | dt: 2077.98ms | tok/s: 504,612 | eta: 14.1m
[spectralpad_gamma0.1_pi1_pb4] Step 04000 | val_bpb: 0.949927
[SV step=4000] spectralpad_gamma0.1_pi1_pb4/pre smallest_[10, 32] [10, 32] | sigma_max=8.8214e-06 | p05=0.0196 p25=0.0390 p50=0.1015 p75=0.2094 p95=0.8109
[SV step=4000] spectralpad_gamma0.1_pi1_pb4/polar smallest_[10, 32] [10, 32] | sigma_max=1.1390e+00 | p05=0.7677 p25=0.8013 p50=0.8229 p75=0.9120 p95=0.9968
[SV step=4000] spectralpad_gamma0.1_pi1_pb4/blended smallest_[10, 32] [10, 32] | sigma_max=7.9402e-06 | p05=0.0197 p25=0.0392 p50=0.1016 p75=0.2095 p95=0.8109
[SV step=4000] spectralpad_gamma0.1_pi1_pb4/pre largest_[5120, 1280] [5120, 1280] | sigma_max=1.0558e-08 | p05=0.0052 p25=0.0083 p50=0.0133 p75=0.0229 p95=0.0600
[SV step=4000] spectralpad_gamma0.1_pi1_pb4/polar largest_[5120, 1280] [5120, 1280] | sigma_max=1.1398e+00 | p05=0.0467 p25=0.0741 p50=0.1190 p75=0.2046 p95=0.5107
[SV step=4000] spectralpad_gamma0.1_pi1_pb4/blended largest_[5120, 1280] [5120, 1280] | sigma_max=1.0579e-08 | p05=0.0097 p25=0.0154 p50=0.0247 p75=0.0427 p95=0.1089
[spectralpad_gamma0.1_pi1_pb4] step 04000/04357 (91.81%) | loss: 3.141867 | dt: 2415.98ms | tok/s: 434,017 | eta: 12.4m
[spectralpad_gamma0.1_pi1_pb4] step 04050/04357 (92.95%) | loss: 3.128347 | dt: 2075.21ms | tok/s: 505,286 | eta: 10.6m
[spectralpad_gamma0.1_pi1_pb4] step 04100/04357 (94.10%) | loss: 3.144571 | dt: 2082.37ms | tok/s: 503,548 | eta: 8.9m
[spectralpad_gamma0.1_pi1_pb4] step 04150/04357 (95.25%) | loss: 3.143482 | dt: 2073.55ms | tok/s: 505,691 | eta: 7.2m
[spectralpad_gamma0.1_pi1_pb4] step 04200/04357 (96.40%) | loss: 3.108726 | dt: 2077.36ms | tok/s: 504,762 | eta: 5.4m
[spectralpad_gamma0.1_pi1_pb4] Step 04250 | val_bpb: 0.947421
[SV step=4250] spectralpad_gamma0.1_pi1_pb4/pre smallest_[10, 32] [10, 32] | sigma_max=1.3070e-05 | p05=0.0101 p25=0.0230 p50=0.0497 p75=0.1152 p95=0.7069
[SV step=4250] spectralpad_gamma0.1_pi1_pb4/polar smallest_[10, 32] [10, 32] | sigma_max=1.1372e+00 | p05=0.7591 p25=0.8479 p50=0.9517 p75=0.9866 p95=0.9972
[SV step=4250] spectralpad_gamma0.1_pi1_pb4/blended smallest_[10, 32] [10, 32] | sigma_max=1.1765e-05 | p05=0.0102 p25=0.0230 p50=0.0498 p75=0.1152 p95=0.7069
[SV step=4250] spectralpad_gamma0.1_pi1_pb4/pre largest_[5120, 1280] [5120, 1280] | sigma_max=1.1087e-08 | p05=0.0051 p25=0.0081 p50=0.0131 p75=0.0228 p95=0.0592
[SV step=4250] spectralpad_gamma0.1_pi1_pb4/polar largest_[5120, 1280] [5120, 1280] | sigma_max=1.1409e+00 | p05=0.0480 p25=0.0767 p50=0.1231 p75=0.2127 p95=0.5265
[SV step=4250] spectralpad_gamma0.1_pi1_pb4/blended largest_[5120, 1280] [5120, 1280] | sigma_max=1.1104e-08 | p05=0.0095 p25=0.0152 p50=0.0244 p75=0.0423 p95=0.1073
[spectralpad_gamma0.1_pi1_pb4] step 04250/04357 (97.54%) | loss: 3.103307 | dt: 2404.95ms | tok/s: 436,006 | eta: 3.7m
[spectralpad_gamma0.1_pi1_pb4] step 04300/04357 (98.69%) | loss: 3.134975 | dt: 2070.77ms | tok/s: 506,369 | eta: 2.0m
[spectralpad_gamma0.1_pi1_pb4] step 04350/04357 (99.84%) | loss: 3.144488 | dt: 2077.74ms | tok/s: 504,671 | eta: 0.2m
[spectralpad_gamma0.1_pi1_pb4] Step 04357 | val_bpb: 0.947082
Results saved to spectralpadded_v2_results/spectralpad_gamma0.1_pi1_pb4/val_loss.json
[spectralpad_gamma0.1_pi1_pb4] Done. Min val bpb: 0.947082
Peak memory: 40718.31 MiB
Total training time: 150.36m
========================================
[spectralpad_gamma0.1_pi1_pb4] Job completed at: Sat Feb 28 01:31:12 EST 2026
========================================
