cpu-bind=MASK - andreas-h100-1, task  0  0 [1416812]: mask 0xff00000000000000ff00000 set
Resolved 134 packages in 9ms
Audited 121 packages in 519ms
2026-03-10 16:38:03,036 - nanochat.common - [32m[1mINFO[0m - Distributed world size: 2
[rank0]:E0310 16:39:17.821000 1417095 .venv/lib/python3.10/site-packages/torch/_subclasses/fake_tensor.py:2759] [2/0] failed while attempting to run meta for aten.lerp_.Tensor
[rank0]:E0310 16:39:17.821000 1417095 .venv/lib/python3.10/site-packages/torch/_subclasses/fake_tensor.py:2759] [2/0] Traceback (most recent call last):
[rank0]:E0310 16:39:17.821000 1417095 .venv/lib/python3.10/site-packages/torch/_subclasses/fake_tensor.py:2759] [2/0]   File "/data/scratch/medhaven/nanochat/.venv/lib/python3.10/site-packages/torch/_subclasses/fake_tensor.py", line 2755, in _dispatch_impl
[rank0]:E0310 16:39:17.821000 1417095 .venv/lib/python3.10/site-packages/torch/_subclasses/fake_tensor.py:2759] [2/0]     r = func(*args, **kwargs)
[rank0]:E0310 16:39:17.821000 1417095 .venv/lib/python3.10/site-packages/torch/_subclasses/fake_tensor.py:2759] [2/0]   File "/data/scratch/medhaven/nanochat/.venv/lib/python3.10/site-packages/torch/_ops.py", line 841, in __call__
[rank0]:E0310 16:39:17.821000 1417095 .venv/lib/python3.10/site-packages/torch/_subclasses/fake_tensor.py:2759] [2/0]     return self._op(*args, **kwargs)
[rank0]:E0310 16:39:17.821000 1417095 .venv/lib/python3.10/site-packages/torch/_subclasses/fake_tensor.py:2759] [2/0]   File "/data/scratch/medhaven/nanochat/.venv/lib/python3.10/site-packages/torch/_meta_registrations.py", line 7824, in _fn
[rank0]:E0310 16:39:17.821000 1417095 .venv/lib/python3.10/site-packages/torch/_subclasses/fake_tensor.py:2759] [2/0]     out = fn(self, *args, **kwargs)
[rank0]:E0310 16:39:17.821000 1417095 .venv/lib/python3.10/site-packages/torch/_subclasses/fake_tensor.py:2759] [2/0]   File "/data/scratch/medhaven/nanochat/.venv/lib/python3.10/site-packages/torch/_ops.py", line 1255, in __call__
[rank0]:E0310 16:39:17.821000 1417095 .venv/lib/python3.10/site-packages/torch/_subclasses/fake_tensor.py:2759] [2/0]     return self._op(*args, **kwargs)
[rank0]:E0310 16:39:17.821000 1417095 .venv/lib/python3.10/site-packages/torch/_subclasses/fake_tensor.py:2759] [2/0]   File "/data/scratch/medhaven/nanochat/.venv/lib/python3.10/site-packages/torch/_prims_common/wrappers.py", line 309, in _fn
[rank0]:E0310 16:39:17.821000 1417095 .venv/lib/python3.10/site-packages/torch/_subclasses/fake_tensor.py:2759] [2/0]     result = fn(*args, **kwargs)
[rank0]:E0310 16:39:17.821000 1417095 .venv/lib/python3.10/site-packages/torch/_subclasses/fake_tensor.py:2759] [2/0]   File "/data/scratch/medhaven/nanochat/.venv/lib/python3.10/site-packages/torch/_meta_registrations.py", line 7838, in lerp
[rank0]:E0310 16:39:17.821000 1417095 .venv/lib/python3.10/site-packages/torch/_subclasses/fake_tensor.py:2759] [2/0]     torch._check(
[rank0]:E0310 16:39:17.821000 1417095 .venv/lib/python3.10/site-packages/torch/_subclasses/fake_tensor.py:2759] [2/0]   File "/data/scratch/medhaven/nanochat/.venv/lib/python3.10/site-packages/torch/__init__.py", line 1695, in _check
[rank0]:E0310 16:39:17.821000 1417095 .venv/lib/python3.10/site-packages/torch/_subclasses/fake_tensor.py:2759] [2/0]     _check_with(RuntimeError, cond, message)
[rank0]:E0310 16:39:17.821000 1417095 .venv/lib/python3.10/site-packages/torch/_subclasses/fake_tensor.py:2759] [2/0]   File "/data/scratch/medhaven/nanochat/.venv/lib/python3.10/site-packages/torch/__init__.py", line 1677, in _check_with
[rank0]:E0310 16:39:17.821000 1417095 .venv/lib/python3.10/site-packages/torch/_subclasses/fake_tensor.py:2759] [2/0]     raise error_type(message_evaluated)
[rank0]:E0310 16:39:17.821000 1417095 .venv/lib/python3.10/site-packages/torch/_subclasses/fake_tensor.py:2759] [2/0] RuntimeError: expected dtype torch.bfloat16 for `end`, but got dtype torch.float32
[rank1]:E0310 16:39:17.821000 1417096 .venv/lib/python3.10/site-packages/torch/_subclasses/fake_tensor.py:2759] [2/0] failed while attempting to run meta for aten.lerp_.Tensor
[rank1]:E0310 16:39:17.821000 1417096 .venv/lib/python3.10/site-packages/torch/_subclasses/fake_tensor.py:2759] [2/0] Traceback (most recent call last):
[rank1]:E0310 16:39:17.821000 1417096 .venv/lib/python3.10/site-packages/torch/_subclasses/fake_tensor.py:2759] [2/0]   File "/data/scratch/medhaven/nanochat/.venv/lib/python3.10/site-packages/torch/_subclasses/fake_tensor.py", line 2755, in _dispatch_impl
[rank1]:E0310 16:39:17.821000 1417096 .venv/lib/python3.10/site-packages/torch/_subclasses/fake_tensor.py:2759] [2/0]     r = func(*args, **kwargs)
[rank1]:E0310 16:39:17.821000 1417096 .venv/lib/python3.10/site-packages/torch/_subclasses/fake_tensor.py:2759] [2/0]   File "/data/scratch/medhaven/nanochat/.venv/lib/python3.10/site-packages/torch/_ops.py", line 841, in __call__
[rank1]:E0310 16:39:17.821000 1417096 .venv/lib/python3.10/site-packages/torch/_subclasses/fake_tensor.py:2759] [2/0]     return self._op(*args, **kwargs)
[rank1]:E0310 16:39:17.821000 1417096 .venv/lib/python3.10/site-packages/torch/_subclasses/fake_tensor.py:2759] [2/0]   File "/data/scratch/medhaven/nanochat/.venv/lib/python3.10/site-packages/torch/_meta_registrations.py", line 7824, in _fn
[rank1]:E0310 16:39:17.821000 1417096 .venv/lib/python3.10/site-packages/torch/_subclasses/fake_tensor.py:2759] [2/0]     out = fn(self, *args, **kwargs)
[rank1]:E0310 16:39:17.821000 1417096 .venv/lib/python3.10/site-packages/torch/_subclasses/fake_tensor.py:2759] [2/0]   File "/data/scratch/medhaven/nanochat/.venv/lib/python3.10/site-packages/torch/_ops.py", line 1255, in __call__
[rank1]:E0310 16:39:17.821000 1417096 .venv/lib/python3.10/site-packages/torch/_subclasses/fake_tensor.py:2759] [2/0]     return self._op(*args, **kwargs)
[rank1]:E0310 16:39:17.821000 1417096 .venv/lib/python3.10/site-packages/torch/_subclasses/fake_tensor.py:2759] [2/0]   File "/data/scratch/medhaven/nanochat/.venv/lib/python3.10/site-packages/torch/_prims_common/wrappers.py", line 309, in _fn
[rank1]:E0310 16:39:17.821000 1417096 .venv/lib/python3.10/site-packages/torch/_subclasses/fake_tensor.py:2759] [2/0]     result = fn(*args, **kwargs)
[rank1]:E0310 16:39:17.821000 1417096 .venv/lib/python3.10/site-packages/torch/_subclasses/fake_tensor.py:2759] [2/0]   File "/data/scratch/medhaven/nanochat/.venv/lib/python3.10/site-packages/torch/_meta_registrations.py", line 7838, in lerp
[rank1]:E0310 16:39:17.821000 1417096 .venv/lib/python3.10/site-packages/torch/_subclasses/fake_tensor.py:2759] [2/0]     torch._check(
[rank1]:E0310 16:39:17.821000 1417096 .venv/lib/python3.10/site-packages/torch/_subclasses/fake_tensor.py:2759] [2/0]   File "/data/scratch/medhaven/nanochat/.venv/lib/python3.10/site-packages/torch/__init__.py", line 1695, in _check
[rank1]:E0310 16:39:17.821000 1417096 .venv/lib/python3.10/site-packages/torch/_subclasses/fake_tensor.py:2759] [2/0]     _check_with(RuntimeError, cond, message)
[rank1]:E0310 16:39:17.821000 1417096 .venv/lib/python3.10/site-packages/torch/_subclasses/fake_tensor.py:2759] [2/0]   File "/data/scratch/medhaven/nanochat/.venv/lib/python3.10/site-packages/torch/__init__.py", line 1677, in _check_with
[rank1]:E0310 16:39:17.821000 1417096 .venv/lib/python3.10/site-packages/torch/_subclasses/fake_tensor.py:2759] [2/0]     raise error_type(message_evaluated)
[rank1]:E0310 16:39:17.821000 1417096 .venv/lib/python3.10/site-packages/torch/_subclasses/fake_tensor.py:2759] [2/0] RuntimeError: expected dtype torch.bfloat16 for `end`, but got dtype torch.float32
[rank0]: Traceback (most recent call last):
[rank0]:   File "/usr/lib/python3.10/runpy.py", line 196, in _run_module_as_main
[rank0]:     return _run_code(code, main_globals, None,
[rank0]:   File "/usr/lib/python3.10/runpy.py", line 86, in _run_code
[rank0]:     exec(code, run_globals)
[rank0]:   File "/data/scratch/medhaven/nanochat/scripts/submom_train.py", line 538, in <module>
[rank0]:     optimizer.step()
[rank0]:   File "/data/scratch/medhaven/nanochat/.venv/lib/python3.10/site-packages/torch/optim/optimizer.py", line 517, in wrapper
[rank0]:     out = func(*args, **kwargs)
[rank0]:   File "/data/scratch/medhaven/nanochat/.venv/lib/python3.10/site-packages/torch/utils/_contextlib.py", line 120, in decorate_context
[rank0]:     return func(*args, **kwargs)
[rank0]:   File "/data/scratch/medhaven/nanochat/nanochat/optim.py", line 556, in step
[rank0]:     self._compute_muon(group, info, gather_list, rank)
[rank0]:   File "/data/scratch/medhaven/nanochat/scripts/submom_train.py", line 316, in _patched_compute_muon
[rank0]:     _muon_step_fn(
[rank0]:   File "/data/scratch/medhaven/nanochat/.venv/lib/python3.10/site-packages/torch/_dynamo/eval_frame.py", line 832, in compile_wrapper
[rank0]:     return fn(*args, **kwargs)
[rank0]:   File "/data/scratch/medhaven/nanochat/.venv/lib/python3.10/site-packages/torch/_dynamo/convert_frame.py", line 1875, in __call__
[rank0]:     result = self._torchdynamo_orig_backend(
[rank0]:   File "/data/scratch/medhaven/nanochat/.venv/lib/python3.10/site-packages/torch/_dynamo/convert_frame.py", line 688, in __call__
[rank0]:     result = _compile(
[rank0]:   File "/data/scratch/medhaven/nanochat/.venv/lib/python3.10/site-packages/torch/_dynamo/convert_frame.py", line 1434, in _compile
[rank0]:     guarded_code, tracer_output = compile_inner(code, one_graph, hooks)
[rank0]:   File "/data/scratch/medhaven/nanochat/.venv/lib/python3.10/site-packages/torch/_utils_internal.py", line 92, in wrapper_function
[rank0]:     return function(*args, **kwargs)
[rank0]:   File "/data/scratch/medhaven/nanochat/.venv/lib/python3.10/site-packages/torch/_dynamo/convert_frame.py", line 1117, in compile_inner
[rank0]:     return _compile_inner(code, one_graph, hooks)
[rank0]:   File "/data/scratch/medhaven/nanochat/.venv/lib/python3.10/site-packages/torch/_dynamo/convert_frame.py", line 1151, in _compile_inner
[rank0]:     dynamo_output = compile_frame(
[rank0]:   File "/data/scratch/medhaven/nanochat/.venv/lib/python3.10/site-packages/torch/_dynamo/convert_frame.py", line 1032, in compile_frame
[rank0]:     bytecode, tracer_output = transform_code_object(code, transform)
[rank0]:   File "/data/scratch/medhaven/nanochat/.venv/lib/python3.10/site-packages/torch/_dynamo/bytecode_transformation.py", line 1592, in transform_code_object
[rank0]:     tracer_output = transformations(instructions, code_options)
[rank0]:   File "/data/scratch/medhaven/nanochat/.venv/lib/python3.10/site-packages/torch/_dynamo/convert_frame.py", line 1004, in transform
[rank0]:     tracer_output = trace_frame(
[rank0]:   File "/data/scratch/medhaven/nanochat/.venv/lib/python3.10/site-packages/torch/_dynamo/convert_frame.py", line 312, in _fn
[rank0]:     return fn(*args, **kwargs)
[rank0]:   File "/data/scratch/medhaven/nanochat/.venv/lib/python3.10/site-packages/torch/_dynamo/convert_frame.py", line 815, in trace_frame
[rank0]:     run_tracer()
[rank0]:   File "/data/scratch/medhaven/nanochat/.venv/lib/python3.10/site-packages/torch/_dynamo/convert_frame.py", line 797, in run_tracer
[rank0]:     tracer.run()
[rank0]:   File "/data/scratch/medhaven/nanochat/.venv/lib/python3.10/site-packages/torch/_dynamo/symbolic_convert.py", line 1500, in run
[rank0]:     while self.step():
[rank0]:   File "/data/scratch/medhaven/nanochat/.venv/lib/python3.10/site-packages/torch/_dynamo/symbolic_convert.py", line 1348, in step
[rank0]:     self.dispatch_table[inst.opcode](self, inst)
[rank0]:   File "/data/scratch/medhaven/nanochat/.venv/lib/python3.10/site-packages/torch/_dynamo/symbolic_convert.py", line 904, in wrapper
[rank0]:     return inner_fn(self, inst)
[rank0]:   File "/data/scratch/medhaven/nanochat/.venv/lib/python3.10/site-packages/torch/_dynamo/symbolic_convert.py", line 2333, in CALL_FUNCTION
[rank0]:     self.call_function(fn, args, {})
[rank0]:   File "/data/scratch/medhaven/nanochat/.venv/lib/python3.10/site-packages/torch/_dynamo/symbolic_convert.py", line 1266, in call_function
[rank0]:     self.push(fn.call_function(self, args, kwargs))  # type: ignore[arg-type]
[rank0]:   File "/data/scratch/medhaven/nanochat/.venv/lib/python3.10/site-packages/torch/_dynamo/variables/misc.py", line 1115, in call_function
[rank0]:     return self.obj.call_method(tx, self.name, args, kwargs)
[rank0]:   File "/data/scratch/medhaven/nanochat/.venv/lib/python3.10/site-packages/torch/_dynamo/variables/tensor.py", line 713, in call_method
[rank0]:     return wrap_fx_proxy(
[rank0]:   File "/data/scratch/medhaven/nanochat/.venv/lib/python3.10/site-packages/torch/_dynamo/variables/builder.py", line 2645, in wrap_fx_proxy
[rank0]:     return wrap_fx_proxy_cls(target_cls=TensorVariable, **kwargs)
[rank0]:   File "/data/scratch/medhaven/nanochat/.venv/lib/python3.10/site-packages/torch/_dynamo/variables/builder.py", line 2711, in wrap_fx_proxy_cls
[rank0]:     return _wrap_fx_proxy(
[rank0]:   File "/data/scratch/medhaven/nanochat/.venv/lib/python3.10/site-packages/torch/_dynamo/variables/builder.py", line 2809, in _wrap_fx_proxy
[rank0]:     example_value = get_fake_value(proxy.node, tx, allow_non_graph_fake=True)
[rank0]:   File "/data/scratch/medhaven/nanochat/.venv/lib/python3.10/site-packages/torch/_dynamo/utils.py", line 3478, in get_fake_value
[rank0]:     raise TorchRuntimeError(str(e)).with_traceback(e.__traceback__) from None
[rank0]:   File "/data/scratch/medhaven/nanochat/.venv/lib/python3.10/site-packages/torch/_dynamo/utils.py", line 3376, in get_fake_value
[rank0]:     ret_val = wrap_fake_exception(
[rank0]:   File "/data/scratch/medhaven/nanochat/.venv/lib/python3.10/site-packages/torch/_dynamo/utils.py", line 2864, in wrap_fake_exception
[rank0]:     return fn()
[rank0]:   File "/data/scratch/medhaven/nanochat/.venv/lib/python3.10/site-packages/torch/_dynamo/utils.py", line 3377, in <lambda>
[rank0]:     lambda: run_node(tx.output, node, args, kwargs, nnmodule)
[rank0]:   File "/data/scratch/medhaven/nanochat/.venv/lib/python3.10/site-packages/torch/_dynamo/utils.py", line 3587, in run_node
[rank0]:     raise RuntimeError(make_error_message(e)).with_traceback(
[rank0]:   File "/data/scratch/medhaven/nanochat/.venv/lib/python3.10/site-packages/torch/_dynamo/utils.py", line 3557, in run_node
[rank0]:     return getattr(args[0], node.target)(*args[1:], **kwargs)  # type: ignore[arg-type]
[rank0]:   File "/data/scratch/medhaven/nanochat/.venv/lib/python3.10/site-packages/torch/utils/_stats.py", line 28, in wrapper
[rank0]:     return fn(*args, **kwargs)
[rank0]:   File "/data/scratch/medhaven/nanochat/.venv/lib/python3.10/site-packages/torch/_subclasses/fake_tensor.py", line 1376, in __torch_dispatch__
[rank0]:     return self.dispatch(func, types, args, kwargs)
[rank0]:   File "/data/scratch/medhaven/nanochat/.venv/lib/python3.10/site-packages/torch/_subclasses/fake_tensor.py", line 2096, in dispatch
[rank0]:     return self._cached_dispatch_impl(func, types, args, kwargs)
[rank0]:   File "/data/scratch/medhaven/nanochat/.venv/lib/python3.10/site-packages/torch/_subclasses/fake_tensor.py", line 1511, in _cached_dispatch_impl
[rank0]:     output = self._dispatch_impl(func, types, args, kwargs)
[rank0]:   File "/data/scratch/medhaven/nanochat/.venv/lib/python3.10/site-packages/torch/_subclasses/fake_tensor.py", line 2755, in _dispatch_impl
[rank0]:     r = func(*args, **kwargs)
[rank0]:   File "/data/scratch/medhaven/nanochat/.venv/lib/python3.10/site-packages/torch/_ops.py", line 841, in __call__
[rank0]:     return self._op(*args, **kwargs)
[rank0]:   File "/data/scratch/medhaven/nanochat/.venv/lib/python3.10/site-packages/torch/_meta_registrations.py", line 7824, in _fn
[rank0]:     out = fn(self, *args, **kwargs)
[rank0]:   File "/data/scratch/medhaven/nanochat/.venv/lib/python3.10/site-packages/torch/_ops.py", line 1255, in __call__
[rank0]:     return self._op(*args, **kwargs)
[rank0]:   File "/data/scratch/medhaven/nanochat/.venv/lib/python3.10/site-packages/torch/_prims_common/wrappers.py", line 309, in _fn
[rank0]:     result = fn(*args, **kwargs)
[rank0]:   File "/data/scratch/medhaven/nanochat/.venv/lib/python3.10/site-packages/torch/_meta_registrations.py", line 7838, in lerp
[rank0]:     torch._check(
[rank0]:   File "/data/scratch/medhaven/nanochat/.venv/lib/python3.10/site-packages/torch/__init__.py", line 1695, in _check
[rank0]:     _check_with(RuntimeError, cond, message)
[rank0]:   File "/data/scratch/medhaven/nanochat/.venv/lib/python3.10/site-packages/torch/__init__.py", line 1677, in _check_with
[rank0]:     raise error_type(message_evaluated)
[rank0]: torch._dynamo.exc.TorchRuntimeError: Dynamo failed to run FX node with fake tensors: call_method lerp_(*(FakeTensor(..., device='cuda:0', size=(5, 10, 32), dtype=torch.bfloat16), FakeTensor(..., device='cuda:0', size=(5, 10, 32)), FakeTensor(..., size=(), dtype=torch.bfloat16)), **{}): got RuntimeError('expected dtype torch.bfloat16 for `end`, but got dtype torch.float32')

[rank0]: from user code:
[rank0]:    File "/data/scratch/medhaven/nanochat/nanochat/optim_submom.py", line 117, in submom_step_single
[rank0]:     g = P.lerp_(momentum_buffer, momentum)

[rank0]: Set TORCHDYNAMO_VERBOSE=1 for the internal stack trace (please do this especially if you're reporting a bug to PyTorch). For even more developer context, set TORCH_LOGS="+dynamo"

[rank1]: Traceback (most recent call last):
[rank1]:   File "/usr/lib/python3.10/runpy.py", line 196, in _run_module_as_main
[rank1]:     return _run_code(code, main_globals, None,
[rank1]:   File "/usr/lib/python3.10/runpy.py", line 86, in _run_code
[rank1]:     exec(code, run_globals)
[rank1]:   File "/data/scratch/medhaven/nanochat/scripts/submom_train.py", line 538, in <module>
[rank1]:     optimizer.step()
[rank1]:   File "/data/scratch/medhaven/nanochat/.venv/lib/python3.10/site-packages/torch/optim/optimizer.py", line 517, in wrapper
[rank1]:     out = func(*args, **kwargs)
[rank1]:   File "/data/scratch/medhaven/nanochat/.venv/lib/python3.10/site-packages/torch/utils/_contextlib.py", line 120, in decorate_context
[rank1]:     return func(*args, **kwargs)
[rank1]:   File "/data/scratch/medhaven/nanochat/nanochat/optim.py", line 556, in step
[rank1]:     self._compute_muon(group, info, gather_list, rank)
[rank1]:   File "/data/scratch/medhaven/nanochat/scripts/submom_train.py", line 316, in _patched_compute_muon
[rank1]:     _muon_step_fn(
[rank1]:   File "/data/scratch/medhaven/nanochat/.venv/lib/python3.10/site-packages/torch/_dynamo/eval_frame.py", line 832, in compile_wrapper
[rank1]:     return fn(*args, **kwargs)
[rank1]:   File "/data/scratch/medhaven/nanochat/.venv/lib/python3.10/site-packages/torch/_dynamo/convert_frame.py", line 1875, in __call__
[rank1]:     result = self._torchdynamo_orig_backend(
[rank1]:   File "/data/scratch/medhaven/nanochat/.venv/lib/python3.10/site-packages/torch/_dynamo/convert_frame.py", line 688, in __call__
[rank1]:     result = _compile(
[rank1]:   File "/data/scratch/medhaven/nanochat/.venv/lib/python3.10/site-packages/torch/_dynamo/convert_frame.py", line 1434, in _compile
[rank1]:     guarded_code, tracer_output = compile_inner(code, one_graph, hooks)
[rank1]:   File "/data/scratch/medhaven/nanochat/.venv/lib/python3.10/site-packages/torch/_utils_internal.py", line 92, in wrapper_function
[rank1]:     return function(*args, **kwargs)
[rank1]:   File "/data/scratch/medhaven/nanochat/.venv/lib/python3.10/site-packages/torch/_dynamo/convert_frame.py", line 1117, in compile_inner
[rank1]:     return _compile_inner(code, one_graph, hooks)
[rank1]:   File "/data/scratch/medhaven/nanochat/.venv/lib/python3.10/site-packages/torch/_dynamo/convert_frame.py", line 1151, in _compile_inner
[rank1]:     dynamo_output = compile_frame(
[rank1]:   File "/data/scratch/medhaven/nanochat/.venv/lib/python3.10/site-packages/torch/_dynamo/convert_frame.py", line 1032, in compile_frame
[rank1]:     bytecode, tracer_output = transform_code_object(code, transform)
[rank1]:   File "/data/scratch/medhaven/nanochat/.venv/lib/python3.10/site-packages/torch/_dynamo/bytecode_transformation.py", line 1592, in transform_code_object
[rank1]:     tracer_output = transformations(instructions, code_options)
[rank1]:   File "/data/scratch/medhaven/nanochat/.venv/lib/python3.10/site-packages/torch/_dynamo/convert_frame.py", line 1004, in transform
[rank1]:     tracer_output = trace_frame(
[rank1]:   File "/data/scratch/medhaven/nanochat/.venv/lib/python3.10/site-packages/torch/_dynamo/convert_frame.py", line 312, in _fn
[rank1]:     return fn(*args, **kwargs)
[rank1]:   File "/data/scratch/medhaven/nanochat/.venv/lib/python3.10/site-packages/torch/_dynamo/convert_frame.py", line 815, in trace_frame
[rank1]:     run_tracer()
[rank1]:   File "/data/scratch/medhaven/nanochat/.venv/lib/python3.10/site-packages/torch/_dynamo/convert_frame.py", line 797, in run_tracer
[rank1]:     tracer.run()
[rank1]:   File "/data/scratch/medhaven/nanochat/.venv/lib/python3.10/site-packages/torch/_dynamo/symbolic_convert.py", line 1500, in run
[rank1]:     while self.step():
[rank1]:   File "/data/scratch/medhaven/nanochat/.venv/lib/python3.10/site-packages/torch/_dynamo/symbolic_convert.py", line 1348, in step
[rank1]:     self.dispatch_table[inst.opcode](self, inst)
[rank1]:   File "/data/scratch/medhaven/nanochat/.venv/lib/python3.10/site-packages/torch/_dynamo/symbolic_convert.py", line 904, in wrapper
[rank1]:     return inner_fn(self, inst)
[rank1]:   File "/data/scratch/medhaven/nanochat/.venv/lib/python3.10/site-packages/torch/_dynamo/symbolic_convert.py", line 2333, in CALL_FUNCTION
[rank1]:     self.call_function(fn, args, {})
[rank1]:   File "/data/scratch/medhaven/nanochat/.venv/lib/python3.10/site-packages/torch/_dynamo/symbolic_convert.py", line 1266, in call_function
[rank1]:     self.push(fn.call_function(self, args, kwargs))  # type: ignore[arg-type]
[rank1]:   File "/data/scratch/medhaven/nanochat/.venv/lib/python3.10/site-packages/torch/_dynamo/variables/misc.py", line 1115, in call_function
[rank1]:     return self.obj.call_method(tx, self.name, args, kwargs)
[rank1]:   File "/data/scratch/medhaven/nanochat/.venv/lib/python3.10/site-packages/torch/_dynamo/variables/tensor.py", line 713, in call_method
[rank1]:     return wrap_fx_proxy(
[rank1]:   File "/data/scratch/medhaven/nanochat/.venv/lib/python3.10/site-packages/torch/_dynamo/variables/builder.py", line 2645, in wrap_fx_proxy
[rank1]:     return wrap_fx_proxy_cls(target_cls=TensorVariable, **kwargs)
[rank1]:   File "/data/scratch/medhaven/nanochat/.venv/lib/python3.10/site-packages/torch/_dynamo/variables/builder.py", line 2711, in wrap_fx_proxy_cls
[rank1]:     return _wrap_fx_proxy(
[rank1]:   File "/data/scratch/medhaven/nanochat/.venv/lib/python3.10/site-packages/torch/_dynamo/variables/builder.py", line 2809, in _wrap_fx_proxy
[rank1]:     example_value = get_fake_value(proxy.node, tx, allow_non_graph_fake=True)
[rank1]:   File "/data/scratch/medhaven/nanochat/.venv/lib/python3.10/site-packages/torch/_dynamo/utils.py", line 3478, in get_fake_value
[rank1]:     raise TorchRuntimeError(str(e)).with_traceback(e.__traceback__) from None
[rank1]:   File "/data/scratch/medhaven/nanochat/.venv/lib/python3.10/site-packages/torch/_dynamo/utils.py", line 3376, in get_fake_value
[rank1]:     ret_val = wrap_fake_exception(
[rank1]:   File "/data/scratch/medhaven/nanochat/.venv/lib/python3.10/site-packages/torch/_dynamo/utils.py", line 2864, in wrap_fake_exception
[rank1]:     return fn()
[rank1]:   File "/data/scratch/medhaven/nanochat/.venv/lib/python3.10/site-packages/torch/_dynamo/utils.py", line 3377, in <lambda>
[rank1]:     lambda: run_node(tx.output, node, args, kwargs, nnmodule)
[rank1]:   File "/data/scratch/medhaven/nanochat/.venv/lib/python3.10/site-packages/torch/_dynamo/utils.py", line 3587, in run_node
[rank1]:     raise RuntimeError(make_error_message(e)).with_traceback(
[rank1]:   File "/data/scratch/medhaven/nanochat/.venv/lib/python3.10/site-packages/torch/_dynamo/utils.py", line 3557, in run_node
[rank1]:     return getattr(args[0], node.target)(*args[1:], **kwargs)  # type: ignore[arg-type]
[rank1]:   File "/data/scratch/medhaven/nanochat/.venv/lib/python3.10/site-packages/torch/utils/_stats.py", line 28, in wrapper
[rank1]:     return fn(*args, **kwargs)
[rank1]:   File "/data/scratch/medhaven/nanochat/.venv/lib/python3.10/site-packages/torch/_subclasses/fake_tensor.py", line 1376, in __torch_dispatch__
[rank1]:     return self.dispatch(func, types, args, kwargs)
[rank1]:   File "/data/scratch/medhaven/nanochat/.venv/lib/python3.10/site-packages/torch/_subclasses/fake_tensor.py", line 2096, in dispatch
[rank1]:     return self._cached_dispatch_impl(func, types, args, kwargs)
[rank1]:   File "/data/scratch/medhaven/nanochat/.venv/lib/python3.10/site-packages/torch/_subclasses/fake_tensor.py", line 1511, in _cached_dispatch_impl
[rank1]:     output = self._dispatch_impl(func, types, args, kwargs)
[rank1]:   File "/data/scratch/medhaven/nanochat/.venv/lib/python3.10/site-packages/torch/_subclasses/fake_tensor.py", line 2755, in _dispatch_impl
[rank1]:     r = func(*args, **kwargs)
[rank1]:   File "/data/scratch/medhaven/nanochat/.venv/lib/python3.10/site-packages/torch/_ops.py", line 841, in __call__
[rank1]:     return self._op(*args, **kwargs)
[rank1]:   File "/data/scratch/medhaven/nanochat/.venv/lib/python3.10/site-packages/torch/_meta_registrations.py", line 7824, in _fn
[rank1]:     out = fn(self, *args, **kwargs)
[rank1]:   File "/data/scratch/medhaven/nanochat/.venv/lib/python3.10/site-packages/torch/_ops.py", line 1255, in __call__
[rank1]:     return self._op(*args, **kwargs)
[rank1]:   File "/data/scratch/medhaven/nanochat/.venv/lib/python3.10/site-packages/torch/_prims_common/wrappers.py", line 309, in _fn
[rank1]:     result = fn(*args, **kwargs)
[rank1]:   File "/data/scratch/medhaven/nanochat/.venv/lib/python3.10/site-packages/torch/_meta_registrations.py", line 7838, in lerp
[rank1]:     torch._check(
[rank1]:   File "/data/scratch/medhaven/nanochat/.venv/lib/python3.10/site-packages/torch/__init__.py", line 1695, in _check
[rank1]:     _check_with(RuntimeError, cond, message)
[rank1]:   File "/data/scratch/medhaven/nanochat/.venv/lib/python3.10/site-packages/torch/__init__.py", line 1677, in _check_with
[rank1]:     raise error_type(message_evaluated)
[rank1]: torch._dynamo.exc.TorchRuntimeError: Dynamo failed to run FX node with fake tensors: call_method lerp_(*(FakeTensor(..., device='cuda:1', size=(5, 10, 32), dtype=torch.bfloat16), FakeTensor(..., device='cuda:1', size=(5, 10, 32)), FakeTensor(..., size=(), dtype=torch.bfloat16)), **{}): got RuntimeError('expected dtype torch.bfloat16 for `end`, but got dtype torch.float32')

[rank1]: from user code:
[rank1]:    File "/data/scratch/medhaven/nanochat/nanochat/optim_submom.py", line 117, in submom_step_single
[rank1]:     g = P.lerp_(momentum_buffer, momentum)

[rank1]: Set TORCHDYNAMO_VERBOSE=1 for the internal stack trace (please do this especially if you're reporting a bug to PyTorch). For even more developer context, set TORCH_LOGS="+dynamo"

[rank0]:[W310 16:39:19.010014663 ProcessGroupNCCL.cpp:1524] Warning: WARNING: destroy_process_group() was not called before program exit, which can leak resources. For more info, please see https://pytorch.org/docs/stable/distributed.html#shutdown (function operator())
W0310 16:39:21.217000 1416826 torch/distributed/elastic/multiprocessing/api.py:908] Sending process 1417095 closing signal SIGTERM
E0310 16:39:21.532000 1416826 torch/distributed/elastic/multiprocessing/api.py:882] failed (exitcode: 1) local_rank: 1 (pid: 1417096) of binary: /data/scratch/medhaven/nanochat/.venv/bin/python
Traceback (most recent call last):
  File "/data/scratch/medhaven/nanochat/.venv/bin/torchrun", line 10, in <module>
    sys.exit(main())
  File "/data/scratch/medhaven/nanochat/.venv/lib/python3.10/site-packages/torch/distributed/elastic/multiprocessing/errors/__init__.py", line 357, in wrapper
    return f(*args, **kwargs)
  File "/data/scratch/medhaven/nanochat/.venv/lib/python3.10/site-packages/torch/distributed/run.py", line 936, in main
    run(args)
  File "/data/scratch/medhaven/nanochat/.venv/lib/python3.10/site-packages/torch/distributed/run.py", line 927, in run
    elastic_launch(
  File "/data/scratch/medhaven/nanochat/.venv/lib/python3.10/site-packages/torch/distributed/launcher/api.py", line 156, in __call__
    return launch_agent(self._config, self._entrypoint, list(args))
  File "/data/scratch/medhaven/nanochat/.venv/lib/python3.10/site-packages/torch/distributed/launcher/api.py", line 293, in launch_agent
    raise ChildFailedError(
torch.distributed.elastic.multiprocessing.errors.ChildFailedError: 
============================================================
scripts.submom_train FAILED
------------------------------------------------------------
Failures:
  <NO_OTHER_FAILURES>
------------------------------------------------------------
Root Cause (first observed failure):
[0]:
  time      : 2026-03-10_16:39:21
  host      : andreas-h100-1.csail.mit.edu
  rank      : 1 (local_rank: 1)
  exitcode  : 1 (pid: 1417096)
  error_file: <N/A>
  traceback : To enable traceback see: https://pytorch.org/docs/stable/elastic/errors.html
============================================================
