========================================
Job ID: 504020
Node: andreas-h100-1
GPUs: 2
Config: Trace Norm - Baseline
Start Time: Tue Mar 10 02:20:45 PM EDT 2026
========================================
Tue Mar 10 14:20:45 2026       
+-----------------------------------------------------------------------------------------+
| NVIDIA-SMI 575.57.08              Driver Version: 575.57.08      CUDA Version: 12.9     |
|-----------------------------------------+------------------------+----------------------+
| GPU  Name                 Persistence-M | Bus-Id          Disp.A | Volatile Uncorr. ECC |
| Fan  Temp   Perf          Pwr:Usage/Cap |           Memory-Usage | GPU-Util  Compute M. |
|                                         |                        |               MIG M. |
|=========================================+========================+======================|
|   0  NVIDIA H100 NVL                On  |   00000000:01:00.0 Off |                    0 |
| N/A   52C    P0             69W /  400W |       0MiB /  95830MiB |      0%      Default |
|                                         |                        |             Disabled |
+-----------------------------------------+------------------------+----------------------+
|   1  NVIDIA H100 NVL                On  |   00000000:61:00.0 Off |                    0 |
| N/A   51C    P0             65W /  400W |       0MiB /  95830MiB |      0%      Default |
|                                         |                        |             Disabled |
+-----------------------------------------+------------------------+----------------------+
                                                                                         
+-----------------------------------------------------------------------------------------+
| Processes:                                                                              |
|  GPU   GI   CI              PID   Type   Process name                        GPU Memory |
|        ID   ID                                                               Usage      |
|=========================================================================================|
|  No running processes found                                                             |
+-----------------------------------------------------------------------------------------+

                                                       █████                █████
                                                      ░░███                ░░███
     ████████    ██████   ████████    ██████   ██████  ░███████    ██████  ███████
    ░░███░░███  ░░░░░███ ░░███░░███  ███░░███ ███░░███ ░███░░███  ░░░░░███░░░███░
     ░███ ░███   ███████  ░███ ░███ ░███ ░███░███ ░░░  ░███ ░███   ███████  ░███
     ░███ ░███  ███░░███  ░███ ░███ ░███ ░███░███  ███ ░███ ░███  ███░░███  ░███ ███
     ████ █████░░████████ ████ █████░░██████ ░░██████  ████ █████░░███████  ░░█████
    ░░░░ ░░░░░  ░░░░░░░░ ░░░░ ░░░░░  ░░░░░░   ░░░░░░  ░░░░ ░░░░░  ░░░░░░░░   ░░░░░
    
Newton-Schulz mode: baseline (5 iterations, 15 matmuls)
Autodetected device type: cuda
Newton-Schulz mode: baseline (5 iterations, 15 matmuls)
GPU: NVIDIA H100 NVL | Peak FLOPS (BF16): 8.35e+14
Using Flash Attention 3 (Hopper GPU detected)
Vocab size: 32,768
Model config:
{
  "sequence_len": 2048,
  "vocab_size": 32768,
  "n_layer": 20,
  "n_head": 10,
  "n_kv_head": 10,
  "n_embd": 1280,
  "window_pattern": "SSSL"
}
FP8 training enabled (tensorwise scaling) - converted 121 layers
[Baseline] No norm constraint applied
SV entropy tracking layers: ['transformer.h.0.attn.c_q.weight', 'transformer.h.0.mlp.c_fc.weight', 'transformer.h.10.attn.c_q.weight', 'transformer.h.10.mlp.c_fc.weight', 'transformer.h.19.attn.c_q.weight', 'transformer.h.19.mlp.c_fc.weight']
Parameter counts:
wte                     : 41,943,040
value_embeds            : 419,430,400
lm_head                 : 41,943,040
transformer_matrices    : 393,219,200
scalars                 : 40
total                   : 896,535,720
Estimated FLOPs per token: 3.004189e+09
Auto-computed optimal batch size: 1,048,576 tokens
Scaling LRs by 1.4142 for batch size 1,048,576 (reference: 524,288)
Scaling weight decay from 0.200000 to 0.071563 for depth 20
Scaling the LR for the AdamW parameters ∝1/√(1280/768) = 0.774597
Calculated number of iterations from target data:param ratio: 4,357
Total number of training tokens: 4,568,645,632
Tokens : Scaling params ratio: 10.50
Total training FLOPs estimate: 1.372508e+19
Total batch size 1,048,576 => gradient accumulation steps: 16
Logging initial spectral stats (step 0)...
Logged initial spectral stats for 130 layers, entropy for 6 layers
Step 00000 | Validation bpb: 3.172610
step 00000/04357 (0.00%) | loss: 10.398407 | lrm: 1.00 | dt: 40415.68ms | tok/sec: 25,944 | bf16_mfu: 4.67 | epoch: 1 | total time: 0.00m
step 00001/04357 (0.02%) | loss: 10.891293 | lrm: 1.00 | dt: 3862.26ms | tok/sec: 271,492 | bf16_mfu: 48.84 | epoch: 1 | total time: 0.00m
step 00002/04357 (0.05%) | loss: 10.772526 | lrm: 1.00 | dt: 3852.96ms | tok/sec: 272,148 | bf16_mfu: 48.96 | epoch: 1 | total time: 0.00m
step 00003/04357 (0.07%) | loss: 10.244823 | lrm: 1.00 | dt: 3894.73ms | tok/sec: 269,229 | bf16_mfu: 48.43 | epoch: 1 | total time: 0.00m
step 00004/04357 (0.09%) | loss: 9.604238 | lrm: 1.00 | dt: 3892.73ms | tok/sec: 269,367 | bf16_mfu: 48.46 | epoch: 1 | total time: 0.00m
step 00005/04357 (0.11%) | loss: 9.065860 | lrm: 1.00 | dt: 3893.27ms | tok/sec: 269,330 | bf16_mfu: 48.45 | epoch: 1 | total time: 0.00m
step 00006/04357 (0.14%) | loss: 8.654397 | lrm: 1.00 | dt: 3916.98ms | tok/sec: 267,699 | bf16_mfu: 48.16 | epoch: 1 | total time: 0.00m
step 00007/04357 (0.16%) | loss: 8.309777 | lrm: 1.00 | dt: 3946.69ms | tok/sec: 265,684 | bf16_mfu: 47.79 | epoch: 1 | total time: 0.00m
step 00008/04357 (0.18%) | loss: 8.034611 | lrm: 1.00 | dt: 3954.71ms | tok/sec: 265,146 | bf16_mfu: 47.70 | epoch: 1 | total time: 0.00m
step 00009/04357 (0.21%) | loss: 7.795673 | lrm: 1.00 | dt: 3969.51ms | tok/sec: 264,157 | bf16_mfu: 47.52 | epoch: 1 | total time: 0.00m
step 00010/04357 (0.23%) | loss: 7.579481 | lrm: 1.00 | dt: 3977.50ms | tok/sec: 263,626 | bf16_mfu: 47.42 | epoch: 1 | total time: 0.00m
step 00011/04357 (0.25%) | loss: 7.399523 | lrm: 1.00 | dt: 3978.80ms | tok/sec: 263,541 | bf16_mfu: 47.41 | epoch: 1 | total time: 0.07m | eta: 288.2m
step 00012/04357 (0.28%) | loss: 7.231044 | lrm: 1.00 | dt: 3982.47ms | tok/sec: 263,298 | bf16_mfu: 47.37 | epoch: 1 | total time: 0.13m | eta: 288.3m
step 00013/04357 (0.30%) | loss: 7.085076 | lrm: 1.00 | dt: 3993.56ms | tok/sec: 262,566 | bf16_mfu: 47.23 | epoch: 1 | total time: 0.20m | eta: 288.5m
step 00014/04357 (0.32%) | loss: 6.970008 | lrm: 1.00 | dt: 4003.01ms | tok/sec: 261,946 | bf16_mfu: 47.12 | epoch: 1 | total time: 0.27m | eta: 288.8m
step 00015/04357 (0.34%) | loss: 6.853710 | lrm: 1.00 | dt: 4016.17ms | tok/sec: 261,088 | bf16_mfu: 46.97 | epoch: 1 | total time: 0.33m | eta: 289.1m
step 00016/04357 (0.37%) | loss: 6.766671 | lrm: 1.00 | dt: 4006.09ms | tok/sec: 261,745 | bf16_mfu: 47.09 | epoch: 1 | total time: 0.40m | eta: 289.2m
step 00017/04357 (0.39%) | loss: 6.675630 | lrm: 1.00 | dt: 4022.41ms | tok/sec: 260,683 | bf16_mfu: 46.89 | epoch: 1 | total time: 0.47m | eta: 289.4m
step 00018/04357 (0.41%) | loss: 6.584291 | lrm: 1.00 | dt: 4014.72ms | tok/sec: 261,182 | bf16_mfu: 46.98 | epoch: 1 | total time: 0.53m | eta: 289.4m
step 00019/04357 (0.44%) | loss: 6.513192 | lrm: 1.00 | dt: 4025.53ms | tok/sec: 260,481 | bf16_mfu: 46.86 | epoch: 1 | total time: 0.60m | eta: 289.5m
step 00020/04357 (0.46%) | loss: 6.441322 | lrm: 1.00 | dt: 4020.84ms | tok/sec: 260,785 | bf16_mfu: 46.91 | epoch: 1 | total time: 0.67m | eta: 289.6m
step 00021/04357 (0.48%) | loss: 6.382084 | lrm: 1.00 | dt: 4017.70ms | tok/sec: 260,989 | bf16_mfu: 46.95 | epoch: 1 | total time: 0.73m | eta: 289.6m
step 00022/04357 (0.50%) | loss: 6.333437 | lrm: 1.00 | dt: 4022.95ms | tok/sec: 260,648 | bf16_mfu: 46.89 | epoch: 1 | total time: 0.80m | eta: 289.6m
step 00023/04357 (0.53%) | loss: 6.285451 | lrm: 1.00 | dt: 4016.14ms | tok/sec: 261,090 | bf16_mfu: 46.97 | epoch: 1 | total time: 0.87m | eta: 289.6m
step 00024/04357 (0.55%) | loss: 6.226826 | lrm: 1.00 | dt: 4025.13ms | tok/sec: 260,507 | bf16_mfu: 46.86 | epoch: 1 | total time: 0.94m | eta: 289.6m
step 00025/04357 (0.57%) | loss: 6.190822 | lrm: 1.00 | dt: 4029.36ms | tok/sec: 260,233 | bf16_mfu: 46.81 | epoch: 1 | total time: 1.00m | eta: 289.6m
step 00026/04357 (0.60%) | loss: 6.153486 | lrm: 1.00 | dt: 4028.33ms | tok/sec: 260,300 | bf16_mfu: 46.83 | epoch: 1 | total time: 1.07m | eta: 289.7m
step 00027/04357 (0.62%) | loss: 6.121969 | lrm: 1.00 | dt: 4030.31ms | tok/sec: 260,172 | bf16_mfu: 46.80 | epoch: 1 | total time: 1.14m | eta: 289.7m
step 00028/04357 (0.64%) | loss: 6.090050 | lrm: 1.00 | dt: 4031.09ms | tok/sec: 260,122 | bf16_mfu: 46.79 | epoch: 1 | total time: 1.20m | eta: 289.7m
step 00029/04357 (0.67%) | loss: 6.066671 | lrm: 1.00 | dt: 4033.72ms | tok/sec: 259,952 | bf16_mfu: 46.76 | epoch: 1 | total time: 1.27m | eta: 289.7m
step 00030/04357 (0.69%) | loss: 6.046485 | lrm: 1.00 | dt: 4039.31ms | tok/sec: 259,592 | bf16_mfu: 46.70 | epoch: 1 | total time: 1.34m | eta: 289.7m
step 00031/04357 (0.71%) | loss: 6.023258 | lrm: 1.00 | dt: 4023.74ms | tok/sec: 260,597 | bf16_mfu: 46.88 | epoch: 1 | total time: 1.41m | eta: 289.6m
step 00032/04357 (0.73%) | loss: 6.006496 | lrm: 1.00 | dt: 4027.26ms | tok/sec: 260,369 | bf16_mfu: 46.84 | epoch: 1 | total time: 1.47m | eta: 289.6m
step 00033/04357 (0.76%) | loss: 5.983173 | lrm: 1.00 | dt: 4045.70ms | tok/sec: 259,182 | bf16_mfu: 46.62 | epoch: 1 | total time: 1.54m | eta: 289.6m
step 00034/04357 (0.78%) | loss: 5.949602 | lrm: 1.00 | dt: 4031.57ms | tok/sec: 260,090 | bf16_mfu: 46.79 | epoch: 1 | total time: 1.61m | eta: 289.6m
step 00035/04357 (0.80%) | loss: 5.936142 | lrm: 1.00 | dt: 4032.50ms | tok/sec: 260,030 | bf16_mfu: 46.78 | epoch: 1 | total time: 1.67m | eta: 289.6m
step 00036/04357 (0.83%) | loss: 5.920913 | lrm: 1.00 | dt: 4035.81ms | tok/sec: 259,818 | bf16_mfu: 46.74 | epoch: 1 | total time: 1.74m | eta: 289.5m
step 00037/04357 (0.85%) | loss: 5.895656 | lrm: 1.00 | dt: 4042.64ms | tok/sec: 259,379 | bf16_mfu: 46.66 | epoch: 1 | total time: 1.81m | eta: 289.5m
step 00038/04357 (0.87%) | loss: 5.875547 | lrm: 1.00 | dt: 4038.38ms | tok/sec: 259,652 | bf16_mfu: 46.71 | epoch: 1 | total time: 1.88m | eta: 289.5m
step 00039/04357 (0.90%) | loss: 5.856777 | lrm: 1.00 | dt: 4049.25ms | tok/sec: 258,955 | bf16_mfu: 46.58 | epoch: 1 | total time: 1.94m | eta: 289.5m
step 00040/04357 (0.92%) | loss: 5.834772 | lrm: 1.00 | dt: 4053.22ms | tok/sec: 258,701 | bf16_mfu: 46.54 | epoch: 1 | total time: 2.01m | eta: 289.5m
step 00041/04357 (0.94%) | loss: 5.817663 | lrm: 1.00 | dt: 4030.84ms | tok/sec: 260,138 | bf16_mfu: 46.80 | epoch: 1 | total time: 2.08m | eta: 289.5m
step 00042/04357 (0.96%) | loss: 5.792253 | lrm: 1.00 | dt: 4037.95ms | tok/sec: 259,680 | bf16_mfu: 46.71 | epoch: 1 | total time: 2.15m | eta: 289.4m
step 00043/04357 (0.99%) | loss: 5.772688 | lrm: 1.00 | dt: 4043.04ms | tok/sec: 259,353 | bf16_mfu: 46.66 | epoch: 1 | total time: 2.21m | eta: 289.4m
step 00044/04357 (1.01%) | loss: 5.756863 | lrm: 1.00 | dt: 4041.97ms | tok/sec: 259,421 | bf16_mfu: 46.67 | epoch: 1 | total time: 2.28m | eta: 289.4m
step 00045/04357 (1.03%) | loss: 5.724909 | lrm: 1.00 | dt: 4039.27ms | tok/sec: 259,595 | bf16_mfu: 46.70 | epoch: 1 | total time: 2.35m | eta: 289.3m
step 00046/04357 (1.06%) | loss: 5.714080 | lrm: 1.00 | dt: 4052.71ms | tok/sec: 258,734 | bf16_mfu: 46.54 | epoch: 1 | total time: 2.42m | eta: 289.3m
step 00047/04357 (1.08%) | loss: 5.689553 | lrm: 1.00 | dt: 4032.61ms | tok/sec: 260,024 | bf16_mfu: 46.78 | epoch: 1 | total time: 2.48m | eta: 289.3m
step 00048/04357 (1.10%) | loss: 5.669960 | lrm: 1.00 | dt: 4040.35ms | tok/sec: 259,526 | bf16_mfu: 46.69 | epoch: 1 | total time: 2.55m | eta: 289.2m
step 00049/04357 (1.12%) | loss: 5.644514 | lrm: 1.00 | dt: 4042.98ms | tok/sec: 259,357 | bf16_mfu: 46.66 | epoch: 1 | total time: 2.62m | eta: 289.2m
step 00050/04357 (1.15%) | loss: 5.635073 | lrm: 1.00 | dt: 4040.34ms | tok/sec: 259,526 | bf16_mfu: 46.69 | epoch: 1 | total time: 2.69m | eta: 289.1m
step 00051/04357 (1.17%) | loss: 5.611551 | lrm: 1.00 | dt: 4034.84ms | tok/sec: 259,880 | bf16_mfu: 46.75 | epoch: 1 | total time: 2.75m | eta: 289.1m
step 00052/04357 (1.19%) | loss: 5.590728 | lrm: 1.00 | dt: 4033.46ms | tok/sec: 259,969 | bf16_mfu: 46.77 | epoch: 1 | total time: 2.82m | eta: 289.0m
step 00053/04357 (1.22%) | loss: 5.557513 | lrm: 1.00 | dt: 4028.49ms | tok/sec: 260,290 | bf16_mfu: 46.82 | epoch: 1 | total time: 2.89m | eta: 289.0m
step 00054/04357 (1.24%) | loss: 5.525011 | lrm: 1.00 | dt: 4036.31ms | tok/sec: 259,785 | bf16_mfu: 46.73 | epoch: 1 | total time: 2.95m | eta: 288.9m
step 00055/04357 (1.26%) | loss: 5.509828 | lrm: 1.00 | dt: 4024.23ms | tok/sec: 260,565 | bf16_mfu: 46.87 | epoch: 1 | total time: 3.02m | eta: 288.8m
step 00056/04357 (1.29%) | loss: 5.491530 | lrm: 1.00 | dt: 4036.17ms | tok/sec: 259,794 | bf16_mfu: 46.73 | epoch: 1 | total time: 3.09m | eta: 288.8m
step 00057/04357 (1.31%) | loss: 5.455810 | lrm: 1.00 | dt: 4030.22ms | tok/sec: 260,178 | bf16_mfu: 46.80 | epoch: 1 | total time: 3.16m | eta: 288.7m
step 00058/04357 (1.33%) | loss: 5.432043 | lrm: 1.00 | dt: 4026.33ms | tok/sec: 260,429 | bf16_mfu: 46.85 | epoch: 1 | total time: 3.22m | eta: 288.6m
step 00059/04357 (1.35%) | loss: 5.410663 | lrm: 1.00 | dt: 4040.14ms | tok/sec: 259,539 | bf16_mfu: 46.69 | epoch: 1 | total time: 3.29m | eta: 288.6m
step 00060/04357 (1.38%) | loss: 5.381873 | lrm: 1.00 | dt: 4026.01ms | tok/sec: 260,450 | bf16_mfu: 46.85 | epoch: 1 | total time: 3.36m | eta: 288.5m
step 00061/04357 (1.40%) | loss: 5.366410 | lrm: 1.00 | dt: 4029.86ms | tok/sec: 260,201 | bf16_mfu: 46.81 | epoch: 1 | total time: 3.42m | eta: 288.5m
step 00062/04357 (1.42%) | loss: 5.344181 | lrm: 1.00 | dt: 4032.11ms | tok/sec: 260,056 | bf16_mfu: 46.78 | epoch: 1 | total time: 3.49m | eta: 288.4m
step 00063/04357 (1.45%) | loss: 5.330438 | lrm: 1.00 | dt: 4037.82ms | tok/sec: 259,688 | bf16_mfu: 46.72 | epoch: 1 | total time: 3.56m | eta: 288.3m
step 00064/04357 (1.47%) | loss: 5.310060 | lrm: 1.00 | dt: 4039.89ms | tok/sec: 259,555 | bf16_mfu: 46.69 | epoch: 1 | total time: 3.63m | eta: 288.3m
step 00065/04357 (1.49%) | loss: 5.291182 | lrm: 1.00 | dt: 4028.91ms | tok/sec: 260,263 | bf16_mfu: 46.82 | epoch: 1 | total time: 3.69m | eta: 288.2m
step 00066/04357 (1.51%) | loss: 5.278280 | lrm: 1.00 | dt: 4033.88ms | tok/sec: 259,941 | bf16_mfu: 46.76 | epoch: 1 | total time: 3.76m | eta: 288.2m
step 00067/04357 (1.54%) | loss: 5.255101 | lrm: 1.00 | dt: 4034.73ms | tok/sec: 259,887 | bf16_mfu: 46.75 | epoch: 1 | total time: 3.83m | eta: 288.1m
step 00068/04357 (1.56%) | loss: 5.246581 | lrm: 1.00 | dt: 4039.82ms | tok/sec: 259,559 | bf16_mfu: 46.69 | epoch: 1 | total time: 3.90m | eta: 288.0m
step 00069/04357 (1.58%) | loss: 5.222807 | lrm: 1.00 | dt: 4040.10ms | tok/sec: 259,542 | bf16_mfu: 46.69 | epoch: 1 | total time: 3.96m | eta: 288.0m
step 00070/04357 (1.61%) | loss: 5.212365 | lrm: 1.00 | dt: 4026.95ms | tok/sec: 260,389 | bf16_mfu: 46.84 | epoch: 1 | total time: 4.03m | eta: 287.9m
step 00071/04357 (1.63%) | loss: 5.193236 | lrm: 1.00 | dt: 4031.37ms | tok/sec: 260,103 | bf16_mfu: 46.79 | epoch: 1 | total time: 4.10m | eta: 287.9m
step 00072/04357 (1.65%) | loss: 5.176459 | lrm: 1.00 | dt: 4035.33ms | tok/sec: 259,848 | bf16_mfu: 46.74 | epoch: 1 | total time: 4.16m | eta: 287.8m
step 00073/04357 (1.68%) | loss: 5.163682 | lrm: 1.00 | dt: 4030.09ms | tok/sec: 260,186 | bf16_mfu: 46.81 | epoch: 1 | total time: 4.23m | eta: 287.7m
step 00074/04357 (1.70%) | loss: 5.133358 | lrm: 1.00 | dt: 4030.62ms | tok/sec: 260,152 | bf16_mfu: 46.80 | epoch: 1 | total time: 4.30m | eta: 287.7m
step 00075/04357 (1.72%) | loss: 5.113059 | lrm: 1.00 | dt: 4031.81ms | tok/sec: 260,075 | bf16_mfu: 46.79 | epoch: 1 | total time: 4.37m | eta: 287.6m
step 00076/04357 (1.74%) | loss: 5.094967 | lrm: 1.00 | dt: 4031.23ms | tok/sec: 260,112 | bf16_mfu: 46.79 | epoch: 1 | total time: 4.43m | eta: 287.5m
