========================================
Job ID: 504103
Node: andreas-h100-1
GPUs: 2
Config: Trace Norm - Option 1 (Condition Clamp)
Start Time: Tue Mar 10 02:39:30 PM EDT 2026
========================================
Tue Mar 10 14:39:30 2026       
+-----------------------------------------------------------------------------------------+
| NVIDIA-SMI 575.57.08              Driver Version: 575.57.08      CUDA Version: 12.9     |
|-----------------------------------------+------------------------+----------------------+
| GPU  Name                 Persistence-M | Bus-Id          Disp.A | Volatile Uncorr. ECC |
| Fan  Temp   Perf          Pwr:Usage/Cap |           Memory-Usage | GPU-Util  Compute M. |
|                                         |                        |               MIG M. |
|=========================================+========================+======================|
|   0  NVIDIA H100 NVL                On  |   00000000:01:00.0 Off |                    0 |
| N/A   40C    P0             65W /  400W |       0MiB /  95830MiB |      0%      Default |
|                                         |                        |             Disabled |
+-----------------------------------------+------------------------+----------------------+
|   1  NVIDIA H100 NVL                On  |   00000000:61:00.0 Off |                    0 |
| N/A   53C    P0             66W /  400W |       0MiB /  95830MiB |      0%      Default |
|                                         |                        |             Disabled |
+-----------------------------------------+------------------------+----------------------+
                                                                                         
+-----------------------------------------------------------------------------------------+
| Processes:                                                                              |
|  GPU   GI   CI              PID   Type   Process name                        GPU Memory |
|        ID   ID                                                               Usage      |
|=========================================================================================|
|  No running processes found                                                             |
+-----------------------------------------------------------------------------------------+

                                                       █████                █████
                                                      ░░███                ░░███
     ████████    ██████   ████████    ██████   ██████  ░███████    ██████  ███████
    ░░███░░███  ░░░░░███ ░░███░░███  ███░░███ ███░░███ ░███░░███  ░░░░░███░░░███░
     ░███ ░███   ███████  ░███ ░███ ░███ ░███░███ ░░░  ░███ ░███   ███████  ░███
     ░███ ░███  ███░░███  ░███ ░███ ░███ ░███░███  ███ ░███ ░███  ███░░███  ░███ ███
     ████ █████░░████████ ████ █████░░██████ ░░██████  ████ █████░░███████  ░░█████
    ░░░░ ░░░░░  ░░░░░░░░ ░░░░ ░░░░░  ░░░░░░   ░░░░░░  ░░░░ ░░░░░  ░░░░░░░░   ░░░░░
    
Newton-Schulz mode: baseline (5 iterations, 15 matmuls)
Newton-Schulz mode: baseline (5 iterations, 15 matmuls)
Autodetected device type: cuda
GPU: NVIDIA H100 NVL | Peak FLOPS (BF16): 8.35e+14
Using Flash Attention 3 (Hopper GPU detected)
Vocab size: 32,768
Model config:
{
  "sequence_len": 2048,
  "vocab_size": 32768,
  "n_layer": 20,
  "n_head": 10,
  "n_kv_head": 10,
  "n_embd": 1280,
  "window_pattern": "SSSL"
}
FP8 training enabled (tensorwise scaling) - converted 121 layers
[Option 1] Condition clamping (K=10, max_ratio=1.5): 130 layers
SV entropy tracking layers: ['transformer.h.0.attn.c_q.weight', 'transformer.h.0.mlp.c_fc.weight', 'transformer.h.10.attn.c_q.weight', 'transformer.h.10.mlp.c_fc.weight', 'transformer.h.19.attn.c_q.weight', 'transformer.h.19.mlp.c_fc.weight']
Parameter counts:
wte                     : 41,943,040
value_embeds            : 419,430,400
lm_head                 : 41,943,040
transformer_matrices    : 393,219,200
scalars                 : 40
total                   : 896,535,720
Estimated FLOPs per token: 3.004189e+09
Auto-computed optimal batch size: 1,048,576 tokens
Scaling LRs by 1.4142 for batch size 1,048,576 (reference: 524,288)
Scaling weight decay from 0.200000 to 0.071563 for depth 20
Scaling the LR for the AdamW parameters ∝1/√(1280/768) = 0.774597
Calculated number of iterations from target data:param ratio: 4,357
Total number of training tokens: 4,568,645,632
Tokens : Scaling params ratio: 10.50
Total training FLOPs estimate: 1.372508e+19
Total batch size 1,048,576 => gradient accumulation steps: 16
Logging initial spectral stats (step 0)...
Logged initial spectral stats for 130 layers, entropy for 6 layers
Step 00000 | Validation bpb: 3.172610
step 00000/04357 (0.00%) | loss: 10.398407 | lrm: 1.00 | dt: 56894.06ms | tok/sec: 18,430 | bf16_mfu: 3.32 | epoch: 1 | total time: 0.00m
step 00001/04357 (0.02%) | loss: 10.892846 | lrm: 1.00 | dt: 3850.87ms | tok/sec: 272,296 | bf16_mfu: 48.98 | epoch: 1 | total time: 0.00m
step 00002/04357 (0.05%) | loss: 10.777240 | lrm: 1.00 | dt: 3835.83ms | tok/sec: 273,363 | bf16_mfu: 49.18 | epoch: 1 | total time: 0.00m
step 00003/04357 (0.07%) | loss: 10.216016 | lrm: 1.00 | dt: 3878.36ms | tok/sec: 270,365 | bf16_mfu: 48.64 | epoch: 1 | total time: 0.00m
step 00004/04357 (0.09%) | loss: 9.562299 | lrm: 1.00 | dt: 3893.08ms | tok/sec: 269,343 | bf16_mfu: 48.45 | epoch: 1 | total time: 0.00m
step 00005/04357 (0.11%) | loss: 9.032386 | lrm: 1.00 | dt: 3912.32ms | tok/sec: 268,018 | bf16_mfu: 48.21 | epoch: 1 | total time: 0.00m
step 00006/04357 (0.14%) | loss: 8.627064 | lrm: 1.00 | dt: 3933.76ms | tok/sec: 266,558 | bf16_mfu: 47.95 | epoch: 1 | total time: 0.00m
step 00007/04357 (0.16%) | loss: 8.282921 | lrm: 1.00 | dt: 3956.63ms | tok/sec: 265,017 | bf16_mfu: 47.67 | epoch: 1 | total time: 0.00m
step 00008/04357 (0.18%) | loss: 8.009964 | lrm: 1.00 | dt: 3970.51ms | tok/sec: 264,091 | bf16_mfu: 47.51 | epoch: 1 | total time: 0.00m
step 00009/04357 (0.21%) | loss: 7.774480 | lrm: 1.00 | dt: 3973.94ms | tok/sec: 263,863 | bf16_mfu: 47.47 | epoch: 1 | total time: 0.00m
step 00010/04357 (0.23%) | loss: 7.559869 | lrm: 1.00 | dt: 15990.89ms | tok/sec: 65,573 | bf16_mfu: 11.80 | epoch: 1 | total time: 0.00m
step 00011/04357 (0.25%) | loss: 7.387270 | lrm: 1.00 | dt: 3938.66ms | tok/sec: 266,226 | bf16_mfu: 47.89 | epoch: 1 | total time: 0.07m | eta: 285.3m
step 00012/04357 (0.28%) | loss: 7.220957 | lrm: 1.00 | dt: 3952.62ms | tok/sec: 265,286 | bf16_mfu: 47.72 | epoch: 1 | total time: 0.13m | eta: 285.7m
step 00013/04357 (0.30%) | loss: 7.077887 | lrm: 1.00 | dt: 3968.11ms | tok/sec: 264,250 | bf16_mfu: 47.54 | epoch: 1 | total time: 0.20m | eta: 286.2m
step 00014/04357 (0.32%) | loss: 6.966112 | lrm: 1.00 | dt: 3979.09ms | tok/sec: 263,521 | bf16_mfu: 47.41 | epoch: 1 | total time: 0.26m | eta: 286.6m
step 00015/04357 (0.34%) | loss: 6.852313 | lrm: 1.00 | dt: 3985.56ms | tok/sec: 263,093 | bf16_mfu: 47.33 | epoch: 1 | total time: 0.33m | eta: 286.9m
step 00016/04357 (0.37%) | loss: 6.767312 | lrm: 1.00 | dt: 3987.25ms | tok/sec: 262,982 | bf16_mfu: 47.31 | epoch: 1 | total time: 0.40m | eta: 287.1m
step 00017/04357 (0.39%) | loss: 6.676757 | lrm: 1.00 | dt: 4001.52ms | tok/sec: 262,044 | bf16_mfu: 47.14 | epoch: 1 | total time: 0.46m | eta: 287.4m
step 00018/04357 (0.41%) | loss: 6.585833 | lrm: 1.00 | dt: 4009.04ms | tok/sec: 261,552 | bf16_mfu: 47.05 | epoch: 1 | total time: 0.53m | eta: 287.7m
step 00019/04357 (0.44%) | loss: 6.515411 | lrm: 1.00 | dt: 3998.41ms | tok/sec: 262,247 | bf16_mfu: 47.18 | epoch: 1 | total time: 0.60m | eta: 287.8m
step 00020/04357 (0.46%) | loss: 6.444291 | lrm: 1.00 | dt: 15801.06ms | tok/sec: 66,361 | bf16_mfu: 11.94 | epoch: 1 | total time: 0.86m | eta: 373.1m
step 00021/04357 (0.48%) | loss: 6.388677 | lrm: 1.00 | dt: 3954.63ms | tok/sec: 265,151 | bf16_mfu: 47.70 | epoch: 1 | total time: 0.93m | eta: 365.1m
step 00022/04357 (0.50%) | loss: 6.340751 | lrm: 1.00 | dt: 3962.62ms | tok/sec: 264,616 | bf16_mfu: 47.60 | epoch: 1 | total time: 0.99m | eta: 358.5m
step 00023/04357 (0.53%) | loss: 6.295425 | lrm: 1.00 | dt: 3966.12ms | tok/sec: 264,383 | bf16_mfu: 47.56 | epoch: 1 | total time: 1.06m | eta: 352.9m
step 00024/04357 (0.55%) | loss: 6.238521 | lrm: 1.00 | dt: 3976.47ms | tok/sec: 263,695 | bf16_mfu: 47.44 | epoch: 1 | total time: 1.12m | eta: 348.1m
step 00025/04357 (0.57%) | loss: 6.204317 | lrm: 1.00 | dt: 3993.12ms | tok/sec: 262,595 | bf16_mfu: 47.24 | epoch: 1 | total time: 1.19m | eta: 344.0m
step 00026/04357 (0.60%) | loss: 6.168100 | lrm: 1.00 | dt: 4007.23ms | tok/sec: 261,670 | bf16_mfu: 47.07 | epoch: 1 | total time: 1.26m | eta: 340.5m
step 00027/04357 (0.62%) | loss: 6.139342 | lrm: 1.00 | dt: 3991.28ms | tok/sec: 262,716 | bf16_mfu: 47.26 | epoch: 1 | total time: 1.32m | eta: 337.4m
step 00028/04357 (0.64%) | loss: 6.109630 | lrm: 1.00 | dt: 4007.71ms | tok/sec: 261,639 | bf16_mfu: 47.07 | epoch: 1 | total time: 1.39m | eta: 334.6m
step 00029/04357 (0.67%) | loss: 6.086778 | lrm: 1.00 | dt: 4018.42ms | tok/sec: 260,942 | bf16_mfu: 46.94 | epoch: 1 | total time: 1.46m | eta: 332.2m
step 00030/04357 (0.69%) | loss: 6.067859 | lrm: 1.00 | dt: 15689.32ms | tok/sec: 66,833 | bf16_mfu: 12.02 | epoch: 1 | total time: 1.72m | eta: 372.1m
step 00031/04357 (0.71%) | loss: 6.048736 | lrm: 1.00 | dt: 3954.73ms | tok/sec: 265,144 | bf16_mfu: 47.70 | epoch: 1 | total time: 1.79m | eta: 367.9m
step 00032/04357 (0.73%) | loss: 6.037433 | lrm: 1.00 | dt: 3967.21ms | tok/sec: 264,310 | bf16_mfu: 47.55 | epoch: 1 | total time: 1.85m | eta: 364.1m
step 00033/04357 (0.76%) | loss: 6.018073 | lrm: 1.00 | dt: 3980.98ms | tok/sec: 263,396 | bf16_mfu: 47.38 | epoch: 1 | total time: 1.92m | eta: 360.6m
step 00034/04357 (0.78%) | loss: 5.990134 | lrm: 1.00 | dt: 3993.37ms | tok/sec: 262,579 | bf16_mfu: 47.24 | epoch: 1 | total time: 1.98m | eta: 357.5m
step 00035/04357 (0.80%) | loss: 5.980440 | lrm: 1.00 | dt: 3995.01ms | tok/sec: 262,471 | bf16_mfu: 47.22 | epoch: 1 | total time: 2.05m | eta: 354.6m
step 00036/04357 (0.83%) | loss: 5.971947 | lrm: 1.00 | dt: 3995.73ms | tok/sec: 262,424 | bf16_mfu: 47.21 | epoch: 1 | total time: 2.12m | eta: 352.0m
step 00037/04357 (0.85%) | loss: 5.953211 | lrm: 1.00 | dt: 4003.68ms | tok/sec: 261,903 | bf16_mfu: 47.11 | epoch: 1 | total time: 2.18m | eta: 349.5m
step 00038/04357 (0.87%) | loss: 5.937170 | lrm: 1.00 | dt: 4014.94ms | tok/sec: 261,168 | bf16_mfu: 46.98 | epoch: 1 | total time: 2.25m | eta: 347.3m
step 00039/04357 (0.90%) | loss: 5.924794 | lrm: 1.00 | dt: 4014.94ms | tok/sec: 261,168 | bf16_mfu: 46.98 | epoch: 1 | total time: 2.32m | eta: 345.2m
step 00040/04357 (0.92%) | loss: 5.908262 | lrm: 1.00 | dt: 15541.69ms | tok/sec: 67,468 | bf16_mfu: 12.14 | epoch: 1 | total time: 2.58m | eta: 370.9m
step 00041/04357 (0.94%) | loss: 5.903435 | lrm: 1.00 | dt: 3954.93ms | tok/sec: 265,131 | bf16_mfu: 47.69 | epoch: 1 | total time: 2.64m | eta: 368.0m
step 00042/04357 (0.96%) | loss: 5.890381 | lrm: 1.00 | dt: 3977.72ms | tok/sec: 263,612 | bf16_mfu: 47.42 | epoch: 1 | total time: 2.71m | eta: 365.4m
step 00043/04357 (0.99%) | loss: 5.882127 | lrm: 1.00 | dt: 3976.98ms | tok/sec: 263,661 | bf16_mfu: 47.43 | epoch: 1 | total time: 2.78m | eta: 362.9m
step 00044/04357 (1.01%) | loss: 5.875458 | lrm: 1.00 | dt: 3990.90ms | tok/sec: 262,741 | bf16_mfu: 47.27 | epoch: 1 | total time: 2.84m | eta: 360.6m
step 00045/04357 (1.03%) | loss: 5.853431 | lrm: 1.00 | dt: 3993.19ms | tok/sec: 262,591 | bf16_mfu: 47.24 | epoch: 1 | total time: 2.91m | eta: 358.4m
step 00046/04357 (1.06%) | loss: 5.851539 | lrm: 1.00 | dt: 4006.49ms | tok/sec: 261,719 | bf16_mfu: 47.08 | epoch: 1 | total time: 2.98m | eta: 356.4m
step 00047/04357 (1.08%) | loss: 5.836496 | lrm: 1.00 | dt: 4001.69ms | tok/sec: 262,033 | bf16_mfu: 47.14 | epoch: 1 | total time: 3.04m | eta: 354.4m
step 00048/04357 (1.10%) | loss: 5.827409 | lrm: 1.00 | dt: 4009.61ms | tok/sec: 261,515 | bf16_mfu: 47.04 | epoch: 1 | total time: 3.11m | eta: 352.6m
step 00049/04357 (1.12%) | loss: 5.809581 | lrm: 1.00 | dt: 4019.61ms | tok/sec: 260,865 | bf16_mfu: 46.93 | epoch: 1 | total time: 3.18m | eta: 350.9m
step 00050/04357 (1.15%) | loss: 5.806327 | lrm: 1.00 | dt: 15510.73ms | tok/sec: 67,603 | bf16_mfu: 12.16 | epoch: 1 | total time: 3.43m | eta: 369.8m
step 00051/04357 (1.17%) | loss: 5.801757 | lrm: 1.00 | dt: 3955.37ms | tok/sec: 265,102 | bf16_mfu: 47.69 | epoch: 1 | total time: 3.50m | eta: 367.7m
step 00052/04357 (1.19%) | loss: 5.800911 | lrm: 1.00 | dt: 3970.70ms | tok/sec: 264,078 | bf16_mfu: 47.51 | epoch: 1 | total time: 3.57m | eta: 365.6m
step 00053/04357 (1.22%) | loss: 5.784816 | lrm: 1.00 | dt: 3974.88ms | tok/sec: 263,800 | bf16_mfu: 47.46 | epoch: 1 | total time: 3.63m | eta: 363.7m
step 00054/04357 (1.24%) | loss: 5.765493 | lrm: 1.00 | dt: 3985.62ms | tok/sec: 263,089 | bf16_mfu: 47.33 | epoch: 1 | total time: 3.70m | eta: 361.8m
step 00055/04357 (1.26%) | loss: 5.759614 | lrm: 1.00 | dt: 4000.07ms | tok/sec: 262,139 | bf16_mfu: 47.16 | epoch: 1 | total time: 3.77m | eta: 360.1m
step 00056/04357 (1.29%) | loss: 5.748490 | lrm: 1.00 | dt: 3997.48ms | tok/sec: 262,309 | bf16_mfu: 47.19 | epoch: 1 | total time: 3.83m | eta: 358.4m
step 00057/04357 (1.31%) | loss: 5.722416 | lrm: 1.00 | dt: 4007.19ms | tok/sec: 261,673 | bf16_mfu: 47.07 | epoch: 1 | total time: 3.90m | eta: 356.8m
step 00058/04357 (1.33%) | loss: 5.706371 | lrm: 1.00 | dt: 4006.82ms | tok/sec: 261,697 | bf16_mfu: 47.08 | epoch: 1 | total time: 3.97m | eta: 355.3m
step 00059/04357 (1.35%) | loss: 5.690160 | lrm: 1.00 | dt: 4020.03ms | tok/sec: 260,837 | bf16_mfu: 46.92 | epoch: 1 | total time: 4.03m | eta: 353.8m
step 00060/04357 (1.38%) | loss: 5.666307 | lrm: 1.00 | dt: 15486.01ms | tok/sec: 67,711 | bf16_mfu: 12.18 | epoch: 1 | total time: 4.29m | eta: 368.8m
step 00061/04357 (1.40%) | loss: 5.674910 | lrm: 1.00 | dt: 3955.08ms | tok/sec: 265,121 | bf16_mfu: 47.69 | epoch: 1 | total time: 4.36m | eta: 367.1m
step 00062/04357 (1.42%) | loss: 5.671624 | lrm: 1.00 | dt: 3971.75ms | tok/sec: 264,008 | bf16_mfu: 47.49 | epoch: 1 | total time: 4.42m | eta: 365.4m
step 00063/04357 (1.45%) | loss: 5.675599 | lrm: 1.00 | dt: 3973.87ms | tok/sec: 263,867 | bf16_mfu: 47.47 | epoch: 1 | total time: 4.49m | eta: 363.8m
step 00064/04357 (1.47%) | loss: 5.666979 | lrm: 1.00 | dt: 3985.94ms | tok/sec: 263,068 | bf16_mfu: 47.32 | epoch: 1 | total time: 4.56m | eta: 362.2m
step 00065/04357 (1.49%) | loss: 5.655175 | lrm: 1.00 | dt: 3996.67ms | tok/sec: 262,362 | bf16_mfu: 47.20 | epoch: 1 | total time: 4.62m | eta: 360.8m
step 00066/04357 (1.51%) | loss: 5.650624 | lrm: 1.00 | dt: 3998.11ms | tok/sec: 262,267 | bf16_mfu: 47.18 | epoch: 1 | total time: 4.69m | eta: 359.3m
step 00067/04357 (1.54%) | loss: 5.634193 | lrm: 1.00 | dt: 3998.51ms | tok/sec: 262,241 | bf16_mfu: 47.18 | epoch: 1 | total time: 4.76m | eta: 358.0m
step 00068/04357 (1.56%) | loss: 5.626514 | lrm: 1.00 | dt: 3989.26ms | tok/sec: 262,849 | bf16_mfu: 47.28 | epoch: 1 | total time: 4.82m | eta: 356.6m
step 00069/04357 (1.58%) | loss: 5.606849 | lrm: 1.00 | dt: 4010.46ms | tok/sec: 261,460 | bf16_mfu: 47.03 | epoch: 1 | total time: 4.89m | eta: 355.4m
step 00070/04357 (1.61%) | loss: 5.599757 | lrm: 1.00 | dt: 15439.69ms | tok/sec: 67,914 | bf16_mfu: 12.22 | epoch: 1 | total time: 5.15m | eta: 367.7m
step 00071/04357 (1.63%) | loss: 5.611719 | lrm: 1.00 | dt: 3944.60ms | tok/sec: 265,825 | bf16_mfu: 47.82 | epoch: 1 | total time: 5.21m | eta: 366.3m
step 00072/04357 (1.65%) | loss: 5.619877 | lrm: 1.00 | dt: 3969.85ms | tok/sec: 264,135 | bf16_mfu: 47.52 | epoch: 1 | total time: 5.28m | eta: 364.8m
step 00073/04357 (1.68%) | loss: 5.619891 | lrm: 1.00 | dt: 3972.20ms | tok/sec: 263,978 | bf16_mfu: 47.49 | epoch: 1 | total time: 5.35m | eta: 363.5m
step 00074/04357 (1.70%) | loss: 5.602880 | lrm: 1.00 | dt: 3974.01ms | tok/sec: 263,858 | bf16_mfu: 47.47 | epoch: 1 | total time: 5.41m | eta: 362.1m
step 00075/04357 (1.72%) | loss: 5.592334 | lrm: 1.00 | dt: 3981.83ms | tok/sec: 263,340 | bf16_mfu: 47.37 | epoch: 1 | total time: 5.48m | eta: 360.9m
step 00076/04357 (1.74%) | loss: 5.581720 | lrm: 1.00 | dt: 3991.13ms | tok/sec: 262,726 | bf16_mfu: 47.26 | epoch: 1 | total time: 5.54m | eta: 359.6m
step 00077/04357 (1.77%) | loss: 5.564173 | lrm: 1.00 | dt: 3987.25ms | tok/sec: 262,982 | bf16_mfu: 47.31 | epoch: 1 | total time: 5.61m | eta: 358.4m
step 00078/04357 (1.79%) | loss: 5.543040 | lrm: 1.00 | dt: 3997.43ms | tok/sec: 262,312 | bf16_mfu: 47.19 | epoch: 1 | total time: 5.68m | eta: 357.2m
step 00079/04357 (1.81%) | loss: 5.521172 | lrm: 1.00 | dt: 3993.46ms | tok/sec: 262,573 | bf16_mfu: 47.23 | epoch: 1 | total time: 5.74m | eta: 356.1m
step 00080/04357 (1.84%) | loss: 5.495819 | lrm: 1.00 | dt: 15426.84ms | tok/sec: 67,970 | bf16_mfu: 12.23 | epoch: 1 | total time: 6.00m | eta: 366.7m
step 00081/04357 (1.86%) | loss: 5.504829 | lrm: 1.00 | dt: 3947.10ms | tok/sec: 265,657 | bf16_mfu: 47.79 | epoch: 1 | total time: 6.07m | eta: 365.4m
step 00082/04357 (1.88%) | loss: 5.517384 | lrm: 1.00 | dt: 3969.45ms | tok/sec: 264,161 | bf16_mfu: 47.52 | epoch: 1 | total time: 6.13m | eta: 364.1m
step 00083/04357 (1.90%) | loss: 5.504775 | lrm: 1.00 | dt: 3965.30ms | tok/sec: 264,437 | bf16_mfu: 47.57 | epoch: 1 | total time: 6.20m | eta: 362.9m
step 00084/04357 (1.93%) | loss: 5.518570 | lrm: 1.00 | dt: 3984.49ms | tok/sec: 263,164 | bf16_mfu: 47.34 | epoch: 1 | total time: 6.27m | eta: 361.8m
step 00085/04357 (1.95%) | loss: 5.510556 | lrm: 1.00 | dt: 3971.85ms | tok/sec: 264,001 | bf16_mfu: 47.49 | epoch: 1 | total time: 6.33m | eta: 360.6m
step 00086/04357 (1.97%) | loss: 5.505155 | lrm: 1.00 | dt: 3977.46ms | tok/sec: 263,629 | bf16_mfu: 47.42 | epoch: 1 | total time: 6.40m | eta: 359.5m
step 00087/04357 (2.00%) | loss: 5.484796 | lrm: 1.00 | dt: 3988.50ms | tok/sec: 262,899 | bf16_mfu: 47.29 | epoch: 1 | total time: 6.46m | eta: 358.5m
step 00088/04357 (2.02%) | loss: 5.476550 | lrm: 1.00 | dt: 3990.38ms | tok/sec: 262,776 | bf16_mfu: 47.27 | epoch: 1 | total time: 6.53m | eta: 357.4m
step 00089/04357 (2.04%) | loss: 5.470419 | lrm: 1.00 | dt: 3997.16ms | tok/sec: 262,330 | bf16_mfu: 47.19 | epoch: 1 | total time: 6.60m | eta: 356.4m
step 00090/04357 (2.07%) | loss: 5.451886 | lrm: 1.00 | dt: 15377.74ms | tok/sec: 68,187 | bf16_mfu: 12.27 | epoch: 1 | total time: 6.85m | eta: 365.6m
step 00091/04357 (2.09%) | loss: 5.470618 | lrm: 1.00 | dt: 3937.20ms | tok/sec: 266,325 | bf16_mfu: 47.91 | epoch: 1 | total time: 6.92m | eta: 364.4m
step 00092/04357 (2.11%) | loss: 5.462201 | lrm: 1.00 | dt: 3955.08ms | tok/sec: 265,121 | bf16_mfu: 47.69 | epoch: 1 | total time: 6.99m | eta: 363.3m
step 00093/04357 (2.13%) | loss: 5.457453 | lrm: 1.00 | dt: 3969.17ms | tok/sec: 264,180 | bf16_mfu: 47.52 | epoch: 1 | total time: 7.05m | eta: 362.3m
step 00094/04357 (2.16%) | loss: 5.442822 | lrm: 1.00 | dt: 3973.55ms | tok/sec: 263,889 | bf16_mfu: 47.47 | epoch: 1 | total time: 7.12m | eta: 361.2m
step 00095/04357 (2.18%) | loss: 5.436302 | lrm: 1.00 | dt: 3976.38ms | tok/sec: 263,701 | bf16_mfu: 47.44 | epoch: 1 | total time: 7.18m | eta: 360.2m
step 00096/04357 (2.20%) | loss: 5.408668 | lrm: 1.00 | dt: 3972.29ms | tok/sec: 263,972 | bf16_mfu: 47.49 | epoch: 1 | total time: 7.25m | eta: 359.2m
step 00097/04357 (2.23%) | loss: 5.378210 | lrm: 1.00 | dt: 3976.82ms | tok/sec: 263,672 | bf16_mfu: 47.43 | epoch: 1 | total time: 7.32m | eta: 358.3m
step 00098/04357 (2.25%) | loss: 5.367503 | lrm: 1.00 | dt: 3986.74ms | tok/sec: 263,016 | bf16_mfu: 47.31 | epoch: 1 | total time: 7.38m | eta: 357.3m
step 00099/04357 (2.27%) | loss: 5.354074 | lrm: 1.00 | dt: 3979.47ms | tok/sec: 263,496 | bf16_mfu: 47.40 | epoch: 1 | total time: 7.45m | eta: 356.4m
step 00100/04357 (2.30%) | loss: 5.333936 | lrm: 1.00 | dt: 15362.87ms | tok/sec: 68,253 | bf16_mfu: 12.28 | epoch: 1 | total time: 7.71m | eta: 364.5m
step 00101/04357 (2.32%) | loss: 5.359329 | lrm: 1.00 | dt: 3935.45ms | tok/sec: 266,443 | bf16_mfu: 47.93 | epoch: 1 | total time: 7.77m | eta: 363.4m
step 00102/04357 (2.34%) | loss: 5.364660 | lrm: 1.00 | dt: 3956.94ms | tok/sec: 264,996 | bf16_mfu: 47.67 | epoch: 1 | total time: 7.84m | eta: 362.5m
step 00103/04357 (2.36%) | loss: 5.350970 | lrm: 1.00 | dt: 3952.37ms | tok/sec: 265,302 | bf16_mfu: 47.73 | epoch: 1 | total time: 7.90m | eta: 361.5m
step 00104/04357 (2.39%) | loss: 5.341316 | lrm: 1.00 | dt: 3958.92ms | tok/sec: 264,864 | bf16_mfu: 47.65 | epoch: 1 | total time: 7.97m | eta: 360.5m
step 00105/04357 (2.41%) | loss: 5.323307 | lrm: 1.00 | dt: 3967.45ms | tok/sec: 264,294 | bf16_mfu: 47.54 | epoch: 1 | total time: 8.03m | eta: 359.6m
step 00106/04357 (2.43%) | loss: 5.302385 | lrm: 1.00 | dt: 3976.27ms | tok/sec: 263,708 | bf16_mfu: 47.44 | epoch: 1 | total time: 8.10m | eta: 358.7m
step 00107/04357 (2.46%) | loss: 5.277767 | lrm: 1.00 | dt: 3979.89ms | tok/sec: 263,468 | bf16_mfu: 47.40 | epoch: 1 | total time: 8.17m | eta: 357.8m
step 00108/04357 (2.48%) | loss: 5.274180 | lrm: 1.00 | dt: 3975.09ms | tok/sec: 263,786 | bf16_mfu: 47.45 | epoch: 1 | total time: 8.23m | eta: 357.0m
step 00109/04357 (2.50%) | loss: 5.254819 | lrm: 1.00 | dt: 3990.12ms | tok/sec: 262,793 | bf16_mfu: 47.27 | epoch: 1 | total time: 8.30m | eta: 356.1m
step 00110/04357 (2.52%) | loss: 5.236924 | lrm: 1.00 | dt: 15351.62ms | tok/sec: 68,303 | bf16_mfu: 12.29 | epoch: 1 | total time: 8.56m | eta: 363.4m
step 00111/04357 (2.55%) | loss: 5.242247 | lrm: 1.00 | dt: 3929.45ms | tok/sec: 266,850 | bf16_mfu: 48.00 | epoch: 1 | total time: 8.62m | eta: 362.4m
step 00112/04357 (2.57%) | loss: 5.234358 | lrm: 1.00 | dt: 3951.88ms | tok/sec: 265,335 | bf16_mfu: 47.73 | epoch: 1 | total time: 8.69m | eta: 361.5m
step 00113/04357 (2.59%) | loss: 5.227218 | lrm: 1.00 | dt: 3955.90ms | tok/sec: 265,066 | bf16_mfu: 47.68 | epoch: 1 | total time: 8.75m | eta: 360.7m
step 00114/04357 (2.62%) | loss: 5.197066 | lrm: 1.00 | dt: 3951.28ms | tok/sec: 265,376 | bf16_mfu: 47.74 | epoch: 1 | total time: 8.82m | eta: 359.8m
step 00115/04357 (2.64%) | loss: 5.194672 | lrm: 1.00 | dt: 3967.95ms | tok/sec: 264,261 | bf16_mfu: 47.54 | epoch: 1 | total time: 8.89m | eta: 359.0m
step 00116/04357 (2.66%) | loss: 5.171271 | lrm: 1.00 | dt: 3979.13ms | tok/sec: 263,519 | bf16_mfu: 47.40 | epoch: 1 | total time: 8.95m | eta: 358.1m
step 00117/04357 (2.69%) | loss: 5.142911 | lrm: 1.00 | dt: 3970.38ms | tok/sec: 264,099 | bf16_mfu: 47.51 | epoch: 1 | total time: 9.02m | eta: 357.3m
step 00118/04357 (2.71%) | loss: 5.128387 | lrm: 1.00 | dt: 3971.25ms | tok/sec: 264,041 | bf16_mfu: 47.50 | epoch: 1 | total time: 9.08m | eta: 356.5m
step 00119/04357 (2.73%) | loss: 5.102876 | lrm: 1.00 | dt: 3978.56ms | tok/sec: 263,556 | bf16_mfu: 47.41 | epoch: 1 | total time: 9.15m | eta: 355.8m
step 00120/04357 (2.75%) | loss: 5.085043 | lrm: 1.00 | dt: 15283.78ms | tok/sec: 68,607 | bf16_mfu: 12.34 | epoch: 1 | total time: 9.40m | eta: 362.3m
step 00121/04357 (2.78%) | loss: 5.084522 | lrm: 1.00 | dt: 3932.90ms | tok/sec: 266,616 | bf16_mfu: 47.96 | epoch: 1 | total time: 9.47m | eta: 361.4m
step 00122/04357 (2.80%) | loss: 5.065913 | lrm: 1.00 | dt: 3940.46ms | tok/sec: 266,104 | bf16_mfu: 47.87 | epoch: 1 | total time: 9.54m | eta: 360.6m
step 00123/04357 (2.82%) | loss: 5.060290 | lrm: 1.00 | dt: 3949.42ms | tok/sec: 265,501 | bf16_mfu: 47.76 | epoch: 1 | total time: 9.60m | eta: 359.8m
step 00124/04357 (2.85%) | loss: 5.039058 | lrm: 1.00 | dt: 3947.97ms | tok/sec: 265,598 | bf16_mfu: 47.78 | epoch: 1 | total time: 9.67m | eta: 359.0m
step 00125/04357 (2.87%) | loss: 5.015880 | lrm: 1.00 | dt: 3969.98ms | tok/sec: 264,126 | bf16_mfu: 47.51 | epoch: 1 | total time: 9.73m | eta: 358.2m
step 00126/04357 (2.89%) | loss: 4.993002 | lrm: 1.00 | dt: 3960.93ms | tok/sec: 264,729 | bf16_mfu: 47.62 | epoch: 1 | total time: 9.80m | eta: 357.4m
step 00127/04357 (2.91%) | loss: 4.982754 | lrm: 1.00 | dt: 3970.49ms | tok/sec: 264,092 | bf16_mfu: 47.51 | epoch: 1 | total time: 9.87m | eta: 356.7m
step 00128/04357 (2.94%) | loss: 4.966267 | lrm: 1.00 | dt: 3971.88ms | tok/sec: 264,000 | bf16_mfu: 47.49 | epoch: 1 | total time: 9.93m | eta: 356.0m
step 00129/04357 (2.96%) | loss: 4.948295 | lrm: 1.00 | dt: 3979.97ms | tok/sec: 263,463 | bf16_mfu: 47.39 | epoch: 1 | total time: 10.00m | eta: 355.2m
step 00130/04357 (2.98%) | loss: 4.926990 | lrm: 1.00 | dt: 15281.12ms | tok/sec: 68,619 | bf16_mfu: 12.34 | epoch: 1 | total time: 10.25m | eta: 361.2m
step 00131/04357 (3.01%) | loss: 4.919122 | lrm: 1.00 | dt: 3932.20ms | tok/sec: 266,664 | bf16_mfu: 47.97 | epoch: 1 | total time: 10.32m | eta: 360.4m
step 00132/04357 (3.03%) | loss: 4.903507 | lrm: 1.00 | dt: 3936.61ms | tok/sec: 266,365 | bf16_mfu: 47.92 | epoch: 1 | total time: 10.38m | eta: 359.6m
step 00133/04357 (3.05%) | loss: 4.889706 | lrm: 1.00 | dt: 3946.99ms | tok/sec: 265,665 | bf16_mfu: 47.79 | epoch: 1 | total time: 10.45m | eta: 358.9m
step 00134/04357 (3.08%) | loss: 4.873380 | lrm: 1.00 | dt: 3954.72ms | tok/sec: 265,145 | bf16_mfu: 47.70 | epoch: 1 | total time: 10.52m | eta: 358.1m
step 00135/04357 (3.10%) | loss: 4.828617 | lrm: 1.00 | dt: 3951.89ms | tok/sec: 265,335 | bf16_mfu: 47.73 | epoch: 1 | total time: 10.58m | eta: 357.4m
step 00136/04357 (3.12%) | loss: 4.805242 | lrm: 1.00 | dt: 3961.80ms | tok/sec: 264,671 | bf16_mfu: 47.61 | epoch: 1 | total time: 10.65m | eta: 356.7m
step 00137/04357 (3.14%) | loss: 4.804574 | lrm: 1.00 | dt: 3956.96ms | tok/sec: 264,995 | bf16_mfu: 47.67 | epoch: 1 | total time: 10.71m | eta: 356.0m
step 00138/04357 (3.17%) | loss: 4.786914 | lrm: 1.00 | dt: 3961.58ms | tok/sec: 264,686 | bf16_mfu: 47.61 | epoch: 1 | total time: 10.78m | eta: 355.3m
step 00139/04357 (3.19%) | loss: 4.761255 | lrm: 1.00 | dt: 3972.67ms | tok/sec: 263,947 | bf16_mfu: 47.48 | epoch: 1 | total time: 10.85m | eta: 354.6m
step 00140/04357 (3.21%) | loss: 4.739986 | lrm: 1.00 | dt: 15255.90ms | tok/sec: 68,732 | bf16_mfu: 12.36 | epoch: 1 | total time: 11.10m | eta: 360.1m
step 00141/04357 (3.24%) | loss: 4.730896 | lrm: 1.00 | dt: 3925.66ms | tok/sec: 267,108 | bf16_mfu: 48.05 | epoch: 1 | total time: 11.17m | eta: 359.4m
step 00142/04357 (3.26%) | loss: 4.726902 | lrm: 1.00 | dt: 3935.35ms | tok/sec: 266,450 | bf16_mfu: 47.93 | epoch: 1 | total time: 11.23m | eta: 358.6m
step 00143/04357 (3.28%) | loss: 4.702422 | lrm: 1.00 | dt: 3950.56ms | tok/sec: 265,424 | bf16_mfu: 47.75 | epoch: 1 | total time: 11.30m | eta: 357.9m
step 00144/04357 (3.31%) | loss: 4.691224 | lrm: 1.00 | dt: 3951.69ms | tok/sec: 265,349 | bf16_mfu: 47.73 | epoch: 1 | total time: 11.36m | eta: 357.3m
step 00145/04357 (3.33%) | loss: 4.655370 | lrm: 1.00 | dt: 3951.78ms | tok/sec: 265,342 | bf16_mfu: 47.73 | epoch: 1 | total time: 11.43m | eta: 356.6m
step 00146/04357 (3.35%) | loss: 4.650126 | lrm: 1.00 | dt: 3959.90ms | tok/sec: 264,798 | bf16_mfu: 47.64 | epoch: 1 | total time: 11.50m | eta: 355.9m
step 00147/04357 (3.37%) | loss: 4.636111 | lrm: 1.00 | dt: 3964.44ms | tok/sec: 264,495 | bf16_mfu: 47.58 | epoch: 1 | total time: 11.56m | eta: 355.3m
step 00148/04357 (3.40%) | loss: 4.635930 | lrm: 1.00 | dt: 3970.87ms | tok/sec: 264,067 | bf16_mfu: 47.50 | epoch: 1 | total time: 11.63m | eta: 354.6m
step 00149/04357 (3.42%) | loss: 4.613333 | lrm: 1.00 | dt: 3974.63ms | tok/sec: 263,817 | bf16_mfu: 47.46 | epoch: 1 | total time: 11.69m | eta: 354.0m
step 00150/04357 (3.44%) | loss: 4.588175 | lrm: 1.00 | dt: 15218.16ms | tok/sec: 68,902 | bf16_mfu: 12.40 | epoch: 1 | total time: 11.95m | eta: 359.0m
step 00151/04357 (3.47%) | loss: 4.572917 | lrm: 1.00 | dt: 3911.18ms | tok/sec: 268,096 | bf16_mfu: 48.23 | epoch: 1 | total time: 12.01m | eta: 358.3m
step 00152/04357 (3.49%) | loss: 4.558275 | lrm: 1.00 | dt: 3941.81ms | tok/sec: 266,013 | bf16_mfu: 47.85 | epoch: 1 | total time: 12.08m | eta: 357.7m
step 00153/04357 (3.51%) | loss: 4.538962 | lrm: 1.00 | dt: 3937.92ms | tok/sec: 266,276 | bf16_mfu: 47.90 | epoch: 1 | total time: 12.14m | eta: 357.0m
step 00154/04357 (3.53%) | loss: 4.532527 | lrm: 1.00 | dt: 3954.81ms | tok/sec: 265,139 | bf16_mfu: 47.70 | epoch: 1 | total time: 12.21m | eta: 356.4m
step 00155/04357 (3.56%) | loss: 4.522464 | lrm: 1.00 | dt: 3954.44ms | tok/sec: 265,164 | bf16_mfu: 47.70 | epoch: 1 | total time: 12.28m | eta: 355.7m
step 00156/04357 (3.58%) | loss: 4.522593 | lrm: 1.00 | dt: 3965.17ms | tok/sec: 264,446 | bf16_mfu: 47.57 | epoch: 1 | total time: 12.34m | eta: 355.1m
step 00157/04357 (3.60%) | loss: 4.506508 | lrm: 1.00 | dt: 3958.75ms | tok/sec: 264,875 | bf16_mfu: 47.65 | epoch: 1 | total time: 12.41m | eta: 354.5m
step 00158/04357 (3.63%) | loss: 4.486897 | lrm: 1.00 | dt: 3971.96ms | tok/sec: 263,994 | bf16_mfu: 47.49 | epoch: 1 | total time: 12.47m | eta: 353.9m
step 00159/04357 (3.65%) | loss: 4.461126 | lrm: 1.00 | dt: 3970.66ms | tok/sec: 264,081 | bf16_mfu: 47.51 | epoch: 1 | total time: 12.54m | eta: 353.3m
step 00160/04357 (3.67%) | loss: 4.439977 | lrm: 1.00 | dt: 15188.48ms | tok/sec: 69,037 | bf16_mfu: 12.42 | epoch: 1 | total time: 12.79m | eta: 358.0m
step 00161/04357 (3.70%) | loss: 4.440364 | lrm: 1.00 | dt: 3931.25ms | tok/sec: 266,728 | bf16_mfu: 47.98 | epoch: 1 | total time: 12.86m | eta: 357.3m
step 00162/04357 (3.72%) | loss: 4.430390 | lrm: 1.00 | dt: 3929.15ms | tok/sec: 266,871 | bf16_mfu: 48.01 | epoch: 1 | total time: 12.92m | eta: 356.7m
step 00163/04357 (3.74%) | loss: 4.394193 | lrm: 1.00 | dt: 3939.49ms | tok/sec: 266,170 | bf16_mfu: 47.88 | epoch: 1 | total time: 12.99m | eta: 356.1m
step 00164/04357 (3.76%) | loss: 4.398000 | lrm: 1.00 | dt: 3951.59ms | tok/sec: 265,355 | bf16_mfu: 47.74 | epoch: 1 | total time: 13.06m | eta: 355.5m
step 00165/04357 (3.79%) | loss: 4.389763 | lrm: 1.00 | dt: 3959.84ms | tok/sec: 264,802 | bf16_mfu: 47.64 | epoch: 1 | total time: 13.12m | eta: 354.9m
step 00166/04357 (3.81%) | loss: 4.382369 | lrm: 1.00 | dt: 3956.34ms | tok/sec: 265,036 | bf16_mfu: 47.68 | epoch: 1 | total time: 13.19m | eta: 354.3m
step 00167/04357 (3.83%) | loss: 4.347587 | lrm: 1.00 | dt: 3966.68ms | tok/sec: 264,346 | bf16_mfu: 47.55 | epoch: 1 | total time: 13.25m | eta: 353.7m
step 00168/04357 (3.86%) | loss: 4.330677 | lrm: 1.00 | dt: 3976.35ms | tok/sec: 263,702 | bf16_mfu: 47.44 | epoch: 1 | total time: 13.32m | eta: 353.1m
step 00169/04357 (3.88%) | loss: 4.311945 | lrm: 1.00 | dt: 3971.94ms | tok/sec: 263,996 | bf16_mfu: 47.49 | epoch: 1 | total time: 13.39m | eta: 352.6m
step 00170/04357 (3.90%) | loss: 4.291078 | lrm: 1.00 | dt: 15163.64ms | tok/sec: 69,150 | bf16_mfu: 12.44 | epoch: 1 | total time: 13.64m | eta: 356.9m
step 00171/04357 (3.92%) | loss: 4.281807 | lrm: 1.00 | dt: 3920.44ms | tok/sec: 267,463 | bf16_mfu: 48.11 | epoch: 1 | total time: 13.70m | eta: 356.3m
step 00172/04357 (3.95%) | loss: 4.269031 | lrm: 1.00 | dt: 3937.45ms | tok/sec: 266,308 | bf16_mfu: 47.91 | epoch: 1 | total time: 13.77m | eta: 355.7m
step 00173/04357 (3.97%) | loss: 4.245832 | lrm: 1.00 | dt: 3935.88ms | tok/sec: 266,414 | bf16_mfu: 47.93 | epoch: 1 | total time: 13.84m | eta: 355.1m
step 00174/04357 (3.99%) | loss: 4.241509 | lrm: 1.00 | dt: 3947.54ms | tok/sec: 265,627 | bf16_mfu: 47.78 | epoch: 1 | total time: 13.90m | eta: 354.6m
step 00175/04357 (4.02%) | loss: 4.230243 | lrm: 1.00 | dt: 3951.99ms | tok/sec: 265,328 | bf16_mfu: 47.73 | epoch: 1 | total time: 13.97m | eta: 354.0m
step 00176/04357 (4.04%) | loss: 4.219547 | lrm: 1.00 | dt: 3972.51ms | tok/sec: 263,957 | bf16_mfu: 47.48 | epoch: 1 | total time: 14.03m | eta: 353.5m
step 00177/04357 (4.06%) | loss: 4.198477 | lrm: 1.00 | dt: 3966.58ms | tok/sec: 264,352 | bf16_mfu: 47.55 | epoch: 1 | total time: 14.10m | eta: 352.9m
step 00178/04357 (4.09%) | loss: 4.188358 | lrm: 1.00 | dt: 3969.38ms | tok/sec: 264,166 | bf16_mfu: 47.52 | epoch: 1 | total time: 14.17m | eta: 352.4m
step 00179/04357 (4.11%) | loss: 4.185907 | lrm: 1.00 | dt: 3967.88ms | tok/sec: 264,265 | bf16_mfu: 47.54 | epoch: 1 | total time: 14.23m | eta: 351.8m
step 00180/04357 (4.13%) | loss: 4.167038 | lrm: 1.00 | dt: 15201.67ms | tok/sec: 68,977 | bf16_mfu: 12.41 | epoch: 1 | total time: 14.49m | eta: 355.9m
step 00181/04357 (4.15%) | loss: 4.157494 | lrm: 1.00 | dt: 3919.11ms | tok/sec: 267,554 | bf16_mfu: 48.13 | epoch: 1 | total time: 14.55m | eta: 355.3m
step 00182/04357 (4.18%) | loss: 4.144100 | lrm: 1.00 | dt: 3927.49ms | tok/sec: 266,983 | bf16_mfu: 48.03 | epoch: 1 | total time: 14.62m | eta: 354.8m
step 00183/04357 (4.20%) | loss: 4.133312 | lrm: 1.00 | dt: 3937.26ms | tok/sec: 266,321 | bf16_mfu: 47.91 | epoch: 1 | total time: 14.68m | eta: 354.2m
step 00184/04357 (4.22%) | loss: 4.125362 | lrm: 1.00 | dt: 3945.19ms | tok/sec: 265,785 | bf16_mfu: 47.81 | epoch: 1 | total time: 14.75m | eta: 353.7m
step 00185/04357 (4.25%) | loss: 4.128956 | lrm: 1.00 | dt: 3944.45ms | tok/sec: 265,835 | bf16_mfu: 47.82 | epoch: 1 | total time: 14.81m | eta: 353.1m
step 00186/04357 (4.27%) | loss: 4.113002 | lrm: 1.00 | dt: 3953.28ms | tok/sec: 265,242 | bf16_mfu: 47.71 | epoch: 1 | total time: 14.88m | eta: 352.6m
step 00187/04357 (4.29%) | loss: 4.095585 | lrm: 1.00 | dt: 3956.13ms | tok/sec: 265,051 | bf16_mfu: 47.68 | epoch: 1 | total time: 14.94m | eta: 352.1m
step 00188/04357 (4.31%) | loss: 4.089670 | lrm: 1.00 | dt: 3967.18ms | tok/sec: 264,312 | bf16_mfu: 47.55 | epoch: 1 | total time: 15.01m | eta: 351.6m
step 00189/04357 (4.34%) | loss: 4.062370 | lrm: 1.00 | dt: 3970.02ms | tok/sec: 264,123 | bf16_mfu: 47.51 | epoch: 1 | total time: 15.08m | eta: 351.1m
step 00190/04357 (4.36%) | loss: 4.071014 | lrm: 1.00 | dt: 15186.81ms | tok/sec: 69,045 | bf16_mfu: 12.42 | epoch: 1 | total time: 15.33m | eta: 354.9m
step 00191/04357 (4.38%) | loss: 4.053549 | lrm: 1.00 | dt: 3927.66ms | tok/sec: 266,971 | bf16_mfu: 48.03 | epoch: 1 | total time: 15.40m | eta: 354.4m
step 00192/04357 (4.41%) | loss: 4.055632 | lrm: 1.00 | dt: 3933.31ms | tok/sec: 266,588 | bf16_mfu: 47.96 | epoch: 1 | total time: 15.46m | eta: 353.8m
step 00193/04357 (4.43%) | loss: 4.050686 | lrm: 1.00 | dt: 3941.85ms | tok/sec: 266,010 | bf16_mfu: 47.85 | epoch: 1 | total time: 15.53m | eta: 353.3m
step 00194/04357 (4.45%) | loss: 4.051650 | lrm: 1.00 | dt: 3949.41ms | tok/sec: 265,501 | bf16_mfu: 47.76 | epoch: 1 | total time: 15.59m | eta: 352.8m
step 00195/04357 (4.48%) | loss: 4.030895 | lrm: 1.00 | dt: 3958.09ms | tok/sec: 264,919 | bf16_mfu: 47.66 | epoch: 1 | total time: 15.66m | eta: 352.3m
step 00196/04357 (4.50%) | loss: 4.018924 | lrm: 1.00 | dt: 3959.94ms | tok/sec: 264,795 | bf16_mfu: 47.63 | epoch: 1 | total time: 15.72m | eta: 351.8m
step 00197/04357 (4.52%) | loss: 4.016962 | lrm: 1.00 | dt: 3965.10ms | tok/sec: 264,451 | bf16_mfu: 47.57 | epoch: 1 | total time: 15.79m | eta: 351.3m
step 00198/04357 (4.54%) | loss: 4.001466 | lrm: 1.00 | dt: 3967.10ms | tok/sec: 264,318 | bf16_mfu: 47.55 | epoch: 1 | total time: 15.86m | eta: 350.8m
step 00199/04357 (4.57%) | loss: 3.980460 | lrm: 1.00 | dt: 3968.87ms | tok/sec: 264,200 | bf16_mfu: 47.53 | epoch: 1 | total time: 15.92m | eta: 350.3m
step 00200/04357 (4.59%) | loss: 3.966005 | lrm: 1.00 | dt: 15185.13ms | tok/sec: 69,052 | bf16_mfu: 12.42 | epoch: 1 | total time: 16.18m | eta: 353.9m
step 00201/04357 (4.61%) | loss: 3.976555 | lrm: 1.00 | dt: 3918.83ms | tok/sec: 267,573 | bf16_mfu: 48.13 | epoch: 1 | total time: 16.24m | eta: 353.4m
step 00202/04357 (4.64%) | loss: 3.967011 | lrm: 1.00 | dt: 3935.00ms | tok/sec: 266,474 | bf16_mfu: 47.94 | epoch: 1 | total time: 16.31m | eta: 352.9m
step 00203/04357 (4.66%) | loss: 3.957558 | lrm: 1.00 | dt: 3947.14ms | tok/sec: 265,654 | bf16_mfu: 47.79 | epoch: 1 | total time: 16.37m | eta: 352.4m
step 00204/04357 (4.68%) | loss: 3.956494 | lrm: 1.00 | dt: 3958.07ms | tok/sec: 264,920 | bf16_mfu: 47.66 | epoch: 1 | total time: 16.44m | eta: 351.9m
step 00205/04357 (4.71%) | loss: 3.944049 | lrm: 1.00 | dt: 3952.63ms | tok/sec: 265,285 | bf16_mfu: 47.72 | epoch: 1 | total time: 16.50m | eta: 351.4m
step 00206/04357 (4.73%) | loss: 3.928126 | lrm: 1.00 | dt: 3952.97ms | tok/sec: 265,262 | bf16_mfu: 47.72 | epoch: 1 | total time: 16.57m | eta: 350.9m
step 00207/04357 (4.75%) | loss: 3.927685 | lrm: 1.00 | dt: 3959.51ms | tok/sec: 264,824 | bf16_mfu: 47.64 | epoch: 1 | total time: 16.64m | eta: 350.5m
step 00208/04357 (4.77%) | loss: 3.922663 | lrm: 1.00 | dt: 3953.04ms | tok/sec: 265,258 | bf16_mfu: 47.72 | epoch: 1 | total time: 16.70m | eta: 350.0m
step 00209/04357 (4.80%) | loss: 3.922105 | lrm: 1.00 | dt: 3968.37ms | tok/sec: 264,233 | bf16_mfu: 47.53 | epoch: 1 | total time: 16.77m | eta: 349.5m
step 00210/04357 (4.82%) | loss: 3.912997 | lrm: 1.00 | dt: 15185.15ms | tok/sec: 69,052 | bf16_mfu: 12.42 | epoch: 1 | total time: 17.02m | eta: 352.9m
step 00211/04357 (4.84%) | loss: 3.901335 | lrm: 1.00 | dt: 3914.21ms | tok/sec: 267,889 | bf16_mfu: 48.19 | epoch: 1 | total time: 17.09m | eta: 352.5m
step 00212/04357 (4.87%) | loss: 3.894366 | lrm: 1.00 | dt: 3935.84ms | tok/sec: 266,417 | bf16_mfu: 47.93 | epoch: 1 | total time: 17.15m | eta: 352.0m
step 00213/04357 (4.89%) | loss: 3.883734 | lrm: 1.00 | dt: 3933.52ms | tok/sec: 266,574 | bf16_mfu: 47.95 | epoch: 1 | total time: 17.22m | eta: 351.5m
step 00214/04357 (4.91%) | loss: 3.872403 | lrm: 1.00 | dt: 3942.16ms | tok/sec: 265,990 | bf16_mfu: 47.85 | epoch: 1 | total time: 17.28m | eta: 351.0m
step 00215/04357 (4.93%) | loss: 3.867944 | lrm: 1.00 | dt: 3942.32ms | tok/sec: 265,979 | bf16_mfu: 47.85 | epoch: 1 | total time: 17.35m | eta: 350.5m
step 00216/04357 (4.96%) | loss: 3.858507 | lrm: 1.00 | dt: 3950.95ms | tok/sec: 265,398 | bf16_mfu: 47.74 | epoch: 1 | total time: 17.42m | eta: 350.1m
step 00217/04357 (4.98%) | loss: 3.864829 | lrm: 1.00 | dt: 3954.04ms | tok/sec: 265,190 | bf16_mfu: 47.71 | epoch: 1 | total time: 17.48m | eta: 349.6m
step 00218/04357 (5.00%) | loss: 3.845883 | lrm: 1.00 | dt: 3955.43ms | tok/sec: 265,098 | bf16_mfu: 47.69 | epoch: 1 | total time: 17.55m | eta: 349.2m
step 00219/04357 (5.03%) | loss: 3.850880 | lrm: 1.00 | dt: 3963.03ms | tok/sec: 264,589 | bf16_mfu: 47.60 | epoch: 1 | total time: 17.61m | eta: 348.7m
step 00220/04357 (5.05%) | loss: 3.840731 | lrm: 1.00 | dt: 15214.39ms | tok/sec: 68,920 | bf16_mfu: 12.40 | epoch: 1 | total time: 17.87m | eta: 352.0m
step 00221/04357 (5.07%) | loss: 3.843286 | lrm: 1.00 | dt: 3908.71ms | tok/sec: 268,266 | bf16_mfu: 48.26 | epoch: 1 | total time: 17.93m | eta: 351.5m
step 00222/04357 (5.10%) | loss: 3.832773 | lrm: 1.00 | dt: 3921.28ms | tok/sec: 267,406 | bf16_mfu: 48.10 | epoch: 1 | total time: 18.00m | eta: 351.0m
step 00223/04357 (5.12%) | loss: 3.835340 | lrm: 1.00 | dt: 3928.85ms | tok/sec: 266,891 | bf16_mfu: 48.01 | epoch: 1 | total time: 18.06m | eta: 350.6m
step 00224/04357 (5.14%) | loss: 3.813874 | lrm: 1.00 | dt: 3929.58ms | tok/sec: 266,842 | bf16_mfu: 48.00 | epoch: 1 | total time: 18.13m | eta: 350.1m
step 00225/04357 (5.16%) | loss: 3.820093 | lrm: 1.00 | dt: 3950.06ms | tok/sec: 265,458 | bf16_mfu: 47.75 | epoch: 1 | total time: 18.19m | eta: 349.7m
step 00226/04357 (5.19%) | loss: 3.812261 | lrm: 1.00 | dt: 3938.43ms | tok/sec: 266,242 | bf16_mfu: 47.89 | epoch: 1 | total time: 18.26m | eta: 349.2m
step 00227/04357 (5.21%) | loss: 3.809969 | lrm: 1.00 | dt: 3958.77ms | tok/sec: 264,873 | bf16_mfu: 47.65 | epoch: 1 | total time: 18.33m | eta: 348.8m
step 00228/04357 (5.23%) | loss: 3.782612 | lrm: 1.00 | dt: 3951.17ms | tok/sec: 265,383 | bf16_mfu: 47.74 | epoch: 1 | total time: 18.39m | eta: 348.3m
step 00229/04357 (5.26%) | loss: 3.785944 | lrm: 1.00 | dt: 3965.93ms | tok/sec: 264,396 | bf16_mfu: 47.56 | epoch: 1 | total time: 18.46m | eta: 347.9m
step 00230/04357 (5.28%) | loss: 3.789150 | lrm: 1.00 | dt: 15181.73ms | tok/sec: 69,068 | bf16_mfu: 12.42 | epoch: 1 | total time: 18.71m | eta: 351.0m
step 00231/04357 (5.30%) | loss: 3.796864 | lrm: 1.00 | dt: 3914.80ms | tok/sec: 267,849 | bf16_mfu: 48.18 | epoch: 1 | total time: 18.78m | eta: 350.5m
step 00232/04357 (5.32%) | loss: 3.793136 | lrm: 1.00 | dt: 3916.23ms | tok/sec: 267,751 | bf16_mfu: 48.17 | epoch: 1 | total time: 18.84m | eta: 350.1m
step 00233/04357 (5.35%) | loss: 3.767368 | lrm: 1.00 | dt: 3930.96ms | tok/sec: 266,747 | bf16_mfu: 47.99 | epoch: 1 | total time: 18.91m | eta: 349.6m
step 00234/04357 (5.37%) | loss: 3.762987 | lrm: 1.00 | dt: 3916.56ms | tok/sec: 267,728 | bf16_mfu: 48.16 | epoch: 1 | total time: 18.97m | eta: 349.2m
step 00235/04357 (5.39%) | loss: 3.758490 | lrm: 1.00 | dt: 3943.17ms | tok/sec: 265,922 | bf16_mfu: 47.84 | epoch: 1 | total time: 19.04m | eta: 348.8m
step 00236/04357 (5.42%) | loss: 3.746652 | lrm: 1.00 | dt: 3940.19ms | tok/sec: 266,123 | bf16_mfu: 47.87 | epoch: 1 | total time: 19.10m | eta: 348.3m
step 00237/04357 (5.44%) | loss: 3.742665 | lrm: 1.00 | dt: 3952.99ms | tok/sec: 265,261 | bf16_mfu: 47.72 | epoch: 1 | total time: 19.17m | eta: 347.9m
step 00238/04357 (5.46%) | loss: 3.741957 | lrm: 1.00 | dt: 3952.65ms | tok/sec: 265,284 | bf16_mfu: 47.72 | epoch: 1 | total time: 19.24m | eta: 347.5m
step 00239/04357 (5.49%) | loss: 3.739168 | lrm: 1.00 | dt: 3958.91ms | tok/sec: 264,864 | bf16_mfu: 47.65 | epoch: 1 | total time: 19.30m | eta: 347.1m
step 00240/04357 (5.51%) | loss: 3.726815 | lrm: 1.00 | dt: 15221.77ms | tok/sec: 68,886 | bf16_mfu: 12.39 | epoch: 1 | total time: 19.55m | eta: 350.0m
step 00241/04357 (5.53%) | loss: 3.731069 | lrm: 1.00 | dt: 3896.63ms | tok/sec: 269,097 | bf16_mfu: 48.41 | epoch: 1 | total time: 19.62m | eta: 349.6m
step 00242/04357 (5.55%) | loss: 3.732440 | lrm: 1.00 | dt: 3916.66ms | tok/sec: 267,722 | bf16_mfu: 48.16 | epoch: 1 | total time: 19.69m | eta: 349.2m
step 00243/04357 (5.58%) | loss: 3.737158 | lrm: 1.00 | dt: 3932.92ms | tok/sec: 266,615 | bf16_mfu: 47.96 | epoch: 1 | total time: 19.75m | eta: 348.7m
step 00244/04357 (5.60%) | loss: 3.752259 | lrm: 1.00 | dt: 3929.92ms | tok/sec: 266,818 | bf16_mfu: 48.00 | epoch: 1 | total time: 19.82m | eta: 348.3m
