========================================
Job ID: 503910
Node: andreas-h100-1
GPUs: 2
Config: Trace Norm - Variant C (Fixed Frobenius)
Start Time: Tue Mar 10 01:58:34 PM EDT 2026
========================================
Tue Mar 10 13:58:34 2026       
+-----------------------------------------------------------------------------------------+
| NVIDIA-SMI 575.57.08              Driver Version: 575.57.08      CUDA Version: 12.9     |
|-----------------------------------------+------------------------+----------------------+
| GPU  Name                 Persistence-M | Bus-Id          Disp.A | Volatile Uncorr. ECC |
| Fan  Temp   Perf          Pwr:Usage/Cap |           Memory-Usage | GPU-Util  Compute M. |
|                                         |                        |               MIG M. |
|=========================================+========================+======================|
|   0  NVIDIA H100 NVL                On  |   00000000:A1:00.0 Off |                    0 |
| N/A   40C    P0             64W /  400W |       0MiB /  95830MiB |      0%      Default |
|                                         |                        |             Disabled |
+-----------------------------------------+------------------------+----------------------+
|   1  NVIDIA H100 NVL                On  |   00000000:C1:00.0 Off |                    0 |
| N/A   41C    P0             64W /  400W |       0MiB /  95830MiB |      0%      Default |
|                                         |                        |             Disabled |
+-----------------------------------------+------------------------+----------------------+
                                                                                         
+-----------------------------------------------------------------------------------------+
| Processes:                                                                              |
|  GPU   GI   CI              PID   Type   Process name                        GPU Memory |
|        ID   ID                                                               Usage      |
|=========================================================================================|
|  No running processes found                                                             |
+-----------------------------------------------------------------------------------------+
Newton-Schulz mode: baseline (5 iterations, 15 matmuls)

                                                       █████                █████
                                                      ░░███                ░░███
     ████████    ██████   ████████    ██████   ██████  ░███████    ██████  ███████
    ░░███░░███  ░░░░░███ ░░███░░███  ███░░███ ███░░███ ░███░░███  ░░░░░███░░░███░
     ░███ ░███   ███████  ░███ ░███ ░███ ░███░███ ░░░  ░███ ░███   ███████  ░███
     ░███ ░███  ███░░███  ░███ ░███ ░███ ░███░███  ███ ░███ ░███  ███░░███  ░███ ███
     ████ █████░░████████ ████ █████░░██████ ░░██████  ████ █████░░███████  ░░█████
    ░░░░ ░░░░░  ░░░░░░░░ ░░░░ ░░░░░  ░░░░░░   ░░░░░░  ░░░░ ░░░░░  ░░░░░░░░   ░░░░░
    
Newton-Schulz mode: baseline (5 iterations, 15 matmuls)
Autodetected device type: cuda
GPU: NVIDIA H100 NVL | Peak FLOPS (BF16): 8.35e+14
Using Flash Attention 3 (Hopper GPU detected)
Vocab size: 32,768
Model config:
{
  "sequence_len": 2048,
  "vocab_size": 32768,
  "n_layer": 20,
  "n_head": 10,
  "n_kv_head": 10,
  "n_embd": 1280,
  "window_pattern": "SSSL"
}
FP8 training enabled (tensorwise scaling) - converted 121 layers
[FixedFrobeniusConstraint] Median init Frobenius norm: 35.767906 (from 130 layers)
[FixedFrobeniusConstraint] Median init Frobenius norm: 35.767906 (from 130 layers)
[Variant C] Fixed Frobenius constraint: target=35.767906 for 130 layers
SV entropy tracking layers: ['transformer.h.0.attn.c_q.weight', 'transformer.h.0.mlp.c_fc.weight', 'transformer.h.10.attn.c_q.weight', 'transformer.h.10.mlp.c_fc.weight', 'transformer.h.19.attn.c_q.weight', 'transformer.h.19.mlp.c_fc.weight']
Parameter counts:
wte                     : 41,943,040
value_embeds            : 419,430,400
lm_head                 : 41,943,040
transformer_matrices    : 393,219,200
scalars                 : 40
total                   : 896,535,720
Estimated FLOPs per token: 3.004189e+09
Auto-computed optimal batch size: 1,048,576 tokens
Scaling LRs by 1.4142 for batch size 1,048,576 (reference: 524,288)
Scaling weight decay from 0.200000 to 0.071563 for depth 20
Scaling the LR for the AdamW parameters ∝1/√(1280/768) = 0.774597
Calculated number of iterations from target data:param ratio: 4,357
Total number of training tokens: 4,568,645,632
Tokens : Scaling params ratio: 10.50
Total training FLOPs estimate: 1.372508e+19
Total batch size 1,048,576 => gradient accumulation steps: 16
Logging initial spectral stats (step 0)...
Logged initial spectral stats for 130 layers, entropy for 6 layers
Step 00000 | Validation bpb: 3.172610
step 00000/04357 (0.00%) | loss: 10.398407 | lrm: 1.00 | dt: 40365.20ms | tok/sec: 25,977 | bf16_mfu: 4.67 | epoch: 1 | total time: 0.00m
step 00001/04357 (0.02%) | loss: 10.681660 | lrm: 1.00 | dt: 3853.21ms | tok/sec: 272,130 | bf16_mfu: 48.95 | epoch: 1 | total time: 0.00m
step 00002/04357 (0.05%) | loss: 10.036121 | lrm: 1.00 | dt: 3788.36ms | tok/sec: 276,789 | bf16_mfu: 49.79 | epoch: 1 | total time: 0.00m
step 00003/04357 (0.07%) | loss: 9.544171 | lrm: 1.00 | dt: 3858.27ms | tok/sec: 271,773 | bf16_mfu: 48.89 | epoch: 1 | total time: 0.00m
step 00004/04357 (0.09%) | loss: 9.197579 | lrm: 1.00 | dt: 3892.48ms | tok/sec: 269,385 | bf16_mfu: 48.46 | epoch: 1 | total time: 0.00m
step 00005/04357 (0.11%) | loss: 8.931409 | lrm: 1.00 | dt: 3907.41ms | tok/sec: 268,355 | bf16_mfu: 48.27 | epoch: 1 | total time: 0.00m
step 00006/04357 (0.14%) | loss: 8.621379 | lrm: 1.00 | dt: 3926.70ms | tok/sec: 267,037 | bf16_mfu: 48.04 | epoch: 1 | total time: 0.00m
step 00007/04357 (0.16%) | loss: 8.338104 | lrm: 1.00 | dt: 3916.95ms | tok/sec: 267,702 | bf16_mfu: 48.16 | epoch: 1 | total time: 0.00m
step 00008/04357 (0.18%) | loss: 8.123219 | lrm: 1.00 | dt: 3932.12ms | tok/sec: 266,669 | bf16_mfu: 47.97 | epoch: 1 | total time: 0.00m
step 00009/04357 (0.21%) | loss: 7.918059 | lrm: 1.00 | dt: 3947.22ms | tok/sec: 265,649 | bf16_mfu: 47.79 | epoch: 1 | total time: 0.00m
step 00010/04357 (0.23%) | loss: 7.717660 | lrm: 1.00 | dt: 3951.89ms | tok/sec: 265,335 | bf16_mfu: 47.73 | epoch: 1 | total time: 0.00m
step 00011/04357 (0.25%) | loss: 7.542942 | lrm: 1.00 | dt: 3953.04ms | tok/sec: 265,258 | bf16_mfu: 47.72 | epoch: 1 | total time: 0.07m | eta: 286.3m
step 00012/04357 (0.28%) | loss: 7.376803 | lrm: 1.00 | dt: 3964.67ms | tok/sec: 264,479 | bf16_mfu: 47.58 | epoch: 1 | total time: 0.13m | eta: 286.7m
step 00013/04357 (0.30%) | loss: 7.232924 | lrm: 1.00 | dt: 3977.30ms | tok/sec: 263,639 | bf16_mfu: 47.43 | epoch: 1 | total time: 0.20m | eta: 287.1m
step 00014/04357 (0.32%) | loss: 7.113774 | lrm: 1.00 | dt: 3992.91ms | tok/sec: 262,609 | bf16_mfu: 47.24 | epoch: 1 | total time: 0.26m | eta: 287.5m
step 00015/04357 (0.34%) | loss: 6.990276 | lrm: 1.00 | dt: 3998.46ms | tok/sec: 262,245 | bf16_mfu: 47.18 | epoch: 1 | total time: 0.33m | eta: 287.8m
step 00016/04357 (0.37%) | loss: 6.895683 | lrm: 1.00 | dt: 3996.10ms | tok/sec: 262,399 | bf16_mfu: 47.20 | epoch: 1 | total time: 0.40m | eta: 288.0m
step 00017/04357 (0.39%) | loss: 6.795528 | lrm: 1.00 | dt: 4009.79ms | tok/sec: 261,504 | bf16_mfu: 47.04 | epoch: 1 | total time: 0.46m | eta: 288.2m
step 00018/04357 (0.41%) | loss: 6.696125 | lrm: 1.00 | dt: 4012.69ms | tok/sec: 261,314 | bf16_mfu: 47.01 | epoch: 1 | total time: 0.53m | eta: 288.4m
step 00019/04357 (0.44%) | loss: 6.618196 | lrm: 1.00 | dt: 4010.47ms | tok/sec: 261,459 | bf16_mfu: 47.03 | epoch: 1 | total time: 0.60m | eta: 288.5m
step 00020/04357 (0.46%) | loss: 6.539037 | lrm: 1.00 | dt: 4009.94ms | tok/sec: 261,494 | bf16_mfu: 47.04 | epoch: 1 | total time: 0.67m | eta: 288.6m
step 00021/04357 (0.48%) | loss: 6.472240 | lrm: 1.00 | dt: 4015.68ms | tok/sec: 261,120 | bf16_mfu: 46.97 | epoch: 1 | total time: 0.73m | eta: 288.7m
step 00022/04357 (0.50%) | loss: 6.416688 | lrm: 1.00 | dt: 4019.04ms | tok/sec: 260,902 | bf16_mfu: 46.93 | epoch: 1 | total time: 0.80m | eta: 288.8m
step 00023/04357 (0.53%) | loss: 6.361825 | lrm: 1.00 | dt: 4029.51ms | tok/sec: 260,224 | bf16_mfu: 46.81 | epoch: 1 | total time: 0.87m | eta: 288.9m
step 00024/04357 (0.55%) | loss: 6.296379 | lrm: 1.00 | dt: 4047.47ms | tok/sec: 259,069 | bf16_mfu: 46.60 | epoch: 1 | total time: 0.93m | eta: 289.1m
step 00025/04357 (0.57%) | loss: 6.255088 | lrm: 1.00 | dt: 4015.31ms | tok/sec: 261,144 | bf16_mfu: 46.98 | epoch: 1 | total time: 1.00m | eta: 289.1m
step 00026/04357 (0.60%) | loss: 6.212519 | lrm: 1.00 | dt: 4035.04ms | tok/sec: 259,867 | bf16_mfu: 46.75 | epoch: 1 | total time: 1.07m | eta: 289.1m
step 00027/04357 (0.62%) | loss: 6.176409 | lrm: 1.00 | dt: 4038.63ms | tok/sec: 259,636 | bf16_mfu: 46.71 | epoch: 1 | total time: 1.14m | eta: 289.2m
step 00028/04357 (0.64%) | loss: 6.139011 | lrm: 1.00 | dt: 4036.11ms | tok/sec: 259,798 | bf16_mfu: 46.74 | epoch: 1 | total time: 1.20m | eta: 289.2m
step 00029/04357 (0.67%) | loss: 6.111619 | lrm: 1.00 | dt: 4034.03ms | tok/sec: 259,932 | bf16_mfu: 46.76 | epoch: 1 | total time: 1.27m | eta: 289.3m
step 00030/04357 (0.69%) | loss: 6.087006 | lrm: 1.00 | dt: 4043.45ms | tok/sec: 259,326 | bf16_mfu: 46.65 | epoch: 1 | total time: 1.34m | eta: 289.3m
step 00031/04357 (0.71%) | loss: 6.059871 | lrm: 1.00 | dt: 4049.02ms | tok/sec: 258,970 | bf16_mfu: 46.59 | epoch: 1 | total time: 1.40m | eta: 289.4m
step 00032/04357 (0.73%) | loss: 6.039287 | lrm: 1.00 | dt: 4053.89ms | tok/sec: 258,659 | bf16_mfu: 46.53 | epoch: 1 | total time: 1.47m | eta: 289.5m
step 00033/04357 (0.76%) | loss: 6.013688 | lrm: 1.00 | dt: 4049.54ms | tok/sec: 258,937 | bf16_mfu: 46.58 | epoch: 1 | total time: 1.54m | eta: 289.5m
step 00034/04357 (0.78%) | loss: 5.977026 | lrm: 1.00 | dt: 4058.13ms | tok/sec: 258,388 | bf16_mfu: 46.48 | epoch: 1 | total time: 1.61m | eta: 289.6m
step 00035/04357 (0.80%) | loss: 5.962529 | lrm: 1.00 | dt: 4054.36ms | tok/sec: 258,629 | bf16_mfu: 46.53 | epoch: 1 | total time: 1.68m | eta: 289.6m
step 00036/04357 (0.83%) | loss: 5.945963 | lrm: 1.00 | dt: 4049.18ms | tok/sec: 258,959 | bf16_mfu: 46.58 | epoch: 1 | total time: 1.74m | eta: 289.6m
step 00037/04357 (0.85%) | loss: 5.918948 | lrm: 1.00 | dt: 4051.91ms | tok/sec: 258,785 | bf16_mfu: 46.55 | epoch: 1 | total time: 1.81m | eta: 289.6m
step 00038/04357 (0.87%) | loss: 5.898553 | lrm: 1.00 | dt: 4052.34ms | tok/sec: 258,758 | bf16_mfu: 46.55 | epoch: 1 | total time: 1.88m | eta: 289.6m
step 00039/04357 (0.90%) | loss: 5.880890 | lrm: 1.00 | dt: 4050.83ms | tok/sec: 258,854 | bf16_mfu: 46.57 | epoch: 1 | total time: 1.95m | eta: 289.6m
step 00040/04357 (0.92%) | loss: 5.859350 | lrm: 1.00 | dt: 4059.74ms | tok/sec: 258,286 | bf16_mfu: 46.46 | epoch: 1 | total time: 2.01m | eta: 289.6m
step 00041/04357 (0.94%) | loss: 5.842170 | lrm: 1.00 | dt: 4052.32ms | tok/sec: 258,759 | bf16_mfu: 46.55 | epoch: 1 | total time: 2.08m | eta: 289.6m
step 00042/04357 (0.96%) | loss: 5.818424 | lrm: 1.00 | dt: 4053.04ms | tok/sec: 258,713 | bf16_mfu: 46.54 | epoch: 1 | total time: 2.15m | eta: 289.6m
step 00043/04357 (0.99%) | loss: 5.800333 | lrm: 1.00 | dt: 4053.85ms | tok/sec: 258,661 | bf16_mfu: 46.53 | epoch: 1 | total time: 2.22m | eta: 289.6m
step 00044/04357 (1.01%) | loss: 5.783906 | lrm: 1.00 | dt: 4050.67ms | tok/sec: 258,864 | bf16_mfu: 46.57 | epoch: 1 | total time: 2.28m | eta: 289.6m
step 00045/04357 (1.03%) | loss: 5.753926 | lrm: 1.00 | dt: 4058.45ms | tok/sec: 258,368 | bf16_mfu: 46.48 | epoch: 1 | total time: 2.35m | eta: 289.6m
step 00046/04357 (1.06%) | loss: 5.744863 | lrm: 1.00 | dt: 4072.76ms | tok/sec: 257,460 | bf16_mfu: 46.32 | epoch: 1 | total time: 2.42m | eta: 289.6m
step 00047/04357 (1.08%) | loss: 5.721668 | lrm: 1.00 | dt: 4067.95ms | tok/sec: 257,765 | bf16_mfu: 46.37 | epoch: 1 | total time: 2.49m | eta: 289.6m
step 00048/04357 (1.10%) | loss: 5.702475 | lrm: 1.00 | dt: 4074.39ms | tok/sec: 257,357 | bf16_mfu: 46.30 | epoch: 1 | total time: 2.55m | eta: 289.6m
step 00049/04357 (1.12%) | loss: 5.678790 | lrm: 1.00 | dt: 4074.88ms | tok/sec: 257,326 | bf16_mfu: 46.29 | epoch: 1 | total time: 2.62m | eta: 289.6m
step 00050/04357 (1.15%) | loss: 5.669572 | lrm: 1.00 | dt: 4076.89ms | tok/sec: 257,200 | bf16_mfu: 46.27 | epoch: 1 | total time: 2.69m | eta: 289.7m
step 00051/04357 (1.17%) | loss: 5.648826 | lrm: 1.00 | dt: 4067.74ms | tok/sec: 257,778 | bf16_mfu: 46.37 | epoch: 1 | total time: 2.76m | eta: 289.6m
step 00052/04357 (1.19%) | loss: 5.630206 | lrm: 1.00 | dt: 4077.58ms | tok/sec: 257,156 | bf16_mfu: 46.26 | epoch: 1 | total time: 2.83m | eta: 289.6m
step 00053/04357 (1.22%) | loss: 5.600711 | lrm: 1.00 | dt: 4066.36ms | tok/sec: 257,865 | bf16_mfu: 46.39 | epoch: 1 | total time: 2.89m | eta: 289.6m
step 00054/04357 (1.24%) | loss: 5.570054 | lrm: 1.00 | dt: 4069.32ms | tok/sec: 257,678 | bf16_mfu: 46.35 | epoch: 1 | total time: 2.96m | eta: 289.6m
step 00055/04357 (1.26%) | loss: 5.557284 | lrm: 1.00 | dt: 4071.78ms | tok/sec: 257,522 | bf16_mfu: 46.33 | epoch: 1 | total time: 3.03m | eta: 289.6m
step 00056/04357 (1.29%) | loss: 5.542019 | lrm: 1.00 | dt: 4072.92ms | tok/sec: 257,450 | bf16_mfu: 46.31 | epoch: 1 | total time: 3.10m | eta: 289.6m
step 00057/04357 (1.31%) | loss: 5.509759 | lrm: 1.00 | dt: 4067.54ms | tok/sec: 257,791 | bf16_mfu: 46.37 | epoch: 1 | total time: 3.16m | eta: 289.6m
step 00058/04357 (1.33%) | loss: 5.489288 | lrm: 1.00 | dt: 4084.83ms | tok/sec: 256,699 | bf16_mfu: 46.18 | epoch: 1 | total time: 3.23m | eta: 289.6m
step 00059/04357 (1.35%) | loss: 5.470714 | lrm: 1.00 | dt: 4074.28ms | tok/sec: 257,364 | bf16_mfu: 46.30 | epoch: 1 | total time: 3.30m | eta: 289.5m
step 00060/04357 (1.38%) | loss: 5.445327 | lrm: 1.00 | dt: 4068.81ms | tok/sec: 257,710 | bf16_mfu: 46.36 | epoch: 1 | total time: 3.37m | eta: 289.5m
step 00061/04357 (1.40%) | loss: 5.433468 | lrm: 1.00 | dt: 4072.31ms | tok/sec: 257,489 | bf16_mfu: 46.32 | epoch: 1 | total time: 3.44m | eta: 289.5m
step 00062/04357 (1.42%) | loss: 5.414380 | lrm: 1.00 | dt: 4068.59ms | tok/sec: 257,724 | bf16_mfu: 46.36 | epoch: 1 | total time: 3.50m | eta: 289.5m
step 00063/04357 (1.45%) | loss: 5.404176 | lrm: 1.00 | dt: 4080.62ms | tok/sec: 256,965 | bf16_mfu: 46.23 | epoch: 1 | total time: 3.57m | eta: 289.4m
step 00064/04357 (1.47%) | loss: 5.388236 | lrm: 1.00 | dt: 4070.32ms | tok/sec: 257,615 | bf16_mfu: 46.34 | epoch: 1 | total time: 3.64m | eta: 289.4m
step 00065/04357 (1.49%) | loss: 5.372057 | lrm: 1.00 | dt: 4071.98ms | tok/sec: 257,510 | bf16_mfu: 46.32 | epoch: 1 | total time: 3.71m | eta: 289.4m
step 00066/04357 (1.51%) | loss: 5.362169 | lrm: 1.00 | dt: 4086.60ms | tok/sec: 256,588 | bf16_mfu: 46.16 | epoch: 1 | total time: 3.78m | eta: 289.4m
step 00067/04357 (1.54%) | loss: 5.342695 | lrm: 1.00 | dt: 4065.11ms | tok/sec: 257,945 | bf16_mfu: 46.40 | epoch: 1 | total time: 3.84m | eta: 289.3m
step 00068/04357 (1.56%) | loss: 5.336152 | lrm: 1.00 | dt: 4080.02ms | tok/sec: 257,002 | bf16_mfu: 46.23 | epoch: 1 | total time: 3.91m | eta: 289.3m
step 00069/04357 (1.58%) | loss: 5.315829 | lrm: 1.00 | dt: 4077.02ms | tok/sec: 257,191 | bf16_mfu: 46.27 | epoch: 1 | total time: 3.98m | eta: 289.3m
step 00070/04357 (1.61%) | loss: 5.307275 | lrm: 1.00 | dt: 4077.02ms | tok/sec: 257,191 | bf16_mfu: 46.27 | epoch: 1 | total time: 4.05m | eta: 289.2m
step 00071/04357 (1.63%) | loss: 5.291771 | lrm: 1.00 | dt: 4073.55ms | tok/sec: 257,411 | bf16_mfu: 46.31 | epoch: 1 | total time: 4.12m | eta: 289.2m
step 00072/04357 (1.65%) | loss: 5.278714 | lrm: 1.00 | dt: 4068.59ms | tok/sec: 257,724 | bf16_mfu: 46.36 | epoch: 1 | total time: 4.18m | eta: 289.1m
step 00073/04357 (1.68%) | loss: 5.268759 | lrm: 1.00 | dt: 4075.76ms | tok/sec: 257,271 | bf16_mfu: 46.28 | epoch: 1 | total time: 4.25m | eta: 289.1m
step 00074/04357 (1.70%) | loss: 5.241787 | lrm: 1.00 | dt: 4079.81ms | tok/sec: 257,015 | bf16_mfu: 46.23 | epoch: 1 | total time: 4.32m | eta: 289.1m
step 00075/04357 (1.72%) | loss: 5.226098 | lrm: 1.00 | dt: 4067.73ms | tok/sec: 257,779 | bf16_mfu: 46.37 | epoch: 1 | total time: 4.39m | eta: 289.0m
step 00076/04357 (1.74%) | loss: 5.211249 | lrm: 1.00 | dt: 4071.16ms | tok/sec: 257,561 | bf16_mfu: 46.33 | epoch: 1 | total time: 4.46m | eta: 289.0m
step 00077/04357 (1.77%) | loss: 5.192805 | lrm: 1.00 | dt: 4075.70ms | tok/sec: 257,275 | bf16_mfu: 46.28 | epoch: 1 | total time: 4.52m | eta: 288.9m
step 00078/04357 (1.79%) | loss: 5.174477 | lrm: 1.00 | dt: 4079.53ms | tok/sec: 257,033 | bf16_mfu: 46.24 | epoch: 1 | total time: 4.59m | eta: 288.9m
step 00079/04357 (1.81%) | loss: 5.153108 | lrm: 1.00 | dt: 4083.57ms | tok/sec: 256,779 | bf16_mfu: 46.19 | epoch: 1 | total time: 4.66m | eta: 288.9m
step 00080/04357 (1.84%) | loss: 5.131584 | lrm: 1.00 | dt: 4079.06ms | tok/sec: 257,062 | bf16_mfu: 46.24 | epoch: 1 | total time: 4.73m | eta: 288.8m
step 00081/04357 (1.86%) | loss: 5.102799 | lrm: 1.00 | dt: 4081.12ms | tok/sec: 256,933 | bf16_mfu: 46.22 | epoch: 1 | total time: 4.80m | eta: 288.8m
step 00082/04357 (1.88%) | loss: 5.091865 | lrm: 1.00 | dt: 4077.45ms | tok/sec: 257,164 | bf16_mfu: 46.26 | epoch: 1 | total time: 4.86m | eta: 288.7m
step 00083/04357 (1.90%) | loss: 5.069219 | lrm: 1.00 | dt: 4086.31ms | tok/sec: 256,607 | bf16_mfu: 46.16 | epoch: 1 | total time: 4.93m | eta: 288.7m
step 00084/04357 (1.93%) | loss: 5.077290 | lrm: 1.00 | dt: 4080.97ms | tok/sec: 256,943 | bf16_mfu: 46.22 | epoch: 1 | total time: 5.00m | eta: 288.7m
step 00085/04357 (1.95%) | loss: 5.065761 | lrm: 1.00 | dt: 4084.07ms | tok/sec: 256,747 | bf16_mfu: 46.19 | epoch: 1 | total time: 5.07m | eta: 288.6m
step 00086/04357 (1.97%) | loss: 5.061559 | lrm: 1.00 | dt: 4078.97ms | tok/sec: 257,068 | bf16_mfu: 46.24 | epoch: 1 | total time: 5.14m | eta: 288.6m
step 00087/04357 (2.00%) | loss: 5.042425 | lrm: 1.00 | dt: 4069.99ms | tok/sec: 257,636 | bf16_mfu: 46.35 | epoch: 1 | total time: 5.20m | eta: 288.5m
step 00088/04357 (2.02%) | loss: 5.035321 | lrm: 1.00 | dt: 4081.13ms | tok/sec: 256,933 | bf16_mfu: 46.22 | epoch: 1 | total time: 5.27m | eta: 288.5m
step 00089/04357 (2.04%) | loss: 5.032510 | lrm: 1.00 | dt: 4084.63ms | tok/sec: 256,712 | bf16_mfu: 46.18 | epoch: 1 | total time: 5.34m | eta: 288.5m
step 00090/04357 (2.07%) | loss: 5.016696 | lrm: 1.00 | dt: 4074.95ms | tok/sec: 257,322 | bf16_mfu: 46.29 | epoch: 1 | total time: 5.41m | eta: 288.4m
step 00091/04357 (2.09%) | loss: 4.998753 | lrm: 1.00 | dt: 4073.54ms | tok/sec: 257,411 | bf16_mfu: 46.31 | epoch: 1 | total time: 5.48m | eta: 288.4m
step 00092/04357 (2.11%) | loss: 4.967488 | lrm: 1.00 | dt: 4068.87ms | tok/sec: 257,707 | bf16_mfu: 46.36 | epoch: 1 | total time: 5.54m | eta: 288.3m
step 00093/04357 (2.13%) | loss: 4.953401 | lrm: 1.00 | dt: 4078.45ms | tok/sec: 257,101 | bf16_mfu: 46.25 | epoch: 1 | total time: 5.61m | eta: 288.2m
step 00094/04357 (2.16%) | loss: 4.932882 | lrm: 1.00 | dt: 4088.65ms | tok/sec: 256,460 | bf16_mfu: 46.14 | epoch: 1 | total time: 5.68m | eta: 288.2m
step 00095/04357 (2.18%) | loss: 4.927217 | lrm: 1.00 | dt: 4076.46ms | tok/sec: 257,226 | bf16_mfu: 46.27 | epoch: 1 | total time: 5.75m | eta: 288.2m
step 00096/04357 (2.20%) | loss: 4.897775 | lrm: 1.00 | dt: 4093.68ms | tok/sec: 256,145 | bf16_mfu: 46.08 | epoch: 1 | total time: 5.82m | eta: 288.1m
step 00097/04357 (2.23%) | loss: 4.868145 | lrm: 1.00 | dt: 4085.49ms | tok/sec: 256,658 | bf16_mfu: 46.17 | epoch: 1 | total time: 5.88m | eta: 288.1m
step 00098/04357 (2.25%) | loss: 4.861897 | lrm: 1.00 | dt: 4088.45ms | tok/sec: 256,472 | bf16_mfu: 46.14 | epoch: 1 | total time: 5.95m | eta: 288.0m
step 00099/04357 (2.27%) | loss: 4.851146 | lrm: 1.00 | dt: 4083.43ms | tok/sec: 256,787 | bf16_mfu: 46.19 | epoch: 1 | total time: 6.02m | eta: 288.0m
step 00100/04357 (2.30%) | loss: 4.837153 | lrm: 1.00 | dt: 4085.63ms | tok/sec: 256,649 | bf16_mfu: 46.17 | epoch: 1 | total time: 6.09m | eta: 287.9m
step 00101/04357 (2.32%) | loss: 4.825446 | lrm: 1.00 | dt: 4086.56ms | tok/sec: 256,591 | bf16_mfu: 46.16 | epoch: 1 | total time: 6.16m | eta: 287.9m
step 00102/04357 (2.34%) | loss: 4.820046 | lrm: 1.00 | dt: 4090.04ms | tok/sec: 256,373 | bf16_mfu: 46.12 | epoch: 1 | total time: 6.22m | eta: 287.9m
step 00103/04357 (2.36%) | loss: 4.799957 | lrm: 1.00 | dt: 4075.38ms | tok/sec: 257,295 | bf16_mfu: 46.29 | epoch: 1 | total time: 6.29m | eta: 287.8m
step 00104/04357 (2.39%) | loss: 4.786619 | lrm: 1.00 | dt: 4075.65ms | tok/sec: 257,278 | bf16_mfu: 46.28 | epoch: 1 | total time: 6.36m | eta: 287.7m
step 00105/04357 (2.41%) | loss: 4.767482 | lrm: 1.00 | dt: 4081.78ms | tok/sec: 256,891 | bf16_mfu: 46.21 | epoch: 1 | total time: 6.43m | eta: 287.7m
step 00106/04357 (2.43%) | loss: 4.749079 | lrm: 1.00 | dt: 4080.42ms | tok/sec: 256,977 | bf16_mfu: 46.23 | epoch: 1 | total time: 6.50m | eta: 287.6m
step 00107/04357 (2.46%) | loss: 4.730147 | lrm: 1.00 | dt: 4093.43ms | tok/sec: 256,160 | bf16_mfu: 46.08 | epoch: 1 | total time: 6.56m | eta: 287.6m
step 00108/04357 (2.48%) | loss: 4.731121 | lrm: 1.00 | dt: 4081.40ms | tok/sec: 256,915 | bf16_mfu: 46.22 | epoch: 1 | total time: 6.63m | eta: 287.5m
step 00109/04357 (2.50%) | loss: 4.716813 | lrm: 1.00 | dt: 4084.01ms | tok/sec: 256,751 | bf16_mfu: 46.19 | epoch: 1 | total time: 6.70m | eta: 287.5m
step 00110/04357 (2.52%) | loss: 4.703394 | lrm: 1.00 | dt: 4081.26ms | tok/sec: 256,924 | bf16_mfu: 46.22 | epoch: 1 | total time: 6.77m | eta: 287.4m
step 00111/04357 (2.55%) | loss: 4.679707 | lrm: 1.00 | dt: 4084.84ms | tok/sec: 256,699 | bf16_mfu: 46.18 | epoch: 1 | total time: 6.84m | eta: 287.4m
step 00112/04357 (2.57%) | loss: 4.667970 | lrm: 1.00 | dt: 4071.07ms | tok/sec: 257,567 | bf16_mfu: 46.33 | epoch: 1 | total time: 6.90m | eta: 287.3m
step 00113/04357 (2.59%) | loss: 4.661658 | lrm: 1.00 | dt: 4087.42ms | tok/sec: 256,537 | bf16_mfu: 46.15 | epoch: 1 | total time: 6.97m | eta: 287.3m
step 00114/04357 (2.62%) | loss: 4.630357 | lrm: 1.00 | dt: 4072.01ms | tok/sec: 257,508 | bf16_mfu: 46.32 | epoch: 1 | total time: 7.04m | eta: 287.2m
step 00115/04357 (2.64%) | loss: 4.634327 | lrm: 1.00 | dt: 4091.81ms | tok/sec: 256,262 | bf16_mfu: 46.10 | epoch: 1 | total time: 7.11m | eta: 287.2m
step 00116/04357 (2.66%) | loss: 4.614192 | lrm: 1.00 | dt: 4068.69ms | tok/sec: 257,718 | bf16_mfu: 46.36 | epoch: 1 | total time: 7.18m | eta: 287.1m
step 00117/04357 (2.69%) | loss: 4.590488 | lrm: 1.00 | dt: 4077.75ms | tok/sec: 257,145 | bf16_mfu: 46.26 | epoch: 1 | total time: 7.24m | eta: 287.0m
step 00118/04357 (2.71%) | loss: 4.580852 | lrm: 1.00 | dt: 4083.88ms | tok/sec: 256,759 | bf16_mfu: 46.19 | epoch: 1 | total time: 7.31m | eta: 287.0m
step 00119/04357 (2.73%) | loss: 4.561134 | lrm: 1.00 | dt: 4077.87ms | tok/sec: 257,138 | bf16_mfu: 46.26 | epoch: 1 | total time: 7.38m | eta: 286.9m
step 00120/04357 (2.75%) | loss: 4.551490 | lrm: 1.00 | dt: 4076.86ms | tok/sec: 257,201 | bf16_mfu: 46.27 | epoch: 1 | total time: 7.45m | eta: 286.9m
step 00121/04357 (2.78%) | loss: 4.536008 | lrm: 1.00 | dt: 4065.37ms | tok/sec: 257,928 | bf16_mfu: 46.40 | epoch: 1 | total time: 7.52m | eta: 286.8m
step 00122/04357 (2.80%) | loss: 4.516480 | lrm: 1.00 | dt: 4077.98ms | tok/sec: 257,131 | bf16_mfu: 46.26 | epoch: 1 | total time: 7.58m | eta: 286.8m
step 00123/04357 (2.82%) | loss: 4.510447 | lrm: 1.00 | dt: 4087.28ms | tok/sec: 256,546 | bf16_mfu: 46.15 | epoch: 1 | total time: 7.65m | eta: 286.7m
step 00124/04357 (2.85%) | loss: 4.490246 | lrm: 1.00 | dt: 4078.34ms | tok/sec: 257,108 | bf16_mfu: 46.25 | epoch: 1 | total time: 7.72m | eta: 286.6m
step 00125/04357 (2.87%) | loss: 4.471614 | lrm: 1.00 | dt: 4082.97ms | tok/sec: 256,816 | bf16_mfu: 46.20 | epoch: 1 | total time: 7.79m | eta: 286.6m
step 00126/04357 (2.89%) | loss: 4.454159 | lrm: 1.00 | dt: 4078.86ms | tok/sec: 257,075 | bf16_mfu: 46.25 | epoch: 1 | total time: 7.86m | eta: 286.5m
step 00127/04357 (2.91%) | loss: 4.450750 | lrm: 1.00 | dt: 4068.59ms | tok/sec: 257,724 | bf16_mfu: 46.36 | epoch: 1 | total time: 7.92m | eta: 286.5m
step 00128/04357 (2.94%) | loss: 4.438124 | lrm: 1.00 | dt: 4070.79ms | tok/sec: 257,585 | bf16_mfu: 46.34 | epoch: 1 | total time: 7.99m | eta: 286.4m
step 00129/04357 (2.96%) | loss: 4.426417 | lrm: 1.00 | dt: 4078.45ms | tok/sec: 257,101 | bf16_mfu: 46.25 | epoch: 1 | total time: 8.06m | eta: 286.3m
step 00130/04357 (2.98%) | loss: 4.409827 | lrm: 1.00 | dt: 4072.88ms | tok/sec: 257,453 | bf16_mfu: 46.31 | epoch: 1 | total time: 8.13m | eta: 286.3m
step 00131/04357 (3.01%) | loss: 4.392805 | lrm: 1.00 | dt: 4078.95ms | tok/sec: 257,070 | bf16_mfu: 46.24 | epoch: 1 | total time: 8.20m | eta: 286.2m
step 00132/04357 (3.03%) | loss: 4.381981 | lrm: 1.00 | dt: 4063.82ms | tok/sec: 258,027 | bf16_mfu: 46.42 | epoch: 1 | total time: 8.26m | eta: 286.2m
step 00133/04357 (3.05%) | loss: 4.369297 | lrm: 1.00 | dt: 4071.89ms | tok/sec: 257,516 | bf16_mfu: 46.32 | epoch: 1 | total time: 8.33m | eta: 286.1m
step 00134/04357 (3.08%) | loss: 4.359895 | lrm: 1.00 | dt: 4069.87ms | tok/sec: 257,643 | bf16_mfu: 46.35 | epoch: 1 | total time: 8.40m | eta: 286.0m
step 00135/04357 (3.10%) | loss: 4.313223 | lrm: 1.00 | dt: 4079.82ms | tok/sec: 257,015 | bf16_mfu: 46.23 | epoch: 1 | total time: 8.47m | eta: 286.0m
step 00136/04357 (3.12%) | loss: 4.295264 | lrm: 1.00 | dt: 4065.69ms | tok/sec: 257,908 | bf16_mfu: 46.40 | epoch: 1 | total time: 8.53m | eta: 285.9m
step 00137/04357 (3.14%) | loss: 4.299248 | lrm: 1.00 | dt: 4073.37ms | tok/sec: 257,422 | bf16_mfu: 46.31 | epoch: 1 | total time: 8.60m | eta: 285.8m
step 00138/04357 (3.17%) | loss: 4.292972 | lrm: 1.00 | dt: 4069.31ms | tok/sec: 257,678 | bf16_mfu: 46.35 | epoch: 1 | total time: 8.67m | eta: 285.8m
step 00139/04357 (3.19%) | loss: 4.272948 | lrm: 1.00 | dt: 4081.41ms | tok/sec: 256,915 | bf16_mfu: 46.22 | epoch: 1 | total time: 8.74m | eta: 285.7m
step 00140/04357 (3.21%) | loss: 4.257232 | lrm: 1.00 | dt: 4065.17ms | tok/sec: 257,941 | bf16_mfu: 46.40 | epoch: 1 | total time: 8.81m | eta: 285.6m
step 00141/04357 (3.24%) | loss: 4.242558 | lrm: 1.00 | dt: 4074.13ms | tok/sec: 257,374 | bf16_mfu: 46.30 | epoch: 1 | total time: 8.87m | eta: 285.6m
step 00142/04357 (3.26%) | loss: 4.242684 | lrm: 1.00 | dt: 4073.16ms | tok/sec: 257,435 | bf16_mfu: 46.31 | epoch: 1 | total time: 8.94m | eta: 285.5m
step 00143/04357 (3.28%) | loss: 4.219954 | lrm: 1.00 | dt: 4071.32ms | tok/sec: 257,551 | bf16_mfu: 46.33 | epoch: 1 | total time: 9.01m | eta: 285.5m
step 00144/04357 (3.31%) | loss: 4.210581 | lrm: 1.00 | dt: 4065.30ms | tok/sec: 257,933 | bf16_mfu: 46.40 | epoch: 1 | total time: 9.08m | eta: 285.4m
step 00145/04357 (3.33%) | loss: 4.179419 | lrm: 1.00 | dt: 4077.98ms | tok/sec: 257,131 | bf16_mfu: 46.26 | epoch: 1 | total time: 9.15m | eta: 285.3m
step 00146/04357 (3.35%) | loss: 4.181026 | lrm: 1.00 | dt: 4066.53ms | tok/sec: 257,855 | bf16_mfu: 46.39 | epoch: 1 | total time: 9.21m | eta: 285.3m
step 00147/04357 (3.37%) | loss: 4.170486 | lrm: 1.00 | dt: 4059.72ms | tok/sec: 258,287 | bf16_mfu: 46.46 | epoch: 1 | total time: 9.28m | eta: 285.2m
step 00148/04357 (3.40%) | loss: 4.176080 | lrm: 1.00 | dt: 4073.28ms | tok/sec: 257,428 | bf16_mfu: 46.31 | epoch: 1 | total time: 9.35m | eta: 285.1m
step 00149/04357 (3.42%) | loss: 4.156949 | lrm: 1.00 | dt: 4068.82ms | tok/sec: 257,710 | bf16_mfu: 46.36 | epoch: 1 | total time: 9.42m | eta: 285.1m
step 00150/04357 (3.44%) | loss: 4.140044 | lrm: 1.00 | dt: 4075.02ms | tok/sec: 257,317 | bf16_mfu: 46.29 | epoch: 1 | total time: 9.48m | eta: 285.0m
step 00151/04357 (3.47%) | loss: 4.124691 | lrm: 1.00 | dt: 4070.64ms | tok/sec: 257,595 | bf16_mfu: 46.34 | epoch: 1 | total time: 9.55m | eta: 284.9m
step 00152/04357 (3.49%) | loss: 4.114004 | lrm: 1.00 | dt: 4069.62ms | tok/sec: 257,659 | bf16_mfu: 46.35 | epoch: 1 | total time: 9.62m | eta: 284.9m
step 00153/04357 (3.51%) | loss: 4.096262 | lrm: 1.00 | dt: 4069.69ms | tok/sec: 257,654 | bf16_mfu: 46.35 | epoch: 1 | total time: 9.69m | eta: 284.8m
step 00154/04357 (3.53%) | loss: 4.092834 | lrm: 1.00 | dt: 4059.51ms | tok/sec: 258,301 | bf16_mfu: 46.47 | epoch: 1 | total time: 9.76m | eta: 284.7m
step 00155/04357 (3.56%) | loss: 4.089858 | lrm: 1.00 | dt: 4070.75ms | tok/sec: 257,587 | bf16_mfu: 46.34 | epoch: 1 | total time: 9.82m | eta: 284.7m
step 00156/04357 (3.58%) | loss: 4.097532 | lrm: 1.00 | dt: 4071.04ms | tok/sec: 257,569 | bf16_mfu: 46.33 | epoch: 1 | total time: 9.89m | eta: 284.6m
step 00157/04357 (3.60%) | loss: 4.091994 | lrm: 1.00 | dt: 4067.32ms | tok/sec: 257,804 | bf16_mfu: 46.38 | epoch: 1 | total time: 9.96m | eta: 284.5m
step 00158/04357 (3.63%) | loss: 4.079158 | lrm: 1.00 | dt: 4058.29ms | tok/sec: 258,378 | bf16_mfu: 46.48 | epoch: 1 | total time: 10.03m | eta: 284.5m
step 00159/04357 (3.65%) | loss: 4.060690 | lrm: 1.00 | dt: 4072.00ms | tok/sec: 257,508 | bf16_mfu: 46.32 | epoch: 1 | total time: 10.09m | eta: 284.4m
step 00160/04357 (3.67%) | loss: 4.048620 | lrm: 1.00 | dt: 4064.46ms | tok/sec: 257,986 | bf16_mfu: 46.41 | epoch: 1 | total time: 10.16m | eta: 284.3m
step 00161/04357 (3.70%) | loss: 4.039555 | lrm: 1.00 | dt: 4070.69ms | tok/sec: 257,591 | bf16_mfu: 46.34 | epoch: 1 | total time: 10.23m | eta: 284.3m
step 00162/04357 (3.72%) | loss: 4.032551 | lrm: 1.00 | dt: 4058.69ms | tok/sec: 258,353 | bf16_mfu: 46.48 | epoch: 1 | total time: 10.30m | eta: 284.2m
step 00163/04357 (3.74%) | loss: 4.000636 | lrm: 1.00 | dt: 4058.57ms | tok/sec: 258,361 | bf16_mfu: 46.48 | epoch: 1 | total time: 10.37m | eta: 284.1m
step 00164/04357 (3.76%) | loss: 4.010370 | lrm: 1.00 | dt: 4071.04ms | tok/sec: 257,569 | bf16_mfu: 46.33 | epoch: 1 | total time: 10.43m | eta: 284.1m
step 00165/04357 (3.79%) | loss: 4.009484 | lrm: 1.00 | dt: 4067.09ms | tok/sec: 257,819 | bf16_mfu: 46.38 | epoch: 1 | total time: 10.50m | eta: 284.0m
step 00166/04357 (3.81%) | loss: 4.011306 | lrm: 1.00 | dt: 4055.32ms | tok/sec: 258,567 | bf16_mfu: 46.51 | epoch: 1 | total time: 10.57m | eta: 283.9m
step 00167/04357 (3.83%) | loss: 3.985313 | lrm: 1.00 | dt: 4070.20ms | tok/sec: 257,622 | bf16_mfu: 46.34 | epoch: 1 | total time: 10.64m | eta: 283.9m
step 00168/04357 (3.86%) | loss: 3.973439 | lrm: 1.00 | dt: 4057.10ms | tok/sec: 258,454 | bf16_mfu: 46.49 | epoch: 1 | total time: 10.70m | eta: 283.8m
step 00169/04357 (3.88%) | loss: 3.959732 | lrm: 1.00 | dt: 4068.18ms | tok/sec: 257,750 | bf16_mfu: 46.37 | epoch: 1 | total time: 10.77m | eta: 283.7m
step 00170/04357 (3.90%) | loss: 3.949009 | lrm: 1.00 | dt: 4056.37ms | tok/sec: 258,500 | bf16_mfu: 46.50 | epoch: 1 | total time: 10.84m | eta: 283.7m
step 00171/04357 (3.92%) | loss: 3.939835 | lrm: 1.00 | dt: 4068.12ms | tok/sec: 257,754 | bf16_mfu: 46.37 | epoch: 1 | total time: 10.91m | eta: 283.6m
step 00172/04357 (3.95%) | loss: 3.931271 | lrm: 1.00 | dt: 4080.01ms | tok/sec: 257,003 | bf16_mfu: 46.23 | epoch: 1 | total time: 10.98m | eta: 283.5m
step 00173/04357 (3.97%) | loss: 3.916398 | lrm: 1.00 | dt: 4062.77ms | tok/sec: 258,093 | bf16_mfu: 46.43 | epoch: 1 | total time: 11.04m | eta: 283.5m
step 00174/04357 (3.99%) | loss: 3.914406 | lrm: 1.00 | dt: 4056.57ms | tok/sec: 258,488 | bf16_mfu: 46.50 | epoch: 1 | total time: 11.11m | eta: 283.4m
step 00175/04357 (4.02%) | loss: 3.909330 | lrm: 1.00 | dt: 4069.13ms | tok/sec: 257,690 | bf16_mfu: 46.36 | epoch: 1 | total time: 11.18m | eta: 283.3m
step 00176/04357 (4.04%) | loss: 3.907256 | lrm: 1.00 | dt: 4056.19ms | tok/sec: 258,512 | bf16_mfu: 46.50 | epoch: 1 | total time: 11.25m | eta: 283.2m
step 00177/04357 (4.06%) | loss: 3.894613 | lrm: 1.00 | dt: 4066.57ms | tok/sec: 257,852 | bf16_mfu: 46.39 | epoch: 1 | total time: 11.31m | eta: 283.2m
step 00178/04357 (4.09%) | loss: 3.891620 | lrm: 1.00 | dt: 4053.86ms | tok/sec: 258,661 | bf16_mfu: 46.53 | epoch: 1 | total time: 11.38m | eta: 283.1m
step 00179/04357 (4.11%) | loss: 3.895593 | lrm: 1.00 | dt: 4057.50ms | tok/sec: 258,428 | bf16_mfu: 46.49 | epoch: 1 | total time: 11.45m | eta: 283.0m
step 00180/04357 (4.13%) | loss: 3.879994 | lrm: 1.00 | dt: 4048.70ms | tok/sec: 258,990 | bf16_mfu: 46.59 | epoch: 1 | total time: 11.52m | eta: 283.0m
step 00181/04357 (4.15%) | loss: 3.871153 | lrm: 1.00 | dt: 4073.24ms | tok/sec: 257,430 | bf16_mfu: 46.31 | epoch: 1 | total time: 11.58m | eta: 282.9m
step 00182/04357 (4.18%) | loss: 3.861984 | lrm: 1.00 | dt: 4051.43ms | tok/sec: 258,816 | bf16_mfu: 46.56 | epoch: 1 | total time: 11.65m | eta: 282.8m
step 00183/04357 (4.20%) | loss: 3.855075 | lrm: 1.00 | dt: 4052.22ms | tok/sec: 258,765 | bf16_mfu: 46.55 | epoch: 1 | total time: 11.72m | eta: 282.8m
step 00184/04357 (4.22%) | loss: 3.853461 | lrm: 1.00 | dt: 4055.27ms | tok/sec: 258,571 | bf16_mfu: 46.51 | epoch: 1 | total time: 11.79m | eta: 282.7m
step 00185/04357 (4.25%) | loss: 3.860171 | lrm: 1.00 | dt: 4069.78ms | tok/sec: 257,649 | bf16_mfu: 46.35 | epoch: 1 | total time: 11.85m | eta: 282.6m
step 00186/04357 (4.27%) | loss: 3.848318 | lrm: 1.00 | dt: 4056.82ms | tok/sec: 258,472 | bf16_mfu: 46.50 | epoch: 1 | total time: 11.92m | eta: 282.5m
step 00187/04357 (4.29%) | loss: 3.834154 | lrm: 1.00 | dt: 4071.37ms | tok/sec: 257,548 | bf16_mfu: 46.33 | epoch: 1 | total time: 11.99m | eta: 282.5m
step 00188/04357 (4.31%) | loss: 3.835322 | lrm: 1.00 | dt: 4071.96ms | tok/sec: 257,511 | bf16_mfu: 46.32 | epoch: 1 | total time: 12.06m | eta: 282.4m
step 00189/04357 (4.34%) | loss: 3.815270 | lrm: 1.00 | dt: 4071.03ms | tok/sec: 257,570 | bf16_mfu: 46.33 | epoch: 1 | total time: 12.13m | eta: 282.4m
step 00190/04357 (4.36%) | loss: 3.829404 | lrm: 1.00 | dt: 4072.52ms | tok/sec: 257,475 | bf16_mfu: 46.32 | epoch: 1 | total time: 12.19m | eta: 282.3m
step 00191/04357 (4.38%) | loss: 3.812613 | lrm: 1.00 | dt: 4064.53ms | tok/sec: 257,981 | bf16_mfu: 46.41 | epoch: 1 | total time: 12.26m | eta: 282.2m
step 00192/04357 (4.41%) | loss: 3.818269 | lrm: 1.00 | dt: 4062.45ms | tok/sec: 258,114 | bf16_mfu: 46.43 | epoch: 1 | total time: 12.33m | eta: 282.2m
step 00193/04357 (4.43%) | loss: 3.817225 | lrm: 1.00 | dt: 4072.47ms | tok/sec: 257,478 | bf16_mfu: 46.32 | epoch: 1 | total time: 12.40m | eta: 282.1m
step 00194/04357 (4.45%) | loss: 3.819547 | lrm: 1.00 | dt: 4075.33ms | tok/sec: 257,298 | bf16_mfu: 46.29 | epoch: 1 | total time: 12.47m | eta: 282.0m
step 00195/04357 (4.48%) | loss: 3.801347 | lrm: 1.00 | dt: 4069.35ms | tok/sec: 257,676 | bf16_mfu: 46.35 | epoch: 1 | total time: 12.53m | eta: 282.0m
step 00196/04357 (4.50%) | loss: 3.793870 | lrm: 1.00 | dt: 4076.58ms | tok/sec: 257,219 | bf16_mfu: 46.27 | epoch: 1 | total time: 12.60m | eta: 281.9m
step 00197/04357 (4.52%) | loss: 3.798639 | lrm: 1.00 | dt: 4071.15ms | tok/sec: 257,562 | bf16_mfu: 46.33 | epoch: 1 | total time: 12.67m | eta: 281.8m
step 00198/04357 (4.54%) | loss: 3.788723 | lrm: 1.00 | dt: 4093.59ms | tok/sec: 256,150 | bf16_mfu: 46.08 | epoch: 1 | total time: 12.74m | eta: 281.8m
step 00199/04357 (4.57%) | loss: 3.769700 | lrm: 1.00 | dt: 4073.08ms | tok/sec: 257,440 | bf16_mfu: 46.31 | epoch: 1 | total time: 12.80m | eta: 281.7m
step 00200/04357 (4.59%) | loss: 3.759495 | lrm: 1.00 | dt: 4073.15ms | tok/sec: 257,436 | bf16_mfu: 46.31 | epoch: 1 | total time: 12.87m | eta: 281.6m
step 00201/04357 (4.61%) | loss: 3.773519 | lrm: 1.00 | dt: 4071.97ms | tok/sec: 257,510 | bf16_mfu: 46.32 | epoch: 1 | total time: 12.94m | eta: 281.6m
step 00202/04357 (4.64%) | loss: 3.767756 | lrm: 1.00 | dt: 4073.62ms | tok/sec: 257,406 | bf16_mfu: 46.31 | epoch: 1 | total time: 13.01m | eta: 281.5m
step 00203/04357 (4.66%) | loss: 3.760194 | lrm: 1.00 | dt: 4068.00ms | tok/sec: 257,761 | bf16_mfu: 46.37 | epoch: 1 | total time: 13.08m | eta: 281.4m
step 00204/04357 (4.68%) | loss: 3.761904 | lrm: 1.00 | dt: 4066.77ms | tok/sec: 257,840 | bf16_mfu: 46.38 | epoch: 1 | total time: 13.14m | eta: 281.4m
step 00205/04357 (4.71%) | loss: 3.753546 | lrm: 1.00 | dt: 4059.25ms | tok/sec: 258,317 | bf16_mfu: 46.47 | epoch: 1 | total time: 13.21m | eta: 281.3m
step 00206/04357 (4.73%) | loss: 3.737296 | lrm: 1.00 | dt: 4070.06ms | tok/sec: 257,631 | bf16_mfu: 46.35 | epoch: 1 | total time: 13.28m | eta: 281.2m
step 00207/04357 (4.75%) | loss: 3.739910 | lrm: 1.00 | dt: 4069.17ms | tok/sec: 257,687 | bf16_mfu: 46.36 | epoch: 1 | total time: 13.35m | eta: 281.2m
step 00208/04357 (4.77%) | loss: 3.739053 | lrm: 1.00 | dt: 4074.50ms | tok/sec: 257,350 | bf16_mfu: 46.30 | epoch: 1 | total time: 13.42m | eta: 281.1m
step 00209/04357 (4.80%) | loss: 3.741032 | lrm: 1.00 | dt: 4078.98ms | tok/sec: 257,068 | bf16_mfu: 46.24 | epoch: 1 | total time: 13.48m | eta: 281.0m
step 00210/04357 (4.82%) | loss: 3.732714 | lrm: 1.00 | dt: 4064.96ms | tok/sec: 257,955 | bf16_mfu: 46.40 | epoch: 1 | total time: 13.55m | eta: 281.0m
step 00211/04357 (4.84%) | loss: 3.721343 | lrm: 1.00 | dt: 4071.20ms | tok/sec: 257,559 | bf16_mfu: 46.33 | epoch: 1 | total time: 13.62m | eta: 280.9m
step 00212/04357 (4.87%) | loss: 3.715581 | lrm: 1.00 | dt: 4071.25ms | tok/sec: 257,556 | bf16_mfu: 46.33 | epoch: 1 | total time: 13.69m | eta: 280.8m
step 00213/04357 (4.89%) | loss: 3.702823 | lrm: 1.00 | dt: 4072.73ms | tok/sec: 257,462 | bf16_mfu: 46.32 | epoch: 1 | total time: 13.75m | eta: 280.8m
step 00214/04357 (4.91%) | loss: 3.694118 | lrm: 1.00 | dt: 4074.66ms | tok/sec: 257,340 | bf16_mfu: 46.29 | epoch: 1 | total time: 13.82m | eta: 280.7m
step 00215/04357 (4.93%) | loss: 3.694014 | lrm: 1.00 | dt: 4073.77ms | tok/sec: 257,396 | bf16_mfu: 46.30 | epoch: 1 | total time: 13.89m | eta: 280.7m
step 00216/04357 (4.96%) | loss: 3.688684 | lrm: 1.00 | dt: 4072.82ms | tok/sec: 257,457 | bf16_mfu: 46.31 | epoch: 1 | total time: 13.96m | eta: 280.6m
step 00217/04357 (4.98%) | loss: 3.698060 | lrm: 1.00 | dt: 4072.77ms | tok/sec: 257,459 | bf16_mfu: 46.31 | epoch: 1 | total time: 14.03m | eta: 280.5m
step 00218/04357 (5.00%) | loss: 3.683061 | lrm: 1.00 | dt: 4070.75ms | tok/sec: 257,587 | bf16_mfu: 46.34 | epoch: 1 | total time: 14.09m | eta: 280.5m
step 00219/04357 (5.03%) | loss: 3.690220 | lrm: 1.00 | dt: 4072.43ms | tok/sec: 257,481 | bf16_mfu: 46.32 | epoch: 1 | total time: 14.16m | eta: 280.4m
step 00220/04357 (5.05%) | loss: 3.685752 | lrm: 1.00 | dt: 4063.83ms | tok/sec: 258,026 | bf16_mfu: 46.42 | epoch: 1 | total time: 14.23m | eta: 280.3m
step 00221/04357 (5.07%) | loss: 3.690614 | lrm: 1.00 | dt: 4073.92ms | tok/sec: 257,387 | bf16_mfu: 46.30 | epoch: 1 | total time: 14.30m | eta: 280.3m
step 00222/04357 (5.10%) | loss: 3.681577 | lrm: 1.00 | dt: 4056.82ms | tok/sec: 258,472 | bf16_mfu: 46.50 | epoch: 1 | total time: 14.37m | eta: 280.2m
step 00223/04357 (5.12%) | loss: 3.685725 | lrm: 1.00 | dt: 4079.29ms | tok/sec: 257,048 | bf16_mfu: 46.24 | epoch: 1 | total time: 14.43m | eta: 280.1m
step 00224/04357 (5.14%) | loss: 3.664959 | lrm: 1.00 | dt: 4062.47ms | tok/sec: 258,112 | bf16_mfu: 46.43 | epoch: 1 | total time: 14.50m | eta: 280.1m
step 00225/04357 (5.16%) | loss: 3.673900 | lrm: 1.00 | dt: 4060.64ms | tok/sec: 258,229 | bf16_mfu: 46.45 | epoch: 1 | total time: 14.57m | eta: 280.0m
step 00226/04357 (5.19%) | loss: 3.667460 | lrm: 1.00 | dt: 4063.93ms | tok/sec: 258,020 | bf16_mfu: 46.42 | epoch: 1 | total time: 14.64m | eta: 279.9m
step 00227/04357 (5.21%) | loss: 3.667885 | lrm: 1.00 | dt: 4056.13ms | tok/sec: 258,516 | bf16_mfu: 46.50 | epoch: 1 | total time: 14.70m | eta: 279.8m
step 00228/04357 (5.23%) | loss: 3.642195 | lrm: 1.00 | dt: 4064.61ms | tok/sec: 257,976 | bf16_mfu: 46.41 | epoch: 1 | total time: 14.77m | eta: 279.8m
step 00229/04357 (5.26%) | loss: 3.647251 | lrm: 1.00 | dt: 4055.10ms | tok/sec: 258,582 | bf16_mfu: 46.52 | epoch: 1 | total time: 14.84m | eta: 279.7m
step 00230/04357 (5.28%) | loss: 3.651981 | lrm: 1.00 | dt: 4053.88ms | tok/sec: 258,660 | bf16_mfu: 46.53 | epoch: 1 | total time: 14.91m | eta: 279.6m
step 00231/04357 (5.30%) | loss: 3.659825 | lrm: 1.00 | dt: 4060.87ms | tok/sec: 258,214 | bf16_mfu: 46.45 | epoch: 1 | total time: 14.97m | eta: 279.6m
step 00232/04357 (5.32%) | loss: 3.658490 | lrm: 1.00 | dt: 4065.57ms | tok/sec: 257,916 | bf16_mfu: 46.40 | epoch: 1 | total time: 15.04m | eta: 279.5m
step 00233/04357 (5.35%) | loss: 3.631859 | lrm: 1.00 | dt: 4057.52ms | tok/sec: 258,427 | bf16_mfu: 46.49 | epoch: 1 | total time: 15.11m | eta: 279.4m
step 00234/04357 (5.37%) | loss: 3.628493 | lrm: 1.00 | dt: 4067.05ms | tok/sec: 257,822 | bf16_mfu: 46.38 | epoch: 1 | total time: 15.18m | eta: 279.4m
step 00235/04357 (5.39%) | loss: 3.626368 | lrm: 1.00 | dt: 4070.28ms | tok/sec: 257,617 | bf16_mfu: 46.34 | epoch: 1 | total time: 15.25m | eta: 279.3m
step 00236/04357 (5.42%) | loss: 3.616236 | lrm: 1.00 | dt: 4053.49ms | tok/sec: 258,684 | bf16_mfu: 46.54 | epoch: 1 | total time: 15.31m | eta: 279.2m
step 00237/04357 (5.44%) | loss: 3.613488 | lrm: 1.00 | dt: 4052.32ms | tok/sec: 258,759 | bf16_mfu: 46.55 | epoch: 1 | total time: 15.38m | eta: 279.2m
step 00238/04357 (5.46%) | loss: 3.614685 | lrm: 1.00 | dt: 4052.17ms | tok/sec: 258,768 | bf16_mfu: 46.55 | epoch: 1 | total time: 15.45m | eta: 279.1m
step 00239/04357 (5.49%) | loss: 3.613883 | lrm: 1.00 | dt: 4053.40ms | tok/sec: 258,690 | bf16_mfu: 46.54 | epoch: 1 | total time: 15.52m | eta: 279.0m
step 00240/04357 (5.51%) | loss: 3.604475 | lrm: 1.00 | dt: 4059.05ms | tok/sec: 258,330 | bf16_mfu: 46.47 | epoch: 1 | total time: 15.58m | eta: 278.9m
step 00241/04357 (5.53%) | loss: 3.610274 | lrm: 1.00 | dt: 4065.24ms | tok/sec: 257,937 | bf16_mfu: 46.40 | epoch: 1 | total time: 15.65m | eta: 278.9m
step 00242/04357 (5.55%) | loss: 3.612596 | lrm: 1.00 | dt: 4054.74ms | tok/sec: 258,604 | bf16_mfu: 46.52 | epoch: 1 | total time: 15.72m | eta: 278.8m
step 00243/04357 (5.58%) | loss: 3.619352 | lrm: 1.00 | dt: 4058.90ms | tok/sec: 258,339 | bf16_mfu: 46.47 | epoch: 1 | total time: 15.79m | eta: 278.7m
step 00244/04357 (5.60%) | loss: 3.635869 | lrm: 1.00 | dt: 4066.81ms | tok/sec: 257,837 | bf16_mfu: 46.38 | epoch: 1 | total time: 15.85m | eta: 278.7m
step 00245/04357 (5.62%) | loss: 3.624894 | lrm: 1.00 | dt: 4050.18ms | tok/sec: 258,896 | bf16_mfu: 46.57 | epoch: 1 | total time: 15.92m | eta: 278.6m
step 00246/04357 (5.65%) | loss: 3.614425 | lrm: 1.00 | dt: 4056.55ms | tok/sec: 258,489 | bf16_mfu: 46.50 | epoch: 1 | total time: 15.99m | eta: 278.5m
step 00247/04357 (5.67%) | loss: 3.618938 | lrm: 1.00 | dt: 4063.03ms | tok/sec: 258,077 | bf16_mfu: 46.43 | epoch: 1 | total time: 16.06m | eta: 278.5m
step 00248/04357 (5.69%) | loss: 3.610039 | lrm: 1.00 | dt: 4055.87ms | tok/sec: 258,532 | bf16_mfu: 46.51 | epoch: 1 | total time: 16.12m | eta: 278.4m
step 00249/04357 (5.71%) | loss: 3.612160 | lrm: 1.00 | dt: 4054.90ms | tok/sec: 258,594 | bf16_mfu: 46.52 | epoch: 1 | total time: 16.19m | eta: 278.3m
Step 00250 | Validation bpb: 1.086961
step 00250/04357 (5.74%) | loss: 3.599311 | lrm: 1.00 | dt: 15429.03ms | tok/sec: 67,961 | bf16_mfu: 12.23 | epoch: 1 | total time: 16.45m | eta: 281.5m
step 00251/04357 (5.76%) | loss: 3.596054 | lrm: 1.00 | dt: 3976.60ms | tok/sec: 263,686 | bf16_mfu: 47.44 | epoch: 1 | total time: 16.52m | eta: 281.4m
step 00252/04357 (5.78%) | loss: 3.594918 | lrm: 1.00 | dt: 3994.95ms | tok/sec: 262,475 | bf16_mfu: 47.22 | epoch: 1 | total time: 16.58m | eta: 281.3m
step 00253/04357 (5.81%) | loss: 3.601807 | lrm: 1.00 | dt: 4014.43ms | tok/sec: 261,202 | bf16_mfu: 46.99 | epoch: 1 | total time: 16.65m | eta: 281.2m
step 00254/04357 (5.83%) | loss: 3.605062 | lrm: 1.00 | dt: 4016.74ms | tok/sec: 261,051 | bf16_mfu: 46.96 | epoch: 1 | total time: 16.72m | eta: 281.1m
step 00255/04357 (5.85%) | loss: 3.602387 | lrm: 1.00 | dt: 4012.92ms | tok/sec: 261,300 | bf16_mfu: 47.01 | epoch: 1 | total time: 16.78m | eta: 281.0m
step 00256/04357 (5.88%) | loss: 3.603971 | lrm: 1.00 | dt: 4025.49ms | tok/sec: 260,483 | bf16_mfu: 46.86 | epoch: 1 | total time: 16.85m | eta: 280.9m
step 00257/04357 (5.90%) | loss: 3.590530 | lrm: 1.00 | dt: 4033.73ms | tok/sec: 259,951 | bf16_mfu: 46.76 | epoch: 1 | total time: 16.92m | eta: 280.8m
step 00258/04357 (5.92%) | loss: 3.578217 | lrm: 1.00 | dt: 4027.60ms | tok/sec: 260,347 | bf16_mfu: 46.83 | epoch: 1 | total time: 16.98m | eta: 280.7m
step 00259/04357 (5.94%) | loss: 3.583783 | lrm: 1.00 | dt: 4039.86ms | tok/sec: 259,557 | bf16_mfu: 46.69 | epoch: 1 | total time: 17.05m | eta: 280.6m
step 00260/04357 (5.97%) | loss: 3.576497 | lrm: 1.00 | dt: 4040.35ms | tok/sec: 259,526 | bf16_mfu: 46.69 | epoch: 1 | total time: 17.12m | eta: 280.5m
step 00261/04357 (5.99%) | loss: 3.575137 | lrm: 1.00 | dt: 4035.64ms | tok/sec: 259,829 | bf16_mfu: 46.74 | epoch: 1 | total time: 17.19m | eta: 280.5m
step 00262/04357 (6.01%) | loss: 3.587645 | lrm: 1.00 | dt: 4053.40ms | tok/sec: 258,690 | bf16_mfu: 46.54 | epoch: 1 | total time: 17.25m | eta: 280.4m
step 00263/04357 (6.04%) | loss: 3.589968 | lrm: 1.00 | dt: 4047.08ms | tok/sec: 259,094 | bf16_mfu: 46.61 | epoch: 1 | total time: 17.32m | eta: 280.3m
step 00264/04357 (6.06%) | loss: 3.574473 | lrm: 1.00 | dt: 4043.18ms | tok/sec: 259,344 | bf16_mfu: 46.65 | epoch: 1 | total time: 17.39m | eta: 280.2m
step 00265/04357 (6.08%) | loss: 3.567426 | lrm: 1.00 | dt: 4053.49ms | tok/sec: 258,684 | bf16_mfu: 46.54 | epoch: 1 | total time: 17.46m | eta: 280.1m
step 00266/04357 (6.11%) | loss: 3.555286 | lrm: 1.00 | dt: 4049.33ms | tok/sec: 258,950 | bf16_mfu: 46.58 | epoch: 1 | total time: 17.52m | eta: 280.0m
step 00267/04357 (6.13%) | loss: 3.558714 | lrm: 1.00 | dt: 4054.74ms | tok/sec: 258,604 | bf16_mfu: 46.52 | epoch: 1 | total time: 17.59m | eta: 280.0m
step 00268/04357 (6.15%) | loss: 3.561340 | lrm: 1.00 | dt: 4051.99ms | tok/sec: 258,780 | bf16_mfu: 46.55 | epoch: 1 | total time: 17.66m | eta: 279.9m
step 00269/04357 (6.17%) | loss: 3.561843 | lrm: 1.00 | dt: 4053.22ms | tok/sec: 258,702 | bf16_mfu: 46.54 | epoch: 1 | total time: 17.73m | eta: 279.8m
step 00270/04357 (6.20%) | loss: 3.551896 | lrm: 1.00 | dt: 4056.08ms | tok/sec: 258,519 | bf16_mfu: 46.51 | epoch: 1 | total time: 17.79m | eta: 279.7m
step 00271/04357 (6.22%) | loss: 3.557535 | lrm: 1.00 | dt: 4050.53ms | tok/sec: 258,873 | bf16_mfu: 46.57 | epoch: 1 | total time: 17.86m | eta: 279.6m
step 00272/04357 (6.24%) | loss: 3.561670 | lrm: 1.00 | dt: 4048.60ms | tok/sec: 258,996 | bf16_mfu: 46.59 | epoch: 1 | total time: 17.93m | eta: 279.5m
step 00273/04357 (6.27%) | loss: 3.539267 | lrm: 1.00 | dt: 4055.64ms | tok/sec: 258,547 | bf16_mfu: 46.51 | epoch: 1 | total time: 18.00m | eta: 279.5m
step 00274/04357 (6.29%) | loss: 3.549153 | lrm: 1.00 | dt: 4052.92ms | tok/sec: 258,721 | bf16_mfu: 46.54 | epoch: 1 | total time: 18.06m | eta: 279.4m
step 00275/04357 (6.31%) | loss: 3.549366 | lrm: 1.00 | dt: 4054.80ms | tok/sec: 258,600 | bf16_mfu: 46.52 | epoch: 1 | total time: 18.13m | eta: 279.3m
step 00276/04357 (6.33%) | loss: 3.540059 | lrm: 1.00 | dt: 4053.89ms | tok/sec: 258,659 | bf16_mfu: 46.53 | epoch: 1 | total time: 18.20m | eta: 279.2m
step 00277/04357 (6.36%) | loss: 3.541718 | lrm: 1.00 | dt: 4072.41ms | tok/sec: 257,482 | bf16_mfu: 46.32 | epoch: 1 | total time: 18.27m | eta: 279.1m
step 00278/04357 (6.38%) | loss: 3.525128 | lrm: 1.00 | dt: 4049.93ms | tok/sec: 258,912 | bf16_mfu: 46.58 | epoch: 1 | total time: 18.33m | eta: 279.1m
step 00279/04357 (6.40%) | loss: 3.522278 | lrm: 1.00 | dt: 4056.19ms | tok/sec: 258,512 | bf16_mfu: 46.50 | epoch: 1 | total time: 18.40m | eta: 279.0m
step 00280/04357 (6.43%) | loss: 3.515996 | lrm: 1.00 | dt: 4051.72ms | tok/sec: 258,797 | bf16_mfu: 46.56 | epoch: 1 | total time: 18.47m | eta: 278.9m
step 00281/04357 (6.45%) | loss: 3.505194 | lrm: 1.00 | dt: 4070.27ms | tok/sec: 257,618 | bf16_mfu: 46.34 | epoch: 1 | total time: 18.54m | eta: 278.8m
step 00282/04357 (6.47%) | loss: 3.504845 | lrm: 1.00 | dt: 4073.23ms | tok/sec: 257,431 | bf16_mfu: 46.31 | epoch: 1 | total time: 18.61m | eta: 278.7m
step 00283/04357 (6.50%) | loss: 3.492572 | lrm: 1.00 | dt: 4080.39ms | tok/sec: 256,979 | bf16_mfu: 46.23 | epoch: 1 | total time: 18.67m | eta: 278.7m
step 00284/04357 (6.52%) | loss: 3.508432 | lrm: 1.00 | dt: 4073.99ms | tok/sec: 257,383 | bf16_mfu: 46.30 | epoch: 1 | total time: 18.74m | eta: 278.6m
step 00285/04357 (6.54%) | loss: 3.513939 | lrm: 1.00 | dt: 4067.91ms | tok/sec: 257,767 | bf16_mfu: 46.37 | epoch: 1 | total time: 18.81m | eta: 278.5m
step 00286/04357 (6.56%) | loss: 3.499467 | lrm: 1.00 | dt: 4080.20ms | tok/sec: 256,991 | bf16_mfu: 46.23 | epoch: 1 | total time: 18.88m | eta: 278.4m
step 00287/04357 (6.59%) | loss: 3.506530 | lrm: 1.00 | dt: 4065.48ms | tok/sec: 257,921 | bf16_mfu: 46.40 | epoch: 1 | total time: 18.94m | eta: 278.4m
step 00288/04357 (6.61%) | loss: 3.508255 | lrm: 1.00 | dt: 4076.59ms | tok/sec: 257,219 | bf16_mfu: 46.27 | epoch: 1 | total time: 19.01m | eta: 278.3m
step 00289/04357 (6.63%) | loss: 3.506222 | lrm: 1.00 | dt: 4076.58ms | tok/sec: 257,219 | bf16_mfu: 46.27 | epoch: 1 | total time: 19.08m | eta: 278.2m
step 00290/04357 (6.66%) | loss: 3.509421 | lrm: 1.00 | dt: 4069.53ms | tok/sec: 257,665 | bf16_mfu: 46.35 | epoch: 1 | total time: 19.15m | eta: 278.1m
step 00291/04357 (6.68%) | loss: 3.518507 | lrm: 1.00 | dt: 4078.93ms | tok/sec: 257,071 | bf16_mfu: 46.24 | epoch: 1 | total time: 19.22m | eta: 278.1m
step 00292/04357 (6.70%) | loss: 3.514051 | lrm: 1.00 | dt: 4082.99ms | tok/sec: 256,815 | bf16_mfu: 46.20 | epoch: 1 | total time: 19.28m | eta: 278.0m
step 00293/04357 (6.72%) | loss: 3.523830 | lrm: 1.00 | dt: 4080.09ms | tok/sec: 256,998 | bf16_mfu: 46.23 | epoch: 1 | total time: 19.35m | eta: 277.9m
step 00294/04357 (6.75%) | loss: 3.517653 | lrm: 1.00 | dt: 4069.28ms | tok/sec: 257,680 | bf16_mfu: 46.35 | epoch: 1 | total time: 19.42m | eta: 277.8m
step 00295/04357 (6.77%) | loss: 3.509368 | lrm: 1.00 | dt: 4083.48ms | tok/sec: 256,785 | bf16_mfu: 46.19 | epoch: 1 | total time: 19.49m | eta: 277.8m
step 00296/04357 (6.79%) | loss: 3.498517 | lrm: 1.00 | dt: 4072.77ms | tok/sec: 257,459 | bf16_mfu: 46.31 | epoch: 1 | total time: 19.56m | eta: 277.7m
step 00297/04357 (6.82%) | loss: 3.482136 | lrm: 1.00 | dt: 4089.00ms | tok/sec: 256,437 | bf16_mfu: 46.13 | epoch: 1 | total time: 19.62m | eta: 277.6m
step 00298/04357 (6.84%) | loss: 3.479112 | lrm: 1.00 | dt: 4076.19ms | tok/sec: 257,244 | bf16_mfu: 46.28 | epoch: 1 | total time: 19.69m | eta: 277.5m
step 00299/04357 (6.86%) | loss: 3.498706 | lrm: 1.00 | dt: 4079.08ms | tok/sec: 257,061 | bf16_mfu: 46.24 | epoch: 1 | total time: 19.76m | eta: 277.5m
step 00300/04357 (6.89%) | loss: 3.501718 | lrm: 1.00 | dt: 4085.23ms | tok/sec: 256,674 | bf16_mfu: 46.17 | epoch: 1 | total time: 19.83m | eta: 277.4m
step 00301/04357 (6.91%) | loss: 3.500830 | lrm: 1.00 | dt: 4081.67ms | tok/sec: 256,898 | bf16_mfu: 46.21 | epoch: 1 | total time: 19.90m | eta: 277.3m
step 00302/04357 (6.93%) | loss: 3.498286 | lrm: 1.00 | dt: 4085.95ms | tok/sec: 256,629 | bf16_mfu: 46.17 | epoch: 1 | total time: 19.96m | eta: 277.2m
step 00303/04357 (6.95%) | loss: 3.495723 | lrm: 1.00 | dt: 4068.94ms | tok/sec: 257,702 | bf16_mfu: 46.36 | epoch: 1 | total time: 20.03m | eta: 277.2m
step 00304/04357 (6.98%) | loss: 3.498647 | lrm: 1.00 | dt: 4069.20ms | tok/sec: 257,686 | bf16_mfu: 46.36 | epoch: 1 | total time: 20.10m | eta: 277.1m
step 00305/04357 (7.00%) | loss: 3.503956 | lrm: 1.00 | dt: 4080.02ms | tok/sec: 257,002 | bf16_mfu: 46.23 | epoch: 1 | total time: 20.17m | eta: 277.0m
step 00306/04357 (7.02%) | loss: 3.497357 | lrm: 1.00 | dt: 4070.56ms | tok/sec: 257,599 | bf16_mfu: 46.34 | epoch: 1 | total time: 20.24m | eta: 276.9m
step 00307/04357 (7.05%) | loss: 3.486881 | lrm: 1.00 | dt: 4082.76ms | tok/sec: 256,829 | bf16_mfu: 46.20 | epoch: 1 | total time: 20.30m | eta: 276.9m
step 00308/04357 (7.07%) | loss: 3.491225 | lrm: 1.00 | dt: 4081.84ms | tok/sec: 256,887 | bf16_mfu: 46.21 | epoch: 1 | total time: 20.37m | eta: 276.8m
step 00309/04357 (7.09%) | loss: 3.476441 | lrm: 1.00 | dt: 4072.28ms | tok/sec: 257,490 | bf16_mfu: 46.32 | epoch: 1 | total time: 20.44m | eta: 276.7m
step 00310/04357 (7.11%) | loss: 3.476741 | lrm: 1.00 | dt: 4087.94ms | tok/sec: 256,505 | bf16_mfu: 46.14 | epoch: 1 | total time: 20.51m | eta: 276.7m
step 00311/04357 (7.14%) | loss: 3.479786 | lrm: 1.00 | dt: 4090.54ms | tok/sec: 256,341 | bf16_mfu: 46.11 | epoch: 1 | total time: 20.58m | eta: 276.6m
step 00312/04357 (7.16%) | loss: 3.484840 | lrm: 1.00 | dt: 4073.43ms | tok/sec: 257,418 | bf16_mfu: 46.31 | epoch: 1 | total time: 20.64m | eta: 276.5m
step 00313/04357 (7.18%) | loss: 3.494501 | lrm: 1.00 | dt: 4073.74ms | tok/sec: 257,399 | bf16_mfu: 46.30 | epoch: 1 | total time: 20.71m | eta: 276.4m
step 00314/04357 (7.21%) | loss: 3.489869 | lrm: 1.00 | dt: 4074.00ms | tok/sec: 257,382 | bf16_mfu: 46.30 | epoch: 1 | total time: 20.78m | eta: 276.4m
step 00315/04357 (7.23%) | loss: 3.495221 | lrm: 1.00 | dt: 4078.72ms | tok/sec: 257,084 | bf16_mfu: 46.25 | epoch: 1 | total time: 20.85m | eta: 276.3m
step 00316/04357 (7.25%) | loss: 3.494902 | lrm: 1.00 | dt: 4082.21ms | tok/sec: 256,865 | bf16_mfu: 46.21 | epoch: 1 | total time: 20.92m | eta: 276.2m
step 00317/04357 (7.28%) | loss: 3.488844 | lrm: 1.00 | dt: 4087.24ms | tok/sec: 256,548 | bf16_mfu: 46.15 | epoch: 1 | total time: 20.98m | eta: 276.1m
step 00318/04357 (7.30%) | loss: 3.492998 | lrm: 1.00 | dt: 4074.18ms | tok/sec: 257,371 | bf16_mfu: 46.30 | epoch: 1 | total time: 21.05m | eta: 276.1m
step 00319/04357 (7.32%) | loss: 3.486630 | lrm: 1.00 | dt: 4076.53ms | tok/sec: 257,222 | bf16_mfu: 46.27 | epoch: 1 | total time: 21.12m | eta: 276.0m
step 00320/04357 (7.34%) | loss: 3.484784 | lrm: 1.00 | dt: 4074.76ms | tok/sec: 257,334 | bf16_mfu: 46.29 | epoch: 1 | total time: 21.19m | eta: 275.9m
step 00321/04357 (7.37%) | loss: 3.483868 | lrm: 1.00 | dt: 4081.44ms | tok/sec: 256,913 | bf16_mfu: 46.22 | epoch: 1 | total time: 21.26m | eta: 275.8m
step 00322/04357 (7.39%) | loss: 3.486795 | lrm: 1.00 | dt: 4077.23ms | tok/sec: 257,178 | bf16_mfu: 46.26 | epoch: 1 | total time: 21.32m | eta: 275.8m
step 00323/04357 (7.41%) | loss: 3.474115 | lrm: 1.00 | dt: 4073.69ms | tok/sec: 257,401 | bf16_mfu: 46.30 | epoch: 1 | total time: 21.39m | eta: 275.7m
step 00324/04357 (7.44%) | loss: 3.460723 | lrm: 1.00 | dt: 4068.67ms | tok/sec: 257,719 | bf16_mfu: 46.36 | epoch: 1 | total time: 21.46m | eta: 275.6m
step 00325/04357 (7.46%) | loss: 3.447621 | lrm: 1.00 | dt: 4075.23ms | tok/sec: 257,304 | bf16_mfu: 46.29 | epoch: 1 | total time: 21.53m | eta: 275.6m
step 00326/04357 (7.48%) | loss: 3.456300 | lrm: 1.00 | dt: 4067.75ms | tok/sec: 257,778 | bf16_mfu: 46.37 | epoch: 1 | total time: 21.60m | eta: 275.5m
step 00327/04357 (7.51%) | loss: 3.441208 | lrm: 1.00 | dt: 4072.20ms | tok/sec: 257,496 | bf16_mfu: 46.32 | epoch: 1 | total time: 21.66m | eta: 275.4m
step 00328/04357 (7.53%) | loss: 3.444816 | lrm: 1.00 | dt: 4069.59ms | tok/sec: 257,661 | bf16_mfu: 46.35 | epoch: 1 | total time: 21.73m | eta: 275.3m
step 00329/04357 (7.55%) | loss: 3.457102 | lrm: 1.00 | dt: 4076.31ms | tok/sec: 257,236 | bf16_mfu: 46.27 | epoch: 1 | total time: 21.80m | eta: 275.3m
step 00330/04357 (7.57%) | loss: 3.459477 | lrm: 1.00 | dt: 4070.24ms | tok/sec: 257,620 | bf16_mfu: 46.34 | epoch: 1 | total time: 21.87m | eta: 275.2m
step 00331/04357 (7.60%) | loss: 3.460688 | lrm: 1.00 | dt: 4071.24ms | tok/sec: 257,557 | bf16_mfu: 46.33 | epoch: 1 | total time: 21.93m | eta: 275.1m
step 00332/04357 (7.62%) | loss: 3.455537 | lrm: 1.00 | dt: 4073.03ms | tok/sec: 257,443 | bf16_mfu: 46.31 | epoch: 1 | total time: 22.00m | eta: 275.0m
step 00333/04357 (7.64%) | loss: 3.458494 | lrm: 1.00 | dt: 4070.13ms | tok/sec: 257,627 | bf16_mfu: 46.34 | epoch: 1 | total time: 22.07m | eta: 275.0m
step 00334/04357 (7.67%) | loss: 3.465312 | lrm: 1.00 | dt: 4055.57ms | tok/sec: 258,552 | bf16_mfu: 46.51 | epoch: 1 | total time: 22.14m | eta: 274.9m
step 00335/04357 (7.69%) | loss: 3.465540 | lrm: 1.00 | dt: 4064.44ms | tok/sec: 257,987 | bf16_mfu: 46.41 | epoch: 1 | total time: 22.21m | eta: 274.8m
step 00336/04357 (7.71%) | loss: 3.466208 | lrm: 1.00 | dt: 4056.62ms | tok/sec: 258,485 | bf16_mfu: 46.50 | epoch: 1 | total time: 22.27m | eta: 274.7m
step 00337/04357 (7.73%) | loss: 3.476543 | lrm: 1.00 | dt: 4052.09ms | tok/sec: 258,774 | bf16_mfu: 46.55 | epoch: 1 | total time: 22.34m | eta: 274.6m
step 00338/04357 (7.76%) | loss: 3.465498 | lrm: 1.00 | dt: 4059.41ms | tok/sec: 258,307 | bf16_mfu: 46.47 | epoch: 1 | total time: 22.41m | eta: 274.6m
step 00339/04357 (7.78%) | loss: 3.450137 | lrm: 1.00 | dt: 4065.86ms | tok/sec: 257,897 | bf16_mfu: 46.39 | epoch: 1 | total time: 22.48m | eta: 274.5m
step 00340/04357 (7.80%) | loss: 3.445359 | lrm: 1.00 | dt: 4050.75ms | tok/sec: 258,859 | bf16_mfu: 46.57 | epoch: 1 | total time: 22.54m | eta: 274.4m
step 00341/04357 (7.83%) | loss: 3.445746 | lrm: 1.00 | dt: 4051.87ms | tok/sec: 258,788 | bf16_mfu: 46.55 | epoch: 1 | total time: 22.61m | eta: 274.3m
step 00342/04357 (7.85%) | loss: 3.439211 | lrm: 1.00 | dt: 4050.99ms | tok/sec: 258,844 | bf16_mfu: 46.56 | epoch: 1 | total time: 22.68m | eta: 274.3m
step 00343/04357 (7.87%) | loss: 3.435656 | lrm: 1.00 | dt: 4053.47ms | tok/sec: 258,686 | bf16_mfu: 46.54 | epoch: 1 | total time: 22.75m | eta: 274.2m
step 00344/04357 (7.90%) | loss: 3.447175 | lrm: 1.00 | dt: 4054.24ms | tok/sec: 258,636 | bf16_mfu: 46.53 | epoch: 1 | total time: 22.81m | eta: 274.1m
step 00345/04357 (7.92%) | loss: 3.453789 | lrm: 1.00 | dt: 4053.08ms | tok/sec: 258,710 | bf16_mfu: 46.54 | epoch: 1 | total time: 22.88m | eta: 274.0m
step 00346/04357 (7.94%) | loss: 3.459997 | lrm: 1.00 | dt: 4048.21ms | tok/sec: 259,022 | bf16_mfu: 46.60 | epoch: 1 | total time: 22.95m | eta: 274.0m
step 00347/04357 (7.96%) | loss: 3.464449 | lrm: 1.00 | dt: 4051.70ms | tok/sec: 258,799 | bf16_mfu: 46.56 | epoch: 1 | total time: 23.02m | eta: 273.9m
step 00348/04357 (7.99%) | loss: 3.453376 | lrm: 1.00 | dt: 4056.20ms | tok/sec: 258,511 | bf16_mfu: 46.50 | epoch: 1 | total time: 23.08m | eta: 273.8m
step 00349/04357 (8.01%) | loss: 3.444489 | lrm: 1.00 | dt: 4050.83ms | tok/sec: 258,854 | bf16_mfu: 46.57 | epoch: 1 | total time: 23.15m | eta: 273.7m
step 00350/04357 (8.03%) | loss: 3.453423 | lrm: 1.00 | dt: 4052.48ms | tok/sec: 258,749 | bf16_mfu: 46.55 | epoch: 1 | total time: 23.22m | eta: 273.6m
step 00351/04357 (8.06%) | loss: 3.445021 | lrm: 1.00 | dt: 4052.64ms | tok/sec: 258,739 | bf16_mfu: 46.55 | epoch: 1 | total time: 23.29m | eta: 273.6m
step 00352/04357 (8.08%) | loss: 3.436678 | lrm: 1.00 | dt: 4055.67ms | tok/sec: 258,545 | bf16_mfu: 46.51 | epoch: 1 | total time: 23.35m | eta: 273.5m
step 00353/04357 (8.10%) | loss: 3.444325 | lrm: 1.00 | dt: 4050.07ms | tok/sec: 258,903 | bf16_mfu: 46.57 | epoch: 1 | total time: 23.42m | eta: 273.4m
step 00354/04357 (8.12%) | loss: 3.442088 | lrm: 1.00 | dt: 4050.82ms | tok/sec: 258,854 | bf16_mfu: 46.57 | epoch: 1 | total time: 23.49m | eta: 273.3m
step 00355/04357 (8.15%) | loss: 3.441541 | lrm: 1.00 | dt: 4044.61ms | tok/sec: 259,252 | bf16_mfu: 46.64 | epoch: 1 | total time: 23.56m | eta: 273.3m
step 00356/04357 (8.17%) | loss: 3.447290 | lrm: 1.00 | dt: 4041.62ms | tok/sec: 259,444 | bf16_mfu: 46.67 | epoch: 1 | total time: 23.62m | eta: 273.2m
step 00357/04357 (8.19%) | loss: 3.461525 | lrm: 1.00 | dt: 4046.41ms | tok/sec: 259,137 | bf16_mfu: 46.62 | epoch: 1 | total time: 23.69m | eta: 273.1m
step 00358/04357 (8.22%) | loss: 3.441598 | lrm: 1.00 | dt: 4054.33ms | tok/sec: 258,630 | bf16_mfu: 46.53 | epoch: 1 | total time: 23.76m | eta: 273.0m
step 00359/04357 (8.24%) | loss: 3.456797 | lrm: 1.00 | dt: 4048.40ms | tok/sec: 259,009 | bf16_mfu: 46.59 | epoch: 1 | total time: 23.83m | eta: 272.9m
step 00360/04357 (8.26%) | loss: 3.453014 | lrm: 1.00 | dt: 4054.39ms | tok/sec: 258,627 | bf16_mfu: 46.52 | epoch: 1 | total time: 23.89m | eta: 272.9m
step 00361/04357 (8.29%) | loss: 3.452551 | lrm: 1.00 | dt: 4048.96ms | tok/sec: 258,973 | bf16_mfu: 46.59 | epoch: 1 | total time: 23.96m | eta: 272.8m
step 00362/04357 (8.31%) | loss: 3.448895 | lrm: 1.00 | dt: 4038.92ms | tok/sec: 259,617 | bf16_mfu: 46.70 | epoch: 1 | total time: 24.03m | eta: 272.7m
step 00363/04357 (8.33%) | loss: 3.439319 | lrm: 1.00 | dt: 4053.44ms | tok/sec: 258,688 | bf16_mfu: 46.54 | epoch: 1 | total time: 24.10m | eta: 272.6m
step 00364/04357 (8.35%) | loss: 3.451779 | lrm: 1.00 | dt: 4046.05ms | tok/sec: 259,160 | bf16_mfu: 46.62 | epoch: 1 | total time: 24.16m | eta: 272.6m
step 00365/04357 (8.38%) | loss: 3.438864 | lrm: 1.00 | dt: 4026.84ms | tok/sec: 260,396 | bf16_mfu: 46.84 | epoch: 1 | total time: 24.23m | eta: 272.5m
step 00366/04357 (8.40%) | loss: 3.440956 | lrm: 1.00 | dt: 4040.95ms | tok/sec: 259,487 | bf16_mfu: 46.68 | epoch: 1 | total time: 24.30m | eta: 272.4m
step 00367/04357 (8.42%) | loss: 3.432917 | lrm: 1.00 | dt: 4042.89ms | tok/sec: 259,362 | bf16_mfu: 46.66 | epoch: 1 | total time: 24.37m | eta: 272.3m
step 00368/04357 (8.45%) | loss: 3.440685 | lrm: 1.00 | dt: 4042.47ms | tok/sec: 259,389 | bf16_mfu: 46.66 | epoch: 1 | total time: 24.43m | eta: 272.2m
step 00369/04357 (8.47%) | loss: 3.441555 | lrm: 1.00 | dt: 4031.27ms | tok/sec: 260,110 | bf16_mfu: 46.79 | epoch: 1 | total time: 24.50m | eta: 272.2m
step 00370/04357 (8.49%) | loss: 3.443400 | lrm: 1.00 | dt: 4025.35ms | tok/sec: 260,492 | bf16_mfu: 46.86 | epoch: 1 | total time: 24.57m | eta: 272.1m
step 00371/04357 (8.52%) | loss: 3.440378 | lrm: 1.00 | dt: 4039.32ms | tok/sec: 259,592 | bf16_mfu: 46.70 | epoch: 1 | total time: 24.63m | eta: 272.0m
step 00372/04357 (8.54%) | loss: 3.422382 | lrm: 1.00 | dt: 4044.06ms | tok/sec: 259,288 | bf16_mfu: 46.64 | epoch: 1 | total time: 24.70m | eta: 271.9m
step 00373/04357 (8.56%) | loss: 3.405132 | lrm: 1.00 | dt: 4034.31ms | tok/sec: 259,914 | bf16_mfu: 46.76 | epoch: 1 | total time: 24.77m | eta: 271.8m
step 00374/04357 (8.58%) | loss: 3.403517 | lrm: 1.00 | dt: 4030.31ms | tok/sec: 260,172 | bf16_mfu: 46.80 | epoch: 1 | total time: 24.84m | eta: 271.8m
step 00375/04357 (8.61%) | loss: 3.400598 | lrm: 1.00 | dt: 4041.81ms | tok/sec: 259,432 | bf16_mfu: 46.67 | epoch: 1 | total time: 24.90m | eta: 271.7m
step 00376/04357 (8.63%) | loss: 3.402557 | lrm: 1.00 | dt: 4029.49ms | tok/sec: 260,225 | bf16_mfu: 46.81 | epoch: 1 | total time: 24.97m | eta: 271.6m
step 00377/04357 (8.65%) | loss: 3.421733 | lrm: 1.00 | dt: 4039.34ms | tok/sec: 259,590 | bf16_mfu: 46.70 | epoch: 1 | total time: 25.04m | eta: 271.5m
step 00378/04357 (8.68%) | loss: 3.436062 | lrm: 1.00 | dt: 4041.45ms | tok/sec: 259,455 | bf16_mfu: 46.67 | epoch: 1 | total time: 25.11m | eta: 271.5m
step 00379/04357 (8.70%) | loss: 3.432055 | lrm: 1.00 | dt: 4030.70ms | tok/sec: 260,147 | bf16_mfu: 46.80 | epoch: 1 | total time: 25.17m | eta: 271.4m
step 00380/04357 (8.72%) | loss: 3.415570 | lrm: 1.00 | dt: 4030.81ms | tok/sec: 260,140 | bf16_mfu: 46.80 | epoch: 1 | total time: 25.24m | eta: 271.3m
step 00381/04357 (8.74%) | loss: 3.409443 | lrm: 1.00 | dt: 4031.25ms | tok/sec: 260,112 | bf16_mfu: 46.79 | epoch: 1 | total time: 25.31m | eta: 271.2m
step 00382/04357 (8.77%) | loss: 3.420239 | lrm: 1.00 | dt: 4034.96ms | tok/sec: 259,872 | bf16_mfu: 46.75 | epoch: 1 | total time: 25.37m | eta: 271.1m
step 00383/04357 (8.79%) | loss: 3.428975 | lrm: 1.00 | dt: 4035.97ms | tok/sec: 259,807 | bf16_mfu: 46.74 | epoch: 1 | total time: 25.44m | eta: 271.1m
step 00384/04357 (8.81%) | loss: 3.428519 | lrm: 1.00 | dt: 4035.45ms | tok/sec: 259,841 | bf16_mfu: 46.74 | epoch: 1 | total time: 25.51m | eta: 271.0m
step 00385/04357 (8.84%) | loss: 3.422527 | lrm: 1.00 | dt: 4037.94ms | tok/sec: 259,680 | bf16_mfu: 46.71 | epoch: 1 | total time: 25.58m | eta: 270.9m
step 00386/04357 (8.86%) | loss: 3.412463 | lrm: 1.00 | dt: 4025.60ms | tok/sec: 260,476 | bf16_mfu: 46.86 | epoch: 1 | total time: 25.64m | eta: 270.8m
step 00387/04357 (8.88%) | loss: 3.410121 | lrm: 1.00 | dt: 4035.51ms | tok/sec: 259,837 | bf16_mfu: 46.74 | epoch: 1 | total time: 25.71m | eta: 270.7m
step 00388/04357 (8.91%) | loss: 3.406635 | lrm: 1.00 | dt: 4033.17ms | tok/sec: 259,987 | bf16_mfu: 46.77 | epoch: 1 | total time: 25.78m | eta: 270.7m
step 00389/04357 (8.93%) | loss: 3.403749 | lrm: 1.00 | dt: 4037.57ms | tok/sec: 259,704 | bf16_mfu: 46.72 | epoch: 1 | total time: 25.85m | eta: 270.6m
step 00390/04357 (8.95%) | loss: 3.402699 | lrm: 1.00 | dt: 4031.84ms | tok/sec: 260,073 | bf16_mfu: 46.79 | epoch: 1 | total time: 25.91m | eta: 270.5m
step 00391/04357 (8.97%) | loss: 3.416674 | lrm: 1.00 | dt: 4027.65ms | tok/sec: 260,344 | bf16_mfu: 46.83 | epoch: 1 | total time: 25.98m | eta: 270.4m
step 00392/04357 (9.00%) | loss: 3.411060 | lrm: 1.00 | dt: 4030.92ms | tok/sec: 260,133 | bf16_mfu: 46.80 | epoch: 1 | total time: 26.05m | eta: 270.4m
step 00393/04357 (9.02%) | loss: 3.417048 | lrm: 1.00 | dt: 4034.44ms | tok/sec: 259,905 | bf16_mfu: 46.75 | epoch: 1 | total time: 26.11m | eta: 270.3m
step 00394/04357 (9.04%) | loss: 3.418527 | lrm: 1.00 | dt: 4032.45ms | tok/sec: 260,034 | bf16_mfu: 46.78 | epoch: 1 | total time: 26.18m | eta: 270.2m
