========================================
Job ID: 504108
Node: andreas-h100-1
GPUs: 2
Config: Trace Norm - Option 3 (Growing Frobenius)
Start Time: Tue Mar 10 02:39:56 PM EDT 2026
========================================
Tue Mar 10 14:39:56 2026       
+-----------------------------------------------------------------------------------------+
| NVIDIA-SMI 575.57.08              Driver Version: 575.57.08      CUDA Version: 12.9     |
|-----------------------------------------+------------------------+----------------------+
| GPU  Name                 Persistence-M | Bus-Id          Disp.A | Volatile Uncorr. ECC |
| Fan  Temp   Perf          Pwr:Usage/Cap |           Memory-Usage | GPU-Util  Compute M. |
|                                         |                        |               MIG M. |
|=========================================+========================+======================|
|   0  NVIDIA H100 NVL                On  |   00000000:81:00.0 Off |                    0 |
| N/A   43C    P0             64W /  400W |       0MiB /  95830MiB |      0%      Default |
|                                         |                        |             Disabled |
+-----------------------------------------+------------------------+----------------------+
|   1  NVIDIA H100 NVL                On  |   00000000:A1:00.0 Off |                    0 |
| N/A   41C    P0             64W /  400W |       0MiB /  95830MiB |      0%      Default |
|                                         |                        |             Disabled |
+-----------------------------------------+------------------------+----------------------+
                                                                                         
+-----------------------------------------------------------------------------------------+
| Processes:                                                                              |
|  GPU   GI   CI              PID   Type   Process name                        GPU Memory |
|        ID   ID                                                               Usage      |
|=========================================================================================|
|  No running processes found                                                             |
+-----------------------------------------------------------------------------------------+

                                                       █████                █████
                                                      ░░███                ░░███
     ████████    ██████   ████████    ██████   ██████  ░███████    ██████  ███████
    ░░███░░███  ░░░░░███ ░░███░░███  ███░░███ ███░░███ ░███░░███  ░░░░░███░░░███░
     ░███ ░███   ███████  ░███ ░███ ░███ ░███░███ ░░░  ░███ ░███   ███████  ░███
     ░███ ░███  ███░░███  ░███ ░███ ░███ ░███░███  ███ ░███ ░███  ███░░███  ░███ ███
     ████ █████░░████████ ████ █████░░██████ ░░██████  ████ █████░░███████  ░░█████
    ░░░░ ░░░░░  ░░░░░░░░ ░░░░ ░░░░░  ░░░░░░   ░░░░░░  ░░░░ ░░░░░  ░░░░░░░░   ░░░░░
    Newton-Schulz mode: baseline (5 iterations, 15 matmuls)

Newton-Schulz mode: baseline (5 iterations, 15 matmuls)
Autodetected device type: cuda
GPU: NVIDIA H100 NVL | Peak FLOPS (BF16): 8.35e+14
Using Flash Attention 3 (Hopper GPU detected)
Vocab size: 32,768
Model config:
{
  "sequence_len": 2048,
  "vocab_size": 32768,
  "n_layer": 20,
  "n_head": 10,
  "n_kv_head": 10,
  "n_embd": 1280,
  "window_pattern": "SSSL"
}
FP8 training enabled (tensorwise scaling) - converted 121 layers
[Option 3] Growing Frobenius (rate=0.001, max=3.5x): 130 layers
SV entropy tracking layers: ['transformer.h.0.attn.c_q.weight', 'transformer.h.0.mlp.c_fc.weight', 'transformer.h.10.attn.c_q.weight', 'transformer.h.10.mlp.c_fc.weight', 'transformer.h.19.attn.c_q.weight', 'transformer.h.19.mlp.c_fc.weight']
Parameter counts:
wte                     : 41,943,040
value_embeds            : 419,430,400
lm_head                 : 41,943,040
transformer_matrices    : 393,219,200
scalars                 : 40
total                   : 896,535,720
Estimated FLOPs per token: 3.004189e+09
Auto-computed optimal batch size: 1,048,576 tokens
Scaling LRs by 1.4142 for batch size 1,048,576 (reference: 524,288)
Scaling weight decay from 0.200000 to 0.071563 for depth 20
Scaling the LR for the AdamW parameters ∝1/√(1280/768) = 0.774597
Calculated number of iterations from target data:param ratio: 4,357
Total number of training tokens: 4,568,645,632
Tokens : Scaling params ratio: 10.50
Total training FLOPs estimate: 1.372508e+19
Total batch size 1,048,576 => gradient accumulation steps: 16
Logging initial spectral stats (step 0)...
Logged initial spectral stats for 130 layers, entropy for 6 layers
Step 00000 | Validation bpb: 3.172610
step 00000/04357 (0.00%) | loss: 10.398407 | lrm: 1.00 | dt: 37323.81ms | tok/sec: 28,094 | bf16_mfu: 5.05 | epoch: 1 | total time: 0.00m
step 00001/04357 (0.02%) | loss: 10.893833 | lrm: 1.00 | dt: 3446.18ms | tok/sec: 304,272 | bf16_mfu: 54.74 | epoch: 1 | total time: 0.00m
step 00002/04357 (0.05%) | loss: 10.655884 | lrm: 1.00 | dt: 3475.86ms | tok/sec: 301,673 | bf16_mfu: 54.27 | epoch: 1 | total time: 0.00m
step 00003/04357 (0.07%) | loss: 10.073420 | lrm: 1.00 | dt: 3486.76ms | tok/sec: 300,730 | bf16_mfu: 54.10 | epoch: 1 | total time: 0.00m
step 00004/04357 (0.09%) | loss: 9.439187 | lrm: 1.00 | dt: 3506.52ms | tok/sec: 299,036 | bf16_mfu: 53.79 | epoch: 1 | total time: 0.00m
step 00005/04357 (0.11%) | loss: 8.928901 | lrm: 1.00 | dt: 3518.63ms | tok/sec: 298,006 | bf16_mfu: 53.61 | epoch: 1 | total time: 0.00m
step 00006/04357 (0.14%) | loss: 8.547906 | lrm: 1.00 | dt: 3527.07ms | tok/sec: 297,293 | bf16_mfu: 53.48 | epoch: 1 | total time: 0.00m
step 00007/04357 (0.16%) | loss: 8.222174 | lrm: 1.00 | dt: 3540.43ms | tok/sec: 296,171 | bf16_mfu: 53.28 | epoch: 1 | total time: 0.00m
step 00008/04357 (0.18%) | loss: 7.964384 | lrm: 1.00 | dt: 3550.08ms | tok/sec: 295,367 | bf16_mfu: 53.13 | epoch: 1 | total time: 0.00m
step 00009/04357 (0.21%) | loss: 7.741525 | lrm: 1.00 | dt: 3554.74ms | tok/sec: 294,979 | bf16_mfu: 53.06 | epoch: 1 | total time: 0.00m
step 00010/04357 (0.23%) | loss: 7.535865 | lrm: 1.00 | dt: 3522.30ms | tok/sec: 297,696 | bf16_mfu: 53.55 | epoch: 1 | total time: 0.00m
step 00011/04357 (0.25%) | loss: 7.362765 | lrm: 1.00 | dt: 3553.81ms | tok/sec: 295,056 | bf16_mfu: 53.08 | epoch: 1 | total time: 0.06m | eta: 257.4m
step 00012/04357 (0.28%) | loss: 7.198699 | lrm: 1.00 | dt: 3555.36ms | tok/sec: 294,928 | bf16_mfu: 53.06 | epoch: 1 | total time: 0.12m | eta: 257.4m
step 00013/04357 (0.30%) | loss: 7.057330 | lrm: 1.00 | dt: 3552.90ms | tok/sec: 295,132 | bf16_mfu: 53.09 | epoch: 1 | total time: 0.18m | eta: 257.3m
step 00014/04357 (0.32%) | loss: 6.947803 | lrm: 1.00 | dt: 3553.83ms | tok/sec: 295,055 | bf16_mfu: 53.08 | epoch: 1 | total time: 0.24m | eta: 257.2m
step 00015/04357 (0.34%) | loss: 6.834808 | lrm: 1.00 | dt: 3566.93ms | tok/sec: 293,971 | bf16_mfu: 52.88 | epoch: 1 | total time: 0.30m | eta: 257.4m
step 00016/04357 (0.37%) | loss: 6.750053 | lrm: 1.00 | dt: 3575.59ms | tok/sec: 293,259 | bf16_mfu: 52.75 | epoch: 1 | total time: 0.36m | eta: 257.5m
step 00017/04357 (0.39%) | loss: 6.660878 | lrm: 1.00 | dt: 3576.65ms | tok/sec: 293,172 | bf16_mfu: 52.74 | epoch: 1 | total time: 0.42m | eta: 257.7m
step 00018/04357 (0.41%) | loss: 6.570760 | lrm: 1.00 | dt: 3583.87ms | tok/sec: 292,582 | bf16_mfu: 52.63 | epoch: 1 | total time: 0.48m | eta: 257.8m
step 00019/04357 (0.44%) | loss: 6.502251 | lrm: 1.00 | dt: 3579.96ms | tok/sec: 292,901 | bf16_mfu: 52.69 | epoch: 1 | total time: 0.53m | eta: 257.9m
step 00020/04357 (0.46%) | loss: 6.432252 | lrm: 1.00 | dt: 3586.53ms | tok/sec: 292,364 | bf16_mfu: 52.59 | epoch: 1 | total time: 0.59m | eta: 257.9m
step 00021/04357 (0.48%) | loss: 6.374791 | lrm: 1.00 | dt: 3591.99ms | tok/sec: 291,920 | bf16_mfu: 52.51 | epoch: 1 | total time: 0.65m | eta: 258.0m
step 00022/04357 (0.50%) | loss: 6.327720 | lrm: 1.00 | dt: 3595.08ms | tok/sec: 291,669 | bf16_mfu: 52.47 | epoch: 1 | total time: 0.71m | eta: 258.1m
step 00023/04357 (0.53%) | loss: 6.282324 | lrm: 1.00 | dt: 3591.91ms | tok/sec: 291,927 | bf16_mfu: 52.52 | epoch: 1 | total time: 0.77m | eta: 258.2m
step 00024/04357 (0.55%) | loss: 6.226589 | lrm: 1.00 | dt: 3594.60ms | tok/sec: 291,708 | bf16_mfu: 52.48 | epoch: 1 | total time: 0.83m | eta: 258.2m
step 00025/04357 (0.57%) | loss: 6.193185 | lrm: 1.00 | dt: 3594.58ms | tok/sec: 291,710 | bf16_mfu: 52.48 | epoch: 1 | total time: 0.89m | eta: 258.3m
step 00026/04357 (0.60%) | loss: 6.157748 | lrm: 1.00 | dt: 3595.17ms | tok/sec: 291,662 | bf16_mfu: 52.47 | epoch: 1 | total time: 0.95m | eta: 258.3m
step 00027/04357 (0.62%) | loss: 6.130974 | lrm: 1.00 | dt: 3599.69ms | tok/sec: 291,296 | bf16_mfu: 52.40 | epoch: 1 | total time: 1.01m | eta: 258.3m
step 00028/04357 (0.64%) | loss: 6.103420 | lrm: 1.00 | dt: 3601.64ms | tok/sec: 291,138 | bf16_mfu: 52.37 | epoch: 1 | total time: 1.07m | eta: 258.3m
step 00029/04357 (0.67%) | loss: 6.082587 | lrm: 1.00 | dt: 3602.86ms | tok/sec: 291,040 | bf16_mfu: 52.36 | epoch: 1 | total time: 1.13m | eta: 258.4m
step 00030/04357 (0.69%) | loss: 6.066095 | lrm: 1.00 | dt: 3603.15ms | tok/sec: 291,016 | bf16_mfu: 52.35 | epoch: 1 | total time: 1.19m | eta: 258.4m
step 00031/04357 (0.71%) | loss: 6.046062 | lrm: 1.00 | dt: 3593.63ms | tok/sec: 291,787 | bf16_mfu: 52.49 | epoch: 1 | total time: 1.25m | eta: 258.4m
step 00032/04357 (0.73%) | loss: 6.035533 | lrm: 1.00 | dt: 3600.75ms | tok/sec: 291,210 | bf16_mfu: 52.39 | epoch: 1 | total time: 1.31m | eta: 258.4m
step 00033/04357 (0.76%) | loss: 6.017053 | lrm: 1.00 | dt: 3606.25ms | tok/sec: 290,766 | bf16_mfu: 52.31 | epoch: 1 | total time: 1.37m | eta: 258.4m
step 00034/04357 (0.78%) | loss: 5.989901 | lrm: 1.00 | dt: 3608.06ms | tok/sec: 290,620 | bf16_mfu: 52.28 | epoch: 1 | total time: 1.43m | eta: 258.4m
step 00035/04357 (0.80%) | loss: 5.981395 | lrm: 1.00 | dt: 3606.81ms | tok/sec: 290,721 | bf16_mfu: 52.30 | epoch: 1 | total time: 1.49m | eta: 258.4m
step 00036/04357 (0.83%) | loss: 5.975766 | lrm: 1.00 | dt: 3604.67ms | tok/sec: 290,893 | bf16_mfu: 52.33 | epoch: 1 | total time: 1.55m | eta: 258.4m
step 00037/04357 (0.85%) | loss: 5.960590 | lrm: 1.00 | dt: 3606.56ms | tok/sec: 290,741 | bf16_mfu: 52.30 | epoch: 1 | total time: 1.61m | eta: 258.4m
step 00038/04357 (0.87%) | loss: 5.947295 | lrm: 1.00 | dt: 3609.15ms | tok/sec: 290,532 | bf16_mfu: 52.26 | epoch: 1 | total time: 1.67m | eta: 258.3m
step 00039/04357 (0.90%) | loss: 5.938475 | lrm: 1.00 | dt: 3605.47ms | tok/sec: 290,829 | bf16_mfu: 52.32 | epoch: 1 | total time: 1.73m | eta: 258.3m
step 00040/04357 (0.92%) | loss: 5.926254 | lrm: 1.00 | dt: 3606.45ms | tok/sec: 290,750 | bf16_mfu: 52.30 | epoch: 1 | total time: 1.80m | eta: 258.3m
step 00041/04357 (0.94%) | loss: 5.920788 | lrm: 1.00 | dt: 3609.60ms | tok/sec: 290,496 | bf16_mfu: 52.26 | epoch: 1 | total time: 1.86m | eta: 258.3m
step 00042/04357 (0.96%) | loss: 5.907721 | lrm: 1.00 | dt: 3600.01ms | tok/sec: 291,270 | bf16_mfu: 52.40 | epoch: 1 | total time: 1.92m | eta: 258.3m
step 00043/04357 (0.99%) | loss: 5.900233 | lrm: 1.00 | dt: 3609.18ms | tok/sec: 290,530 | bf16_mfu: 52.26 | epoch: 1 | total time: 1.98m | eta: 258.2m
step 00044/04357 (1.01%) | loss: 5.895717 | lrm: 1.00 | dt: 3621.85ms | tok/sec: 289,513 | bf16_mfu: 52.08 | epoch: 1 | total time: 2.04m | eta: 258.2m
step 00045/04357 (1.03%) | loss: 5.877261 | lrm: 1.00 | dt: 3608.68ms | tok/sec: 290,570 | bf16_mfu: 52.27 | epoch: 1 | total time: 2.10m | eta: 258.2m
step 00046/04357 (1.06%) | loss: 5.880235 | lrm: 1.00 | dt: 3611.25ms | tok/sec: 290,364 | bf16_mfu: 52.23 | epoch: 1 | total time: 2.16m | eta: 258.2m
step 00047/04357 (1.08%) | loss: 5.872007 | lrm: 1.00 | dt: 3613.69ms | tok/sec: 290,167 | bf16_mfu: 52.20 | epoch: 1 | total time: 2.22m | eta: 258.2m
step 00048/04357 (1.10%) | loss: 5.870924 | lrm: 1.00 | dt: 3606.87ms | tok/sec: 290,716 | bf16_mfu: 52.30 | epoch: 1 | total time: 2.28m | eta: 258.1m
step 00049/04357 (1.12%) | loss: 5.860153 | lrm: 1.00 | dt: 3603.92ms | tok/sec: 290,954 | bf16_mfu: 52.34 | epoch: 1 | total time: 2.34m | eta: 258.1m
step 00050/04357 (1.15%) | loss: 5.866394 | lrm: 1.00 | dt: 3616.53ms | tok/sec: 289,939 | bf16_mfu: 52.16 | epoch: 1 | total time: 2.40m | eta: 258.1m
step 00051/04357 (1.17%) | loss: 5.857031 | lrm: 1.00 | dt: 3606.23ms | tok/sec: 290,767 | bf16_mfu: 52.31 | epoch: 1 | total time: 2.46m | eta: 258.0m
step 00052/04357 (1.19%) | loss: 5.855226 | lrm: 1.00 | dt: 3615.08ms | tok/sec: 290,055 | bf16_mfu: 52.18 | epoch: 1 | total time: 2.52m | eta: 258.0m
step 00053/04357 (1.22%) | loss: 5.839584 | lrm: 1.00 | dt: 3610.44ms | tok/sec: 290,428 | bf16_mfu: 52.25 | epoch: 1 | total time: 2.58m | eta: 258.0m
step 00054/04357 (1.24%) | loss: 5.824973 | lrm: 1.00 | dt: 3610.55ms | tok/sec: 290,420 | bf16_mfu: 52.24 | epoch: 1 | total time: 2.64m | eta: 257.9m
step 00055/04357 (1.26%) | loss: 5.825021 | lrm: 1.00 | dt: 3610.15ms | tok/sec: 290,452 | bf16_mfu: 52.25 | epoch: 1 | total time: 2.70m | eta: 257.9m
step 00056/04357 (1.29%) | loss: 5.820440 | lrm: 1.00 | dt: 3609.16ms | tok/sec: 290,531 | bf16_mfu: 52.26 | epoch: 1 | total time: 2.76m | eta: 257.9m
step 00057/04357 (1.31%) | loss: 5.803877 | lrm: 1.00 | dt: 3606.19ms | tok/sec: 290,770 | bf16_mfu: 52.31 | epoch: 1 | total time: 2.82m | eta: 257.8m
step 00058/04357 (1.33%) | loss: 5.794543 | lrm: 1.00 | dt: 3613.54ms | tok/sec: 290,179 | bf16_mfu: 52.20 | epoch: 1 | total time: 2.88m | eta: 257.8m
step 00059/04357 (1.35%) | loss: 5.789272 | lrm: 1.00 | dt: 3610.84ms | tok/sec: 290,396 | bf16_mfu: 52.24 | epoch: 1 | total time: 2.94m | eta: 257.7m
step 00060/04357 (1.38%) | loss: 5.777754 | lrm: 1.00 | dt: 3615.70ms | tok/sec: 290,006 | bf16_mfu: 52.17 | epoch: 1 | total time: 3.00m | eta: 257.7m
step 00061/04357 (1.40%) | loss: 5.774882 | lrm: 1.00 | dt: 3615.66ms | tok/sec: 290,009 | bf16_mfu: 52.17 | epoch: 1 | total time: 3.06m | eta: 257.7m
step 00062/04357 (1.42%) | loss: 5.768167 | lrm: 1.00 | dt: 3610.28ms | tok/sec: 290,442 | bf16_mfu: 52.25 | epoch: 1 | total time: 3.12m | eta: 257.6m
step 00063/04357 (1.45%) | loss: 5.771629 | lrm: 1.00 | dt: 3612.59ms | tok/sec: 290,255 | bf16_mfu: 52.21 | epoch: 1 | total time: 3.18m | eta: 257.6m
step 00064/04357 (1.47%) | loss: 5.765287 | lrm: 1.00 | dt: 3611.72ms | tok/sec: 290,326 | bf16_mfu: 52.23 | epoch: 1 | total time: 3.24m | eta: 257.5m
step 00065/04357 (1.49%) | loss: 5.759232 | lrm: 1.00 | dt: 3613.96ms | tok/sec: 290,146 | bf16_mfu: 52.19 | epoch: 1 | total time: 3.30m | eta: 257.5m
step 00066/04357 (1.51%) | loss: 5.761707 | lrm: 1.00 | dt: 3614.54ms | tok/sec: 290,099 | bf16_mfu: 52.19 | epoch: 1 | total time: 3.36m | eta: 257.4m
step 00067/04357 (1.54%) | loss: 5.755751 | lrm: 1.00 | dt: 3612.99ms | tok/sec: 290,223 | bf16_mfu: 52.21 | epoch: 1 | total time: 3.42m | eta: 257.4m
step 00068/04357 (1.56%) | loss: 5.758988 | lrm: 1.00 | dt: 3599.24ms | tok/sec: 291,332 | bf16_mfu: 52.41 | epoch: 1 | total time: 3.48m | eta: 257.3m
step 00069/04357 (1.58%) | loss: 5.751865 | lrm: 1.00 | dt: 3606.62ms | tok/sec: 290,736 | bf16_mfu: 52.30 | epoch: 1 | total time: 3.54m | eta: 257.3m
step 00070/04357 (1.61%) | loss: 5.762122 | lrm: 1.00 | dt: 3612.70ms | tok/sec: 290,247 | bf16_mfu: 52.21 | epoch: 1 | total time: 3.60m | eta: 257.2m
step 00071/04357 (1.63%) | loss: 5.758735 | lrm: 1.00 | dt: 3614.28ms | tok/sec: 290,119 | bf16_mfu: 52.19 | epoch: 1 | total time: 3.66m | eta: 257.2m
step 00072/04357 (1.65%) | loss: 5.761537 | lrm: 1.00 | dt: 3611.39ms | tok/sec: 290,352 | bf16_mfu: 52.23 | epoch: 1 | total time: 3.72m | eta: 257.2m
step 00073/04357 (1.68%) | loss: 5.762581 | lrm: 1.00 | dt: 3612.30ms | tok/sec: 290,279 | bf16_mfu: 52.22 | epoch: 1 | total time: 3.78m | eta: 257.1m
step 00074/04357 (1.70%) | loss: 5.751872 | lrm: 1.00 | dt: 3609.99ms | tok/sec: 290,465 | bf16_mfu: 52.25 | epoch: 1 | total time: 3.84m | eta: 257.1m
step 00075/04357 (1.72%) | loss: 5.754319 | lrm: 1.00 | dt: 3619.39ms | tok/sec: 289,710 | bf16_mfu: 52.12 | epoch: 1 | total time: 3.90m | eta: 257.0m
step 00076/04357 (1.74%) | loss: 5.753586 | lrm: 1.00 | dt: 3614.01ms | tok/sec: 290,141 | bf16_mfu: 52.19 | epoch: 1 | total time: 3.96m | eta: 257.0m
step 00077/04357 (1.77%) | loss: 5.749441 | lrm: 1.00 | dt: 3613.05ms | tok/sec: 290,219 | bf16_mfu: 52.21 | epoch: 1 | total time: 4.02m | eta: 256.9m
step 00078/04357 (1.79%) | loss: 5.742709 | lrm: 1.00 | dt: 3617.47ms | tok/sec: 289,864 | bf16_mfu: 52.14 | epoch: 1 | total time: 4.08m | eta: 256.9m
step 00079/04357 (1.81%) | loss: 5.734622 | lrm: 1.00 | dt: 3619.63ms | tok/sec: 289,691 | bf16_mfu: 52.11 | epoch: 1 | total time: 4.14m | eta: 256.8m
step 00080/04357 (1.84%) | loss: 5.727031 | lrm: 1.00 | dt: 3617.39ms | tok/sec: 289,870 | bf16_mfu: 52.15 | epoch: 1 | total time: 4.20m | eta: 256.8m
step 00081/04357 (1.86%) | loss: 5.715719 | lrm: 1.00 | dt: 3616.73ms | tok/sec: 289,923 | bf16_mfu: 52.15 | epoch: 1 | total time: 4.26m | eta: 256.8m
step 00082/04357 (1.88%) | loss: 5.720927 | lrm: 1.00 | dt: 3615.37ms | tok/sec: 290,032 | bf16_mfu: 52.17 | epoch: 1 | total time: 4.32m | eta: 256.7m
step 00083/04357 (1.90%) | loss: 5.710441 | lrm: 1.00 | dt: 3613.36ms | tok/sec: 290,193 | bf16_mfu: 52.20 | epoch: 1 | total time: 4.38m | eta: 256.7m
step 00084/04357 (1.93%) | loss: 5.728760 | lrm: 1.00 | dt: 3617.39ms | tok/sec: 289,870 | bf16_mfu: 52.15 | epoch: 1 | total time: 4.44m | eta: 256.6m
step 00085/04357 (1.95%) | loss: 5.731133 | lrm: 1.00 | dt: 3619.85ms | tok/sec: 289,673 | bf16_mfu: 52.11 | epoch: 1 | total time: 4.50m | eta: 256.6m
step 00086/04357 (1.97%) | loss: 5.737679 | lrm: 1.00 | dt: 3614.62ms | tok/sec: 290,093 | bf16_mfu: 52.19 | epoch: 1 | total time: 4.56m | eta: 256.5m
step 00087/04357 (2.00%) | loss: 5.732863 | lrm: 1.00 | dt: 3611.87ms | tok/sec: 290,313 | bf16_mfu: 52.23 | epoch: 1 | total time: 4.62m | eta: 256.5m
step 00088/04357 (2.02%) | loss: 5.738362 | lrm: 1.00 | dt: 3612.37ms | tok/sec: 290,273 | bf16_mfu: 52.22 | epoch: 1 | total time: 4.68m | eta: 256.4m
step 00089/04357 (2.04%) | loss: 5.744704 | lrm: 1.00 | dt: 3613.37ms | tok/sec: 290,193 | bf16_mfu: 52.20 | epoch: 1 | total time: 4.75m | eta: 256.4m
step 00090/04357 (2.07%) | loss: 5.744885 | lrm: 1.00 | dt: 3614.13ms | tok/sec: 290,132 | bf16_mfu: 52.19 | epoch: 1 | total time: 4.81m | eta: 256.3m
step 00091/04357 (2.09%) | loss: 5.741096 | lrm: 1.00 | dt: 3611.38ms | tok/sec: 290,353 | bf16_mfu: 52.23 | epoch: 1 | total time: 4.87m | eta: 256.3m
step 00092/04357 (2.11%) | loss: 5.728015 | lrm: 1.00 | dt: 3612.29ms | tok/sec: 290,280 | bf16_mfu: 52.22 | epoch: 1 | total time: 4.93m | eta: 256.2m
step 00093/04357 (2.13%) | loss: 5.732441 | lrm: 1.00 | dt: 3611.55ms | tok/sec: 290,339 | bf16_mfu: 52.23 | epoch: 1 | total time: 4.99m | eta: 256.1m
step 00094/04357 (2.16%) | loss: 5.723468 | lrm: 1.00 | dt: 3610.05ms | tok/sec: 290,460 | bf16_mfu: 52.25 | epoch: 1 | total time: 5.05m | eta: 256.1m
step 00095/04357 (2.18%) | loss: 5.729087 | lrm: 1.00 | dt: 3609.06ms | tok/sec: 290,539 | bf16_mfu: 52.27 | epoch: 1 | total time: 5.11m | eta: 256.0m
step 00096/04357 (2.20%) | loss: 5.718816 | lrm: 1.00 | dt: 3614.46ms | tok/sec: 290,105 | bf16_mfu: 52.19 | epoch: 1 | total time: 5.17m | eta: 256.0m
step 00097/04357 (2.23%) | loss: 5.707538 | lrm: 1.00 | dt: 3616.17ms | tok/sec: 289,968 | bf16_mfu: 52.16 | epoch: 1 | total time: 5.23m | eta: 255.9m
step 00098/04357 (2.25%) | loss: 5.714643 | lrm: 1.00 | dt: 3613.98ms | tok/sec: 290,144 | bf16_mfu: 52.19 | epoch: 1 | total time: 5.29m | eta: 255.9m
step 00099/04357 (2.27%) | loss: 5.718116 | lrm: 1.00 | dt: 3612.27ms | tok/sec: 290,281 | bf16_mfu: 52.22 | epoch: 1 | total time: 5.35m | eta: 255.8m
step 00100/04357 (2.30%) | loss: 5.714995 | lrm: 1.00 | dt: 3614.13ms | tok/sec: 290,132 | bf16_mfu: 52.19 | epoch: 1 | total time: 5.41m | eta: 255.8m
step 00101/04357 (2.32%) | loss: 5.720814 | lrm: 1.00 | dt: 3608.10ms | tok/sec: 290,617 | bf16_mfu: 52.28 | epoch: 1 | total time: 5.47m | eta: 255.7m
step 00102/04357 (2.34%) | loss: 5.724605 | lrm: 1.00 | dt: 3613.07ms | tok/sec: 290,217 | bf16_mfu: 52.21 | epoch: 1 | total time: 5.53m | eta: 255.7m
step 00103/04357 (2.36%) | loss: 5.718988 | lrm: 1.00 | dt: 3613.00ms | tok/sec: 290,222 | bf16_mfu: 52.21 | epoch: 1 | total time: 5.59m | eta: 255.6m
step 00104/04357 (2.39%) | loss: 5.718068 | lrm: 1.00 | dt: 3610.29ms | tok/sec: 290,441 | bf16_mfu: 52.25 | epoch: 1 | total time: 5.65m | eta: 255.6m
step 00105/04357 (2.41%) | loss: 5.717784 | lrm: 1.00 | dt: 3609.62ms | tok/sec: 290,495 | bf16_mfu: 52.26 | epoch: 1 | total time: 5.71m | eta: 255.5m
step 00106/04357 (2.43%) | loss: 5.713346 | lrm: 1.00 | dt: 3610.43ms | tok/sec: 290,429 | bf16_mfu: 52.25 | epoch: 1 | total time: 5.77m | eta: 255.4m
step 00107/04357 (2.46%) | loss: 5.707176 | lrm: 1.00 | dt: 3608.50ms | tok/sec: 290,585 | bf16_mfu: 52.27 | epoch: 1 | total time: 5.83m | eta: 255.4m
step 00108/04357 (2.48%) | loss: 5.720079 | lrm: 1.00 | dt: 3608.30ms | tok/sec: 290,601 | bf16_mfu: 52.28 | epoch: 1 | total time: 5.89m | eta: 255.3m
step 00109/04357 (2.50%) | loss: 5.716076 | lrm: 1.00 | dt: 3605.58ms | tok/sec: 290,820 | bf16_mfu: 52.32 | epoch: 1 | total time: 5.95m | eta: 255.3m
step 00110/04357 (2.52%) | loss: 5.716086 | lrm: 1.00 | dt: 3604.05ms | tok/sec: 290,943 | bf16_mfu: 52.34 | epoch: 1 | total time: 6.01m | eta: 255.2m
step 00111/04357 (2.55%) | loss: 5.705798 | lrm: 1.00 | dt: 3609.80ms | tok/sec: 290,480 | bf16_mfu: 52.26 | epoch: 1 | total time: 6.07m | eta: 255.1m
step 00112/04357 (2.57%) | loss: 5.702605 | lrm: 1.00 | dt: 3608.52ms | tok/sec: 290,583 | bf16_mfu: 52.27 | epoch: 1 | total time: 6.13m | eta: 255.1m
step 00113/04357 (2.59%) | loss: 5.707219 | lrm: 1.00 | dt: 3598.67ms | tok/sec: 291,378 | bf16_mfu: 52.42 | epoch: 1 | total time: 6.19m | eta: 255.0m
step 00114/04357 (2.62%) | loss: 5.695901 | lrm: 1.00 | dt: 3608.09ms | tok/sec: 290,617 | bf16_mfu: 52.28 | epoch: 1 | total time: 6.25m | eta: 255.0m
step 00115/04357 (2.64%) | loss: 5.710459 | lrm: 1.00 | dt: 3597.22ms | tok/sec: 291,496 | bf16_mfu: 52.44 | epoch: 1 | total time: 6.31m | eta: 254.9m
step 00116/04357 (2.66%) | loss: 5.709349 | lrm: 1.00 | dt: 3608.20ms | tok/sec: 290,609 | bf16_mfu: 52.28 | epoch: 1 | total time: 6.37m | eta: 254.8m
step 00117/04357 (2.69%) | loss: 5.702146 | lrm: 1.00 | dt: 3601.53ms | tok/sec: 291,147 | bf16_mfu: 52.37 | epoch: 1 | total time: 6.43m | eta: 254.8m
step 00118/04357 (2.71%) | loss: 5.703023 | lrm: 1.00 | dt: 3606.48ms | tok/sec: 290,747 | bf16_mfu: 52.30 | epoch: 1 | total time: 6.49m | eta: 254.7m
step 00119/04357 (2.73%) | loss: 5.696344 | lrm: 1.00 | dt: 3603.51ms | tok/sec: 290,987 | bf16_mfu: 52.35 | epoch: 1 | total time: 6.55m | eta: 254.7m
step 00120/04357 (2.75%) | loss: 5.698208 | lrm: 1.00 | dt: 3600.66ms | tok/sec: 291,217 | bf16_mfu: 52.39 | epoch: 1 | total time: 6.61m | eta: 254.6m
step 00121/04357 (2.78%) | loss: 5.694373 | lrm: 1.00 | dt: 3599.26ms | tok/sec: 291,331 | bf16_mfu: 52.41 | epoch: 1 | total time: 6.67m | eta: 254.5m
step 00122/04357 (2.80%) | loss: 5.683418 | lrm: 1.00 | dt: 3605.44ms | tok/sec: 290,831 | bf16_mfu: 52.32 | epoch: 1 | total time: 6.73m | eta: 254.5m
step 00123/04357 (2.82%) | loss: 5.695011 | lrm: 1.00 | dt: 3607.08ms | tok/sec: 290,699 | bf16_mfu: 52.29 | epoch: 1 | total time: 6.79m | eta: 254.4m
step 00124/04357 (2.85%) | loss: 5.692948 | lrm: 1.00 | dt: 3599.18ms | tok/sec: 291,337 | bf16_mfu: 52.41 | epoch: 1 | total time: 6.85m | eta: 254.3m
step 00125/04357 (2.87%) | loss: 5.686860 | lrm: 1.00 | dt: 3604.22ms | tok/sec: 290,930 | bf16_mfu: 52.34 | epoch: 1 | total time: 6.91m | eta: 254.3m
step 00126/04357 (2.89%) | loss: 5.683791 | lrm: 1.00 | dt: 3594.39ms | tok/sec: 291,725 | bf16_mfu: 52.48 | epoch: 1 | total time: 6.97m | eta: 254.2m
step 00127/04357 (2.91%) | loss: 5.686409 | lrm: 1.00 | dt: 3604.16ms | tok/sec: 290,934 | bf16_mfu: 52.34 | epoch: 1 | total time: 7.03m | eta: 254.2m
step 00128/04357 (2.94%) | loss: 5.685120 | lrm: 1.00 | dt: 3598.64ms | tok/sec: 291,381 | bf16_mfu: 52.42 | epoch: 1 | total time: 7.09m | eta: 254.1m
step 00129/04357 (2.96%) | loss: 5.685916 | lrm: 1.00 | dt: 3609.29ms | tok/sec: 290,521 | bf16_mfu: 52.26 | epoch: 1 | total time: 7.15m | eta: 254.0m
step 00130/04357 (2.98%) | loss: 5.690677 | lrm: 1.00 | dt: 3601.79ms | tok/sec: 291,126 | bf16_mfu: 52.37 | epoch: 1 | total time: 7.21m | eta: 254.0m
step 00131/04357 (3.01%) | loss: 5.690887 | lrm: 1.00 | dt: 3601.99ms | tok/sec: 291,110 | bf16_mfu: 52.37 | epoch: 1 | total time: 7.27m | eta: 253.9m
step 00132/04357 (3.03%) | loss: 5.687612 | lrm: 1.00 | dt: 3594.89ms | tok/sec: 291,685 | bf16_mfu: 52.47 | epoch: 1 | total time: 7.33m | eta: 253.8m
step 00133/04357 (3.05%) | loss: 5.696202 | lrm: 1.00 | dt: 3603.11ms | tok/sec: 291,019 | bf16_mfu: 52.35 | epoch: 1 | total time: 7.39m | eta: 253.8m
step 00134/04357 (3.08%) | loss: 5.698699 | lrm: 1.00 | dt: 3600.50ms | tok/sec: 291,230 | bf16_mfu: 52.39 | epoch: 1 | total time: 7.45m | eta: 253.7m
step 00135/04357 (3.10%) | loss: 5.682875 | lrm: 1.00 | dt: 3594.95ms | tok/sec: 291,679 | bf16_mfu: 52.47 | epoch: 1 | total time: 7.51m | eta: 253.7m
step 00136/04357 (3.12%) | loss: 5.678385 | lrm: 1.00 | dt: 3592.59ms | tok/sec: 291,871 | bf16_mfu: 52.51 | epoch: 1 | total time: 7.57m | eta: 253.6m
step 00137/04357 (3.14%) | loss: 5.691123 | lrm: 1.00 | dt: 3597.93ms | tok/sec: 291,438 | bf16_mfu: 52.43 | epoch: 1 | total time: 7.63m | eta: 253.5m
step 00138/04357 (3.17%) | loss: 5.688464 | lrm: 1.00 | dt: 3604.77ms | tok/sec: 290,885 | bf16_mfu: 52.33 | epoch: 1 | total time: 7.69m | eta: 253.5m
step 00139/04357 (3.19%) | loss: 5.687161 | lrm: 1.00 | dt: 3592.43ms | tok/sec: 291,885 | bf16_mfu: 52.51 | epoch: 1 | total time: 7.75m | eta: 253.4m
step 00140/04357 (3.21%) | loss: 5.685923 | lrm: 1.00 | dt: 3590.78ms | tok/sec: 292,019 | bf16_mfu: 52.53 | epoch: 1 | total time: 7.81m | eta: 253.3m
step 00141/04357 (3.24%) | loss: 5.686150 | lrm: 1.00 | dt: 3593.91ms | tok/sec: 291,764 | bf16_mfu: 52.49 | epoch: 1 | total time: 7.87m | eta: 253.3m
step 00142/04357 (3.26%) | loss: 5.695854 | lrm: 1.00 | dt: 3593.20ms | tok/sec: 291,822 | bf16_mfu: 52.50 | epoch: 1 | total time: 7.93m | eta: 253.2m
step 00143/04357 (3.28%) | loss: 5.684508 | lrm: 1.00 | dt: 3591.02ms | tok/sec: 291,999 | bf16_mfu: 52.53 | epoch: 1 | total time: 7.99m | eta: 253.1m
step 00144/04357 (3.31%) | loss: 5.687903 | lrm: 1.00 | dt: 3591.76ms | tok/sec: 291,939 | bf16_mfu: 52.52 | epoch: 1 | total time: 8.05m | eta: 253.1m
step 00145/04357 (3.33%) | loss: 5.677844 | lrm: 1.00 | dt: 3592.14ms | tok/sec: 291,908 | bf16_mfu: 52.51 | epoch: 1 | total time: 8.11m | eta: 253.0m
step 00146/04357 (3.35%) | loss: 5.680229 | lrm: 1.00 | dt: 3594.06ms | tok/sec: 291,752 | bf16_mfu: 52.48 | epoch: 1 | total time: 8.17m | eta: 252.9m
step 00147/04357 (3.37%) | loss: 5.682787 | lrm: 1.00 | dt: 3593.09ms | tok/sec: 291,831 | bf16_mfu: 52.50 | epoch: 1 | total time: 8.23m | eta: 252.9m
step 00148/04357 (3.40%) | loss: 5.694372 | lrm: 1.00 | dt: 3593.13ms | tok/sec: 291,828 | bf16_mfu: 52.50 | epoch: 1 | total time: 8.29m | eta: 252.8m
step 00149/04357 (3.42%) | loss: 5.695309 | lrm: 1.00 | dt: 3593.28ms | tok/sec: 291,815 | bf16_mfu: 52.50 | epoch: 1 | total time: 8.35m | eta: 252.7m
step 00150/04357 (3.44%) | loss: 5.686320 | lrm: 1.00 | dt: 3591.52ms | tok/sec: 291,958 | bf16_mfu: 52.52 | epoch: 1 | total time: 8.41m | eta: 252.7m
step 00151/04357 (3.47%) | loss: 5.687098 | lrm: 1.00 | dt: 3592.24ms | tok/sec: 291,900 | bf16_mfu: 52.51 | epoch: 1 | total time: 8.47m | eta: 252.6m
step 00152/04357 (3.49%) | loss: 5.684631 | lrm: 1.00 | dt: 3593.14ms | tok/sec: 291,826 | bf16_mfu: 52.50 | epoch: 1 | total time: 8.53m | eta: 252.5m
step 00153/04357 (3.51%) | loss: 5.679487 | lrm: 1.00 | dt: 3593.20ms | tok/sec: 291,822 | bf16_mfu: 52.50 | epoch: 1 | total time: 8.59m | eta: 252.5m
step 00154/04357 (3.53%) | loss: 5.683471 | lrm: 1.00 | dt: 3589.35ms | tok/sec: 292,135 | bf16_mfu: 52.55 | epoch: 1 | total time: 8.65m | eta: 252.4m
step 00155/04357 (3.56%) | loss: 5.683049 | lrm: 1.00 | dt: 3593.44ms | tok/sec: 291,803 | bf16_mfu: 52.49 | epoch: 1 | total time: 8.71m | eta: 252.3m
step 00156/04357 (3.58%) | loss: 5.697654 | lrm: 1.00 | dt: 3591.11ms | tok/sec: 291,992 | bf16_mfu: 52.53 | epoch: 1 | total time: 8.77m | eta: 252.3m
step 00157/04357 (3.60%) | loss: 5.698923 | lrm: 1.00 | dt: 3590.94ms | tok/sec: 292,005 | bf16_mfu: 52.53 | epoch: 1 | total time: 8.83m | eta: 252.2m
step 00158/04357 (3.63%) | loss: 5.694152 | lrm: 1.00 | dt: 3597.05ms | tok/sec: 291,509 | bf16_mfu: 52.44 | epoch: 1 | total time: 8.89m | eta: 252.2m
step 00159/04357 (3.65%) | loss: 5.687546 | lrm: 1.00 | dt: 3599.99ms | tok/sec: 291,271 | bf16_mfu: 52.40 | epoch: 1 | total time: 8.95m | eta: 252.1m
step 00160/04357 (3.67%) | loss: 5.679266 | lrm: 1.00 | dt: 3599.16ms | tok/sec: 291,339 | bf16_mfu: 52.41 | epoch: 1 | total time: 9.01m | eta: 252.0m
step 00161/04357 (3.70%) | loss: 5.689407 | lrm: 1.00 | dt: 3594.42ms | tok/sec: 291,723 | bf16_mfu: 52.48 | epoch: 1 | total time: 9.07m | eta: 252.0m
step 00162/04357 (3.72%) | loss: 5.686427 | lrm: 1.00 | dt: 3592.02ms | tok/sec: 291,918 | bf16_mfu: 52.51 | epoch: 1 | total time: 9.13m | eta: 251.9m
step 00163/04357 (3.74%) | loss: 5.671144 | lrm: 1.00 | dt: 3597.34ms | tok/sec: 291,486 | bf16_mfu: 52.44 | epoch: 1 | total time: 9.19m | eta: 251.8m
step 00164/04357 (3.76%) | loss: 5.687372 | lrm: 1.00 | dt: 3594.11ms | tok/sec: 291,748 | bf16_mfu: 52.48 | epoch: 1 | total time: 9.25m | eta: 251.8m
step 00165/04357 (3.79%) | loss: 5.692443 | lrm: 1.00 | dt: 3605.29ms | tok/sec: 290,843 | bf16_mfu: 52.32 | epoch: 1 | total time: 9.31m | eta: 251.7m
step 00166/04357 (3.81%) | loss: 5.695401 | lrm: 1.00 | dt: 3595.97ms | tok/sec: 291,597 | bf16_mfu: 52.46 | epoch: 1 | total time: 9.37m | eta: 251.6m
step 00167/04357 (3.83%) | loss: 5.680678 | lrm: 1.00 | dt: 3591.79ms | tok/sec: 291,936 | bf16_mfu: 52.52 | epoch: 1 | total time: 9.43m | eta: 251.6m
step 00168/04357 (3.86%) | loss: 5.679040 | lrm: 1.00 | dt: 3593.77ms | tok/sec: 291,775 | bf16_mfu: 52.49 | epoch: 1 | total time: 9.49m | eta: 251.5m
step 00169/04357 (3.88%) | loss: 5.681768 | lrm: 1.00 | dt: 3589.21ms | tok/sec: 292,146 | bf16_mfu: 52.55 | epoch: 1 | total time: 9.55m | eta: 251.5m
step 00170/04357 (3.90%) | loss: 5.675738 | lrm: 1.00 | dt: 3594.28ms | tok/sec: 291,734 | bf16_mfu: 52.48 | epoch: 1 | total time: 9.61m | eta: 251.4m
step 00171/04357 (3.92%) | loss: 5.687131 | lrm: 1.00 | dt: 3590.58ms | tok/sec: 292,034 | bf16_mfu: 52.53 | epoch: 1 | total time: 9.67m | eta: 251.3m
step 00172/04357 (3.95%) | loss: 5.685175 | lrm: 1.00 | dt: 3592.96ms | tok/sec: 291,841 | bf16_mfu: 52.50 | epoch: 1 | total time: 9.73m | eta: 251.3m
step 00173/04357 (3.97%) | loss: 5.675839 | lrm: 1.00 | dt: 3592.68ms | tok/sec: 291,864 | bf16_mfu: 52.50 | epoch: 1 | total time: 9.79m | eta: 251.2m
step 00174/04357 (3.99%) | loss: 5.687589 | lrm: 1.00 | dt: 3592.35ms | tok/sec: 291,891 | bf16_mfu: 52.51 | epoch: 1 | total time: 9.85m | eta: 251.1m
step 00175/04357 (4.02%) | loss: 5.680703 | lrm: 1.00 | dt: 3595.46ms | tok/sec: 291,638 | bf16_mfu: 52.46 | epoch: 1 | total time: 9.91m | eta: 251.1m
step 00176/04357 (4.04%) | loss: 5.678183 | lrm: 1.00 | dt: 3596.90ms | tok/sec: 291,522 | bf16_mfu: 52.44 | epoch: 1 | total time: 9.97m | eta: 251.0m
step 00177/04357 (4.06%) | loss: 5.661916 | lrm: 1.00 | dt: 3597.43ms | tok/sec: 291,479 | bf16_mfu: 52.43 | epoch: 1 | total time: 10.03m | eta: 250.9m
step 00178/04357 (4.09%) | loss: 5.665709 | lrm: 1.00 | dt: 3603.55ms | tok/sec: 290,983 | bf16_mfu: 52.35 | epoch: 1 | total time: 10.09m | eta: 250.9m
step 00179/04357 (4.11%) | loss: 5.672833 | lrm: 1.00 | dt: 3591.67ms | tok/sec: 291,946 | bf16_mfu: 52.52 | epoch: 1 | total time: 10.15m | eta: 250.8m
step 00180/04357 (4.13%) | loss: 5.672759 | lrm: 1.00 | dt: 3597.54ms | tok/sec: 291,470 | bf16_mfu: 52.43 | epoch: 1 | total time: 10.21m | eta: 250.8m
step 00181/04357 (4.15%) | loss: 5.672193 | lrm: 1.00 | dt: 3602.60ms | tok/sec: 291,061 | bf16_mfu: 52.36 | epoch: 1 | total time: 10.27m | eta: 250.7m
step 00182/04357 (4.18%) | loss: 5.669950 | lrm: 1.00 | dt: 3599.26ms | tok/sec: 291,330 | bf16_mfu: 52.41 | epoch: 1 | total time: 10.33m | eta: 250.6m
step 00183/04357 (4.20%) | loss: 5.673937 | lrm: 1.00 | dt: 3597.90ms | tok/sec: 291,440 | bf16_mfu: 52.43 | epoch: 1 | total time: 10.39m | eta: 250.6m
step 00184/04357 (4.22%) | loss: 5.676603 | lrm: 1.00 | dt: 3602.33ms | tok/sec: 291,082 | bf16_mfu: 52.36 | epoch: 1 | total time: 10.45m | eta: 250.5m
step 00185/04357 (4.25%) | loss: 5.693651 | lrm: 1.00 | dt: 3596.84ms | tok/sec: 291,526 | bf16_mfu: 52.44 | epoch: 1 | total time: 10.51m | eta: 250.5m
step 00186/04357 (4.27%) | loss: 5.693608 | lrm: 1.00 | dt: 3593.63ms | tok/sec: 291,787 | bf16_mfu: 52.49 | epoch: 1 | total time: 10.57m | eta: 250.4m
step 00187/04357 (4.29%) | loss: 5.686283 | lrm: 1.00 | dt: 3590.64ms | tok/sec: 292,030 | bf16_mfu: 52.53 | epoch: 1 | total time: 10.63m | eta: 250.3m
step 00188/04357 (4.31%) | loss: 5.684208 | lrm: 1.00 | dt: 3594.57ms | tok/sec: 291,711 | bf16_mfu: 52.48 | epoch: 1 | total time: 10.69m | eta: 250.3m
step 00189/04357 (4.34%) | loss: 5.673167 | lrm: 1.00 | dt: 3594.05ms | tok/sec: 291,753 | bf16_mfu: 52.48 | epoch: 1 | total time: 10.75m | eta: 250.2m
step 00190/04357 (4.36%) | loss: 5.695691 | lrm: 1.00 | dt: 3590.09ms | tok/sec: 292,075 | bf16_mfu: 52.54 | epoch: 1 | total time: 10.81m | eta: 250.1m
step 00191/04357 (4.38%) | loss: 5.688071 | lrm: 1.00 | dt: 3596.27ms | tok/sec: 291,573 | bf16_mfu: 52.45 | epoch: 1 | total time: 10.87m | eta: 250.1m
step 00192/04357 (4.41%) | loss: 5.692946 | lrm: 1.00 | dt: 3590.54ms | tok/sec: 292,038 | bf16_mfu: 52.54 | epoch: 1 | total time: 10.92m | eta: 250.0m
step 00193/04357 (4.43%) | loss: 5.699336 | lrm: 1.00 | dt: 3594.55ms | tok/sec: 291,712 | bf16_mfu: 52.48 | epoch: 1 | total time: 10.98m | eta: 249.9m
step 00194/04357 (4.45%) | loss: 5.705497 | lrm: 1.00 | dt: 3591.66ms | tok/sec: 291,947 | bf16_mfu: 52.52 | epoch: 1 | total time: 11.04m | eta: 249.9m
step 00195/04357 (4.48%) | loss: 5.700865 | lrm: 1.00 | dt: 3589.99ms | tok/sec: 292,082 | bf16_mfu: 52.54 | epoch: 1 | total time: 11.10m | eta: 249.8m
step 00196/04357 (4.50%) | loss: 5.695380 | lrm: 1.00 | dt: 3592.08ms | tok/sec: 291,913 | bf16_mfu: 52.51 | epoch: 1 | total time: 11.16m | eta: 249.8m
step 00197/04357 (4.52%) | loss: 5.698407 | lrm: 1.00 | dt: 3593.13ms | tok/sec: 291,828 | bf16_mfu: 52.50 | epoch: 1 | total time: 11.22m | eta: 249.7m
step 00198/04357 (4.54%) | loss: 5.691272 | lrm: 1.00 | dt: 3592.56ms | tok/sec: 291,874 | bf16_mfu: 52.51 | epoch: 1 | total time: 11.28m | eta: 249.6m
step 00199/04357 (4.57%) | loss: 5.692834 | lrm: 1.00 | dt: 3594.41ms | tok/sec: 291,723 | bf16_mfu: 52.48 | epoch: 1 | total time: 11.34m | eta: 249.6m
step 00200/04357 (4.59%) | loss: 5.688858 | lrm: 1.00 | dt: 3592.82ms | tok/sec: 291,852 | bf16_mfu: 52.50 | epoch: 1 | total time: 11.40m | eta: 249.5m
step 00201/04357 (4.61%) | loss: 5.703944 | lrm: 1.00 | dt: 3593.47ms | tok/sec: 291,800 | bf16_mfu: 52.49 | epoch: 1 | total time: 11.46m | eta: 249.4m
step 00202/04357 (4.64%) | loss: 5.698492 | lrm: 1.00 | dt: 3594.77ms | tok/sec: 291,695 | bf16_mfu: 52.47 | epoch: 1 | total time: 11.52m | eta: 249.4m
step 00203/04357 (4.66%) | loss: 5.693352 | lrm: 1.00 | dt: 3605.94ms | tok/sec: 290,791 | bf16_mfu: 52.31 | epoch: 1 | total time: 11.58m | eta: 249.3m
step 00204/04357 (4.68%) | loss: 5.696895 | lrm: 1.00 | dt: 3597.33ms | tok/sec: 291,487 | bf16_mfu: 52.44 | epoch: 1 | total time: 11.64m | eta: 249.3m
step 00205/04357 (4.71%) | loss: 5.692785 | lrm: 1.00 | dt: 3590.76ms | tok/sec: 292,020 | bf16_mfu: 52.53 | epoch: 1 | total time: 11.70m | eta: 249.2m
step 00206/04357 (4.73%) | loss: 5.693285 | lrm: 1.00 | dt: 3592.91ms | tok/sec: 291,845 | bf16_mfu: 52.50 | epoch: 1 | total time: 11.76m | eta: 249.1m
step 00207/04357 (4.75%) | loss: 5.689936 | lrm: 1.00 | dt: 3590.56ms | tok/sec: 292,036 | bf16_mfu: 52.53 | epoch: 1 | total time: 11.82m | eta: 249.1m
step 00208/04357 (4.77%) | loss: 5.685309 | lrm: 1.00 | dt: 3596.73ms | tok/sec: 291,536 | bf16_mfu: 52.44 | epoch: 1 | total time: 11.88m | eta: 249.0m
step 00209/04357 (4.80%) | loss: 5.682567 | lrm: 1.00 | dt: 3604.44ms | tok/sec: 290,912 | bf16_mfu: 52.33 | epoch: 1 | total time: 11.94m | eta: 248.9m
step 00210/04357 (4.82%) | loss: 5.688980 | lrm: 1.00 | dt: 3597.07ms | tok/sec: 291,508 | bf16_mfu: 52.44 | epoch: 1 | total time: 12.00m | eta: 248.9m
step 00211/04357 (4.84%) | loss: 5.682470 | lrm: 1.00 | dt: 3592.08ms | tok/sec: 291,913 | bf16_mfu: 52.51 | epoch: 1 | total time: 12.06m | eta: 248.8m
step 00212/04357 (4.87%) | loss: 5.685571 | lrm: 1.00 | dt: 3590.66ms | tok/sec: 292,028 | bf16_mfu: 52.53 | epoch: 1 | total time: 12.12m | eta: 248.8m
step 00213/04357 (4.89%) | loss: 5.691305 | lrm: 1.00 | dt: 3596.57ms | tok/sec: 291,548 | bf16_mfu: 52.45 | epoch: 1 | total time: 12.18m | eta: 248.7m
step 00214/04357 (4.91%) | loss: 5.682470 | lrm: 1.00 | dt: 3603.31ms | tok/sec: 291,003 | bf16_mfu: 52.35 | epoch: 1 | total time: 12.24m | eta: 248.6m
step 00215/04357 (4.93%) | loss: 5.679215 | lrm: 1.00 | dt: 3594.05ms | tok/sec: 291,753 | bf16_mfu: 52.48 | epoch: 1 | total time: 12.30m | eta: 248.6m
step 00216/04357 (4.96%) | loss: 5.677493 | lrm: 1.00 | dt: 3596.88ms | tok/sec: 291,523 | bf16_mfu: 52.44 | epoch: 1 | total time: 12.36m | eta: 248.5m
step 00217/04357 (4.98%) | loss: 5.679388 | lrm: 1.00 | dt: 3592.83ms | tok/sec: 291,852 | bf16_mfu: 52.50 | epoch: 1 | total time: 12.42m | eta: 248.5m
step 00218/04357 (5.00%) | loss: 5.668039 | lrm: 1.00 | dt: 3593.45ms | tok/sec: 291,802 | bf16_mfu: 52.49 | epoch: 1 | total time: 12.48m | eta: 248.4m
step 00219/04357 (5.03%) | loss: 5.668743 | lrm: 1.00 | dt: 3592.15ms | tok/sec: 291,907 | bf16_mfu: 52.51 | epoch: 1 | total time: 12.54m | eta: 248.3m
step 00220/04357 (5.05%) | loss: 5.665070 | lrm: 1.00 | dt: 3600.08ms | tok/sec: 291,264 | bf16_mfu: 52.40 | epoch: 1 | total time: 12.60m | eta: 248.3m
step 00221/04357 (5.07%) | loss: 5.662623 | lrm: 1.00 | dt: 3603.80ms | tok/sec: 290,964 | bf16_mfu: 52.34 | epoch: 1 | total time: 12.66m | eta: 248.2m
step 00222/04357 (5.10%) | loss: 5.663832 | lrm: 1.00 | dt: 3596.51ms | tok/sec: 291,553 | bf16_mfu: 52.45 | epoch: 1 | total time: 12.72m | eta: 248.1m
step 00223/04357 (5.12%) | loss: 5.675013 | lrm: 1.00 | dt: 3601.04ms | tok/sec: 291,187 | bf16_mfu: 52.38 | epoch: 1 | total time: 12.78m | eta: 248.1m
step 00224/04357 (5.14%) | loss: 5.678528 | lrm: 1.00 | dt: 3601.21ms | tok/sec: 291,173 | bf16_mfu: 52.38 | epoch: 1 | total time: 12.84m | eta: 248.0m
step 00225/04357 (5.16%) | loss: 5.683038 | lrm: 1.00 | dt: 3597.71ms | tok/sec: 291,456 | bf16_mfu: 52.43 | epoch: 1 | total time: 12.90m | eta: 248.0m
step 00226/04357 (5.19%) | loss: 5.684263 | lrm: 1.00 | dt: 3607.02ms | tok/sec: 290,703 | bf16_mfu: 52.30 | epoch: 1 | total time: 12.96m | eta: 247.9m
step 00227/04357 (5.21%) | loss: 5.680866 | lrm: 1.00 | dt: 3598.33ms | tok/sec: 291,405 | bf16_mfu: 52.42 | epoch: 1 | total time: 13.02m | eta: 247.8m
step 00228/04357 (5.23%) | loss: 5.674087 | lrm: 1.00 | dt: 3607.30ms | tok/sec: 290,681 | bf16_mfu: 52.29 | epoch: 1 | total time: 13.08m | eta: 247.8m
step 00229/04357 (5.26%) | loss: 5.673758 | lrm: 1.00 | dt: 3591.60ms | tok/sec: 291,952 | bf16_mfu: 52.52 | epoch: 1 | total time: 13.14m | eta: 247.7m
step 00230/04357 (5.28%) | loss: 5.681773 | lrm: 1.00 | dt: 3595.47ms | tok/sec: 291,638 | bf16_mfu: 52.46 | epoch: 1 | total time: 13.20m | eta: 247.7m
step 00231/04357 (5.30%) | loss: 5.686938 | lrm: 1.00 | dt: 3598.00ms | tok/sec: 291,433 | bf16_mfu: 52.43 | epoch: 1 | total time: 13.26m | eta: 247.6m
step 00232/04357 (5.32%) | loss: 5.692098 | lrm: 1.00 | dt: 3605.74ms | tok/sec: 290,807 | bf16_mfu: 52.31 | epoch: 1 | total time: 13.32m | eta: 247.5m
step 00233/04357 (5.35%) | loss: 5.686403 | lrm: 1.00 | dt: 3601.13ms | tok/sec: 291,179 | bf16_mfu: 52.38 | epoch: 1 | total time: 13.38m | eta: 247.5m
step 00234/04357 (5.37%) | loss: 5.687665 | lrm: 1.00 | dt: 3602.07ms | tok/sec: 291,103 | bf16_mfu: 52.37 | epoch: 1 | total time: 13.44m | eta: 247.4m
step 00235/04357 (5.39%) | loss: 5.688770 | lrm: 1.00 | dt: 3599.45ms | tok/sec: 291,315 | bf16_mfu: 52.41 | epoch: 1 | total time: 13.50m | eta: 247.4m
step 00236/04357 (5.42%) | loss: 5.678308 | lrm: 1.00 | dt: 3603.33ms | tok/sec: 291,002 | bf16_mfu: 52.35 | epoch: 1 | total time: 13.56m | eta: 247.3m
step 00237/04357 (5.44%) | loss: 5.688761 | lrm: 1.00 | dt: 3601.38ms | tok/sec: 291,159 | bf16_mfu: 52.38 | epoch: 1 | total time: 13.62m | eta: 247.2m
step 00238/04357 (5.46%) | loss: 5.684730 | lrm: 1.00 | dt: 3602.94ms | tok/sec: 291,033 | bf16_mfu: 52.35 | epoch: 1 | total time: 13.68m | eta: 247.2m
step 00239/04357 (5.49%) | loss: 5.687437 | lrm: 1.00 | dt: 3599.45ms | tok/sec: 291,315 | bf16_mfu: 52.41 | epoch: 1 | total time: 13.74m | eta: 247.1m
step 00240/04357 (5.51%) | loss: 5.683312 | lrm: 1.00 | dt: 3599.86ms | tok/sec: 291,282 | bf16_mfu: 52.40 | epoch: 1 | total time: 13.80m | eta: 247.1m
step 00241/04357 (5.53%) | loss: 5.687683 | lrm: 1.00 | dt: 3601.41ms | tok/sec: 291,156 | bf16_mfu: 52.38 | epoch: 1 | total time: 13.86m | eta: 247.0m
step 00242/04357 (5.55%) | loss: 5.689672 | lrm: 1.00 | dt: 3601.11ms | tok/sec: 291,181 | bf16_mfu: 52.38 | epoch: 1 | total time: 13.92m | eta: 246.9m
step 00243/04357 (5.58%) | loss: 5.696439 | lrm: 1.00 | dt: 3605.07ms | tok/sec: 290,861 | bf16_mfu: 52.32 | epoch: 1 | total time: 13.98m | eta: 246.9m
step 00244/04357 (5.60%) | loss: 5.715363 | lrm: 1.00 | dt: 3603.56ms | tok/sec: 290,983 | bf16_mfu: 52.35 | epoch: 1 | total time: 14.04m | eta: 246.8m
step 00245/04357 (5.62%) | loss: 5.705262 | lrm: 1.00 | dt: 3605.03ms | tok/sec: 290,864 | bf16_mfu: 52.32 | epoch: 1 | total time: 14.10m | eta: 246.8m
step 00246/04357 (5.65%) | loss: 5.697767 | lrm: 1.00 | dt: 3602.37ms | tok/sec: 291,079 | bf16_mfu: 52.36 | epoch: 1 | total time: 14.16m | eta: 246.7m
step 00247/04357 (5.67%) | loss: 5.695533 | lrm: 1.00 | dt: 3599.37ms | tok/sec: 291,322 | bf16_mfu: 52.41 | epoch: 1 | total time: 14.22m | eta: 246.7m
step 00248/04357 (5.69%) | loss: 5.693820 | lrm: 1.00 | dt: 3592.73ms | tok/sec: 291,860 | bf16_mfu: 52.50 | epoch: 1 | total time: 14.28m | eta: 246.6m
step 00249/04357 (5.71%) | loss: 5.693069 | lrm: 1.00 | dt: 3597.53ms | tok/sec: 291,471 | bf16_mfu: 52.43 | epoch: 1 | total time: 14.34m | eta: 246.5m
Step 00250 | Validation bpb: 1.727023
step 00250/04357 (5.74%) | loss: 5.684990 | lrm: 1.00 | dt: 11551.15ms | tok/sec: 90,776 | bf16_mfu: 16.33 | epoch: 1 | total time: 14.54m | eta: 248.7m
step 00251/04357 (5.76%) | loss: 5.687523 | lrm: 1.00 | dt: 3522.53ms | tok/sec: 297,677 | bf16_mfu: 53.55 | epoch: 1 | total time: 14.59m | eta: 248.6m
step 00252/04357 (5.78%) | loss: 5.685795 | lrm: 1.00 | dt: 3553.63ms | tok/sec: 295,072 | bf16_mfu: 53.08 | epoch: 1 | total time: 14.65m | eta: 248.6m
step 00253/04357 (5.81%) | loss: 5.685721 | lrm: 1.00 | dt: 3562.93ms | tok/sec: 294,301 | bf16_mfu: 52.94 | epoch: 1 | total time: 14.71m | eta: 248.5m
step 00254/04357 (5.83%) | loss: 5.684099 | lrm: 1.00 | dt: 3569.29ms | tok/sec: 293,777 | bf16_mfu: 52.85 | epoch: 1 | total time: 14.77m | eta: 248.4m
step 00255/04357 (5.85%) | loss: 5.682233 | lrm: 1.00 | dt: 3576.31ms | tok/sec: 293,200 | bf16_mfu: 52.74 | epoch: 1 | total time: 14.83m | eta: 248.3m
step 00256/04357 (5.88%) | loss: 5.686455 | lrm: 1.00 | dt: 3585.61ms | tok/sec: 292,439 | bf16_mfu: 52.61 | epoch: 1 | total time: 14.89m | eta: 248.3m
step 00257/04357 (5.90%) | loss: 5.682935 | lrm: 1.00 | dt: 3579.04ms | tok/sec: 292,977 | bf16_mfu: 52.70 | epoch: 1 | total time: 14.95m | eta: 248.2m
step 00258/04357 (5.92%) | loss: 5.686154 | lrm: 1.00 | dt: 3589.35ms | tok/sec: 292,135 | bf16_mfu: 52.55 | epoch: 1 | total time: 15.01m | eta: 248.1m
step 00259/04357 (5.94%) | loss: 5.689266 | lrm: 1.00 | dt: 3590.93ms | tok/sec: 292,006 | bf16_mfu: 52.53 | epoch: 1 | total time: 15.07m | eta: 248.0m
step 00260/04357 (5.97%) | loss: 5.685640 | lrm: 1.00 | dt: 3593.28ms | tok/sec: 291,815 | bf16_mfu: 52.50 | epoch: 1 | total time: 15.13m | eta: 248.0m
step 00261/04357 (5.99%) | loss: 5.684660 | lrm: 1.00 | dt: 3592.88ms | tok/sec: 291,848 | bf16_mfu: 52.50 | epoch: 1 | total time: 15.19m | eta: 247.9m
step 00262/04357 (6.01%) | loss: 5.690462 | lrm: 1.00 | dt: 3594.02ms | tok/sec: 291,755 | bf16_mfu: 52.48 | epoch: 1 | total time: 15.25m | eta: 247.8m
step 00263/04357 (6.04%) | loss: 5.693240 | lrm: 1.00 | dt: 3596.48ms | tok/sec: 291,556 | bf16_mfu: 52.45 | epoch: 1 | total time: 15.31m | eta: 247.8m
step 00264/04357 (6.06%) | loss: 5.690358 | lrm: 1.00 | dt: 3602.86ms | tok/sec: 291,039 | bf16_mfu: 52.36 | epoch: 1 | total time: 15.37m | eta: 247.7m
step 00265/04357 (6.08%) | loss: 5.695670 | lrm: 1.00 | dt: 3599.94ms | tok/sec: 291,276 | bf16_mfu: 52.40 | epoch: 1 | total time: 15.43m | eta: 247.6m
step 00266/04357 (6.11%) | loss: 5.684964 | lrm: 1.00 | dt: 3600.29ms | tok/sec: 291,247 | bf16_mfu: 52.39 | epoch: 1 | total time: 15.49m | eta: 247.5m
step 00267/04357 (6.13%) | loss: 5.681205 | lrm: 1.00 | dt: 3603.23ms | tok/sec: 291,010 | bf16_mfu: 52.35 | epoch: 1 | total time: 15.55m | eta: 247.5m
step 00268/04357 (6.15%) | loss: 5.684773 | lrm: 1.00 | dt: 3602.56ms | tok/sec: 291,064 | bf16_mfu: 52.36 | epoch: 1 | total time: 15.61m | eta: 247.4m
step 00269/04357 (6.17%) | loss: 5.680777 | lrm: 1.00 | dt: 3603.17ms | tok/sec: 291,014 | bf16_mfu: 52.35 | epoch: 1 | total time: 15.67m | eta: 247.3m
step 00270/04357 (6.20%) | loss: 5.677667 | lrm: 1.00 | dt: 3609.11ms | tok/sec: 290,535 | bf16_mfu: 52.26 | epoch: 1 | total time: 15.73m | eta: 247.3m
step 00271/04357 (6.22%) | loss: 5.676953 | lrm: 1.00 | dt: 3604.33ms | tok/sec: 290,921 | bf16_mfu: 52.33 | epoch: 1 | total time: 15.79m | eta: 247.2m
step 00272/04357 (6.24%) | loss: 5.675897 | lrm: 1.00 | dt: 3606.51ms | tok/sec: 290,745 | bf16_mfu: 52.30 | epoch: 1 | total time: 15.85m | eta: 247.1m
step 00273/04357 (6.27%) | loss: 5.664254 | lrm: 1.00 | dt: 3605.89ms | tok/sec: 290,795 | bf16_mfu: 52.31 | epoch: 1 | total time: 15.91m | eta: 247.1m
step 00274/04357 (6.29%) | loss: 5.665507 | lrm: 1.00 | dt: 3602.40ms | tok/sec: 291,077 | bf16_mfu: 52.36 | epoch: 1 | total time: 15.97m | eta: 247.0m
step 00275/04357 (6.31%) | loss: 5.656479 | lrm: 1.00 | dt: 3608.53ms | tok/sec: 290,582 | bf16_mfu: 52.27 | epoch: 1 | total time: 16.03m | eta: 246.9m
step 00276/04357 (6.33%) | loss: 5.652486 | lrm: 1.00 | dt: 3599.58ms | tok/sec: 291,305 | bf16_mfu: 52.40 | epoch: 1 | total time: 16.09m | eta: 246.9m
step 00277/04357 (6.36%) | loss: 5.656628 | lrm: 1.00 | dt: 3611.23ms | tok/sec: 290,365 | bf16_mfu: 52.23 | epoch: 1 | total time: 16.15m | eta: 246.8m
step 00278/04357 (6.38%) | loss: 5.656341 | lrm: 1.00 | dt: 3610.44ms | tok/sec: 290,428 | bf16_mfu: 52.25 | epoch: 1 | total time: 16.21m | eta: 246.7m
step 00279/04357 (6.40%) | loss: 5.657475 | lrm: 1.00 | dt: 3610.46ms | tok/sec: 290,427 | bf16_mfu: 52.25 | epoch: 1 | total time: 16.27m | eta: 246.7m
step 00280/04357 (6.43%) | loss: 5.651365 | lrm: 1.00 | dt: 3609.05ms | tok/sec: 290,540 | bf16_mfu: 52.27 | epoch: 1 | total time: 16.33m | eta: 246.6m
step 00281/04357 (6.45%) | loss: 5.645420 | lrm: 1.00 | dt: 3606.48ms | tok/sec: 290,747 | bf16_mfu: 52.30 | epoch: 1 | total time: 16.39m | eta: 246.5m
step 00282/04357 (6.47%) | loss: 5.642261 | lrm: 1.00 | dt: 3595.32ms | tok/sec: 291,650 | bf16_mfu: 52.47 | epoch: 1 | total time: 16.45m | eta: 246.5m
step 00283/04357 (6.50%) | loss: 5.634090 | lrm: 1.00 | dt: 3609.75ms | tok/sec: 290,484 | bf16_mfu: 52.26 | epoch: 1 | total time: 16.51m | eta: 246.4m
step 00284/04357 (6.52%) | loss: 5.639843 | lrm: 1.00 | dt: 3613.23ms | tok/sec: 290,204 | bf16_mfu: 52.21 | epoch: 1 | total time: 16.57m | eta: 246.3m
step 00285/04357 (6.54%) | loss: 5.643510 | lrm: 1.00 | dt: 3607.65ms | tok/sec: 290,653 | bf16_mfu: 52.29 | epoch: 1 | total time: 16.63m | eta: 246.3m
step 00286/04357 (6.56%) | loss: 5.639376 | lrm: 1.00 | dt: 3607.85ms | tok/sec: 290,637 | bf16_mfu: 52.28 | epoch: 1 | total time: 16.69m | eta: 246.2m
step 00287/04357 (6.59%) | loss: 5.643118 | lrm: 1.00 | dt: 3608.33ms | tok/sec: 290,598 | bf16_mfu: 52.28 | epoch: 1 | total time: 16.75m | eta: 246.2m
step 00288/04357 (6.61%) | loss: 5.642742 | lrm: 1.00 | dt: 3614.51ms | tok/sec: 290,101 | bf16_mfu: 52.19 | epoch: 1 | total time: 16.81m | eta: 246.1m
step 00289/04357 (6.63%) | loss: 5.645936 | lrm: 1.00 | dt: 3614.99ms | tok/sec: 290,063 | bf16_mfu: 52.18 | epoch: 1 | total time: 16.87m | eta: 246.0m
step 00290/04357 (6.66%) | loss: 5.652819 | lrm: 1.00 | dt: 3607.31ms | tok/sec: 290,680 | bf16_mfu: 52.29 | epoch: 1 | total time: 16.93m | eta: 246.0m
step 00291/04357 (6.68%) | loss: 5.657041 | lrm: 1.00 | dt: 3612.62ms | tok/sec: 290,253 | bf16_mfu: 52.21 | epoch: 1 | total time: 16.99m | eta: 245.9m
step 00292/04357 (6.70%) | loss: 5.657873 | lrm: 1.00 | dt: 3613.71ms | tok/sec: 290,165 | bf16_mfu: 52.20 | epoch: 1 | total time: 17.05m | eta: 245.8m
step 00293/04357 (6.72%) | loss: 5.665311 | lrm: 1.00 | dt: 3607.98ms | tok/sec: 290,627 | bf16_mfu: 52.28 | epoch: 1 | total time: 17.11m | eta: 245.8m
step 00294/04357 (6.75%) | loss: 5.669150 | lrm: 1.00 | dt: 3610.55ms | tok/sec: 290,420 | bf16_mfu: 52.24 | epoch: 1 | total time: 17.17m | eta: 245.7m
step 00295/04357 (6.77%) | loss: 5.667521 | lrm: 1.00 | dt: 3606.84ms | tok/sec: 290,718 | bf16_mfu: 52.30 | epoch: 1 | total time: 17.23m | eta: 245.6m
step 00296/04357 (6.79%) | loss: 5.655004 | lrm: 1.00 | dt: 3608.98ms | tok/sec: 290,546 | bf16_mfu: 52.27 | epoch: 1 | total time: 17.29m | eta: 245.6m
step 00297/04357 (6.82%) | loss: 5.650928 | lrm: 1.00 | dt: 3601.97ms | tok/sec: 291,111 | bf16_mfu: 52.37 | epoch: 1 | total time: 17.35m | eta: 245.5m
step 00298/04357 (6.84%) | loss: 5.654511 | lrm: 1.00 | dt: 3612.42ms | tok/sec: 290,270 | bf16_mfu: 52.22 | epoch: 1 | total time: 17.41m | eta: 245.4m
step 00299/04357 (6.86%) | loss: 5.668678 | lrm: 1.00 | dt: 3611.45ms | tok/sec: 290,347 | bf16_mfu: 52.23 | epoch: 1 | total time: 17.47m | eta: 245.4m
step 00300/04357 (6.89%) | loss: 5.668594 | lrm: 1.00 | dt: 3551.33ms | tok/sec: 295,263 | bf16_mfu: 53.12 | epoch: 1 | total time: 17.53m | eta: 245.3m
step 00301/04357 (6.91%) | loss: 5.664412 | lrm: 1.00 | dt: 3613.64ms | tok/sec: 290,172 | bf16_mfu: 52.20 | epoch: 1 | total time: 17.59m | eta: 245.2m
step 00302/04357 (6.93%) | loss: 5.664215 | lrm: 1.00 | dt: 3609.41ms | tok/sec: 290,511 | bf16_mfu: 52.26 | epoch: 1 | total time: 17.65m | eta: 245.2m
step 00303/04357 (6.95%) | loss: 5.664067 | lrm: 1.00 | dt: 3612.13ms | tok/sec: 290,293 | bf16_mfu: 52.22 | epoch: 1 | total time: 17.71m | eta: 245.1m
step 00304/04357 (6.98%) | loss: 5.665977 | lrm: 1.00 | dt: 3612.63ms | tok/sec: 290,253 | bf16_mfu: 52.21 | epoch: 1 | total time: 17.77m | eta: 245.0m
step 00305/04357 (7.00%) | loss: 5.669120 | lrm: 1.00 | dt: 3611.96ms | tok/sec: 290,306 | bf16_mfu: 52.22 | epoch: 1 | total time: 17.84m | eta: 245.0m
step 00306/04357 (7.02%) | loss: 5.668599 | lrm: 1.00 | dt: 3606.53ms | tok/sec: 290,743 | bf16_mfu: 52.30 | epoch: 1 | total time: 17.90m | eta: 244.9m
step 00307/04357 (7.05%) | loss: 5.671566 | lrm: 1.00 | dt: 3614.62ms | tok/sec: 290,092 | bf16_mfu: 52.19 | epoch: 1 | total time: 17.96m | eta: 244.8m
step 00308/04357 (7.07%) | loss: 5.672431 | lrm: 1.00 | dt: 3614.89ms | tok/sec: 290,071 | bf16_mfu: 52.18 | epoch: 1 | total time: 18.02m | eta: 244.8m
step 00309/04357 (7.09%) | loss: 5.670563 | lrm: 1.00 | dt: 3610.64ms | tok/sec: 290,412 | bf16_mfu: 52.24 | epoch: 1 | total time: 18.08m | eta: 244.7m
step 00310/04357 (7.11%) | loss: 5.662622 | lrm: 1.00 | dt: 3614.04ms | tok/sec: 290,139 | bf16_mfu: 52.19 | epoch: 1 | total time: 18.14m | eta: 244.7m
step 00311/04357 (7.14%) | loss: 5.665025 | lrm: 1.00 | dt: 3613.03ms | tok/sec: 290,220 | bf16_mfu: 52.21 | epoch: 1 | total time: 18.20m | eta: 244.6m
step 00312/04357 (7.16%) | loss: 5.667584 | lrm: 1.00 | dt: 3616.75ms | tok/sec: 289,922 | bf16_mfu: 52.15 | epoch: 1 | total time: 18.26m | eta: 244.5m
step 00313/04357 (7.18%) | loss: 5.668577 | lrm: 1.00 | dt: 3614.06ms | tok/sec: 290,137 | bf16_mfu: 52.19 | epoch: 1 | total time: 18.32m | eta: 244.5m
step 00314/04357 (7.21%) | loss: 5.664162 | lrm: 1.00 | dt: 3611.23ms | tok/sec: 290,365 | bf16_mfu: 52.23 | epoch: 1 | total time: 18.38m | eta: 244.4m
step 00315/04357 (7.23%) | loss: 5.673986 | lrm: 1.00 | dt: 3608.48ms | tok/sec: 290,586 | bf16_mfu: 52.27 | epoch: 1 | total time: 18.44m | eta: 244.3m
step 00316/04357 (7.25%) | loss: 5.676846 | lrm: 1.00 | dt: 3614.65ms | tok/sec: 290,090 | bf16_mfu: 52.18 | epoch: 1 | total time: 18.50m | eta: 244.3m
step 00317/04357 (7.28%) | loss: 5.672757 | lrm: 1.00 | dt: 3610.58ms | tok/sec: 290,417 | bf16_mfu: 52.24 | epoch: 1 | total time: 18.56m | eta: 244.2m
step 00318/04357 (7.30%) | loss: 5.675622 | lrm: 1.00 | dt: 3615.59ms | tok/sec: 290,014 | bf16_mfu: 52.17 | epoch: 1 | total time: 18.62m | eta: 244.1m
step 00319/04357 (7.32%) | loss: 5.667934 | lrm: 1.00 | dt: 3604.80ms | tok/sec: 290,883 | bf16_mfu: 52.33 | epoch: 1 | total time: 18.68m | eta: 244.1m
step 00320/04357 (7.34%) | loss: 5.668866 | lrm: 1.00 | dt: 3606.49ms | tok/sec: 290,746 | bf16_mfu: 52.30 | epoch: 1 | total time: 18.74m | eta: 244.0m
step 00321/04357 (7.37%) | loss: 5.668178 | lrm: 1.00 | dt: 3614.99ms | tok/sec: 290,063 | bf16_mfu: 52.18 | epoch: 1 | total time: 18.80m | eta: 244.0m
step 00322/04357 (7.39%) | loss: 5.670276 | lrm: 1.00 | dt: 3619.25ms | tok/sec: 289,721 | bf16_mfu: 52.12 | epoch: 1 | total time: 18.86m | eta: 243.9m
step 00323/04357 (7.41%) | loss: 5.668124 | lrm: 1.00 | dt: 3612.77ms | tok/sec: 290,241 | bf16_mfu: 52.21 | epoch: 1 | total time: 18.92m | eta: 243.8m
step 00324/04357 (7.44%) | loss: 5.658712 | lrm: 1.00 | dt: 3611.67ms | tok/sec: 290,329 | bf16_mfu: 52.23 | epoch: 1 | total time: 18.98m | eta: 243.8m
step 00325/04357 (7.46%) | loss: 5.652089 | lrm: 1.00 | dt: 3612.10ms | tok/sec: 290,295 | bf16_mfu: 52.22 | epoch: 1 | total time: 19.04m | eta: 243.7m
step 00326/04357 (7.48%) | loss: 5.653025 | lrm: 1.00 | dt: 3617.13ms | tok/sec: 289,891 | bf16_mfu: 52.15 | epoch: 1 | total time: 19.10m | eta: 243.6m
step 00327/04357 (7.51%) | loss: 5.647883 | lrm: 1.00 | dt: 3610.44ms | tok/sec: 290,428 | bf16_mfu: 52.25 | epoch: 1 | total time: 19.16m | eta: 243.6m
step 00328/04357 (7.53%) | loss: 5.646372 | lrm: 1.00 | dt: 3612.07ms | tok/sec: 290,298 | bf16_mfu: 52.22 | epoch: 1 | total time: 19.22m | eta: 243.5m
step 00329/04357 (7.55%) | loss: 5.653703 | lrm: 1.00 | dt: 3610.04ms | tok/sec: 290,460 | bf16_mfu: 52.25 | epoch: 1 | total time: 19.28m | eta: 243.4m
step 00330/04357 (7.57%) | loss: 5.651609 | lrm: 1.00 | dt: 3618.71ms | tok/sec: 289,765 | bf16_mfu: 52.13 | epoch: 1 | total time: 19.34m | eta: 243.4m
step 00331/04357 (7.60%) | loss: 5.653165 | lrm: 1.00 | dt: 3613.92ms | tok/sec: 290,149 | bf16_mfu: 52.20 | epoch: 1 | total time: 19.40m | eta: 243.3m
step 00332/04357 (7.62%) | loss: 5.652973 | lrm: 1.00 | dt: 3607.98ms | tok/sec: 290,626 | bf16_mfu: 52.28 | epoch: 1 | total time: 19.46m | eta: 243.3m
step 00333/04357 (7.64%) | loss: 5.659197 | lrm: 1.00 | dt: 3613.70ms | tok/sec: 290,166 | bf16_mfu: 52.20 | epoch: 1 | total time: 19.52m | eta: 243.2m
step 00334/04357 (7.67%) | loss: 5.660086 | lrm: 1.00 | dt: 3612.63ms | tok/sec: 290,252 | bf16_mfu: 52.21 | epoch: 1 | total time: 19.58m | eta: 243.1m
