========================================
Job ID: 503812
Node: andreas-h100-1
GPUs: 2
Config: Trace Norm - Variant B (Nuclear)
Start Time: Tue Mar 10 01:37:34 PM EDT 2026
========================================
Tue Mar 10 13:37:34 2026       
+-----------------------------------------------------------------------------------------+
| NVIDIA-SMI 575.57.08              Driver Version: 575.57.08      CUDA Version: 12.9     |
|-----------------------------------------+------------------------+----------------------+
| GPU  Name                 Persistence-M | Bus-Id          Disp.A | Volatile Uncorr. ECC |
| Fan  Temp   Perf          Pwr:Usage/Cap |           Memory-Usage | GPU-Util  Compute M. |
|                                         |                        |               MIG M. |
|=========================================+========================+======================|
|   0  NVIDIA H100 NVL                On  |   00000000:21:00.0 Off |                    0 |
| N/A   40C    P0             62W /  400W |       0MiB /  95830MiB |      0%      Default |
|                                         |                        |             Disabled |
+-----------------------------------------+------------------------+----------------------+
|   1  NVIDIA H100 NVL                On  |   00000000:81:00.0 Off |                    0 |
| N/A   42C    P0             64W /  400W |       0MiB /  95830MiB |      0%      Default |
|                                         |                        |             Disabled |
+-----------------------------------------+------------------------+----------------------+
                                                                                         
+-----------------------------------------------------------------------------------------+
| Processes:                                                                              |
|  GPU   GI   CI              PID   Type   Process name                        GPU Memory |
|        ID   ID                                                               Usage      |
|=========================================================================================|
|  No running processes found                                                             |
+-----------------------------------------------------------------------------------------+
Newton-Schulz mode: baseline (5 iterations, 15 matmuls)
                                                       █████                █████
                                                      ░░███                ░░███
     ████████    ██████   ████████    ██████   ██████  ░███████    ██████  ███████
    ░░███░░███  ░░░░░███ ░░███░░███  ███░░███ ███░░███ ░███░░███  ░░░░░███░░░███░
     ░███ ░███   ███████  ░███ ░███ ░███ ░███░███ ░░░  ░███ ░███   ███████  ░███
     ░███ ░███  ███░░███  ░███ ░███ ░███ ░███░███  ███ ░███ ░███  ███░░███  ░███ ███
     ████ █████░░████████ ████ █████░░██████ ░░██████  ████ █████░░███████  ░░█████
    ░░░░ ░░░░░  ░░░░░░░░ ░░░░ ░░░░░  ░░░░░░   ░░░░░░  ░░░░ ░░░░░  ░░░░░░░░   ░░░░░
    

Newton-Schulz mode: baseline (5 iterations, 15 matmuls)
Autodetected device type: cuda
GPU: NVIDIA H100 NVL | Peak FLOPS (BF16): 8.35e+14
Using Flash Attention 3 (Hopper GPU detected)
Vocab size: 32,768
Model config:
{
  "sequence_len": 2048,
  "vocab_size": 32768,
  "n_layer": 20,
  "n_head": 10,
  "n_kv_head": 10,
  "n_embd": 1280,
  "window_pattern": "SSSL"
}
FP8 training enabled (tensorwise scaling) - converted 121 layers
[Variant B] Nuclear constraint (K=10): recorded init norms for 130 layers
SV entropy tracking layers: []
Parameter counts:
wte                     : 41,943,040
value_embeds            : 419,430,400
lm_head                 : 41,943,040
transformer_matrices    : 393,219,200
scalars                 : 40
total                   : 896,535,720
Estimated FLOPs per token: 3.004189e+09
Auto-computed optimal batch size: 1,048,576 tokens
Scaling LRs by 1.4142 for batch size 1,048,576 (reference: 524,288)
Scaling weight decay from 0.200000 to 0.071563 for depth 20
Scaling the LR for the AdamW parameters ∝1/√(1280/768) = 0.774597
Calculated number of iterations from target data:param ratio: 4,357
Total number of training tokens: 4,568,645,632
Tokens : Scaling params ratio: 10.50
Total training FLOPs estimate: 1.372508e+19
Total batch size 1,048,576 => gradient accumulation steps: 16
Logging initial spectral stats (step 0)...
Logged initial spectral stats for 130 layers, entropy for 0 layers
Step 00000 | Validation bpb: 3.172610
step 00000/04357 (0.00%) | loss: 10.398407 | lrm: 1.00 | dt: 115953.60ms | tok/sec: 9,043 | bf16_mfu: 1.63 | epoch: 1 | total time: 0.00m
step 00001/04357 (0.02%) | loss: 10.893833 | lrm: 1.00 | dt: 3561.53ms | tok/sec: 294,416 | bf16_mfu: 52.96 | epoch: 1 | total time: 0.00m
step 00002/04357 (0.05%) | loss: 10.655884 | lrm: 1.00 | dt: 3569.13ms | tok/sec: 293,790 | bf16_mfu: 52.85 | epoch: 1 | total time: 0.00m
step 00003/04357 (0.07%) | loss: 10.073424 | lrm: 1.00 | dt: 3574.59ms | tok/sec: 293,341 | bf16_mfu: 52.77 | epoch: 1 | total time: 0.00m
step 00004/04357 (0.09%) | loss: 9.439175 | lrm: 1.00 | dt: 3580.02ms | tok/sec: 292,896 | bf16_mfu: 52.69 | epoch: 1 | total time: 0.00m
step 00005/04357 (0.11%) | loss: 8.928943 | lrm: 1.00 | dt: 3575.37ms | tok/sec: 293,277 | bf16_mfu: 52.76 | epoch: 1 | total time: 0.00m
step 00006/04357 (0.14%) | loss: 8.549145 | lrm: 1.00 | dt: 3585.86ms | tok/sec: 292,419 | bf16_mfu: 52.60 | epoch: 1 | total time: 0.00m
step 00007/04357 (0.16%) | loss: 8.222225 | lrm: 1.00 | dt: 3592.66ms | tok/sec: 291,866 | bf16_mfu: 52.50 | epoch: 1 | total time: 0.00m
step 00008/04357 (0.18%) | loss: 7.964366 | lrm: 1.00 | dt: 3602.80ms | tok/sec: 291,044 | bf16_mfu: 52.36 | epoch: 1 | total time: 0.00m
step 00009/04357 (0.21%) | loss: 7.741480 | lrm: 1.00 | dt: 3610.26ms | tok/sec: 290,443 | bf16_mfu: 52.25 | epoch: 1 | total time: 0.00m
step 00010/04357 (0.23%) | loss: 7.535814 | lrm: 1.00 | dt: 14639.63ms | tok/sec: 71,625 | bf16_mfu: 12.88 | epoch: 1 | total time: 0.00m
step 00011/04357 (0.25%) | loss: 7.362717 | lrm: 1.00 | dt: 3597.91ms | tok/sec: 291,439 | bf16_mfu: 52.43 | epoch: 1 | total time: 0.06m | eta: 260.6m
step 00012/04357 (0.28%) | loss: 7.198701 | lrm: 1.00 | dt: 3607.24ms | tok/sec: 290,686 | bf16_mfu: 52.29 | epoch: 1 | total time: 0.12m | eta: 260.9m
step 00013/04357 (0.30%) | loss: 7.057343 | lrm: 1.00 | dt: 3610.55ms | tok/sec: 290,419 | bf16_mfu: 52.24 | epoch: 1 | total time: 0.18m | eta: 261.0m
step 00014/04357 (0.32%) | loss: 6.947821 | lrm: 1.00 | dt: 3610.45ms | tok/sec: 290,427 | bf16_mfu: 52.25 | epoch: 1 | total time: 0.24m | eta: 261.1m
step 00015/04357 (0.34%) | loss: 6.834717 | lrm: 1.00 | dt: 3613.27ms | tok/sec: 290,201 | bf16_mfu: 52.20 | epoch: 1 | total time: 0.30m | eta: 261.1m
step 00016/04357 (0.37%) | loss: 6.749951 | lrm: 1.00 | dt: 3616.14ms | tok/sec: 289,970 | bf16_mfu: 52.16 | epoch: 1 | total time: 0.36m | eta: 261.1m
step 00017/04357 (0.39%) | loss: 6.660874 | lrm: 1.00 | dt: 3634.69ms | tok/sec: 288,491 | bf16_mfu: 51.90 | epoch: 1 | total time: 0.42m | eta: 261.3m
step 00018/04357 (0.41%) | loss: 6.570761 | lrm: 1.00 | dt: 3632.77ms | tok/sec: 288,643 | bf16_mfu: 51.92 | epoch: 1 | total time: 0.48m | eta: 261.5m
step 00019/04357 (0.44%) | loss: 6.502218 | lrm: 1.00 | dt: 3631.30ms | tok/sec: 288,760 | bf16_mfu: 51.95 | epoch: 1 | total time: 0.54m | eta: 261.5m
step 00020/04357 (0.46%) | loss: 6.432281 | lrm: 1.00 | dt: 14524.52ms | tok/sec: 72,193 | bf16_mfu: 12.99 | epoch: 1 | total time: 0.78m | eta: 340.3m
step 00021/04357 (0.48%) | loss: 6.374907 | lrm: 1.00 | dt: 3605.07ms | tok/sec: 290,861 | bf16_mfu: 52.32 | epoch: 1 | total time: 0.84m | eta: 333.0m
step 00022/04357 (0.50%) | loss: 6.327847 | lrm: 1.00 | dt: 3612.57ms | tok/sec: 290,257 | bf16_mfu: 52.21 | epoch: 1 | total time: 0.90m | eta: 326.9m
step 00023/04357 (0.53%) | loss: 6.282448 | lrm: 1.00 | dt: 3618.31ms | tok/sec: 289,796 | bf16_mfu: 52.13 | epoch: 1 | total time: 0.97m | eta: 321.8m
step 00024/04357 (0.55%) | loss: 6.226554 | lrm: 1.00 | dt: 3615.33ms | tok/sec: 290,036 | bf16_mfu: 52.18 | epoch: 1 | total time: 1.03m | eta: 317.4m
step 00025/04357 (0.57%) | loss: 6.193134 | lrm: 1.00 | dt: 3623.79ms | tok/sec: 289,358 | bf16_mfu: 52.05 | epoch: 1 | total time: 1.09m | eta: 313.6m
step 00026/04357 (0.60%) | loss: 6.157792 | lrm: 1.00 | dt: 3629.61ms | tok/sec: 288,895 | bf16_mfu: 51.97 | epoch: 1 | total time: 1.15m | eta: 310.3m
step 00027/04357 (0.62%) | loss: 6.130915 | lrm: 1.00 | dt: 3634.30ms | tok/sec: 288,522 | bf16_mfu: 51.90 | epoch: 1 | total time: 1.21m | eta: 307.4m
step 00028/04357 (0.64%) | loss: 6.103367 | lrm: 1.00 | dt: 3634.09ms | tok/sec: 288,538 | bf16_mfu: 51.91 | epoch: 1 | total time: 1.27m | eta: 304.8m
step 00029/04357 (0.67%) | loss: 6.082561 | lrm: 1.00 | dt: 3628.32ms | tok/sec: 288,998 | bf16_mfu: 51.99 | epoch: 1 | total time: 1.33m | eta: 302.5m
step 00030/04357 (0.69%) | loss: 6.066076 | lrm: 1.00 | dt: 14516.84ms | tok/sec: 72,231 | bf16_mfu: 12.99 | epoch: 1 | total time: 1.57m | eta: 339.7m
step 00031/04357 (0.71%) | loss: 6.046015 | lrm: 1.00 | dt: 3614.79ms | tok/sec: 290,079 | bf16_mfu: 52.18 | epoch: 1 | total time: 1.63m | eta: 335.8m
step 00032/04357 (0.73%) | loss: 6.035514 | lrm: 1.00 | dt: 3616.43ms | tok/sec: 289,947 | bf16_mfu: 52.16 | epoch: 1 | total time: 1.69m | eta: 332.3m
step 00033/04357 (0.76%) | loss: 6.017015 | lrm: 1.00 | dt: 3620.31ms | tok/sec: 289,637 | bf16_mfu: 52.10 | epoch: 1 | total time: 1.75m | eta: 329.2m
step 00034/04357 (0.78%) | loss: 5.989811 | lrm: 1.00 | dt: 3628.17ms | tok/sec: 289,009 | bf16_mfu: 51.99 | epoch: 1 | total time: 1.81m | eta: 326.3m
step 00035/04357 (0.80%) | loss: 5.981372 | lrm: 1.00 | dt: 3624.78ms | tok/sec: 289,279 | bf16_mfu: 52.04 | epoch: 1 | total time: 1.87m | eta: 323.6m
step 00036/04357 (0.83%) | loss: 5.975651 | lrm: 1.00 | dt: 3628.78ms | tok/sec: 288,961 | bf16_mfu: 51.98 | epoch: 1 | total time: 1.93m | eta: 321.1m
step 00037/04357 (0.85%) | loss: 5.960480 | lrm: 1.00 | dt: 3634.26ms | tok/sec: 288,525 | bf16_mfu: 51.90 | epoch: 1 | total time: 1.99m | eta: 318.8m
step 00038/04357 (0.87%) | loss: 5.947113 | lrm: 1.00 | dt: 3636.27ms | tok/sec: 288,365 | bf16_mfu: 51.87 | epoch: 1 | total time: 2.05m | eta: 316.7m
step 00039/04357 (0.90%) | loss: 5.938301 | lrm: 1.00 | dt: 3630.44ms | tok/sec: 288,828 | bf16_mfu: 51.96 | epoch: 1 | total time: 2.11m | eta: 314.7m
step 00040/04357 (0.92%) | loss: 5.926080 | lrm: 1.00 | dt: 14467.65ms | tok/sec: 72,477 | bf16_mfu: 13.04 | epoch: 1 | total time: 2.35m | eta: 338.9m
step 00041/04357 (0.94%) | loss: 5.920633 | lrm: 1.00 | dt: 3612.59ms | tok/sec: 290,255 | bf16_mfu: 52.21 | epoch: 1 | total time: 2.42m | eta: 336.3m
step 00042/04357 (0.96%) | loss: 5.907490 | lrm: 1.00 | dt: 3619.53ms | tok/sec: 289,699 | bf16_mfu: 52.11 | epoch: 1 | total time: 2.48m | eta: 333.8m
step 00043/04357 (0.99%) | loss: 5.900017 | lrm: 1.00 | dt: 3624.25ms | tok/sec: 289,322 | bf16_mfu: 52.05 | epoch: 1 | total time: 2.54m | eta: 331.5m
step 00044/04357 (1.01%) | loss: 5.895499 | lrm: 1.00 | dt: 3620.73ms | tok/sec: 289,603 | bf16_mfu: 52.10 | epoch: 1 | total time: 2.60m | eta: 329.3m
step 00045/04357 (1.03%) | loss: 5.877077 | lrm: 1.00 | dt: 3629.17ms | tok/sec: 288,930 | bf16_mfu: 51.98 | epoch: 1 | total time: 2.66m | eta: 327.3m
step 00046/04357 (1.06%) | loss: 5.880023 | lrm: 1.00 | dt: 3633.27ms | tok/sec: 288,603 | bf16_mfu: 51.92 | epoch: 1 | total time: 2.72m | eta: 325.4m
step 00047/04357 (1.08%) | loss: 5.871851 | lrm: 1.00 | dt: 3636.00ms | tok/sec: 288,386 | bf16_mfu: 51.88 | epoch: 1 | total time: 2.78m | eta: 323.6m
step 00048/04357 (1.10%) | loss: 5.870771 | lrm: 1.00 | dt: 3630.93ms | tok/sec: 288,789 | bf16_mfu: 51.95 | epoch: 1 | total time: 2.84m | eta: 321.9m
step 00049/04357 (1.12%) | loss: 5.859983 | lrm: 1.00 | dt: 3634.83ms | tok/sec: 288,479 | bf16_mfu: 51.90 | epoch: 1 | total time: 2.90m | eta: 320.2m
step 00050/04357 (1.15%) | loss: 5.866348 | lrm: 1.00 | dt: 14493.83ms | tok/sec: 72,346 | bf16_mfu: 13.01 | epoch: 1 | total time: 3.14m | eta: 338.2m
step 00051/04357 (1.17%) | loss: 5.857041 | lrm: 1.00 | dt: 3617.29ms | tok/sec: 289,878 | bf16_mfu: 52.15 | epoch: 1 | total time: 3.20m | eta: 336.2m
step 00052/04357 (1.19%) | loss: 5.855325 | lrm: 1.00 | dt: 3619.69ms | tok/sec: 289,686 | bf16_mfu: 52.11 | epoch: 1 | total time: 3.26m | eta: 334.3m
step 00053/04357 (1.22%) | loss: 5.839652 | lrm: 1.00 | dt: 3625.40ms | tok/sec: 289,230 | bf16_mfu: 52.03 | epoch: 1 | total time: 3.32m | eta: 332.5m
step 00054/04357 (1.24%) | loss: 5.825070 | lrm: 1.00 | dt: 3621.96ms | tok/sec: 289,505 | bf16_mfu: 52.08 | epoch: 1 | total time: 3.38m | eta: 330.7m
step 00055/04357 (1.26%) | loss: 5.824937 | lrm: 1.00 | dt: 3645.72ms | tok/sec: 287,618 | bf16_mfu: 51.74 | epoch: 1 | total time: 3.44m | eta: 329.1m
step 00056/04357 (1.29%) | loss: 5.820334 | lrm: 1.00 | dt: 3628.08ms | tok/sec: 289,017 | bf16_mfu: 51.99 | epoch: 1 | total time: 3.50m | eta: 327.5m
step 00057/04357 (1.31%) | loss: 5.803810 | lrm: 1.00 | dt: 3631.33ms | tok/sec: 288,758 | bf16_mfu: 51.95 | epoch: 1 | total time: 3.56m | eta: 326.0m
step 00058/04357 (1.33%) | loss: 5.794510 | lrm: 1.00 | dt: 3635.77ms | tok/sec: 288,405 | bf16_mfu: 51.88 | epoch: 1 | total time: 3.62m | eta: 324.6m
step 00059/04357 (1.35%) | loss: 5.789223 | lrm: 1.00 | dt: 3634.74ms | tok/sec: 288,487 | bf16_mfu: 51.90 | epoch: 1 | total time: 3.68m | eta: 323.2m
step 00060/04357 (1.38%) | loss: 5.777843 | lrm: 1.00 | dt: 14490.81ms | tok/sec: 72,361 | bf16_mfu: 13.02 | epoch: 1 | total time: 3.93m | eta: 337.4m
step 00061/04357 (1.40%) | loss: 5.775002 | lrm: 1.00 | dt: 3622.87ms | tok/sec: 289,432 | bf16_mfu: 52.07 | epoch: 1 | total time: 3.99m | eta: 335.8m
step 00062/04357 (1.42%) | loss: 5.768282 | lrm: 1.00 | dt: 3623.39ms | tok/sec: 289,390 | bf16_mfu: 52.06 | epoch: 1 | total time: 4.05m | eta: 334.3m
step 00063/04357 (1.45%) | loss: 5.771700 | lrm: 1.00 | dt: 3631.29ms | tok/sec: 288,760 | bf16_mfu: 51.95 | epoch: 1 | total time: 4.11m | eta: 332.8m
step 00064/04357 (1.47%) | loss: 5.765376 | lrm: 1.00 | dt: 3625.61ms | tok/sec: 289,213 | bf16_mfu: 52.03 | epoch: 1 | total time: 4.17m | eta: 331.4m
step 00065/04357 (1.49%) | loss: 5.759297 | lrm: 1.00 | dt: 3640.17ms | tok/sec: 288,057 | bf16_mfu: 51.82 | epoch: 1 | total time: 4.23m | eta: 330.0m
step 00066/04357 (1.51%) | loss: 5.761773 | lrm: 1.00 | dt: 3634.15ms | tok/sec: 288,534 | bf16_mfu: 51.90 | epoch: 1 | total time: 4.29m | eta: 328.7m
step 00067/04357 (1.54%) | loss: 5.755677 | lrm: 1.00 | dt: 3632.20ms | tok/sec: 288,688 | bf16_mfu: 51.93 | epoch: 1 | total time: 4.35m | eta: 327.4m
step 00068/04357 (1.56%) | loss: 5.758834 | lrm: 1.00 | dt: 3628.97ms | tok/sec: 288,946 | bf16_mfu: 51.98 | epoch: 1 | total time: 4.41m | eta: 326.1m
step 00069/04357 (1.58%) | loss: 5.751773 | lrm: 1.00 | dt: 3630.58ms | tok/sec: 288,817 | bf16_mfu: 51.96 | epoch: 1 | total time: 4.47m | eta: 324.9m
step 00070/04357 (1.61%) | loss: 5.762204 | lrm: 1.00 | dt: 14482.81ms | tok/sec: 72,401 | bf16_mfu: 13.02 | epoch: 1 | total time: 4.71m | eta: 336.7m
step 00071/04357 (1.63%) | loss: 5.758808 | lrm: 1.00 | dt: 3617.00ms | tok/sec: 289,902 | bf16_mfu: 52.15 | epoch: 1 | total time: 4.77m | eta: 335.3m
step 00072/04357 (1.65%) | loss: 5.761373 | lrm: 1.00 | dt: 3619.24ms | tok/sec: 289,722 | bf16_mfu: 52.12 | epoch: 1 | total time: 4.83m | eta: 334.0m
step 00073/04357 (1.68%) | loss: 5.762433 | lrm: 1.00 | dt: 3628.16ms | tok/sec: 289,010 | bf16_mfu: 51.99 | epoch: 1 | total time: 4.89m | eta: 332.7m
step 00074/04357 (1.70%) | loss: 5.751791 | lrm: 1.00 | dt: 3633.73ms | tok/sec: 288,567 | bf16_mfu: 51.91 | epoch: 1 | total time: 4.95m | eta: 331.5m
step 00075/04357 (1.72%) | loss: 5.754433 | lrm: 1.00 | dt: 3632.67ms | tok/sec: 288,651 | bf16_mfu: 51.93 | epoch: 1 | total time: 5.01m | eta: 330.3m
step 00076/04357 (1.74%) | loss: 5.753669 | lrm: 1.00 | dt: 3633.94ms | tok/sec: 288,550 | bf16_mfu: 51.91 | epoch: 1 | total time: 5.08m | eta: 329.2m
step 00077/04357 (1.77%) | loss: 5.749545 | lrm: 1.00 | dt: 3632.07ms | tok/sec: 288,699 | bf16_mfu: 51.93 | epoch: 1 | total time: 5.14m | eta: 328.1m
step 00078/04357 (1.79%) | loss: 5.742837 | lrm: 1.00 | dt: 3637.40ms | tok/sec: 288,275 | bf16_mfu: 51.86 | epoch: 1 | total time: 5.20m | eta: 327.0m
step 00079/04357 (1.81%) | loss: 5.734785 | lrm: 1.00 | dt: 3635.63ms | tok/sec: 288,416 | bf16_mfu: 51.88 | epoch: 1 | total time: 5.26m | eta: 325.9m
step 00080/04357 (1.84%) | loss: 5.727248 | lrm: 1.00 | dt: 14483.41ms | tok/sec: 72,398 | bf16_mfu: 13.02 | epoch: 1 | total time: 5.50m | eta: 335.9m
step 00081/04357 (1.86%) | loss: 5.715747 | lrm: 1.00 | dt: 3623.57ms | tok/sec: 289,376 | bf16_mfu: 52.06 | epoch: 1 | total time: 5.56m | eta: 334.8m
step 00082/04357 (1.88%) | loss: 5.720928 | lrm: 1.00 | dt: 3620.31ms | tok/sec: 289,637 | bf16_mfu: 52.10 | epoch: 1 | total time: 5.62m | eta: 333.6m
step 00083/04357 (1.90%) | loss: 5.710302 | lrm: 1.00 | dt: 3629.07ms | tok/sec: 288,937 | bf16_mfu: 51.98 | epoch: 1 | total time: 5.68m | eta: 332.5m
step 00084/04357 (1.93%) | loss: 5.728558 | lrm: 1.00 | dt: 3639.84ms | tok/sec: 288,082 | bf16_mfu: 51.82 | epoch: 1 | total time: 5.74m | eta: 331.4m
step 00085/04357 (1.95%) | loss: 5.730993 | lrm: 1.00 | dt: 3632.84ms | tok/sec: 288,638 | bf16_mfu: 51.92 | epoch: 1 | total time: 5.80m | eta: 330.4m
step 00086/04357 (1.97%) | loss: 5.737473 | lrm: 1.00 | dt: 3632.80ms | tok/sec: 288,641 | bf16_mfu: 51.92 | epoch: 1 | total time: 5.86m | eta: 329.4m
step 00087/04357 (2.00%) | loss: 5.732558 | lrm: 1.00 | dt: 3637.93ms | tok/sec: 288,234 | bf16_mfu: 51.85 | epoch: 1 | total time: 5.92m | eta: 328.4m
step 00088/04357 (2.02%) | loss: 5.738043 | lrm: 1.00 | dt: 3629.53ms | tok/sec: 288,901 | bf16_mfu: 51.97 | epoch: 1 | total time: 5.98m | eta: 327.4m
step 00089/04357 (2.04%) | loss: 5.744134 | lrm: 1.00 | dt: 3636.07ms | tok/sec: 288,381 | bf16_mfu: 51.88 | epoch: 1 | total time: 6.04m | eta: 326.5m
step 00090/04357 (2.07%) | loss: 5.744201 | lrm: 1.00 | dt: 14497.18ms | tok/sec: 72,329 | bf16_mfu: 13.01 | epoch: 1 | total time: 6.28m | eta: 335.2m
step 00091/04357 (2.09%) | loss: 5.740552 | lrm: 1.00 | dt: 3615.72ms | tok/sec: 290,004 | bf16_mfu: 52.17 | epoch: 1 | total time: 6.34m | eta: 334.2m
step 00092/04357 (2.11%) | loss: 5.727480 | lrm: 1.00 | dt: 3620.67ms | tok/sec: 289,608 | bf16_mfu: 52.10 | epoch: 1 | total time: 6.41m | eta: 333.1m
step 00093/04357 (2.13%) | loss: 5.731829 | lrm: 1.00 | dt: 3629.95ms | tok/sec: 288,868 | bf16_mfu: 51.96 | epoch: 1 | total time: 6.47m | eta: 332.2m
step 00094/04357 (2.16%) | loss: 5.722948 | lrm: 1.00 | dt: 3630.41ms | tok/sec: 288,831 | bf16_mfu: 51.96 | epoch: 1 | total time: 6.53m | eta: 331.2m
step 00095/04357 (2.18%) | loss: 5.728532 | lrm: 1.00 | dt: 3638.44ms | tok/sec: 288,194 | bf16_mfu: 51.84 | epoch: 1 | total time: 6.59m | eta: 330.3m
step 00096/04357 (2.20%) | loss: 5.718432 | lrm: 1.00 | dt: 3629.12ms | tok/sec: 288,933 | bf16_mfu: 51.98 | epoch: 1 | total time: 6.65m | eta: 329.3m
step 00097/04357 (2.23%) | loss: 5.707081 | lrm: 1.00 | dt: 3637.65ms | tok/sec: 288,256 | bf16_mfu: 51.85 | epoch: 1 | total time: 6.71m | eta: 328.5m
step 00098/04357 (2.25%) | loss: 5.714022 | lrm: 1.00 | dt: 3635.14ms | tok/sec: 288,455 | bf16_mfu: 51.89 | epoch: 1 | total time: 6.77m | eta: 327.6m
step 00099/04357 (2.27%) | loss: 5.717637 | lrm: 1.00 | dt: 3639.21ms | tok/sec: 288,132 | bf16_mfu: 51.83 | epoch: 1 | total time: 6.83m | eta: 326.7m
step 00100/04357 (2.30%) | loss: 5.714558 | lrm: 1.00 | dt: 14481.38ms | tok/sec: 72,408 | bf16_mfu: 13.03 | epoch: 1 | total time: 7.07m | eta: 334.4m
step 00101/04357 (2.32%) | loss: 5.720283 | lrm: 1.00 | dt: 3616.06ms | tok/sec: 289,977 | bf16_mfu: 52.16 | epoch: 1 | total time: 7.13m | eta: 333.5m
step 00102/04357 (2.34%) | loss: 5.724102 | lrm: 1.00 | dt: 3626.59ms | tok/sec: 289,135 | bf16_mfu: 52.01 | epoch: 1 | total time: 7.19m | eta: 332.6m
step 00103/04357 (2.36%) | loss: 5.718560 | lrm: 1.00 | dt: 3630.66ms | tok/sec: 288,811 | bf16_mfu: 51.95 | epoch: 1 | total time: 7.25m | eta: 331.7m
step 00104/04357 (2.39%) | loss: 5.717627 | lrm: 1.00 | dt: 3635.32ms | tok/sec: 288,441 | bf16_mfu: 51.89 | epoch: 1 | total time: 7.31m | eta: 330.8m
step 00105/04357 (2.41%) | loss: 5.717261 | lrm: 1.00 | dt: 3636.32ms | tok/sec: 288,361 | bf16_mfu: 51.87 | epoch: 1 | total time: 7.37m | eta: 330.0m
step 00106/04357 (2.43%) | loss: 5.712848 | lrm: 1.00 | dt: 3630.24ms | tok/sec: 288,844 | bf16_mfu: 51.96 | epoch: 1 | total time: 7.43m | eta: 329.2m
step 00107/04357 (2.46%) | loss: 5.706757 | lrm: 1.00 | dt: 3638.93ms | tok/sec: 288,155 | bf16_mfu: 51.84 | epoch: 1 | total time: 7.49m | eta: 328.3m
step 00108/04357 (2.48%) | loss: 5.719610 | lrm: 1.00 | dt: 3632.89ms | tok/sec: 288,633 | bf16_mfu: 51.92 | epoch: 1 | total time: 7.55m | eta: 327.5m
step 00109/04357 (2.50%) | loss: 5.715633 | lrm: 1.00 | dt: 3647.12ms | tok/sec: 287,507 | bf16_mfu: 51.72 | epoch: 1 | total time: 7.62m | eta: 326.8m
step 00110/04357 (2.52%) | loss: 5.715649 | lrm: 1.00 | dt: 14477.24ms | tok/sec: 72,429 | bf16_mfu: 13.03 | epoch: 1 | total time: 7.86m | eta: 333.7m
step 00111/04357 (2.55%) | loss: 5.705341 | lrm: 1.00 | dt: 3619.47ms | tok/sec: 289,704 | bf16_mfu: 52.12 | epoch: 1 | total time: 7.92m | eta: 332.8m
step 00112/04357 (2.57%) | loss: 5.702250 | lrm: 1.00 | dt: 3624.22ms | tok/sec: 289,324 | bf16_mfu: 52.05 | epoch: 1 | total time: 7.98m | eta: 332.0m
step 00113/04357 (2.59%) | loss: 5.706844 | lrm: 1.00 | dt: 3626.71ms | tok/sec: 289,126 | bf16_mfu: 52.01 | epoch: 1 | total time: 8.04m | eta: 331.2m
step 00114/04357 (2.62%) | loss: 5.695564 | lrm: 1.00 | dt: 3634.06ms | tok/sec: 288,541 | bf16_mfu: 51.91 | epoch: 1 | total time: 8.10m | eta: 330.4m
step 00115/04357 (2.64%) | loss: 5.710177 | lrm: 1.00 | dt: 3637.06ms | tok/sec: 288,303 | bf16_mfu: 51.86 | epoch: 1 | total time: 8.16m | eta: 329.6m
step 00116/04357 (2.66%) | loss: 5.709040 | lrm: 1.00 | dt: 3638.66ms | tok/sec: 288,176 | bf16_mfu: 51.84 | epoch: 1 | total time: 8.22m | eta: 328.9m
step 00117/04357 (2.69%) | loss: 5.701840 | lrm: 1.00 | dt: 3649.87ms | tok/sec: 287,291 | bf16_mfu: 51.68 | epoch: 1 | total time: 8.28m | eta: 328.1m
step 00118/04357 (2.71%) | loss: 5.702728 | lrm: 1.00 | dt: 3651.02ms | tok/sec: 287,201 | bf16_mfu: 51.67 | epoch: 1 | total time: 8.34m | eta: 327.4m
step 00119/04357 (2.73%) | loss: 5.696100 | lrm: 1.00 | dt: 3649.60ms | tok/sec: 287,312 | bf16_mfu: 51.69 | epoch: 1 | total time: 8.40m | eta: 326.7m
step 00120/04357 (2.75%) | loss: 5.698087 | lrm: 1.00 | dt: 14510.64ms | tok/sec: 72,262 | bf16_mfu: 13.00 | epoch: 1 | total time: 8.64m | eta: 333.0m
step 00121/04357 (2.78%) | loss: 5.694158 | lrm: 1.00 | dt: 3622.96ms | tok/sec: 289,425 | bf16_mfu: 52.07 | epoch: 1 | total time: 8.70m | eta: 332.2m
step 00122/04357 (2.80%) | loss: 5.683181 | lrm: 1.00 | dt: 3620.79ms | tok/sec: 289,599 | bf16_mfu: 52.10 | epoch: 1 | total time: 8.76m | eta: 331.4m
step 00123/04357 (2.82%) | loss: 5.694749 | lrm: 1.00 | dt: 3636.41ms | tok/sec: 288,354 | bf16_mfu: 51.87 | epoch: 1 | total time: 8.83m | eta: 330.7m
step 00124/04357 (2.85%) | loss: 5.692598 | lrm: 1.00 | dt: 3628.25ms | tok/sec: 289,003 | bf16_mfu: 51.99 | epoch: 1 | total time: 8.89m | eta: 329.9m
step 00125/04357 (2.87%) | loss: 5.686494 | lrm: 1.00 | dt: 3632.68ms | tok/sec: 288,651 | bf16_mfu: 51.93 | epoch: 1 | total time: 8.95m | eta: 329.2m
step 00126/04357 (2.89%) | loss: 5.683377 | lrm: 1.00 | dt: 3640.48ms | tok/sec: 288,032 | bf16_mfu: 51.81 | epoch: 1 | total time: 9.01m | eta: 328.5m
step 00127/04357 (2.91%) | loss: 5.685970 | lrm: 1.00 | dt: 3633.13ms | tok/sec: 288,614 | bf16_mfu: 51.92 | epoch: 1 | total time: 9.07m | eta: 327.8m
step 00128/04357 (2.94%) | loss: 5.684626 | lrm: 1.00 | dt: 3641.04ms | tok/sec: 287,987 | bf16_mfu: 51.81 | epoch: 1 | total time: 9.13m | eta: 327.1m
step 00129/04357 (2.96%) | loss: 5.685446 | lrm: 1.00 | dt: 3646.08ms | tok/sec: 287,589 | bf16_mfu: 51.73 | epoch: 1 | total time: 9.19m | eta: 326.5m
step 00130/04357 (2.98%) | loss: 5.690328 | lrm: 1.00 | dt: 14483.02ms | tok/sec: 72,400 | bf16_mfu: 13.02 | epoch: 1 | total time: 9.43m | eta: 332.2m
step 00131/04357 (3.01%) | loss: 5.690512 | lrm: 1.00 | dt: 3630.07ms | tok/sec: 288,858 | bf16_mfu: 51.96 | epoch: 1 | total time: 9.49m | eta: 331.5m
step 00132/04357 (3.03%) | loss: 5.687269 | lrm: 1.00 | dt: 3627.12ms | tok/sec: 289,093 | bf16_mfu: 52.01 | epoch: 1 | total time: 9.55m | eta: 330.8m
step 00133/04357 (3.05%) | loss: 5.695927 | lrm: 1.00 | dt: 3623.24ms | tok/sec: 289,402 | bf16_mfu: 52.06 | epoch: 1 | total time: 9.61m | eta: 330.1m
step 00134/04357 (3.08%) | loss: 5.698469 | lrm: 1.00 | dt: 3632.89ms | tok/sec: 288,633 | bf16_mfu: 51.92 | epoch: 1 | total time: 9.67m | eta: 329.4m
step 00135/04357 (3.10%) | loss: 5.682591 | lrm: 1.00 | dt: 3630.69ms | tok/sec: 288,809 | bf16_mfu: 51.95 | epoch: 1 | total time: 9.73m | eta: 328.7m
step 00136/04357 (3.12%) | loss: 5.677999 | lrm: 1.00 | dt: 3633.54ms | tok/sec: 288,582 | bf16_mfu: 51.91 | epoch: 1 | total time: 9.79m | eta: 328.1m
step 00137/04357 (3.14%) | loss: 5.690848 | lrm: 1.00 | dt: 3641.95ms | tok/sec: 287,916 | bf16_mfu: 51.79 | epoch: 1 | total time: 9.85m | eta: 327.4m
step 00138/04357 (3.17%) | loss: 5.688141 | lrm: 1.00 | dt: 3646.56ms | tok/sec: 287,552 | bf16_mfu: 51.73 | epoch: 1 | total time: 9.91m | eta: 326.8m
step 00139/04357 (3.19%) | loss: 5.686718 | lrm: 1.00 | dt: 3646.60ms | tok/sec: 287,548 | bf16_mfu: 51.73 | epoch: 1 | total time: 9.98m | eta: 326.2m
step 00140/04357 (3.21%) | loss: 5.685491 | lrm: 1.00 | dt: 14475.74ms | tok/sec: 72,436 | bf16_mfu: 13.03 | epoch: 1 | total time: 10.22m | eta: 331.4m
step 00141/04357 (3.24%) | loss: 5.685861 | lrm: 1.00 | dt: 3629.82ms | tok/sec: 288,878 | bf16_mfu: 51.97 | epoch: 1 | total time: 10.28m | eta: 330.8m
step 00142/04357 (3.26%) | loss: 5.695608 | lrm: 1.00 | dt: 3635.18ms | tok/sec: 288,451 | bf16_mfu: 51.89 | epoch: 1 | total time: 10.34m | eta: 330.1m
step 00143/04357 (3.28%) | loss: 5.684252 | lrm: 1.00 | dt: 3631.62ms | tok/sec: 288,735 | bf16_mfu: 51.94 | epoch: 1 | total time: 10.40m | eta: 329.5m
step 00144/04357 (3.31%) | loss: 5.687737 | lrm: 1.00 | dt: 3630.48ms | tok/sec: 288,825 | bf16_mfu: 51.96 | epoch: 1 | total time: 10.46m | eta: 328.8m
step 00145/04357 (3.33%) | loss: 5.677538 | lrm: 1.00 | dt: 3639.30ms | tok/sec: 288,125 | bf16_mfu: 51.83 | epoch: 1 | total time: 10.52m | eta: 328.2m
step 00146/04357 (3.35%) | loss: 5.679926 | lrm: 1.00 | dt: 3637.49ms | tok/sec: 288,268 | bf16_mfu: 51.86 | epoch: 1 | total time: 10.58m | eta: 327.6m
step 00147/04357 (3.37%) | loss: 5.682454 | lrm: 1.00 | dt: 3650.82ms | tok/sec: 287,216 | bf16_mfu: 51.67 | epoch: 1 | total time: 10.64m | eta: 327.0m
step 00148/04357 (3.40%) | loss: 5.693975 | lrm: 1.00 | dt: 3643.57ms | tok/sec: 287,788 | bf16_mfu: 51.77 | epoch: 1 | total time: 10.70m | eta: 326.4m
step 00149/04357 (3.42%) | loss: 5.694985 | lrm: 1.00 | dt: 3654.64ms | tok/sec: 286,916 | bf16_mfu: 51.61 | epoch: 1 | total time: 10.76m | eta: 325.8m
step 00150/04357 (3.44%) | loss: 5.686116 | lrm: 1.00 | dt: 14508.14ms | tok/sec: 72,275 | bf16_mfu: 13.00 | epoch: 1 | total time: 11.00m | eta: 330.7m
step 00151/04357 (3.47%) | loss: 5.686780 | lrm: 1.00 | dt: 3623.42ms | tok/sec: 289,388 | bf16_mfu: 52.06 | epoch: 1 | total time: 11.06m | eta: 330.1m
step 00152/04357 (3.49%) | loss: 5.684305 | lrm: 1.00 | dt: 3625.00ms | tok/sec: 289,262 | bf16_mfu: 52.04 | epoch: 1 | total time: 11.13m | eta: 329.5m
step 00153/04357 (3.51%) | loss: 5.679197 | lrm: 1.00 | dt: 3633.87ms | tok/sec: 288,556 | bf16_mfu: 51.91 | epoch: 1 | total time: 11.19m | eta: 328.9m
step 00154/04357 (3.53%) | loss: 5.683368 | lrm: 1.00 | dt: 3631.64ms | tok/sec: 288,733 | bf16_mfu: 51.94 | epoch: 1 | total time: 11.25m | eta: 328.3m
step 00155/04357 (3.56%) | loss: 5.682941 | lrm: 1.00 | dt: 3629.75ms | tok/sec: 288,883 | bf16_mfu: 51.97 | epoch: 1 | total time: 11.31m | eta: 327.7m
step 00156/04357 (3.58%) | loss: 5.697574 | lrm: 1.00 | dt: 3637.18ms | tok/sec: 288,294 | bf16_mfu: 51.86 | epoch: 1 | total time: 11.37m | eta: 327.1m
step 00157/04357 (3.60%) | loss: 5.698871 | lrm: 1.00 | dt: 3648.97ms | tok/sec: 287,362 | bf16_mfu: 51.69 | epoch: 1 | total time: 11.43m | eta: 326.5m
step 00158/04357 (3.63%) | loss: 5.694125 | lrm: 1.00 | dt: 3645.24ms | tok/sec: 287,655 | bf16_mfu: 51.75 | epoch: 1 | total time: 11.49m | eta: 326.0m
step 00159/04357 (3.65%) | loss: 5.687531 | lrm: 1.00 | dt: 3643.75ms | tok/sec: 287,773 | bf16_mfu: 51.77 | epoch: 1 | total time: 11.55m | eta: 325.4m
step 00160/04357 (3.67%) | loss: 5.679225 | lrm: 1.00 | dt: 14476.56ms | tok/sec: 72,432 | bf16_mfu: 13.03 | epoch: 1 | total time: 11.79m | eta: 329.9m
step 00161/04357 (3.70%) | loss: 5.689499 | lrm: 1.00 | dt: 3613.99ms | tok/sec: 290,143 | bf16_mfu: 52.19 | epoch: 1 | total time: 11.85m | eta: 329.3m
step 00162/04357 (3.72%) | loss: 5.686592 | lrm: 1.00 | dt: 3635.38ms | tok/sec: 288,436 | bf16_mfu: 51.89 | epoch: 1 | total time: 11.91m | eta: 328.8m
step 00163/04357 (3.74%) | loss: 5.671276 | lrm: 1.00 | dt: 3633.38ms | tok/sec: 288,595 | bf16_mfu: 51.92 | epoch: 1 | total time: 11.97m | eta: 328.2m
step 00164/04357 (3.76%) | loss: 5.687523 | lrm: 1.00 | dt: 3628.76ms | tok/sec: 288,962 | bf16_mfu: 51.98 | epoch: 1 | total time: 12.03m | eta: 327.6m
step 00165/04357 (3.79%) | loss: 5.692602 | lrm: 1.00 | dt: 3637.39ms | tok/sec: 288,276 | bf16_mfu: 51.86 | epoch: 1 | total time: 12.09m | eta: 327.1m
step 00166/04357 (3.81%) | loss: 5.695455 | lrm: 1.00 | dt: 3636.42ms | tok/sec: 288,354 | bf16_mfu: 51.87 | epoch: 1 | total time: 12.15m | eta: 326.5m
step 00167/04357 (3.83%) | loss: 5.680739 | lrm: 1.00 | dt: 3645.34ms | tok/sec: 287,648 | bf16_mfu: 51.75 | epoch: 1 | total time: 12.22m | eta: 326.0m
step 00168/04357 (3.86%) | loss: 5.679207 | lrm: 1.00 | dt: 3648.47ms | tok/sec: 287,401 | bf16_mfu: 51.70 | epoch: 1 | total time: 12.28m | eta: 325.5m
step 00169/04357 (3.88%) | loss: 5.681918 | lrm: 1.00 | dt: 3644.07ms | tok/sec: 287,748 | bf16_mfu: 51.76 | epoch: 1 | total time: 12.34m | eta: 324.9m
step 00170/04357 (3.90%) | loss: 5.675951 | lrm: 1.00 | dt: 14477.18ms | tok/sec: 72,429 | bf16_mfu: 13.03 | epoch: 1 | total time: 12.58m | eta: 329.1m
step 00171/04357 (3.92%) | loss: 5.687302 | lrm: 1.00 | dt: 3616.12ms | tok/sec: 289,972 | bf16_mfu: 52.16 | epoch: 1 | total time: 12.64m | eta: 328.6m
step 00172/04357 (3.95%) | loss: 5.685345 | lrm: 1.00 | dt: 3632.53ms | tok/sec: 288,662 | bf16_mfu: 51.93 | epoch: 1 | total time: 12.70m | eta: 328.0m
step 00173/04357 (3.97%) | loss: 5.676095 | lrm: 1.00 | dt: 3636.95ms | tok/sec: 288,311 | bf16_mfu: 51.86 | epoch: 1 | total time: 12.76m | eta: 327.5m
step 00174/04357 (3.99%) | loss: 5.687713 | lrm: 1.00 | dt: 3637.80ms | tok/sec: 288,244 | bf16_mfu: 51.85 | epoch: 1 | total time: 12.82m | eta: 327.0m
step 00175/04357 (4.02%) | loss: 5.680917 | lrm: 1.00 | dt: 3635.47ms | tok/sec: 288,429 | bf16_mfu: 51.89 | epoch: 1 | total time: 12.88m | eta: 326.5m
step 00176/04357 (4.04%) | loss: 5.678393 | lrm: 1.00 | dt: 3633.80ms | tok/sec: 288,562 | bf16_mfu: 51.91 | epoch: 1 | total time: 12.94m | eta: 325.9m
step 00177/04357 (4.06%) | loss: 5.662178 | lrm: 1.00 | dt: 3645.17ms | tok/sec: 287,662 | bf16_mfu: 51.75 | epoch: 1 | total time: 13.00m | eta: 325.4m
step 00178/04357 (4.09%) | loss: 5.665979 | lrm: 1.00 | dt: 3641.50ms | tok/sec: 287,951 | bf16_mfu: 51.80 | epoch: 1 | total time: 13.06m | eta: 324.9m
step 00179/04357 (4.11%) | loss: 5.673061 | lrm: 1.00 | dt: 3646.28ms | tok/sec: 287,574 | bf16_mfu: 51.73 | epoch: 1 | total time: 13.12m | eta: 324.4m
step 00180/04357 (4.13%) | loss: 5.672987 | lrm: 1.00 | dt: 14489.35ms | tok/sec: 72,368 | bf16_mfu: 13.02 | epoch: 1 | total time: 13.36m | eta: 328.4m
step 00181/04357 (4.15%) | loss: 5.672526 | lrm: 1.00 | dt: 3619.70ms | tok/sec: 289,685 | bf16_mfu: 52.11 | epoch: 1 | total time: 13.43m | eta: 327.9m
step 00182/04357 (4.18%) | loss: 5.670102 | lrm: 1.00 | dt: 3629.15ms | tok/sec: 288,931 | bf16_mfu: 51.98 | epoch: 1 | total time: 13.49m | eta: 327.3m
step 00183/04357 (4.20%) | loss: 5.674043 | lrm: 1.00 | dt: 3632.88ms | tok/sec: 288,635 | bf16_mfu: 51.92 | epoch: 1 | total time: 13.55m | eta: 326.8m
step 00184/04357 (4.22%) | loss: 5.676661 | lrm: 1.00 | dt: 3633.65ms | tok/sec: 288,573 | bf16_mfu: 51.91 | epoch: 1 | total time: 13.61m | eta: 326.3m
step 00185/04357 (4.25%) | loss: 5.693616 | lrm: 1.00 | dt: 3634.64ms | tok/sec: 288,494 | bf16_mfu: 51.90 | epoch: 1 | total time: 13.67m | eta: 325.8m
step 00186/04357 (4.27%) | loss: 5.693492 | lrm: 1.00 | dt: 3632.66ms | tok/sec: 288,652 | bf16_mfu: 51.93 | epoch: 1 | total time: 13.73m | eta: 325.3m
step 00187/04357 (4.29%) | loss: 5.686106 | lrm: 1.00 | dt: 3643.71ms | tok/sec: 287,776 | bf16_mfu: 51.77 | epoch: 1 | total time: 13.79m | eta: 324.8m
step 00188/04357 (4.31%) | loss: 5.684010 | lrm: 1.00 | dt: 3641.07ms | tok/sec: 287,985 | bf16_mfu: 51.81 | epoch: 1 | total time: 13.85m | eta: 324.4m
step 00189/04357 (4.34%) | loss: 5.672990 | lrm: 1.00 | dt: 3644.83ms | tok/sec: 287,688 | bf16_mfu: 51.75 | epoch: 1 | total time: 13.91m | eta: 323.9m
step 00190/04357 (4.36%) | loss: 5.695577 | lrm: 1.00 | dt: 14488.42ms | tok/sec: 72,373 | bf16_mfu: 13.02 | epoch: 1 | total time: 14.15m | eta: 327.6m
step 00191/04357 (4.38%) | loss: 5.687872 | lrm: 1.00 | dt: 3623.99ms | tok/sec: 289,343 | bf16_mfu: 52.05 | epoch: 1 | total time: 14.21m | eta: 327.1m
step 00192/04357 (4.41%) | loss: 5.692647 | lrm: 1.00 | dt: 3626.62ms | tok/sec: 289,133 | bf16_mfu: 52.01 | epoch: 1 | total time: 14.27m | eta: 326.6m
step 00193/04357 (4.43%) | loss: 5.699356 | lrm: 1.00 | dt: 3635.51ms | tok/sec: 288,426 | bf16_mfu: 51.89 | epoch: 1 | total time: 14.33m | eta: 326.1m
step 00194/04357 (4.45%) | loss: 5.705500 | lrm: 1.00 | dt: 3639.28ms | tok/sec: 288,127 | bf16_mfu: 51.83 | epoch: 1 | total time: 14.39m | eta: 325.7m
step 00195/04357 (4.48%) | loss: 5.700776 | lrm: 1.00 | dt: 3645.29ms | tok/sec: 287,652 | bf16_mfu: 51.75 | epoch: 1 | total time: 14.45m | eta: 325.2m
step 00196/04357 (4.50%) | loss: 5.695324 | lrm: 1.00 | dt: 3636.04ms | tok/sec: 288,383 | bf16_mfu: 51.88 | epoch: 1 | total time: 14.51m | eta: 324.7m
step 00197/04357 (4.52%) | loss: 5.698289 | lrm: 1.00 | dt: 3650.69ms | tok/sec: 287,226 | bf16_mfu: 51.67 | epoch: 1 | total time: 14.58m | eta: 324.3m
step 00198/04357 (4.54%) | loss: 5.691162 | lrm: 1.00 | dt: 3646.30ms | tok/sec: 287,572 | bf16_mfu: 51.73 | epoch: 1 | total time: 14.64m | eta: 323.8m
step 00199/04357 (4.57%) | loss: 5.692854 | lrm: 1.00 | dt: 3647.66ms | tok/sec: 287,465 | bf16_mfu: 51.71 | epoch: 1 | total time: 14.70m | eta: 323.3m
step 00200/04357 (4.59%) | loss: 5.688782 | lrm: 1.00 | dt: 14464.61ms | tok/sec: 72,492 | bf16_mfu: 13.04 | epoch: 1 | total time: 14.94m | eta: 326.8m
step 00201/04357 (4.61%) | loss: 5.703871 | lrm: 1.00 | dt: 3618.12ms | tok/sec: 289,812 | bf16_mfu: 52.13 | epoch: 1 | total time: 15.00m | eta: 326.4m
step 00202/04357 (4.64%) | loss: 5.698456 | lrm: 1.00 | dt: 3624.37ms | tok/sec: 289,312 | bf16_mfu: 52.04 | epoch: 1 | total time: 15.06m | eta: 325.9m
step 00203/04357 (4.66%) | loss: 5.693417 | lrm: 1.00 | dt: 3640.00ms | tok/sec: 288,070 | bf16_mfu: 51.82 | epoch: 1 | total time: 15.12m | eta: 325.4m
step 00204/04357 (4.68%) | loss: 5.696932 | lrm: 1.00 | dt: 3638.13ms | tok/sec: 288,218 | bf16_mfu: 51.85 | epoch: 1 | total time: 15.18m | eta: 325.0m
step 00205/04357 (4.71%) | loss: 5.692871 | lrm: 1.00 | dt: 3648.97ms | tok/sec: 287,361 | bf16_mfu: 51.69 | epoch: 1 | total time: 15.24m | eta: 324.5m
step 00206/04357 (4.73%) | loss: 5.693256 | lrm: 1.00 | dt: 3646.59ms | tok/sec: 287,549 | bf16_mfu: 51.73 | epoch: 1 | total time: 15.30m | eta: 324.1m
step 00207/04357 (4.75%) | loss: 5.689901 | lrm: 1.00 | dt: 3643.48ms | tok/sec: 287,795 | bf16_mfu: 51.77 | epoch: 1 | total time: 15.36m | eta: 323.6m
step 00208/04357 (4.77%) | loss: 5.685292 | lrm: 1.00 | dt: 3646.08ms | tok/sec: 287,589 | bf16_mfu: 51.73 | epoch: 1 | total time: 15.42m | eta: 323.2m
step 00209/04357 (4.80%) | loss: 5.682609 | lrm: 1.00 | dt: 3658.09ms | tok/sec: 286,645 | bf16_mfu: 51.57 | epoch: 1 | total time: 15.48m | eta: 322.8m
step 00210/04357 (4.82%) | loss: 5.689035 | lrm: 1.00 | dt: 14501.70ms | tok/sec: 72,307 | bf16_mfu: 13.01 | epoch: 1 | total time: 15.73m | eta: 326.1m
step 00211/04357 (4.84%) | loss: 5.682488 | lrm: 1.00 | dt: 3632.19ms | tok/sec: 288,690 | bf16_mfu: 51.93 | epoch: 1 | total time: 15.79m | eta: 325.6m
step 00212/04357 (4.87%) | loss: 5.685597 | lrm: 1.00 | dt: 3630.92ms | tok/sec: 288,790 | bf16_mfu: 51.95 | epoch: 1 | total time: 15.85m | eta: 325.2m
step 00213/04357 (4.89%) | loss: 5.691040 | lrm: 1.00 | dt: 3635.02ms | tok/sec: 288,464 | bf16_mfu: 51.89 | epoch: 1 | total time: 15.91m | eta: 324.7m
step 00214/04357 (4.91%) | loss: 5.682177 | lrm: 1.00 | dt: 3638.54ms | tok/sec: 288,185 | bf16_mfu: 51.84 | epoch: 1 | total time: 15.97m | eta: 324.3m
step 00215/04357 (4.93%) | loss: 5.678990 | lrm: 1.00 | dt: 3644.03ms | tok/sec: 287,751 | bf16_mfu: 51.76 | epoch: 1 | total time: 16.03m | eta: 323.9m
step 00216/04357 (4.96%) | loss: 5.677201 | lrm: 1.00 | dt: 3639.91ms | tok/sec: 288,077 | bf16_mfu: 51.82 | epoch: 1 | total time: 16.09m | eta: 323.4m
step 00217/04357 (4.98%) | loss: 5.679045 | lrm: 1.00 | dt: 3647.62ms | tok/sec: 287,468 | bf16_mfu: 51.71 | epoch: 1 | total time: 16.15m | eta: 323.0m
step 00218/04357 (5.00%) | loss: 5.667790 | lrm: 1.00 | dt: 3654.39ms | tok/sec: 286,936 | bf16_mfu: 51.62 | epoch: 1 | total time: 16.21m | eta: 322.6m
step 00219/04357 (5.03%) | loss: 5.668599 | lrm: 1.00 | dt: 3655.93ms | tok/sec: 286,815 | bf16_mfu: 51.60 | epoch: 1 | total time: 16.27m | eta: 322.2m
step 00220/04357 (5.05%) | loss: 5.664891 | lrm: 1.00 | dt: 14479.96ms | tok/sec: 72,415 | bf16_mfu: 13.03 | epoch: 1 | total time: 16.51m | eta: 325.3m
step 00221/04357 (5.07%) | loss: 5.662424 | lrm: 1.00 | dt: 3622.90ms | tok/sec: 289,430 | bf16_mfu: 52.07 | epoch: 1 | total time: 16.57m | eta: 324.9m
step 00222/04357 (5.10%) | loss: 5.663718 | lrm: 1.00 | dt: 3625.70ms | tok/sec: 289,206 | bf16_mfu: 52.03 | epoch: 1 | total time: 16.63m | eta: 324.5m
step 00223/04357 (5.12%) | loss: 5.674894 | lrm: 1.00 | dt: 3633.10ms | tok/sec: 288,617 | bf16_mfu: 51.92 | epoch: 1 | total time: 16.70m | eta: 324.0m
step 00224/04357 (5.14%) | loss: 5.678448 | lrm: 1.00 | dt: 3636.77ms | tok/sec: 288,326 | bf16_mfu: 51.87 | epoch: 1 | total time: 16.76m | eta: 323.6m
step 00225/04357 (5.16%) | loss: 5.683025 | lrm: 1.00 | dt: 3649.01ms | tok/sec: 287,359 | bf16_mfu: 51.69 | epoch: 1 | total time: 16.82m | eta: 323.2m
step 00226/04357 (5.19%) | loss: 5.684264 | lrm: 1.00 | dt: 3639.59ms | tok/sec: 288,102 | bf16_mfu: 51.83 | epoch: 1 | total time: 16.88m | eta: 322.8m
step 00227/04357 (5.21%) | loss: 5.680823 | lrm: 1.00 | dt: 3651.13ms | tok/sec: 287,192 | bf16_mfu: 51.66 | epoch: 1 | total time: 16.94m | eta: 322.4m
step 00228/04357 (5.23%) | loss: 5.674121 | lrm: 1.00 | dt: 3650.02ms | tok/sec: 287,279 | bf16_mfu: 51.68 | epoch: 1 | total time: 17.00m | eta: 322.0m
step 00229/04357 (5.26%) | loss: 5.673748 | lrm: 1.00 | dt: 3655.46ms | tok/sec: 286,852 | bf16_mfu: 51.60 | epoch: 1 | total time: 17.06m | eta: 321.6m
step 00230/04357 (5.28%) | loss: 5.681827 | lrm: 1.00 | dt: 14482.98ms | tok/sec: 72,400 | bf16_mfu: 13.02 | epoch: 1 | total time: 17.30m | eta: 324.6m
step 00231/04357 (5.30%) | loss: 5.687117 | lrm: 1.00 | dt: 3632.59ms | tok/sec: 288,658 | bf16_mfu: 51.93 | epoch: 1 | total time: 17.36m | eta: 324.1m
step 00232/04357 (5.32%) | loss: 5.692108 | lrm: 1.00 | dt: 3631.84ms | tok/sec: 288,717 | bf16_mfu: 51.94 | epoch: 1 | total time: 17.42m | eta: 323.7m
step 00233/04357 (5.35%) | loss: 5.686494 | lrm: 1.00 | dt: 3639.10ms | tok/sec: 288,141 | bf16_mfu: 51.83 | epoch: 1 | total time: 17.48m | eta: 323.3m
step 00234/04357 (5.37%) | loss: 5.687794 | lrm: 1.00 | dt: 3633.90ms | tok/sec: 288,554 | bf16_mfu: 51.91 | epoch: 1 | total time: 17.54m | eta: 322.9m
step 00235/04357 (5.39%) | loss: 5.688866 | lrm: 1.00 | dt: 3635.77ms | tok/sec: 288,405 | bf16_mfu: 51.88 | epoch: 1 | total time: 17.60m | eta: 322.5m
step 00236/04357 (5.42%) | loss: 5.678380 | lrm: 1.00 | dt: 3646.47ms | tok/sec: 287,559 | bf16_mfu: 51.73 | epoch: 1 | total time: 17.66m | eta: 322.1m
step 00237/04357 (5.44%) | loss: 5.688809 | lrm: 1.00 | dt: 3640.85ms | tok/sec: 288,002 | bf16_mfu: 51.81 | epoch: 1 | total time: 17.73m | eta: 321.7m
step 00238/04357 (5.46%) | loss: 5.684695 | lrm: 1.00 | dt: 3646.49ms | tok/sec: 287,557 | bf16_mfu: 51.73 | epoch: 1 | total time: 17.79m | eta: 321.3m
step 00239/04357 (5.49%) | loss: 5.687409 | lrm: 1.00 | dt: 3656.36ms | tok/sec: 286,781 | bf16_mfu: 51.59 | epoch: 1 | total time: 17.85m | eta: 320.9m
step 00240/04357 (5.51%) | loss: 5.683301 | lrm: 1.00 | dt: 14491.84ms | tok/sec: 72,356 | bf16_mfu: 13.02 | epoch: 1 | total time: 18.09m | eta: 323.8m
step 00241/04357 (5.53%) | loss: 5.687662 | lrm: 1.00 | dt: 3622.10ms | tok/sec: 289,493 | bf16_mfu: 52.08 | epoch: 1 | total time: 18.15m | eta: 323.4m
step 00242/04357 (5.55%) | loss: 5.689682 | lrm: 1.00 | dt: 3633.26ms | tok/sec: 288,604 | bf16_mfu: 51.92 | epoch: 1 | total time: 18.21m | eta: 323.0m
step 00243/04357 (5.58%) | loss: 5.696362 | lrm: 1.00 | dt: 3636.18ms | tok/sec: 288,372 | bf16_mfu: 51.88 | epoch: 1 | total time: 18.27m | eta: 322.6m
step 00244/04357 (5.60%) | loss: 5.715255 | lrm: 1.00 | dt: 3636.08ms | tok/sec: 288,380 | bf16_mfu: 51.88 | epoch: 1 | total time: 18.33m | eta: 322.2m
step 00245/04357 (5.62%) | loss: 5.705236 | lrm: 1.00 | dt: 3647.26ms | tok/sec: 287,496 | bf16_mfu: 51.72 | epoch: 1 | total time: 18.39m | eta: 321.8m
step 00246/04357 (5.65%) | loss: 5.697681 | lrm: 1.00 | dt: 3649.91ms | tok/sec: 287,288 | bf16_mfu: 51.68 | epoch: 1 | total time: 18.45m | eta: 321.4m
step 00247/04357 (5.67%) | loss: 5.695363 | lrm: 1.00 | dt: 3655.80ms | tok/sec: 286,825 | bf16_mfu: 51.60 | epoch: 1 | total time: 18.51m | eta: 321.1m
step 00248/04357 (5.69%) | loss: 5.693615 | lrm: 1.00 | dt: 3651.72ms | tok/sec: 287,145 | bf16_mfu: 51.66 | epoch: 1 | total time: 18.57m | eta: 320.7m
step 00249/04357 (5.71%) | loss: 5.692908 | lrm: 1.00 | dt: 3656.19ms | tok/sec: 286,795 | bf16_mfu: 51.59 | epoch: 1 | total time: 18.64m | eta: 320.3m
Step 00250 | Validation bpb: 1.727000
step 00250/04357 (5.74%) | loss: 5.684823 | lrm: 1.00 | dt: 21971.38ms | tok/sec: 47,724 | bf16_mfu: 8.59 | epoch: 1 | total time: 19.00m | eta: 325.2m
step 00251/04357 (5.76%) | loss: 5.687428 | lrm: 1.00 | dt: 3621.72ms | tok/sec: 289,523 | bf16_mfu: 52.08 | epoch: 1 | total time: 19.06m | eta: 324.8m
step 00252/04357 (5.78%) | loss: 5.685796 | lrm: 1.00 | dt: 3619.10ms | tok/sec: 289,734 | bf16_mfu: 52.12 | epoch: 1 | total time: 19.12m | eta: 324.4m
step 00253/04357 (5.81%) | loss: 5.685713 | lrm: 1.00 | dt: 3631.58ms | tok/sec: 288,738 | bf16_mfu: 51.94 | epoch: 1 | total time: 19.18m | eta: 324.0m
step 00254/04357 (5.83%) | loss: 5.684130 | lrm: 1.00 | dt: 3638.53ms | tok/sec: 288,186 | bf16_mfu: 51.84 | epoch: 1 | total time: 19.24m | eta: 323.6m
step 00255/04357 (5.85%) | loss: 5.682282 | lrm: 1.00 | dt: 3635.29ms | tok/sec: 288,443 | bf16_mfu: 51.89 | epoch: 1 | total time: 19.30m | eta: 323.2m
step 00256/04357 (5.88%) | loss: 5.686616 | lrm: 1.00 | dt: 3631.66ms | tok/sec: 288,731 | bf16_mfu: 51.94 | epoch: 1 | total time: 19.36m | eta: 322.8m
step 00257/04357 (5.90%) | loss: 5.683062 | lrm: 1.00 | dt: 3638.01ms | tok/sec: 288,228 | bf16_mfu: 51.85 | epoch: 1 | total time: 19.43m | eta: 322.4m
step 00258/04357 (5.92%) | loss: 5.686232 | lrm: 1.00 | dt: 3634.57ms | tok/sec: 288,500 | bf16_mfu: 51.90 | epoch: 1 | total time: 19.49m | eta: 322.1m
step 00259/04357 (5.94%) | loss: 5.689471 | lrm: 1.00 | dt: 3643.06ms | tok/sec: 287,828 | bf16_mfu: 51.78 | epoch: 1 | total time: 19.55m | eta: 321.7m
step 00260/04357 (5.97%) | loss: 5.685922 | lrm: 1.00 | dt: 14493.31ms | tok/sec: 72,348 | bf16_mfu: 13.01 | epoch: 1 | total time: 19.79m | eta: 324.3m
step 00261/04357 (5.99%) | loss: 5.684856 | lrm: 1.00 | dt: 3617.99ms | tok/sec: 289,822 | bf16_mfu: 52.14 | epoch: 1 | total time: 19.85m | eta: 323.9m
step 00262/04357 (6.01%) | loss: 5.690736 | lrm: 1.00 | dt: 3629.36ms | tok/sec: 288,914 | bf16_mfu: 51.97 | epoch: 1 | total time: 19.91m | eta: 323.5m
step 00263/04357 (6.04%) | loss: 5.693614 | lrm: 1.00 | dt: 3631.75ms | tok/sec: 288,724 | bf16_mfu: 51.94 | epoch: 1 | total time: 19.97m | eta: 323.1m
step 00264/04357 (6.06%) | loss: 5.690721 | lrm: 1.00 | dt: 3630.10ms | tok/sec: 288,856 | bf16_mfu: 51.96 | epoch: 1 | total time: 20.03m | eta: 322.8m
step 00265/04357 (6.08%) | loss: 5.696079 | lrm: 1.00 | dt: 3639.58ms | tok/sec: 288,103 | bf16_mfu: 51.83 | epoch: 1 | total time: 20.09m | eta: 322.4m
step 00266/04357 (6.11%) | loss: 5.685268 | lrm: 1.00 | dt: 3635.45ms | tok/sec: 288,430 | bf16_mfu: 51.89 | epoch: 1 | total time: 20.15m | eta: 322.0m
step 00267/04357 (6.13%) | loss: 5.681457 | lrm: 1.00 | dt: 3635.56ms | tok/sec: 288,422 | bf16_mfu: 51.88 | epoch: 1 | total time: 20.21m | eta: 321.7m
step 00268/04357 (6.15%) | loss: 5.684971 | lrm: 1.00 | dt: 3645.31ms | tok/sec: 287,650 | bf16_mfu: 51.75 | epoch: 1 | total time: 20.27m | eta: 321.3m
step 00269/04357 (6.17%) | loss: 5.680903 | lrm: 1.00 | dt: 3639.33ms | tok/sec: 288,123 | bf16_mfu: 51.83 | epoch: 1 | total time: 20.33m | eta: 320.9m
step 00270/04357 (6.20%) | loss: 5.677798 | lrm: 1.00 | dt: 14502.86ms | tok/sec: 72,301 | bf16_mfu: 13.01 | epoch: 1 | total time: 20.57m | eta: 323.4m
step 00271/04357 (6.22%) | loss: 5.676966 | lrm: 1.00 | dt: 3633.59ms | tok/sec: 288,578 | bf16_mfu: 51.91 | epoch: 1 | total time: 20.64m | eta: 323.0m
step 00272/04357 (6.24%) | loss: 5.675878 | lrm: 1.00 | dt: 3626.12ms | tok/sec: 289,172 | bf16_mfu: 52.02 | epoch: 1 | total time: 20.70m | eta: 322.7m
step 00273/04357 (6.27%) | loss: 5.664227 | lrm: 1.00 | dt: 3641.58ms | tok/sec: 287,945 | bf16_mfu: 51.80 | epoch: 1 | total time: 20.76m | eta: 322.3m
step 00274/04357 (6.29%) | loss: 5.665489 | lrm: 1.00 | dt: 3632.71ms | tok/sec: 288,648 | bf16_mfu: 51.93 | epoch: 1 | total time: 20.82m | eta: 322.0m
step 00275/04357 (6.31%) | loss: 5.656533 | lrm: 1.00 | dt: 3629.38ms | tok/sec: 288,913 | bf16_mfu: 51.97 | epoch: 1 | total time: 20.88m | eta: 321.6m
step 00276/04357 (6.33%) | loss: 5.652523 | lrm: 1.00 | dt: 3633.10ms | tok/sec: 288,617 | bf16_mfu: 51.92 | epoch: 1 | total time: 20.94m | eta: 321.2m
step 00277/04357 (6.36%) | loss: 5.656697 | lrm: 1.00 | dt: 3638.52ms | tok/sec: 288,187 | bf16_mfu: 51.84 | epoch: 1 | total time: 21.00m | eta: 320.9m
step 00278/04357 (6.38%) | loss: 5.656459 | lrm: 1.00 | dt: 3653.73ms | tok/sec: 286,987 | bf16_mfu: 51.63 | epoch: 1 | total time: 21.06m | eta: 320.5m
step 00279/04357 (6.40%) | loss: 5.657707 | lrm: 1.00 | dt: 3650.15ms | tok/sec: 287,269 | bf16_mfu: 51.68 | epoch: 1 | total time: 21.12m | eta: 320.2m
step 00280/04357 (6.43%) | loss: 5.651594 | lrm: 1.00 | dt: 14500.04ms | tok/sec: 72,315 | bf16_mfu: 13.01 | epoch: 1 | total time: 21.36m | eta: 322.6m
step 00281/04357 (6.45%) | loss: 5.645672 | lrm: 1.00 | dt: 3620.53ms | tok/sec: 289,619 | bf16_mfu: 52.10 | epoch: 1 | total time: 21.42m | eta: 322.2m
step 00282/04357 (6.47%) | loss: 5.642320 | lrm: 1.00 | dt: 3628.75ms | tok/sec: 288,963 | bf16_mfu: 51.98 | epoch: 1 | total time: 21.48m | eta: 321.8m
step 00283/04357 (6.50%) | loss: 5.634175 | lrm: 1.00 | dt: 3640.14ms | tok/sec: 288,059 | bf16_mfu: 51.82 | epoch: 1 | total time: 21.54m | eta: 321.5m
step 00284/04357 (6.52%) | loss: 5.640095 | lrm: 1.00 | dt: 3626.71ms | tok/sec: 289,125 | bf16_mfu: 52.01 | epoch: 1 | total time: 21.60m | eta: 321.1m
step 00285/04357 (6.54%) | loss: 5.643700 | lrm: 1.00 | dt: 3638.70ms | tok/sec: 288,173 | bf16_mfu: 51.84 | epoch: 1 | total time: 21.66m | eta: 320.8m
step 00286/04357 (6.56%) | loss: 5.639566 | lrm: 1.00 | dt: 3632.81ms | tok/sec: 288,640 | bf16_mfu: 51.92 | epoch: 1 | total time: 21.73m | eta: 320.4m
step 00287/04357 (6.59%) | loss: 5.643258 | lrm: 1.00 | dt: 3635.38ms | tok/sec: 288,436 | bf16_mfu: 51.89 | epoch: 1 | total time: 21.79m | eta: 320.1m
step 00288/04357 (6.61%) | loss: 5.642933 | lrm: 1.00 | dt: 3647.58ms | tok/sec: 287,471 | bf16_mfu: 51.71 | epoch: 1 | total time: 21.85m | eta: 319.8m
step 00289/04357 (6.63%) | loss: 5.645903 | lrm: 1.00 | dt: 3637.05ms | tok/sec: 288,303 | bf16_mfu: 51.86 | epoch: 1 | total time: 21.91m | eta: 319.4m
step 00290/04357 (6.66%) | loss: 5.652814 | lrm: 1.00 | dt: 14497.27ms | tok/sec: 72,329 | bf16_mfu: 13.01 | epoch: 1 | total time: 22.15m | eta: 321.7m
step 00291/04357 (6.68%) | loss: 5.656906 | lrm: 1.00 | dt: 3628.62ms | tok/sec: 288,973 | bf16_mfu: 51.98 | epoch: 1 | total time: 22.21m | eta: 321.4m
step 00292/04357 (6.70%) | loss: 5.657704 | lrm: 1.00 | dt: 3622.80ms | tok/sec: 289,437 | bf16_mfu: 52.07 | epoch: 1 | total time: 22.27m | eta: 321.0m
step 00293/04357 (6.72%) | loss: 5.665099 | lrm: 1.00 | dt: 3632.81ms | tok/sec: 288,640 | bf16_mfu: 51.92 | epoch: 1 | total time: 22.33m | eta: 320.7m
step 00294/04357 (6.75%) | loss: 5.668930 | lrm: 1.00 | dt: 3631.37ms | tok/sec: 288,754 | bf16_mfu: 51.94 | epoch: 1 | total time: 22.39m | eta: 320.3m
step 00295/04357 (6.77%) | loss: 5.667283 | lrm: 1.00 | dt: 3632.31ms | tok/sec: 288,679 | bf16_mfu: 51.93 | epoch: 1 | total time: 22.45m | eta: 320.0m
step 00296/04357 (6.79%) | loss: 5.654832 | lrm: 1.00 | dt: 3633.83ms | tok/sec: 288,559 | bf16_mfu: 51.91 | epoch: 1 | total time: 22.51m | eta: 319.7m
step 00297/04357 (6.82%) | loss: 5.650786 | lrm: 1.00 | dt: 3637.67ms | tok/sec: 288,255 | bf16_mfu: 51.85 | epoch: 1 | total time: 22.57m | eta: 319.3m
step 00298/04357 (6.84%) | loss: 5.654343 | lrm: 1.00 | dt: 3642.45ms | tok/sec: 287,876 | bf16_mfu: 51.79 | epoch: 1 | total time: 22.63m | eta: 319.0m
step 00299/04357 (6.86%) | loss: 5.668430 | lrm: 1.00 | dt: 3643.62ms | tok/sec: 287,783 | bf16_mfu: 51.77 | epoch: 1 | total time: 22.69m | eta: 318.7m
step 00300/04357 (6.89%) | loss: 5.668396 | lrm: 1.00 | dt: 14516.57ms | tok/sec: 72,233 | bf16_mfu: 12.99 | epoch: 1 | total time: 22.94m | eta: 320.9m
step 00301/04357 (6.91%) | loss: 5.664240 | lrm: 1.00 | dt: 3616.82ms | tok/sec: 289,916 | bf16_mfu: 52.15 | epoch: 1 | total time: 23.00m | eta: 320.5m
step 00302/04357 (6.93%) | loss: 5.664127 | lrm: 1.00 | dt: 3620.63ms | tok/sec: 289,611 | bf16_mfu: 52.10 | epoch: 1 | total time: 23.06m | eta: 320.2m
step 00303/04357 (6.95%) | loss: 5.664028 | lrm: 1.00 | dt: 3636.63ms | tok/sec: 288,337 | bf16_mfu: 51.87 | epoch: 1 | total time: 23.12m | eta: 319.9m
step 00304/04357 (6.98%) | loss: 5.665999 | lrm: 1.00 | dt: 3627.91ms | tok/sec: 289,030 | bf16_mfu: 51.99 | epoch: 1 | total time: 23.18m | eta: 319.5m
step 00305/04357 (7.00%) | loss: 5.669178 | lrm: 1.00 | dt: 3631.41ms | tok/sec: 288,751 | bf16_mfu: 51.94 | epoch: 1 | total time: 23.24m | eta: 319.2m
step 00306/04357 (7.02%) | loss: 5.668658 | lrm: 1.00 | dt: 3634.31ms | tok/sec: 288,521 | bf16_mfu: 51.90 | epoch: 1 | total time: 23.30m | eta: 318.9m
step 00307/04357 (7.05%) | loss: 5.671601 | lrm: 1.00 | dt: 3637.90ms | tok/sec: 288,236 | bf16_mfu: 51.85 | epoch: 1 | total time: 23.36m | eta: 318.5m
step 00308/04357 (7.07%) | loss: 5.672438 | lrm: 1.00 | dt: 3645.34ms | tok/sec: 287,648 | bf16_mfu: 51.75 | epoch: 1 | total time: 23.42m | eta: 318.2m
step 00309/04357 (7.09%) | loss: 5.670557 | lrm: 1.00 | dt: 3643.42ms | tok/sec: 287,799 | bf16_mfu: 51.77 | epoch: 1 | total time: 23.48m | eta: 317.9m
step 00310/04357 (7.11%) | loss: 5.662787 | lrm: 1.00 | dt: 14502.25ms | tok/sec: 72,304 | bf16_mfu: 13.01 | epoch: 1 | total time: 23.72m | eta: 320.0m
step 00311/04357 (7.14%) | loss: 5.665145 | lrm: 1.00 | dt: 3622.60ms | tok/sec: 289,453 | bf16_mfu: 52.07 | epoch: 1 | total time: 23.78m | eta: 319.7m
step 00312/04357 (7.16%) | loss: 5.667760 | lrm: 1.00 | dt: 3623.19ms | tok/sec: 289,406 | bf16_mfu: 52.06 | epoch: 1 | total time: 23.84m | eta: 319.4m
step 00313/04357 (7.18%) | loss: 5.668682 | lrm: 1.00 | dt: 3629.09ms | tok/sec: 288,936 | bf16_mfu: 51.98 | epoch: 1 | total time: 23.90m | eta: 319.0m
step 00314/04357 (7.21%) | loss: 5.664349 | lrm: 1.00 | dt: 3632.67ms | tok/sec: 288,651 | bf16_mfu: 51.93 | epoch: 1 | total time: 23.96m | eta: 318.7m
step 00315/04357 (7.23%) | loss: 5.674074 | lrm: 1.00 | dt: 3636.81ms | tok/sec: 288,322 | bf16_mfu: 51.87 | epoch: 1 | total time: 24.02m | eta: 318.4m
step 00316/04357 (7.25%) | loss: 5.676827 | lrm: 1.00 | dt: 3637.10ms | tok/sec: 288,300 | bf16_mfu: 51.86 | epoch: 1 | total time: 24.09m | eta: 318.1m
step 00317/04357 (7.28%) | loss: 5.672800 | lrm: 1.00 | dt: 3648.27ms | tok/sec: 287,417 | bf16_mfu: 51.70 | epoch: 1 | total time: 24.15m | eta: 317.8m
step 00318/04357 (7.30%) | loss: 5.675813 | lrm: 1.00 | dt: 3638.58ms | tok/sec: 288,182 | bf16_mfu: 51.84 | epoch: 1 | total time: 24.21m | eta: 317.4m
step 00319/04357 (7.32%) | loss: 5.668160 | lrm: 1.00 | dt: 3649.09ms | tok/sec: 287,352 | bf16_mfu: 51.69 | epoch: 1 | total time: 24.27m | eta: 317.1m
step 00320/04357 (7.34%) | loss: 5.669057 | lrm: 1.00 | dt: 14513.37ms | tok/sec: 72,248 | bf16_mfu: 13.00 | epoch: 1 | total time: 24.51m | eta: 319.2m
step 00321/04357 (7.37%) | loss: 5.668197 | lrm: 1.00 | dt: 3624.37ms | tok/sec: 289,312 | bf16_mfu: 52.04 | epoch: 1 | total time: 24.57m | eta: 318.9m
step 00322/04357 (7.39%) | loss: 5.670356 | lrm: 1.00 | dt: 3635.99ms | tok/sec: 288,388 | bf16_mfu: 51.88 | epoch: 1 | total time: 24.63m | eta: 318.5m
step 00323/04357 (7.41%) | loss: 5.668298 | lrm: 1.00 | dt: 3634.77ms | tok/sec: 288,485 | bf16_mfu: 51.90 | epoch: 1 | total time: 24.69m | eta: 318.2m
step 00324/04357 (7.44%) | loss: 5.658773 | lrm: 1.00 | dt: 3630.96ms | tok/sec: 288,787 | bf16_mfu: 51.95 | epoch: 1 | total time: 24.75m | eta: 317.9m
step 00325/04357 (7.46%) | loss: 5.652133 | lrm: 1.00 | dt: 3635.74ms | tok/sec: 288,408 | bf16_mfu: 51.88 | epoch: 1 | total time: 24.81m | eta: 317.6m
step 00326/04357 (7.48%) | loss: 5.653109 | lrm: 1.00 | dt: 3637.18ms | tok/sec: 288,293 | bf16_mfu: 51.86 | epoch: 1 | total time: 24.87m | eta: 317.3m
step 00327/04357 (7.51%) | loss: 5.647803 | lrm: 1.00 | dt: 3649.16ms | tok/sec: 287,347 | bf16_mfu: 51.69 | epoch: 1 | total time: 24.93m | eta: 317.0m
step 00328/04357 (7.53%) | loss: 5.646317 | lrm: 1.00 | dt: 3646.94ms | tok/sec: 287,521 | bf16_mfu: 51.72 | epoch: 1 | total time: 24.99m | eta: 316.7m
step 00329/04357 (7.55%) | loss: 5.653659 | lrm: 1.00 | dt: 3639.74ms | tok/sec: 288,091 | bf16_mfu: 51.83 | epoch: 1 | total time: 25.06m | eta: 316.4m
step 00330/04357 (7.57%) | loss: 5.651517 | lrm: 1.00 | dt: 14520.04ms | tok/sec: 72,215 | bf16_mfu: 12.99 | epoch: 1 | total time: 25.30m | eta: 318.3m
step 00331/04357 (7.60%) | loss: 5.653063 | lrm: 1.00 | dt: 3617.31ms | tok/sec: 289,876 | bf16_mfu: 52.15 | epoch: 1 | total time: 25.36m | eta: 318.0m
step 00332/04357 (7.62%) | loss: 5.652960 | lrm: 1.00 | dt: 3629.64ms | tok/sec: 288,892 | bf16_mfu: 51.97 | epoch: 1 | total time: 25.42m | eta: 317.7m
step 00333/04357 (7.64%) | loss: 5.659400 | lrm: 1.00 | dt: 3637.52ms | tok/sec: 288,267 | bf16_mfu: 51.86 | epoch: 1 | total time: 25.48m | eta: 317.4m
step 00334/04357 (7.67%) | loss: 5.660153 | lrm: 1.00 | dt: 3632.98ms | tok/sec: 288,626 | bf16_mfu: 51.92 | epoch: 1 | total time: 25.54m | eta: 317.1m
step 00335/04357 (7.69%) | loss: 5.662507 | lrm: 1.00 | dt: 3631.26ms | tok/sec: 288,763 | bf16_mfu: 51.95 | epoch: 1 | total time: 25.60m | eta: 316.8m
step 00336/04357 (7.71%) | loss: 5.661267 | lrm: 1.00 | dt: 3634.13ms | tok/sec: 288,535 | bf16_mfu: 51.91 | epoch: 1 | total time: 25.66m | eta: 316.5m
step 00337/04357 (7.73%) | loss: 5.670585 | lrm: 1.00 | dt: 3633.95ms | tok/sec: 288,550 | bf16_mfu: 51.91 | epoch: 1 | total time: 25.72m | eta: 316.2m
step 00338/04357 (7.76%) | loss: 5.666880 | lrm: 1.00 | dt: 3638.77ms | tok/sec: 288,167 | bf16_mfu: 51.84 | epoch: 1 | total time: 25.78m | eta: 315.9m
step 00339/04357 (7.78%) | loss: 5.665531 | lrm: 1.00 | dt: 3644.97ms | tok/sec: 287,677 | bf16_mfu: 51.75 | epoch: 1 | total time: 25.84m | eta: 315.6m
step 00340/04357 (7.80%) | loss: 5.661604 | lrm: 1.00 | dt: 14506.56ms | tok/sec: 72,282 | bf16_mfu: 13.00 | epoch: 1 | total time: 26.08m | eta: 317.5m
step 00341/04357 (7.83%) | loss: 5.662737 | lrm: 1.00 | dt: 3615.52ms | tok/sec: 290,021 | bf16_mfu: 52.17 | epoch: 1 | total time: 26.14m | eta: 317.2m
step 00342/04357 (7.85%) | loss: 5.666334 | lrm: 1.00 | dt: 3631.02ms | tok/sec: 288,783 | bf16_mfu: 51.95 | epoch: 1 | total time: 26.20m | eta: 316.9m
step 00343/04357 (7.87%) | loss: 5.657479 | lrm: 1.00 | dt: 3633.50ms | tok/sec: 288,585 | bf16_mfu: 51.91 | epoch: 1 | total time: 26.27m | eta: 316.6m
step 00344/04357 (7.90%) | loss: 5.656034 | lrm: 1.00 | dt: 3626.62ms | tok/sec: 289,132 | bf16_mfu: 52.01 | epoch: 1 | total time: 26.33m | eta: 316.3m
step 00345/04357 (7.92%) | loss: 5.655993 | lrm: 1.00 | dt: 3638.63ms | tok/sec: 288,178 | bf16_mfu: 51.84 | epoch: 1 | total time: 26.39m | eta: 316.0m
step 00346/04357 (7.94%) | loss: 5.663279 | lrm: 1.00 | dt: 3639.14ms | tok/sec: 288,138 | bf16_mfu: 51.83 | epoch: 1 | total time: 26.45m | eta: 315.7m
step 00347/04357 (7.96%) | loss: 5.664850 | lrm: 1.00 | dt: 3631.95ms | tok/sec: 288,708 | bf16_mfu: 51.94 | epoch: 1 | total time: 26.51m | eta: 315.4m
step 00348/04357 (7.99%) | loss: 5.669719 | lrm: 1.00 | dt: 3634.98ms | tok/sec: 288,467 | bf16_mfu: 51.89 | epoch: 1 | total time: 26.57m | eta: 315.1m
step 00349/04357 (8.01%) | loss: 5.664832 | lrm: 1.00 | dt: 3648.17ms | tok/sec: 287,425 | bf16_mfu: 51.71 | epoch: 1 | total time: 26.63m | eta: 314.8m
step 00350/04357 (8.03%) | loss: 5.673587 | lrm: 1.00 | dt: 14504.16ms | tok/sec: 72,294 | bf16_mfu: 13.01 | epoch: 1 | total time: 26.87m | eta: 316.7m
step 00351/04357 (8.06%) | loss: 5.673798 | lrm: 1.00 | dt: 3621.58ms | tok/sec: 289,535 | bf16_mfu: 52.08 | epoch: 1 | total time: 26.93m | eta: 316.4m
step 00352/04357 (8.08%) | loss: 5.668672 | lrm: 1.00 | dt: 3628.80ms | tok/sec: 288,959 | bf16_mfu: 51.98 | epoch: 1 | total time: 26.99m | eta: 316.1m
step 00353/04357 (8.10%) | loss: 5.672275 | lrm: 1.00 | dt: 3635.49ms | tok/sec: 288,427 | bf16_mfu: 51.89 | epoch: 1 | total time: 27.05m | eta: 315.8m
step 00354/04357 (8.12%) | loss: 5.667795 | lrm: 1.00 | dt: 3634.15ms | tok/sec: 288,533 | bf16_mfu: 51.90 | epoch: 1 | total time: 27.11m | eta: 315.5m
step 00355/04357 (8.15%) | loss: 5.676915 | lrm: 1.00 | dt: 3631.01ms | tok/sec: 288,783 | bf16_mfu: 51.95 | epoch: 1 | total time: 27.17m | eta: 315.2m
step 00356/04357 (8.17%) | loss: 5.671263 | lrm: 1.00 | dt: 3632.49ms | tok/sec: 288,665 | bf16_mfu: 51.93 | epoch: 1 | total time: 27.23m | eta: 314.9m
step 00357/04357 (8.19%) | loss: 5.687512 | lrm: 1.00 | dt: 3639.36ms | tok/sec: 288,121 | bf16_mfu: 51.83 | epoch: 1 | total time: 27.29m | eta: 314.6m
step 00358/04357 (8.22%) | loss: 5.674472 | lrm: 1.00 | dt: 3646.81ms | tok/sec: 287,532 | bf16_mfu: 51.72 | epoch: 1 | total time: 27.36m | eta: 314.3m
step 00359/04357 (8.24%) | loss: 5.678033 | lrm: 1.00 | dt: 3651.52ms | tok/sec: 287,161 | bf16_mfu: 51.66 | epoch: 1 | total time: 27.42m | eta: 314.1m
step 00360/04357 (8.26%) | loss: 5.679727 | lrm: 1.00 | dt: 14524.88ms | tok/sec: 72,191 | bf16_mfu: 12.99 | epoch: 1 | total time: 27.66m | eta: 315.9m
step 00361/04357 (8.29%) | loss: 5.673991 | lrm: 1.00 | dt: 3621.92ms | tok/sec: 289,508 | bf16_mfu: 52.08 | epoch: 1 | total time: 27.72m | eta: 315.6m
step 00362/04357 (8.31%) | loss: 5.674611 | lrm: 1.00 | dt: 3624.55ms | tok/sec: 289,297 | bf16_mfu: 52.04 | epoch: 1 | total time: 27.78m | eta: 315.3m
step 00363/04357 (8.33%) | loss: 5.671147 | lrm: 1.00 | dt: 3634.95ms | tok/sec: 288,470 | bf16_mfu: 51.89 | epoch: 1 | total time: 27.84m | eta: 315.0m
step 00364/04357 (8.35%) | loss: 5.679774 | lrm: 1.00 | dt: 3630.08ms | tok/sec: 288,857 | bf16_mfu: 51.96 | epoch: 1 | total time: 27.90m | eta: 314.7m
step 00365/04357 (8.38%) | loss: 5.670495 | lrm: 1.00 | dt: 3638.21ms | tok/sec: 288,211 | bf16_mfu: 51.85 | epoch: 1 | total time: 27.96m | eta: 314.4m
step 00366/04357 (8.40%) | loss: 5.682078 | lrm: 1.00 | dt: 3637.61ms | tok/sec: 288,259 | bf16_mfu: 51.86 | epoch: 1 | total time: 28.02m | eta: 314.1m
step 00367/04357 (8.42%) | loss: 5.671216 | lrm: 1.00 | dt: 3634.13ms | tok/sec: 288,535 | bf16_mfu: 51.91 | epoch: 1 | total time: 28.08m | eta: 313.9m
step 00368/04357 (8.45%) | loss: 5.674007 | lrm: 1.00 | dt: 3647.42ms | tok/sec: 287,484 | bf16_mfu: 51.72 | epoch: 1 | total time: 28.14m | eta: 313.6m
step 00369/04357 (8.47%) | loss: 5.668386 | lrm: 1.00 | dt: 3635.84ms | tok/sec: 288,399 | bf16_mfu: 51.88 | epoch: 1 | total time: 28.20m | eta: 313.3m
step 00370/04357 (8.49%) | loss: 5.666384 | lrm: 1.00 | dt: 14497.20ms | tok/sec: 72,329 | bf16_mfu: 13.01 | epoch: 1 | total time: 28.44m | eta: 315.0m
step 00371/04357 (8.52%) | loss: 5.661542 | lrm: 1.00 | dt: 3616.90ms | tok/sec: 289,910 | bf16_mfu: 52.15 | epoch: 1 | total time: 28.51m | eta: 314.7m
step 00372/04357 (8.54%) | loss: 5.653992 | lrm: 1.00 | dt: 3630.93ms | tok/sec: 288,789 | bf16_mfu: 51.95 | epoch: 1 | total time: 28.57m | eta: 314.5m
step 00373/04357 (8.56%) | loss: 5.643675 | lrm: 1.00 | dt: 3636.59ms | tok/sec: 288,340 | bf16_mfu: 51.87 | epoch: 1 | total time: 28.63m | eta: 314.2m
step 00374/04357 (8.58%) | loss: 5.641837 | lrm: 1.00 | dt: 3640.52ms | tok/sec: 288,029 | bf16_mfu: 51.81 | epoch: 1 | total time: 28.69m | eta: 313.9m
step 00375/04357 (8.61%) | loss: 5.651386 | lrm: 1.00 | dt: 3634.25ms | tok/sec: 288,526 | bf16_mfu: 51.90 | epoch: 1 | total time: 28.75m | eta: 313.6m
step 00376/04357 (8.63%) | loss: 5.658021 | lrm: 1.00 | dt: 3642.37ms | tok/sec: 287,882 | bf16_mfu: 51.79 | epoch: 1 | total time: 28.81m | eta: 313.3m
step 00377/04357 (8.65%) | loss: 5.669252 | lrm: 1.00 | dt: 3643.39ms | tok/sec: 287,802 | bf16_mfu: 51.77 | epoch: 1 | total time: 28.87m | eta: 313.1m
step 00378/04357 (8.68%) | loss: 5.679203 | lrm: 1.00 | dt: 3649.99ms | tok/sec: 287,281 | bf16_mfu: 51.68 | epoch: 1 | total time: 28.93m | eta: 312.8m
step 00379/04357 (8.70%) | loss: 5.671078 | lrm: 1.00 | dt: 3638.16ms | tok/sec: 288,216 | bf16_mfu: 51.85 | epoch: 1 | total time: 28.99m | eta: 312.5m
step 00380/04357 (8.72%) | loss: 5.657548 | lrm: 1.00 | dt: 14505.93ms | tok/sec: 72,286 | bf16_mfu: 13.00 | epoch: 1 | total time: 29.23m | eta: 314.2m
step 00381/04357 (8.74%) | loss: 5.651384 | lrm: 1.00 | dt: 3621.39ms | tok/sec: 289,550 | bf16_mfu: 52.09 | epoch: 1 | total time: 29.29m | eta: 313.9m
step 00382/04357 (8.77%) | loss: 5.658845 | lrm: 1.00 | dt: 3629.33ms | tok/sec: 288,916 | bf16_mfu: 51.97 | epoch: 1 | total time: 29.35m | eta: 313.7m
step 00383/04357 (8.79%) | loss: 5.659646 | lrm: 1.00 | dt: 3639.40ms | tok/sec: 288,118 | bf16_mfu: 51.83 | epoch: 1 | total time: 29.41m | eta: 313.4m
step 00384/04357 (8.81%) | loss: 5.664400 | lrm: 1.00 | dt: 3631.61ms | tok/sec: 288,735 | bf16_mfu: 51.94 | epoch: 1 | total time: 29.47m | eta: 313.1m
step 00385/04357 (8.84%) | loss: 5.668939 | lrm: 1.00 | dt: 3635.36ms | tok/sec: 288,438 | bf16_mfu: 51.89 | epoch: 1 | total time: 29.53m | eta: 312.8m
step 00386/04357 (8.86%) | loss: 5.655663 | lrm: 1.00 | dt: 3638.24ms | tok/sec: 288,209 | bf16_mfu: 51.85 | epoch: 1 | total time: 29.60m | eta: 312.6m
step 00387/04357 (8.88%) | loss: 5.657770 | lrm: 1.00 | dt: 3642.46ms | tok/sec: 287,875 | bf16_mfu: 51.79 | epoch: 1 | total time: 29.66m | eta: 312.3m
step 00388/04357 (8.91%) | loss: 5.653563 | lrm: 1.00 | dt: 3634.56ms | tok/sec: 288,501 | bf16_mfu: 51.90 | epoch: 1 | total time: 29.72m | eta: 312.0m
step 00389/04357 (8.93%) | loss: 5.655117 | lrm: 1.00 | dt: 3641.38ms | tok/sec: 287,961 | bf16_mfu: 51.80 | epoch: 1 | total time: 29.78m | eta: 311.8m
step 00390/04357 (8.95%) | loss: 5.651459 | lrm: 1.00 | dt: 14518.23ms | tok/sec: 72,224 | bf16_mfu: 12.99 | epoch: 1 | total time: 30.02m | eta: 313.4m
step 00391/04357 (8.97%) | loss: 5.653389 | lrm: 1.00 | dt: 3630.43ms | tok/sec: 288,829 | bf16_mfu: 51.96 | epoch: 1 | total time: 30.08m | eta: 313.1m
step 00392/04357 (9.00%) | loss: 5.658396 | lrm: 1.00 | dt: 3620.94ms | tok/sec: 289,586 | bf16_mfu: 52.09 | epoch: 1 | total time: 30.14m | eta: 312.8m
step 00393/04357 (9.02%) | loss: 5.663819 | lrm: 1.00 | dt: 3635.01ms | tok/sec: 288,465 | bf16_mfu: 51.89 | epoch: 1 | total time: 30.20m | eta: 312.6m
step 00394/04357 (9.04%) | loss: 5.661942 | lrm: 1.00 | dt: 3637.08ms | tok/sec: 288,301 | bf16_mfu: 51.86 | epoch: 1 | total time: 30.26m | eta: 312.3m
step 00395/04357 (9.07%) | loss: 5.662324 | lrm: 1.00 | dt: 3639.35ms | tok/sec: 288,121 | bf16_mfu: 51.83 | epoch: 1 | total time: 30.32m | eta: 312.0m
step 00396/04357 (9.09%) | loss: 5.662435 | lrm: 1.00 | dt: 3632.94ms | tok/sec: 288,629 | bf16_mfu: 51.92 | epoch: 1 | total time: 30.38m | eta: 311.8m
step 00397/04357 (9.11%) | loss: 5.656351 | lrm: 1.00 | dt: 3642.96ms | tok/sec: 287,836 | bf16_mfu: 51.78 | epoch: 1 | total time: 30.44m | eta: 311.5m
step 00398/04357 (9.13%) | loss: 5.656638 | lrm: 1.00 | dt: 3648.19ms | tok/sec: 287,423 | bf16_mfu: 51.71 | epoch: 1 | total time: 30.50m | eta: 311.3m
step 00399/04357 (9.16%) | loss: 5.654475 | lrm: 1.00 | dt: 3644.06ms | tok/sec: 287,749 | bf16_mfu: 51.76 | epoch: 1 | total time: 30.56m | eta: 311.0m
step 00400/04357 (9.18%) | loss: 5.662494 | lrm: 1.00 | dt: 14522.79ms | tok/sec: 72,202 | bf16_mfu: 12.99 | epoch: 1 | total time: 30.81m | eta: 312.6m
step 00401/04357 (9.20%) | loss: 5.659943 | lrm: 1.00 | dt: 3633.51ms | tok/sec: 288,584 | bf16_mfu: 51.91 | epoch: 1 | total time: 30.87m | eta: 312.3m
step 00402/04357 (9.23%) | loss: 5.646736 | lrm: 1.00 | dt: 3631.81ms | tok/sec: 288,719 | bf16_mfu: 51.94 | epoch: 1 | total time: 30.93m | eta: 312.0m
step 00403/04357 (9.25%) | loss: 5.652943 | lrm: 1.00 | dt: 3632.81ms | tok/sec: 288,640 | bf16_mfu: 51.92 | epoch: 1 | total time: 30.99m | eta: 311.8m
step 00404/04357 (9.27%) | loss: 5.662533 | lrm: 1.00 | dt: 3635.01ms | tok/sec: 288,465 | bf16_mfu: 51.89 | epoch: 1 | total time: 31.05m | eta: 311.5m
step 00405/04357 (9.30%) | loss: 5.658452 | lrm: 1.00 | dt: 3640.70ms | tok/sec: 288,014 | bf16_mfu: 51.81 | epoch: 1 | total time: 31.11m | eta: 311.3m
step 00406/04357 (9.32%) | loss: 5.665550 | lrm: 1.00 | dt: 3641.15ms | tok/sec: 287,979 | bf16_mfu: 51.81 | epoch: 1 | total time: 31.17m | eta: 311.0m
step 00407/04357 (9.34%) | loss: 5.661906 | lrm: 1.00 | dt: 3646.28ms | tok/sec: 287,573 | bf16_mfu: 51.73 | epoch: 1 | total time: 31.23m | eta: 310.7m
step 00408/04357 (9.36%) | loss: 5.662129 | lrm: 1.00 | dt: 3638.39ms | tok/sec: 288,197 | bf16_mfu: 51.84 | epoch: 1 | total time: 31.29m | eta: 310.5m
step 00409/04357 (9.39%) | loss: 5.659246 | lrm: 1.00 | dt: 3651.06ms | tok/sec: 287,197 | bf16_mfu: 51.66 | epoch: 1 | total time: 31.35m | eta: 310.2m
step 00410/04357 (9.41%) | loss: 5.655694 | lrm: 1.00 | dt: 14549.98ms | tok/sec: 72,067 | bf16_mfu: 12.96 | epoch: 1 | total time: 31.60m | eta: 311.8m
step 00411/04357 (9.43%) | loss: 5.660374 | lrm: 1.00 | dt: 3635.64ms | tok/sec: 288,415 | bf16_mfu: 51.88 | epoch: 1 | total time: 31.66m | eta: 311.5m
step 00412/04357 (9.46%) | loss: 5.653033 | lrm: 1.00 | dt: 3630.11ms | tok/sec: 288,854 | bf16_mfu: 51.96 | epoch: 1 | total time: 31.72m | eta: 311.2m
step 00413/04357 (9.48%) | loss: 5.667143 | lrm: 1.00 | dt: 3635.70ms | tok/sec: 288,411 | bf16_mfu: 51.88 | epoch: 1 | total time: 31.78m | eta: 311.0m
step 00414/04357 (9.50%) | loss: 5.659006 | lrm: 1.00 | dt: 3636.56ms | tok/sec: 288,342 | bf16_mfu: 51.87 | epoch: 1 | total time: 31.84m | eta: 310.7m
step 00415/04357 (9.52%) | loss: 5.654136 | lrm: 1.00 | dt: 3643.56ms | tok/sec: 287,789 | bf16_mfu: 51.77 | epoch: 1 | total time: 31.90m | eta: 310.5m
step 00416/04357 (9.55%) | loss: 5.650074 | lrm: 1.00 | dt: 3641.25ms | tok/sec: 287,971 | bf16_mfu: 51.80 | epoch: 1 | total time: 31.96m | eta: 310.2m
step 00417/04357 (9.57%) | loss: 5.662233 | lrm: 1.00 | dt: 3644.71ms | tok/sec: 287,697 | bf16_mfu: 51.75 | epoch: 1 | total time: 32.02m | eta: 310.0m
step 00418/04357 (9.59%) | loss: 5.655210 | lrm: 1.00 | dt: 3641.37ms | tok/sec: 287,962 | bf16_mfu: 51.80 | epoch: 1 | total time: 32.08m | eta: 309.7m
step 00419/04357 (9.62%) | loss: 5.665767 | lrm: 1.00 | dt: 3658.53ms | tok/sec: 286,611 | bf16_mfu: 51.56 | epoch: 1 | total time: 32.14m | eta: 309.5m
step 00420/04357 (9.64%) | loss: 5.663654 | lrm: 1.00 | dt: 14521.58ms | tok/sec: 72,208 | bf16_mfu: 12.99 | epoch: 1 | total time: 32.38m | eta: 311.0m
step 00421/04357 (9.66%) | loss: 5.668665 | lrm: 1.00 | dt: 3634.60ms | tok/sec: 288,498 | bf16_mfu: 51.90 | epoch: 1 | total time: 32.44m | eta: 310.7m
step 00422/04357 (9.69%) | loss: 5.674738 | lrm: 1.00 | dt: 3633.40ms | tok/sec: 288,593 | bf16_mfu: 51.92 | epoch: 1 | total time: 32.50m | eta: 310.4m
step 00423/04357 (9.71%) | loss: 5.668463 | lrm: 1.00 | dt: 3636.70ms | tok/sec: 288,331 | bf16_mfu: 51.87 | epoch: 1 | total time: 32.57m | eta: 310.2m
step 00424/04357 (9.73%) | loss: 5.660742 | lrm: 1.00 | dt: 3644.29ms | tok/sec: 287,731 | bf16_mfu: 51.76 | epoch: 1 | total time: 32.63m | eta: 309.9m
step 00425/04357 (9.75%) | loss: 5.657474 | lrm: 1.00 | dt: 3638.36ms | tok/sec: 288,200 | bf16_mfu: 51.84 | epoch: 1 | total time: 32.69m | eta: 309.7m
step 00426/04357 (9.78%) | loss: 5.658781 | lrm: 1.00 | dt: 3650.77ms | tok/sec: 287,220 | bf16_mfu: 51.67 | epoch: 1 | total time: 32.75m | eta: 309.4m
step 00427/04357 (9.80%) | loss: 5.653437 | lrm: 1.00 | dt: 3645.35ms | tok/sec: 287,647 | bf16_mfu: 51.75 | epoch: 1 | total time: 32.81m | eta: 309.2m
step 00428/04357 (9.82%) | loss: 5.660347 | lrm: 1.00 | dt: 3639.37ms | tok/sec: 288,120 | bf16_mfu: 51.83 | epoch: 1 | total time: 32.87m | eta: 309.0m
step 00429/04357 (9.85%) | loss: 5.643435 | lrm: 1.00 | dt: 3654.61ms | tok/sec: 286,918 | bf16_mfu: 51.61 | epoch: 1 | total time: 32.93m | eta: 308.7m
step 00430/04357 (9.87%) | loss: 5.647157 | lrm: 1.00 | dt: 14544.54ms | tok/sec: 72,094 | bf16_mfu: 12.97 | epoch: 1 | total time: 33.17m | eta: 310.2m
step 00431/04357 (9.89%) | loss: 5.641563 | lrm: 1.00 | dt: 3637.55ms | tok/sec: 288,264 | bf16_mfu: 51.86 | epoch: 1 | total time: 33.23m | eta: 309.9m
step 00432/04357 (9.92%) | loss: 5.645698 | lrm: 1.00 | dt: 3629.16ms | tok/sec: 288,930 | bf16_mfu: 51.98 | epoch: 1 | total time: 33.29m | eta: 309.7m
step 00433/04357 (9.94%) | loss: 5.648146 | lrm: 1.00 | dt: 3641.22ms | tok/sec: 287,973 | bf16_mfu: 51.80 | epoch: 1 | total time: 33.35m | eta: 309.4m
step 00434/04357 (9.96%) | loss: 5.654130 | lrm: 1.00 | dt: 3634.64ms | tok/sec: 288,494 | bf16_mfu: 51.90 | epoch: 1 | total time: 33.41m | eta: 309.2m
step 00435/04357 (9.98%) | loss: 5.659941 | lrm: 1.00 | dt: 3645.16ms | tok/sec: 287,662 | bf16_mfu: 51.75 | epoch: 1 | total time: 33.48m | eta: 308.9m
step 00436/04357 (10.01%) | loss: 5.658198 | lrm: 1.00 | dt: 3646.73ms | tok/sec: 287,538 | bf16_mfu: 51.73 | epoch: 1 | total time: 33.54m | eta: 308.7m
step 00437/04357 (10.03%) | loss: 5.656152 | lrm: 1.00 | dt: 3643.28ms | tok/sec: 287,811 | bf16_mfu: 51.77 | epoch: 1 | total time: 33.60m | eta: 308.4m
step 00438/04357 (10.05%) | loss: 5.659170 | lrm: 1.00 | dt: 3658.79ms | tok/sec: 286,591 | bf16_mfu: 51.56 | epoch: 1 | total time: 33.66m | eta: 308.2m
step 00439/04357 (10.08%) | loss: 5.659599 | lrm: 1.00 | dt: 3652.48ms | tok/sec: 287,086 | bf16_mfu: 51.64 | epoch: 1 | total time: 33.72m | eta: 307.9m
step 00440/04357 (10.10%) | loss: 5.667220 | lrm: 1.00 | dt: 14544.40ms | tok/sec: 72,094 | bf16_mfu: 12.97 | epoch: 1 | total time: 33.96m | eta: 309.4m
step 00441/04357 (10.12%) | loss: 5.664357 | lrm: 1.00 | dt: 3624.73ms | tok/sec: 289,283 | bf16_mfu: 52.04 | epoch: 1 | total time: 34.02m | eta: 309.1m
step 00442/04357 (10.14%) | loss: 5.658379 | lrm: 1.00 | dt: 3636.66ms | tok/sec: 288,335 | bf16_mfu: 51.87 | epoch: 1 | total time: 34.08m | eta: 308.9m
step 00443/04357 (10.17%) | loss: 5.657302 | lrm: 1.00 | dt: 3629.96ms | tok/sec: 288,867 | bf16_mfu: 51.96 | epoch: 1 | total time: 34.14m | eta: 308.6m
step 00444/04357 (10.19%) | loss: 5.655376 | lrm: 1.00 | dt: 3634.35ms | tok/sec: 288,518 | bf16_mfu: 51.90 | epoch: 1 | total time: 34.20m | eta: 308.4m
step 00445/04357 (10.21%) | loss: 5.658471 | lrm: 1.00 | dt: 3634.94ms | tok/sec: 288,471 | bf16_mfu: 51.89 | epoch: 1 | total time: 34.26m | eta: 308.1m
step 00446/04357 (10.24%) | loss: 5.651318 | lrm: 1.00 | dt: 3649.72ms | tok/sec: 287,303 | bf16_mfu: 51.68 | epoch: 1 | total time: 34.32m | eta: 307.9m
step 00447/04357 (10.26%) | loss: 5.662924 | lrm: 1.00 | dt: 3644.19ms | tok/sec: 287,738 | bf16_mfu: 51.76 | epoch: 1 | total time: 34.39m | eta: 307.7m
step 00448/04357 (10.28%) | loss: 5.662885 | lrm: 1.00 | dt: 3645.07ms | tok/sec: 287,669 | bf16_mfu: 51.75 | epoch: 1 | total time: 34.45m | eta: 307.4m
step 00449/04357 (10.31%) | loss: 5.658635 | lrm: 1.00 | dt: 3652.20ms | tok/sec: 287,108 | bf16_mfu: 51.65 | epoch: 1 | total time: 34.51m | eta: 307.2m
step 00450/04357 (10.33%) | loss: 5.660679 | lrm: 1.00 | dt: 14556.18ms | tok/sec: 72,036 | bf16_mfu: 12.96 | epoch: 1 | total time: 34.75m | eta: 308.6m
step 00451/04357 (10.35%) | loss: 5.663496 | lrm: 1.00 | dt: 3629.94ms | tok/sec: 288,868 | bf16_mfu: 51.97 | epoch: 1 | total time: 34.81m | eta: 308.3m
step 00452/04357 (10.37%) | loss: 5.664961 | lrm: 1.00 | dt: 3634.10ms | tok/sec: 288,538 | bf16_mfu: 51.91 | epoch: 1 | total time: 34.87m | eta: 308.1m
step 00453/04357 (10.40%) | loss: 5.665295 | lrm: 1.00 | dt: 3637.39ms | tok/sec: 288,277 | bf16_mfu: 51.86 | epoch: 1 | total time: 34.93m | eta: 307.8m
step 00454/04357 (10.42%) | loss: 5.663108 | lrm: 1.00 | dt: 3646.39ms | tok/sec: 287,565 | bf16_mfu: 51.73 | epoch: 1 | total time: 34.99m | eta: 307.6m
step 00455/04357 (10.44%) | loss: 5.662766 | lrm: 1.00 | dt: 3641.63ms | tok/sec: 287,941 | bf16_mfu: 51.80 | epoch: 1 | total time: 35.05m | eta: 307.4m
step 00456/04357 (10.47%) | loss: 5.660918 | lrm: 1.00 | dt: 3648.26ms | tok/sec: 287,418 | bf16_mfu: 51.70 | epoch: 1 | total time: 35.11m | eta: 307.1m
step 00457/04357 (10.49%) | loss: 5.651036 | lrm: 1.00 | dt: 3651.02ms | tok/sec: 287,200 | bf16_mfu: 51.66 | epoch: 1 | total time: 35.17m | eta: 306.9m
step 00458/04357 (10.51%) | loss: 5.650096 | lrm: 1.00 | dt: 3655.58ms | tok/sec: 286,842 | bf16_mfu: 51.60 | epoch: 1 | total time: 35.24m | eta: 306.7m
step 00459/04357 (10.53%) | loss: 5.642216 | lrm: 1.00 | dt: 3654.80ms | tok/sec: 286,903 | bf16_mfu: 51.61 | epoch: 1 | total time: 35.30m | eta: 306.4m
step 00460/04357 (10.56%) | loss: 5.646275 | lrm: 1.00 | dt: 14535.63ms | tok/sec: 72,138 | bf16_mfu: 12.98 | epoch: 1 | total time: 35.54m | eta: 307.8m
step 00461/04357 (10.58%) | loss: 5.645206 | lrm: 1.00 | dt: 3636.69ms | tok/sec: 288,332 | bf16_mfu: 51.87 | epoch: 1 | total time: 35.60m | eta: 307.5m
step 00462/04357 (10.60%) | loss: 5.646693 | lrm: 1.00 | dt: 3637.60ms | tok/sec: 288,260 | bf16_mfu: 51.86 | epoch: 1 | total time: 35.66m | eta: 307.3m
step 00463/04357 (10.63%) | loss: 5.635679 | lrm: 1.00 | dt: 3634.64ms | tok/sec: 288,494 | bf16_mfu: 51.90 | epoch: 1 | total time: 35.72m | eta: 307.1m
step 00464/04357 (10.65%) | loss: 5.630222 | lrm: 1.00 | dt: 3641.87ms | tok/sec: 287,922 | bf16_mfu: 51.79 | epoch: 1 | total time: 35.78m | eta: 306.8m
step 00465/04357 (10.67%) | loss: 5.639610 | lrm: 1.00 | dt: 3642.36ms | tok/sec: 287,883 | bf16_mfu: 51.79 | epoch: 1 | total time: 35.84m | eta: 306.6m
step 00466/04357 (10.70%) | loss: 5.639998 | lrm: 1.00 | dt: 3649.41ms | tok/sec: 287,327 | bf16_mfu: 51.69 | epoch: 1 | total time: 35.90m | eta: 306.4m
step 00467/04357 (10.72%) | loss: 5.640875 | lrm: 1.00 | dt: 3652.05ms | tok/sec: 287,119 | bf16_mfu: 51.65 | epoch: 1 | total time: 35.96m | eta: 306.1m
step 00468/04357 (10.74%) | loss: 5.649271 | lrm: 1.00 | dt: 3652.16ms | tok/sec: 287,111 | bf16_mfu: 51.65 | epoch: 1 | total time: 36.02m | eta: 305.9m
step 00469/04357 (10.76%) | loss: 5.648187 | lrm: 1.00 | dt: 3654.75ms | tok/sec: 286,908 | bf16_mfu: 51.61 | epoch: 1 | total time: 36.09m | eta: 305.7m
step 00470/04357 (10.79%) | loss: 5.642537 | lrm: 1.00 | dt: 14562.27ms | tok/sec: 72,006 | bf16_mfu: 12.95 | epoch: 1 | total time: 36.33m | eta: 307.0m
step 00471/04357 (10.81%) | loss: 5.637733 | lrm: 1.00 | dt: 3626.30ms | tok/sec: 289,158 | bf16_mfu: 52.02 | epoch: 1 | total time: 36.39m | eta: 306.7m
step 00472/04357 (10.83%) | loss: 5.639325 | lrm: 1.00 | dt: 3634.63ms | tok/sec: 288,496 | bf16_mfu: 51.90 | epoch: 1 | total time: 36.45m | eta: 306.5m
step 00473/04357 (10.86%) | loss: 5.639018 | lrm: 1.00 | dt: 3631.78ms | tok/sec: 288,722 | bf16_mfu: 51.94 | epoch: 1 | total time: 36.51m | eta: 306.3m
step 00474/04357 (10.88%) | loss: 5.650857 | lrm: 1.00 | dt: 3637.97ms | tok/sec: 288,231 | bf16_mfu: 51.85 | epoch: 1 | total time: 36.57m | eta: 306.0m
step 00475/04357 (10.90%) | loss: 5.647387 | lrm: 1.00 | dt: 3642.43ms | tok/sec: 287,877 | bf16_mfu: 51.79 | epoch: 1 | total time: 36.63m | eta: 305.8m
step 00476/04357 (10.92%) | loss: 5.636951 | lrm: 1.00 | dt: 3635.56ms | tok/sec: 288,422 | bf16_mfu: 51.88 | epoch: 1 | total time: 36.69m | eta: 305.6m
step 00477/04357 (10.95%) | loss: 5.634291 | lrm: 1.00 | dt: 3650.95ms | tok/sec: 287,206 | bf16_mfu: 51.67 | epoch: 1 | total time: 36.75m | eta: 305.3m
step 00478/04357 (10.97%) | loss: 5.627213 | lrm: 1.00 | dt: 3652.61ms | tok/sec: 287,075 | bf16_mfu: 51.64 | epoch: 1 | total time: 36.81m | eta: 305.1m
step 00479/04357 (10.99%) | loss: 5.644051 | lrm: 1.00 | dt: 3659.14ms | tok/sec: 286,563 | bf16_mfu: 51.55 | epoch: 1 | total time: 36.87m | eta: 304.9m
