========================================
Job ID: 520457
Node: andreas-h100-1
GPUs: 2
Config: Trace Norm - Extreme Spectral Sharpen (alpha=1.5, K=10)
Start Time: Tue Mar 10 22:55:04 EDT 2026
========================================
Tue Mar 10 22:55:04 2026       
+-----------------------------------------------------------------------------------------+
| NVIDIA-SMI 575.57.08              Driver Version: 575.57.08      CUDA Version: 12.9     |
|-----------------------------------------+------------------------+----------------------+
| GPU  Name                 Persistence-M | Bus-Id          Disp.A | Volatile Uncorr. ECC |
| Fan  Temp   Perf          Pwr:Usage/Cap |           Memory-Usage | GPU-Util  Compute M. |
|                                         |                        |               MIG M. |
|=========================================+========================+======================|
|   0  NVIDIA H100 NVL                On  |   00000000:81:00.0 Off |                    0 |
| N/A   46C    P0             65W /  400W |       0MiB /  95830MiB |      0%      Default |
|                                         |                        |             Disabled |
+-----------------------------------------+------------------------+----------------------+
|   1  NVIDIA H100 NVL                On  |   00000000:E1:00.0 Off |                    0 |
| N/A   44C    P0             65W /  400W |       0MiB /  95830MiB |      0%      Default |
|                                         |                        |             Disabled |
+-----------------------------------------+------------------------+----------------------+
                                                                                         
+-----------------------------------------------------------------------------------------+
| Processes:                                                                              |
|  GPU   GI   CI              PID   Type   Process name                        GPU Memory |
|        ID   ID                                                               Usage      |
|=========================================================================================|
|  No running processes found                                                             |
+-----------------------------------------------------------------------------------------+

                                                       █████                █████
                                                      ░░███                ░░███
     ████████    ██████   ████████    ██████   ██████  ░███████    ██████  ███████
    ░░███░░███  ░░░░░███ ░░███░░███  ███░░███ ███░░███ ░███░░███  ░░░░░███░░░███░
     ░███ ░███   ███████  ░███ ░███ ░███ ░███░███ ░░░  ░███ ░███   ███████  ░███
     ░███ ░███  ███░░███  ░███ ░███ ░███ ░███░███  ███ ░███ ░███  ███░░███  ░███ ███
     ████ █████░░████████ ████ █████░░██████ ░░██████  ████ █████░░███████  ░░█████
    ░░░░ ░░░░░  ░░░░░░░░ ░░░░ ░░░░░  ░░░░░░   ░░░░░░  ░░░░ ░░░░░  ░░░░░░░░   ░░░░░
    
Newton-Schulz mode: baseline (5 iterations, 15 matmuls)
Autodetected device type: cuda
Newton-Schulz mode: baseline (5 iterations, 15 matmuls)
GPU: NVIDIA H100 NVL | Peak FLOPS (BF16): 8.35e+14
Using Flash Attention 3 (Hopper GPU detected)
Vocab size: 32,768
Model config:
{
  "sequence_len": 2048,
  "vocab_size": 32768,
  "n_layer": 20,
  "n_head": 10,
  "n_kv_head": 10,
  "n_embd": 1280,
  "window_pattern": "SSSL"
}
FP8 training enabled (tensorwise scaling) - converted 121 layers
[Option 5] Spectral sharpening (K=10, alpha=1.5): 80 layers
SV entropy tracking layers: ['transformer.h.0.attn.c_q.weight', 'transformer.h.0.mlp.c_fc.weight', 'transformer.h.10.attn.c_q.weight', 'transformer.h.10.mlp.c_fc.weight', 'transformer.h.19.attn.c_q.weight', 'transformer.h.19.mlp.c_fc.weight']
Parameter counts:
wte                     : 41,943,040
value_embeds            : 419,430,400
lm_head                 : 41,943,040
transformer_matrices    : 393,219,200
scalars                 : 40
total                   : 896,535,720
Estimated FLOPs per token: 3.004189e+09
Auto-computed optimal batch size: 1,048,576 tokens
Scaling LRs by 1.4142 for batch size 1,048,576 (reference: 524,288)
Scaling weight decay from 0.200000 to 0.071563 for depth 20
Scaling the LR for the AdamW parameters ∝1/√(1280/768) = 0.774597
Calculated number of iterations from target data:param ratio: 4,357
Total number of training tokens: 4,568,645,632
Tokens : Scaling params ratio: 10.50
Total training FLOPs estimate: 1.372508e+19
Total batch size 1,048,576 => gradient accumulation steps: 16
Logging initial spectral stats (step 0)...
Logged initial spectral stats for 130 layers, entropy for 6 layers
Step 00000 | Validation bpb: 3.172610
step 00000/04357 (0.00%) | loss: 10.398407 | lrm: 1.00 | dt: 43518.42ms | tok/sec: 24,094 | bf16_mfu: 4.33 | epoch: 1 | total time: 0.00m
step 00001/04357 (0.02%) | loss: 10.891289 | lrm: 1.00 | dt: 3855.73ms | tok/sec: 271,952 | bf16_mfu: 48.92 | epoch: 1 | total time: 0.00m
step 00002/04357 (0.05%) | loss: 10.772439 | lrm: 1.00 | dt: 3855.95ms | tok/sec: 271,936 | bf16_mfu: 48.92 | epoch: 1 | total time: 0.00m
step 00003/04357 (0.07%) | loss: 10.244709 | lrm: 1.00 | dt: 3906.44ms | tok/sec: 268,422 | bf16_mfu: 48.29 | epoch: 1 | total time: 0.00m
step 00004/04357 (0.09%) | loss: 9.604165 | lrm: 1.00 | dt: 3912.24ms | tok/sec: 268,024 | bf16_mfu: 48.22 | epoch: 1 | total time: 0.00m
step 00005/04357 (0.11%) | loss: 9.065779 | lrm: 1.00 | dt: 3923.24ms | tok/sec: 267,273 | bf16_mfu: 48.08 | epoch: 1 | total time: 0.00m
step 00006/04357 (0.14%) | loss: 8.654327 | lrm: 1.00 | dt: 3935.02ms | tok/sec: 266,472 | bf16_mfu: 47.94 | epoch: 1 | total time: 0.00m
step 00007/04357 (0.16%) | loss: 8.309807 | lrm: 1.00 | dt: 3966.75ms | tok/sec: 264,341 | bf16_mfu: 47.55 | epoch: 1 | total time: 0.00m
step 00008/04357 (0.18%) | loss: 8.034651 | lrm: 1.00 | dt: 3996.57ms | tok/sec: 262,368 | bf16_mfu: 47.20 | epoch: 1 | total time: 0.00m
step 00009/04357 (0.21%) | loss: 7.795716 | lrm: 1.00 | dt: 4004.00ms | tok/sec: 261,881 | bf16_mfu: 47.11 | epoch: 1 | total time: 0.00m
step 00010/04357 (0.23%) | loss: 7.579460 | lrm: 1.00 | dt: 11207.85ms | tok/sec: 93,557 | bf16_mfu: 16.83 | epoch: 1 | total time: 0.00m
step 00011/04357 (0.25%) | loss: 7.399505 | lrm: 1.00 | dt: 4033.33ms | tok/sec: 259,977 | bf16_mfu: 46.77 | epoch: 1 | total time: 0.07m | eta: 292.1m
step 00012/04357 (0.28%) | loss: 7.231025 | lrm: 1.00 | dt: 4002.54ms | tok/sec: 261,977 | bf16_mfu: 47.13 | epoch: 1 | total time: 0.13m | eta: 291.0m
step 00013/04357 (0.30%) | loss: 7.085077 | lrm: 1.00 | dt: 4011.99ms | tok/sec: 261,360 | bf16_mfu: 47.02 | epoch: 1 | total time: 0.20m | eta: 290.8m
step 00014/04357 (0.32%) | loss: 6.969948 | lrm: 1.00 | dt: 4024.61ms | tok/sec: 260,540 | bf16_mfu: 46.87 | epoch: 1 | total time: 0.27m | eta: 290.8m
step 00015/04357 (0.34%) | loss: 6.853602 | lrm: 1.00 | dt: 4059.30ms | tok/sec: 258,314 | bf16_mfu: 46.47 | epoch: 1 | total time: 0.34m | eta: 291.4m
step 00016/04357 (0.37%) | loss: 6.766568 | lrm: 1.00 | dt: 4057.18ms | tok/sec: 258,449 | bf16_mfu: 46.49 | epoch: 1 | total time: 0.40m | eta: 291.7m
step 00017/04357 (0.39%) | loss: 6.675496 | lrm: 1.00 | dt: 4060.56ms | tok/sec: 258,234 | bf16_mfu: 46.45 | epoch: 1 | total time: 0.47m | eta: 291.9m
step 00018/04357 (0.41%) | loss: 6.584129 | lrm: 1.00 | dt: 4071.36ms | tok/sec: 257,549 | bf16_mfu: 46.33 | epoch: 1 | total time: 0.54m | eta: 292.2m
step 00019/04357 (0.44%) | loss: 6.513042 | lrm: 1.00 | dt: 4077.71ms | tok/sec: 257,148 | bf16_mfu: 46.26 | epoch: 1 | total time: 0.61m | eta: 292.4m
step 00020/04357 (0.46%) | loss: 6.441147 | lrm: 1.00 | dt: 11621.75ms | tok/sec: 90,225 | bf16_mfu: 16.23 | epoch: 1 | total time: 0.80m | eta: 347.1m
step 00021/04357 (0.48%) | loss: 6.382013 | lrm: 1.00 | dt: 4009.35ms | tok/sec: 261,532 | bf16_mfu: 47.05 | epoch: 1 | total time: 0.87m | eta: 341.8m
step 00022/04357 (0.50%) | loss: 6.333525 | lrm: 1.00 | dt: 4045.65ms | tok/sec: 259,185 | bf16_mfu: 46.63 | epoch: 1 | total time: 0.93m | eta: 337.6m
step 00023/04357 (0.53%) | loss: 6.285575 | lrm: 1.00 | dt: 4046.25ms | tok/sec: 259,147 | bf16_mfu: 46.62 | epoch: 1 | total time: 1.00m | eta: 334.1m
step 00024/04357 (0.55%) | loss: 6.227251 | lrm: 1.00 | dt: 4053.70ms | tok/sec: 258,671 | bf16_mfu: 46.53 | epoch: 1 | total time: 1.07m | eta: 331.0m
step 00025/04357 (0.57%) | loss: 6.191182 | lrm: 1.00 | dt: 4057.19ms | tok/sec: 258,448 | bf16_mfu: 46.49 | epoch: 1 | total time: 1.14m | eta: 328.4m
step 00026/04357 (0.60%) | loss: 6.153915 | lrm: 1.00 | dt: 4068.58ms | tok/sec: 257,725 | bf16_mfu: 46.36 | epoch: 1 | total time: 1.21m | eta: 326.2m
step 00027/04357 (0.62%) | loss: 6.122591 | lrm: 1.00 | dt: 4074.32ms | tok/sec: 257,361 | bf16_mfu: 46.30 | epoch: 1 | total time: 1.27m | eta: 324.2m
step 00028/04357 (0.64%) | loss: 6.090870 | lrm: 1.00 | dt: 4086.81ms | tok/sec: 256,575 | bf16_mfu: 46.16 | epoch: 1 | total time: 1.34m | eta: 322.5m
step 00029/04357 (0.67%) | loss: 6.067538 | lrm: 1.00 | dt: 4077.21ms | tok/sec: 257,179 | bf16_mfu: 46.26 | epoch: 1 | total time: 1.41m | eta: 321.0m
step 00030/04357 (0.69%) | loss: 6.047465 | lrm: 1.00 | dt: 11950.88ms | tok/sec: 87,740 | bf16_mfu: 15.78 | epoch: 1 | total time: 1.61m | eta: 347.9m
step 00031/04357 (0.71%) | loss: 6.024830 | lrm: 1.00 | dt: 4006.89ms | tok/sec: 261,692 | bf16_mfu: 47.08 | epoch: 1 | total time: 1.67m | eta: 345.0m
step 00032/04357 (0.73%) | loss: 6.009375 | lrm: 1.00 | dt: 4043.69ms | tok/sec: 259,311 | bf16_mfu: 46.65 | epoch: 1 | total time: 1.74m | eta: 342.5m
step 00033/04357 (0.76%) | loss: 5.986407 | lrm: 1.00 | dt: 4049.41ms | tok/sec: 258,945 | bf16_mfu: 46.58 | epoch: 1 | total time: 1.81m | eta: 340.2m
step 00034/04357 (0.78%) | loss: 5.953396 | lrm: 1.00 | dt: 4069.51ms | tok/sec: 257,666 | bf16_mfu: 46.35 | epoch: 1 | total time: 1.88m | eta: 338.2m
step 00035/04357 (0.80%) | loss: 5.940005 | lrm: 1.00 | dt: 4070.43ms | tok/sec: 257,608 | bf16_mfu: 46.34 | epoch: 1 | total time: 1.95m | eta: 336.3m
step 00036/04357 (0.83%) | loss: 5.925333 | lrm: 1.00 | dt: 4061.76ms | tok/sec: 258,158 | bf16_mfu: 46.44 | epoch: 1 | total time: 2.01m | eta: 334.6m
step 00037/04357 (0.85%) | loss: 5.899777 | lrm: 1.00 | dt: 4079.52ms | tok/sec: 257,033 | bf16_mfu: 46.24 | epoch: 1 | total time: 2.08m | eta: 333.0m
step 00038/04357 (0.87%) | loss: 5.880244 | lrm: 1.00 | dt: 4083.16ms | tok/sec: 256,805 | bf16_mfu: 46.20 | epoch: 1 | total time: 2.15m | eta: 331.5m
step 00039/04357 (0.90%) | loss: 5.862022 | lrm: 1.00 | dt: 4087.42ms | tok/sec: 256,537 | bf16_mfu: 46.15 | epoch: 1 | total time: 2.22m | eta: 330.2m
step 00040/04357 (0.92%) | loss: 5.840699 | lrm: 1.00 | dt: 12195.60ms | tok/sec: 85,979 | bf16_mfu: 15.47 | epoch: 1 | total time: 2.42m | eta: 348.3m
step 00041/04357 (0.94%) | loss: 5.826059 | lrm: 1.00 | dt: 4002.93ms | tok/sec: 261,952 | bf16_mfu: 47.12 | epoch: 1 | total time: 2.49m | eta: 346.3m
step 00042/04357 (0.96%) | loss: 5.803037 | lrm: 1.00 | dt: 4054.90ms | tok/sec: 258,594 | bf16_mfu: 46.52 | epoch: 1 | total time: 2.55m | eta: 344.5m
step 00043/04357 (0.99%) | loss: 5.784567 | lrm: 1.00 | dt: 4042.12ms | tok/sec: 259,412 | bf16_mfu: 46.67 | epoch: 1 | total time: 2.62m | eta: 342.8m
step 00044/04357 (1.01%) | loss: 5.769235 | lrm: 1.00 | dt: 4009.32ms | tok/sec: 261,534 | bf16_mfu: 47.05 | epoch: 1 | total time: 2.69m | eta: 341.1m
step 00045/04357 (1.03%) | loss: 5.738342 | lrm: 1.00 | dt: 4056.39ms | tok/sec: 258,499 | bf16_mfu: 46.50 | epoch: 1 | total time: 2.76m | eta: 339.6m
step 00046/04357 (1.06%) | loss: 5.728548 | lrm: 1.00 | dt: 4067.26ms | tok/sec: 257,809 | bf16_mfu: 46.38 | epoch: 1 | total time: 2.82m | eta: 338.2m
step 00047/04357 (1.08%) | loss: 5.704655 | lrm: 1.00 | dt: 4090.50ms | tok/sec: 256,343 | bf16_mfu: 46.11 | epoch: 1 | total time: 2.89m | eta: 337.0m
step 00048/04357 (1.10%) | loss: 5.685389 | lrm: 1.00 | dt: 4090.70ms | tok/sec: 256,331 | bf16_mfu: 46.11 | epoch: 1 | total time: 2.96m | eta: 335.7m
step 00049/04357 (1.12%) | loss: 5.660742 | lrm: 1.00 | dt: 4081.62ms | tok/sec: 256,901 | bf16_mfu: 46.21 | epoch: 1 | total time: 3.03m | eta: 334.6m
step 00050/04357 (1.15%) | loss: 5.651643 | lrm: 1.00 | dt: 12259.33ms | tok/sec: 85,532 | bf16_mfu: 15.39 | epoch: 1 | total time: 3.23m | eta: 348.1m
step 00051/04357 (1.17%) | loss: 5.632768 | lrm: 1.00 | dt: 4016.51ms | tok/sec: 261,066 | bf16_mfu: 46.96 | epoch: 1 | total time: 3.30m | eta: 346.6m
step 00052/04357 (1.19%) | loss: 5.615874 | lrm: 1.00 | dt: 4040.72ms | tok/sec: 259,502 | bf16_mfu: 46.68 | epoch: 1 | total time: 3.37m | eta: 345.2m
step 00053/04357 (1.22%) | loss: 5.585256 | lrm: 1.00 | dt: 4053.95ms | tok/sec: 258,655 | bf16_mfu: 46.53 | epoch: 1 | total time: 3.44m | eta: 343.8m
step 00054/04357 (1.24%) | loss: 5.554417 | lrm: 1.00 | dt: 4064.28ms | tok/sec: 257,998 | bf16_mfu: 46.41 | epoch: 1 | total time: 3.50m | eta: 342.6m
step 00055/04357 (1.26%) | loss: 5.540032 | lrm: 1.00 | dt: 4075.56ms | tok/sec: 257,283 | bf16_mfu: 46.28 | epoch: 1 | total time: 3.57m | eta: 341.4m
step 00056/04357 (1.29%) | loss: 5.522531 | lrm: 1.00 | dt: 4076.40ms | tok/sec: 257,230 | bf16_mfu: 46.27 | epoch: 1 | total time: 3.64m | eta: 340.2m
step 00057/04357 (1.31%) | loss: 5.488196 | lrm: 1.00 | dt: 4058.79ms | tok/sec: 258,347 | bf16_mfu: 46.47 | epoch: 1 | total time: 3.71m | eta: 339.1m
step 00058/04357 (1.33%) | loss: 5.465687 | lrm: 1.00 | dt: 4081.26ms | tok/sec: 256,924 | bf16_mfu: 46.22 | epoch: 1 | total time: 3.77m | eta: 338.0m
step 00059/04357 (1.35%) | loss: 5.444756 | lrm: 1.00 | dt: 4092.14ms | tok/sec: 256,241 | bf16_mfu: 46.10 | epoch: 1 | total time: 3.84m | eta: 337.0m
step 00060/04357 (1.38%) | loss: 5.416068 | lrm: 1.00 | dt: 12219.53ms | tok/sec: 85,811 | bf16_mfu: 15.44 | epoch: 1 | total time: 4.05m | eta: 347.7m
step 00061/04357 (1.40%) | loss: 5.406147 | lrm: 1.00 | dt: 4020.57ms | tok/sec: 260,802 | bf16_mfu: 46.92 | epoch: 1 | total time: 4.11m | eta: 346.5m
step 00062/04357 (1.42%) | loss: 5.389020 | lrm: 1.00 | dt: 4051.01ms | tok/sec: 258,843 | bf16_mfu: 46.56 | epoch: 1 | total time: 4.18m | eta: 345.3m
step 00063/04357 (1.45%) | loss: 5.378673 | lrm: 1.00 | dt: 4055.24ms | tok/sec: 258,572 | bf16_mfu: 46.52 | epoch: 1 | total time: 4.25m | eta: 344.2m
step 00064/04357 (1.47%) | loss: 5.362004 | lrm: 1.00 | dt: 4077.43ms | tok/sec: 257,165 | bf16_mfu: 46.26 | epoch: 1 | total time: 4.32m | eta: 343.1m
step 00065/04357 (1.49%) | loss: 5.345313 | lrm: 1.00 | dt: 4078.22ms | tok/sec: 257,116 | bf16_mfu: 46.25 | epoch: 1 | total time: 4.38m | eta: 342.1m
step 00066/04357 (1.51%) | loss: 5.334023 | lrm: 1.00 | dt: 4080.76ms | tok/sec: 256,955 | bf16_mfu: 46.22 | epoch: 1 | total time: 4.45m | eta: 341.2m
step 00067/04357 (1.54%) | loss: 5.311465 | lrm: 1.00 | dt: 4085.30ms | tok/sec: 256,670 | bf16_mfu: 46.17 | epoch: 1 | total time: 4.52m | eta: 340.2m
step 00068/04357 (1.56%) | loss: 5.302736 | lrm: 1.00 | dt: 4086.54ms | tok/sec: 256,592 | bf16_mfu: 46.16 | epoch: 1 | total time: 4.59m | eta: 339.3m
step 00069/04357 (1.58%) | loss: 5.279841 | lrm: 1.00 | dt: 4094.89ms | tok/sec: 256,069 | bf16_mfu: 46.06 | epoch: 1 | total time: 4.66m | eta: 338.4m
step 00070/04357 (1.61%) | loss: 5.269872 | lrm: 1.00 | dt: 12149.43ms | tok/sec: 86,306 | bf16_mfu: 15.53 | epoch: 1 | total time: 4.86m | eta: 347.2m
step 00071/04357 (1.63%) | loss: 5.262197 | lrm: 1.00 | dt: 4012.98ms | tok/sec: 261,296 | bf16_mfu: 47.00 | epoch: 1 | total time: 4.93m | eta: 346.1m
step 00072/04357 (1.65%) | loss: 5.256120 | lrm: 1.00 | dt: 4051.36ms | tok/sec: 258,820 | bf16_mfu: 46.56 | epoch: 1 | total time: 4.99m | eta: 345.1m
step 00073/04357 (1.68%) | loss: 5.247046 | lrm: 1.00 | dt: 4052.18ms | tok/sec: 258,768 | bf16_mfu: 46.55 | epoch: 1 | total time: 5.06m | eta: 344.2m
step 00074/04357 (1.70%) | loss: 5.220977 | lrm: 1.00 | dt: 4070.61ms | tok/sec: 257,596 | bf16_mfu: 46.34 | epoch: 1 | total time: 5.13m | eta: 343.2m
step 00075/04357 (1.72%) | loss: 5.204100 | lrm: 1.00 | dt: 4075.73ms | tok/sec: 257,272 | bf16_mfu: 46.28 | epoch: 1 | total time: 5.20m | eta: 342.4m
step 00076/04357 (1.74%) | loss: 5.188832 | lrm: 1.00 | dt: 4064.76ms | tok/sec: 257,967 | bf16_mfu: 46.41 | epoch: 1 | total time: 5.26m | eta: 341.5m
========================================
Extreme Spectral Sharpen completed at: Tue Mar 10 23:03:57 EDT 2026
========================================
