========================================
Job ID: 523762
Node: andreas-h100-1
GPUs: 2
Config: Trace Norm - Extreme Spectral Sharpen (alpha=1.2, K=10)
Start Time: Tue Mar 10 23:48:16 EDT 2026
========================================
Tue Mar 10 23:48:16 2026       
+-----------------------------------------------------------------------------------------+
| NVIDIA-SMI 575.57.08              Driver Version: 575.57.08      CUDA Version: 12.9     |
|-----------------------------------------+------------------------+----------------------+
| GPU  Name                 Persistence-M | Bus-Id          Disp.A | Volatile Uncorr. ECC |
| Fan  Temp   Perf          Pwr:Usage/Cap |           Memory-Usage | GPU-Util  Compute M. |
|                                         |                        |               MIG M. |
|=========================================+========================+======================|
|   0  NVIDIA H100 NVL                On  |   00000000:A1:00.0 Off |                    0 |
| N/A   46C    P0             66W /  400W |       0MiB /  95830MiB |      0%      Default |
|                                         |                        |             Disabled |
+-----------------------------------------+------------------------+----------------------+
|   1  NVIDIA H100 NVL                On  |   00000000:E1:00.0 Off |                    0 |
| N/A   47C    P0             67W /  400W |       0MiB /  95830MiB |      0%      Default |
|                                         |                        |             Disabled |
+-----------------------------------------+------------------------+----------------------+
                                                                                         
+-----------------------------------------------------------------------------------------+
| Processes:                                                                              |
|  GPU   GI   CI              PID   Type   Process name                        GPU Memory |
|        ID   ID                                                               Usage      |
|=========================================================================================|
|  No running processes found                                                             |
+-----------------------------------------------------------------------------------------+

                                                       █████                █████
                                                      ░░███                ░░███
     ████████    ██████   ████████    ██████   ██████  ░███████    ██████  ███████
    ░░███░░███  ░░░░░███ ░░███░░███  ███░░███ ███░░███ ░███░░███  ░░░░░███░░░███░
     ░███ ░███   ███████  ░███ ░███ ░███ ░███░███ ░░░  ░███ ░███   ███████  ░███
     ░███ ░███  ███░░███  ░███ ░███ ░███ ░███░███  ███ ░███ ░███  ███░░███  ░███ ███
     ████ █████░░████████ ████ █████░░██████ ░░██████  ████ █████░░███████  ░░█████
    ░░░░ ░░░░░  ░░░░░░░░ ░░░░ ░░░░░  ░░░░░░   ░░░░░░  ░░░░ ░░░░░  ░░░░░░░░   ░░░░░
    Newton-Schulz mode: baseline (5 iterations, 15 matmuls)

Newton-Schulz mode: baseline (5 iterations, 15 matmuls)
Autodetected device type: cuda
GPU: NVIDIA H100 NVL | Peak FLOPS (BF16): 8.35e+14
Using Flash Attention 3 (Hopper GPU detected)
Vocab size: 32,768
Model config:
{
  "sequence_len": 2048,
  "vocab_size": 32768,
  "n_layer": 20,
  "n_head": 10,
  "n_kv_head": 10,
  "n_embd": 1280,
  "window_pattern": "SSSL"
}
FP8 training enabled (tensorwise scaling) - converted 121 layers
[Option 5] Spectral sharpening (K=10, alpha=1.2): 80 layers
SV entropy tracking layers: ['transformer.h.0.attn.c_q.weight', 'transformer.h.0.mlp.c_fc.weight', 'transformer.h.10.attn.c_q.weight', 'transformer.h.10.mlp.c_fc.weight', 'transformer.h.19.attn.c_q.weight', 'transformer.h.19.mlp.c_fc.weight']
Parameter counts:
wte                     : 41,943,040
value_embeds            : 419,430,400
lm_head                 : 41,943,040
transformer_matrices    : 393,219,200
scalars                 : 40
total                   : 896,535,720
Estimated FLOPs per token: 3.004189e+09
Auto-computed optimal batch size: 1,048,576 tokens
Scaling LRs by 1.4142 for batch size 1,048,576 (reference: 524,288)
Scaling weight decay from 0.200000 to 0.071563 for depth 20
Scaling the LR for the AdamW parameters ∝1/√(1280/768) = 0.774597
Calculated number of iterations from target data:param ratio: 4,357
Total number of training tokens: 4,568,645,632
Tokens : Scaling params ratio: 10.50
Total training FLOPs estimate: 1.372508e+19
Total batch size 1,048,576 => gradient accumulation steps: 16
Logging initial spectral stats (step 0)...
Logged initial spectral stats for 130 layers, entropy for 6 layers
Step 00000 | Validation bpb: 3.172610
step 00000/04357 (0.00%) | loss: 10.398407 | lrm: 1.00 | dt: 121128.83ms | tok/sec: 8,656 | bf16_mfu: 1.56 | epoch: 1 | total time: 0.00m
step 00001/04357 (0.02%) | loss: 10.891282 | lrm: 1.00 | dt: 4552.71ms | tok/sec: 230,319 | bf16_mfu: 41.43 | epoch: 1 | total time: 0.00m
step 00002/04357 (0.05%) | loss: 10.772413 | lrm: 1.00 | dt: 4593.08ms | tok/sec: 228,294 | bf16_mfu: 41.07 | epoch: 1 | total time: 0.00m
step 00003/04357 (0.07%) | loss: 10.244766 | lrm: 1.00 | dt: 4660.94ms | tok/sec: 224,970 | bf16_mfu: 40.47 | epoch: 1 | total time: 0.00m
step 00004/04357 (0.09%) | loss: 9.604254 | lrm: 1.00 | dt: 4624.84ms | tok/sec: 226,727 | bf16_mfu: 40.79 | epoch: 1 | total time: 0.00m
step 00005/04357 (0.11%) | loss: 9.065871 | lrm: 1.00 | dt: 4669.92ms | tok/sec: 224,538 | bf16_mfu: 40.39 | epoch: 1 | total time: 0.00m
step 00006/04357 (0.14%) | loss: 8.654412 | lrm: 1.00 | dt: 4646.88ms | tok/sec: 225,651 | bf16_mfu: 40.59 | epoch: 1 | total time: 0.00m
step 00007/04357 (0.16%) | loss: 8.309799 | lrm: 1.00 | dt: 4685.03ms | tok/sec: 223,813 | bf16_mfu: 40.26 | epoch: 1 | total time: 0.00m
step 00008/04357 (0.18%) | loss: 8.034600 | lrm: 1.00 | dt: 4649.88ms | tok/sec: 225,505 | bf16_mfu: 40.57 | epoch: 1 | total time: 0.00m
step 00009/04357 (0.21%) | loss: 7.795624 | lrm: 1.00 | dt: 4679.90ms | tok/sec: 224,059 | bf16_mfu: 40.31 | epoch: 1 | total time: 0.00m
step 00010/04357 (0.23%) | loss: 7.579346 | lrm: 1.00 | dt: 13310.47ms | tok/sec: 78,778 | bf16_mfu: 14.17 | epoch: 1 | total time: 0.00m
step 00011/04357 (0.25%) | loss: 7.399408 | lrm: 1.00 | dt: 4793.96ms | tok/sec: 218,728 | bf16_mfu: 39.35 | epoch: 1 | total time: 0.08m | eta: 347.2m
step 00012/04357 (0.28%) | loss: 7.230963 | lrm: 1.00 | dt: 4656.33ms | tok/sec: 225,193 | bf16_mfu: 40.51 | epoch: 1 | total time: 0.16m | eta: 342.2m
step 00013/04357 (0.30%) | loss: 7.085054 | lrm: 1.00 | dt: 4638.57ms | tok/sec: 226,056 | bf16_mfu: 40.67 | epoch: 1 | total time: 0.23m | eta: 340.0m
step 00014/04357 (0.32%) | loss: 6.969963 | lrm: 1.00 | dt: 4597.69ms | tok/sec: 228,065 | bf16_mfu: 41.03 | epoch: 1 | total time: 0.31m | eta: 338.1m
step 00015/04357 (0.34%) | loss: 6.853598 | lrm: 1.00 | dt: 4647.98ms | tok/sec: 225,598 | bf16_mfu: 40.58 | epoch: 1 | total time: 0.39m | eta: 337.7m
step 00016/04357 (0.37%) | loss: 6.766595 | lrm: 1.00 | dt: 4649.06ms | tok/sec: 225,545 | bf16_mfu: 40.57 | epoch: 1 | total time: 0.47m | eta: 337.4m
step 00017/04357 (0.39%) | loss: 6.675522 | lrm: 1.00 | dt: 4654.11ms | tok/sec: 225,300 | bf16_mfu: 40.53 | epoch: 1 | total time: 0.54m | eta: 337.3m
step 00018/04357 (0.41%) | loss: 6.584131 | lrm: 1.00 | dt: 4668.69ms | tok/sec: 224,597 | bf16_mfu: 40.40 | epoch: 1 | total time: 0.62m | eta: 337.2m
step 00019/04357 (0.44%) | loss: 6.513009 | lrm: 1.00 | dt: 4650.70ms | tok/sec: 225,466 | bf16_mfu: 40.56 | epoch: 1 | total time: 0.70m | eta: 337.1m
step 00020/04357 (0.46%) | loss: 6.441089 | lrm: 1.00 | dt: 13481.69ms | tok/sec: 77,777 | bf16_mfu: 13.99 | epoch: 1 | total time: 0.92m | eta: 400.7m
step 00021/04357 (0.48%) | loss: 6.381856 | lrm: 1.00 | dt: 4660.99ms | tok/sec: 224,968 | bf16_mfu: 40.47 | epoch: 1 | total time: 1.00m | eta: 394.8m
step 00022/04357 (0.50%) | loss: 6.333232 | lrm: 1.00 | dt: 4662.11ms | tok/sec: 224,914 | bf16_mfu: 40.46 | epoch: 1 | total time: 1.08m | eta: 389.9m
step 00023/04357 (0.53%) | loss: 6.285154 | lrm: 1.00 | dt: 4635.15ms | tok/sec: 226,222 | bf16_mfu: 40.70 | epoch: 1 | total time: 1.16m | eta: 385.6m
step 00024/04357 (0.55%) | loss: 6.226544 | lrm: 1.00 | dt: 4636.84ms | tok/sec: 226,140 | bf16_mfu: 40.68 | epoch: 1 | total time: 1.23m | eta: 381.9m
step 00025/04357 (0.57%) | loss: 6.190443 | lrm: 1.00 | dt: 4639.93ms | tok/sec: 225,989 | bf16_mfu: 40.65 | epoch: 1 | total time: 1.31m | eta: 378.7m
step 00026/04357 (0.60%) | loss: 6.153056 | lrm: 1.00 | dt: 4676.35ms | tok/sec: 224,229 | bf16_mfu: 40.34 | epoch: 1 | total time: 1.39m | eta: 376.0m
step 00027/04357 (0.62%) | loss: 6.121358 | lrm: 1.00 | dt: 4661.49ms | tok/sec: 224,944 | bf16_mfu: 40.47 | epoch: 1 | total time: 1.47m | eta: 373.6m
step 00028/04357 (0.64%) | loss: 6.089190 | lrm: 1.00 | dt: 4703.43ms | tok/sec: 222,938 | bf16_mfu: 40.10 | epoch: 1 | total time: 1.55m | eta: 371.6m
step 00029/04357 (0.67%) | loss: 6.065488 | lrm: 1.00 | dt: 4681.96ms | tok/sec: 223,960 | bf16_mfu: 40.29 | epoch: 1 | total time: 1.62m | eta: 369.8m
step 00030/04357 (0.69%) | loss: 6.045348 | lrm: 1.00 | dt: 13685.22ms | tok/sec: 76,621 | bf16_mfu: 13.78 | epoch: 1 | total time: 1.85m | eta: 400.5m
step 00031/04357 (0.71%) | loss: 6.022456 | lrm: 1.00 | dt: 4613.22ms | tok/sec: 227,297 | bf16_mfu: 40.89 | epoch: 1 | total time: 1.93m | eta: 397.2m
step 00032/04357 (0.73%) | loss: 6.005642 | lrm: 1.00 | dt: 4619.00ms | tok/sec: 227,013 | bf16_mfu: 40.84 | epoch: 1 | total time: 2.01m | eta: 394.2m
step 00033/04357 (0.76%) | loss: 5.982379 | lrm: 1.00 | dt: 4615.25ms | tok/sec: 227,198 | bf16_mfu: 40.87 | epoch: 1 | total time: 2.08m | eta: 391.4m
step 00034/04357 (0.78%) | loss: 5.948754 | lrm: 1.00 | dt: 4593.87ms | tok/sec: 228,255 | bf16_mfu: 41.06 | epoch: 1 | total time: 2.16m | eta: 388.8m
step 00035/04357 (0.80%) | loss: 5.935241 | lrm: 1.00 | dt: 4639.89ms | tok/sec: 225,991 | bf16_mfu: 40.65 | epoch: 1 | total time: 2.24m | eta: 386.6m
step 00036/04357 (0.83%) | loss: 5.919697 | lrm: 1.00 | dt: 4640.98ms | tok/sec: 225,938 | bf16_mfu: 40.64 | epoch: 1 | total time: 2.31m | eta: 384.5m
step 00037/04357 (0.85%) | loss: 5.894403 | lrm: 1.00 | dt: 4640.63ms | tok/sec: 225,955 | bf16_mfu: 40.65 | epoch: 1 | total time: 2.39m | eta: 382.5m
step 00038/04357 (0.87%) | loss: 5.874482 | lrm: 1.00 | dt: 4677.42ms | tok/sec: 224,178 | bf16_mfu: 40.33 | epoch: 1 | total time: 2.47m | eta: 380.8m
step 00039/04357 (0.90%) | loss: 5.855992 | lrm: 1.00 | dt: 4665.24ms | tok/sec: 224,763 | bf16_mfu: 40.43 | epoch: 1 | total time: 2.55m | eta: 379.2m
step 00040/04357 (0.92%) | loss: 5.834309 | lrm: 1.00 | dt: 13867.38ms | tok/sec: 75,614 | bf16_mfu: 13.60 | epoch: 1 | total time: 2.78m | eta: 399.7m
step 00041/04357 (0.94%) | loss: 5.817583 | lrm: 1.00 | dt: 4650.57ms | tok/sec: 225,472 | bf16_mfu: 40.56 | epoch: 1 | total time: 2.86m | eta: 397.5m
step 00042/04357 (0.96%) | loss: 5.792139 | lrm: 1.00 | dt: 4660.33ms | tok/sec: 225,000 | bf16_mfu: 40.48 | epoch: 1 | total time: 2.93m | eta: 395.5m
step 00043/04357 (0.99%) | loss: 5.772539 | lrm: 1.00 | dt: 4646.30ms | tok/sec: 225,679 | bf16_mfu: 40.60 | epoch: 1 | total time: 3.01m | eta: 393.5m
step 00044/04357 (1.01%) | loss: 5.755768 | lrm: 1.00 | dt: 4643.10ms | tok/sec: 225,835 | bf16_mfu: 40.63 | epoch: 1 | total time: 3.09m | eta: 391.7m
step 00045/04357 (1.03%) | loss: 5.723530 | lrm: 1.00 | dt: 4673.55ms | tok/sec: 224,363 | bf16_mfu: 40.36 | epoch: 1 | total time: 3.17m | eta: 390.0m
step 00046/04357 (1.06%) | loss: 5.713132 | lrm: 1.00 | dt: 4675.29ms | tok/sec: 224,280 | bf16_mfu: 40.35 | epoch: 1 | total time: 3.24m | eta: 388.4m
step 00047/04357 (1.08%) | loss: 5.687857 | lrm: 1.00 | dt: 4714.05ms | tok/sec: 222,436 | bf16_mfu: 40.01 | epoch: 1 | total time: 3.32m | eta: 387.0m
step 00048/04357 (1.10%) | loss: 5.668248 | lrm: 1.00 | dt: 4684.75ms | tok/sec: 223,827 | bf16_mfu: 40.26 | epoch: 1 | total time: 3.40m | eta: 385.5m
step 00049/04357 (1.12%) | loss: 5.642911 | lrm: 1.00 | dt: 4711.95ms | tok/sec: 222,535 | bf16_mfu: 40.03 | epoch: 1 | total time: 3.48m | eta: 384.2m
step 00050/04357 (1.15%) | loss: 5.632609 | lrm: 1.00 | dt: 13891.09ms | tok/sec: 75,485 | bf16_mfu: 13.58 | epoch: 1 | total time: 3.71m | eta: 399.5m
step 00051/04357 (1.17%) | loss: 5.609439 | lrm: 1.00 | dt: 4627.90ms | tok/sec: 226,576 | bf16_mfu: 40.76 | epoch: 1 | total time: 3.79m | eta: 397.8m
step 00052/04357 (1.19%) | loss: 5.588380 | lrm: 1.00 | dt: 4658.84ms | tok/sec: 225,072 | bf16_mfu: 40.49 | epoch: 1 | total time: 3.86m | eta: 396.2m
step 00053/04357 (1.22%) | loss: 5.555290 | lrm: 1.00 | dt: 4631.64ms | tok/sec: 226,394 | bf16_mfu: 40.73 | epoch: 1 | total time: 3.94m | eta: 394.6m
step 00054/04357 (1.24%) | loss: 5.522234 | lrm: 1.00 | dt: 4607.90ms | tok/sec: 227,560 | bf16_mfu: 40.94 | epoch: 1 | total time: 4.02m | eta: 393.0m
step 00055/04357 (1.26%) | loss: 5.506975 | lrm: 1.00 | dt: 4674.44ms | tok/sec: 224,321 | bf16_mfu: 40.35 | epoch: 1 | total time: 4.10m | eta: 391.7m
step 00056/04357 (1.29%) | loss: 5.488539 | lrm: 1.00 | dt: 4649.76ms | tok/sec: 225,512 | bf16_mfu: 40.57 | epoch: 1 | total time: 4.17m | eta: 390.3m
step 00057/04357 (1.31%) | loss: 5.452884 | lrm: 1.00 | dt: 4681.14ms | tok/sec: 223,999 | bf16_mfu: 40.30 | epoch: 1 | total time: 4.25m | eta: 389.0m
step 00058/04357 (1.33%) | loss: 5.428699 | lrm: 1.00 | dt: 4689.02ms | tok/sec: 223,623 | bf16_mfu: 40.23 | epoch: 1 | total time: 4.33m | eta: 387.8m
step 00059/04357 (1.35%) | loss: 5.407086 | lrm: 1.00 | dt: 4647.40ms | tok/sec: 225,626 | bf16_mfu: 40.59 | epoch: 1 | total time: 4.41m | eta: 386.6m
step 00060/04357 (1.38%) | loss: 5.377692 | lrm: 1.00 | dt: 13994.97ms | tok/sec: 74,925 | bf16_mfu: 13.48 | epoch: 1 | total time: 4.64m | eta: 398.9m
step 00061/04357 (1.40%) | loss: 5.362923 | lrm: 1.00 | dt: 4634.89ms | tok/sec: 226,235 | bf16_mfu: 40.70 | epoch: 1 | total time: 4.72m | eta: 397.5m
step 00062/04357 (1.42%) | loss: 5.341391 | lrm: 1.00 | dt: 4637.18ms | tok/sec: 226,123 | bf16_mfu: 40.68 | epoch: 1 | total time: 4.80m | eta: 396.1m
step 00063/04357 (1.45%) | loss: 5.327864 | lrm: 1.00 | dt: 4692.53ms | tok/sec: 223,456 | bf16_mfu: 40.20 | epoch: 1 | total time: 4.87m | eta: 394.9m
step 00064/04357 (1.47%) | loss: 5.307915 | lrm: 1.00 | dt: 4653.00ms | tok/sec: 225,354 | bf16_mfu: 40.54 | epoch: 1 | total time: 4.95m | eta: 393.6m
step 00065/04357 (1.49%) | loss: 5.289235 | lrm: 1.00 | dt: 4650.10ms | tok/sec: 225,495 | bf16_mfu: 40.56 | epoch: 1 | total time: 5.03m | eta: 392.4m
step 00066/04357 (1.51%) | loss: 5.276026 | lrm: 1.00 | dt: 4639.89ms | tok/sec: 225,991 | bf16_mfu: 40.65 | epoch: 1 | total time: 5.11m | eta: 391.3m
step 00067/04357 (1.54%) | loss: 5.251818 | lrm: 1.00 | dt: 4664.07ms | tok/sec: 224,819 | bf16_mfu: 40.44 | epoch: 1 | total time: 5.18m | eta: 390.2m
step 00068/04357 (1.56%) | loss: 5.242493 | lrm: 1.00 | dt: 4672.28ms | tok/sec: 224,424 | bf16_mfu: 40.37 | epoch: 1 | total time: 5.26m | eta: 389.1m
step 00069/04357 (1.58%) | loss: 5.218034 | lrm: 1.00 | dt: 4681.70ms | tok/sec: 223,973 | bf16_mfu: 40.29 | epoch: 1 | total time: 5.34m | eta: 388.1m
step 00070/04357 (1.61%) | loss: 5.207481 | lrm: 1.00 | dt: 14049.96ms | tok/sec: 74,631 | bf16_mfu: 13.43 | epoch: 1 | total time: 5.57m | eta: 398.3m
step 00071/04357 (1.63%) | loss: 5.190053 | lrm: 1.00 | dt: 4614.50ms | tok/sec: 227,234 | bf16_mfu: 40.88 | epoch: 1 | total time: 5.65m | eta: 397.1m
step 00072/04357 (1.65%) | loss: 5.174376 | lrm: 1.00 | dt: 4628.00ms | tok/sec: 226,572 | bf16_mfu: 40.76 | epoch: 1 | total time: 5.73m | eta: 395.9m
step 00073/04357 (1.68%) | loss: 5.161289 | lrm: 1.00 | dt: 4650.57ms | tok/sec: 225,472 | bf16_mfu: 40.56 | epoch: 1 | total time: 5.81m | eta: 394.8m
step 00074/04357 (1.70%) | loss: 5.131633 | lrm: 1.00 | dt: 4647.41ms | tok/sec: 225,625 | bf16_mfu: 40.59 | epoch: 1 | total time: 5.88m | eta: 393.7m
step 00075/04357 (1.72%) | loss: 5.112164 | lrm: 1.00 | dt: 4657.27ms | tok/sec: 225,148 | bf16_mfu: 40.50 | epoch: 1 | total time: 5.96m | eta: 392.7m
step 00076/04357 (1.74%) | loss: 5.094814 | lrm: 1.00 | dt: 4679.72ms | tok/sec: 224,068 | bf16_mfu: 40.31 | epoch: 1 | total time: 6.04m | eta: 391.7m
step 00077/04357 (1.77%) | loss: 5.073702 | lrm: 1.00 | dt: 4672.53ms | tok/sec: 224,412 | bf16_mfu: 40.37 | epoch: 1 | total time: 6.12m | eta: 390.7m
step 00078/04357 (1.79%) | loss: 5.053687 | lrm: 1.00 | dt: 4650.39ms | tok/sec: 225,481 | bf16_mfu: 40.56 | epoch: 1 | total time: 6.19m | eta: 389.8m
step 00079/04357 (1.81%) | loss: 5.029350 | lrm: 1.00 | dt: 4643.84ms | tok/sec: 225,799 | bf16_mfu: 40.62 | epoch: 1 | total time: 6.27m | eta: 388.8m
step 00080/04357 (1.84%) | loss: 5.004748 | lrm: 1.00 | dt: 14058.82ms | tok/sec: 74,584 | bf16_mfu: 13.42 | epoch: 1 | total time: 6.51m | eta: 397.5m
step 00081/04357 (1.86%) | loss: 4.972829 | lrm: 1.00 | dt: 4671.43ms | tok/sec: 224,465 | bf16_mfu: 40.38 | epoch: 1 | total time: 6.58m | eta: 396.5m
step 00082/04357 (1.88%) | loss: 4.958744 | lrm: 1.00 | dt: 4657.33ms | tok/sec: 225,145 | bf16_mfu: 40.50 | epoch: 1 | total time: 6.66m | eta: 395.5m
step 00083/04357 (1.90%) | loss: 4.933291 | lrm: 1.00 | dt: 4693.72ms | tok/sec: 223,399 | bf16_mfu: 40.19 | epoch: 1 | total time: 6.74m | eta: 394.6m
step 00084/04357 (1.93%) | loss: 4.941747 | lrm: 1.00 | dt: 4661.52ms | tok/sec: 224,943 | bf16_mfu: 40.47 | epoch: 1 | total time: 6.82m | eta: 393.6m
step 00085/04357 (1.95%) | loss: 4.928617 | lrm: 1.00 | dt: 4698.63ms | tok/sec: 223,166 | bf16_mfu: 40.15 | epoch: 1 | total time: 6.90m | eta: 392.8m
step 00086/04357 (1.97%) | loss: 4.922933 | lrm: 1.00 | dt: 4663.46ms | tok/sec: 224,849 | bf16_mfu: 40.45 | epoch: 1 | total time: 6.97m | eta: 391.9m
step 00087/04357 (2.00%) | loss: 4.901773 | lrm: 1.00 | dt: 4632.76ms | tok/sec: 226,339 | bf16_mfu: 40.72 | epoch: 1 | total time: 7.05m | eta: 391.0m
step 00088/04357 (2.02%) | loss: 4.893086 | lrm: 1.00 | dt: 4693.05ms | tok/sec: 223,431 | bf16_mfu: 40.19 | epoch: 1 | total time: 7.13m | eta: 390.2m
step 00089/04357 (2.04%) | loss: 4.889188 | lrm: 1.00 | dt: 4661.08ms | tok/sec: 224,963 | bf16_mfu: 40.47 | epoch: 1 | total time: 7.21m | eta: 389.3m
step 00090/04357 (2.07%) | loss: 4.872310 | lrm: 1.00 | dt: 14099.76ms | tok/sec: 74,368 | bf16_mfu: 13.38 | epoch: 1 | total time: 7.44m | eta: 396.9m
step 00091/04357 (2.09%) | loss: 4.852930 | lrm: 1.00 | dt: 4672.94ms | tok/sec: 224,393 | bf16_mfu: 40.37 | epoch: 1 | total time: 7.52m | eta: 396.0m
step 00092/04357 (2.11%) | loss: 4.819834 | lrm: 1.00 | dt: 4717.04ms | tok/sec: 222,295 | bf16_mfu: 39.99 | epoch: 1 | total time: 7.60m | eta: 395.2m
step 00093/04357 (2.13%) | loss: 4.803212 | lrm: 1.00 | dt: 4661.51ms | tok/sec: 224,943 | bf16_mfu: 40.47 | epoch: 1 | total time: 7.68m | eta: 394.3m
step 00094/04357 (2.16%) | loss: 4.781280 | lrm: 1.00 | dt: 4667.05ms | tok/sec: 224,676 | bf16_mfu: 40.42 | epoch: 1 | total time: 7.75m | eta: 393.5m
step 00095/04357 (2.18%) | loss: 4.774918 | lrm: 1.00 | dt: 4690.87ms | tok/sec: 223,535 | bf16_mfu: 40.21 | epoch: 1 | total time: 7.83m | eta: 392.7m
step 00096/04357 (2.20%) | loss: 4.743372 | lrm: 1.00 | dt: 4692.33ms | tok/sec: 223,466 | bf16_mfu: 40.20 | epoch: 1 | total time: 7.91m | eta: 391.9m
step 00097/04357 (2.23%) | loss: 4.712142 | lrm: 1.00 | dt: 4689.38ms | tok/sec: 223,606 | bf16_mfu: 40.22 | epoch: 1 | total time: 7.99m | eta: 391.1m
step 00098/04357 (2.25%) | loss: 4.706031 | lrm: 1.00 | dt: 4686.61ms | tok/sec: 223,738 | bf16_mfu: 40.25 | epoch: 1 | total time: 8.07m | eta: 390.4m
step 00099/04357 (2.27%) | loss: 4.694680 | lrm: 1.00 | dt: 4712.75ms | tok/sec: 222,497 | bf16_mfu: 40.03 | epoch: 1 | total time: 8.14m | eta: 389.7m
step 00100/04357 (2.30%) | loss: 4.679325 | lrm: 1.00 | dt: 14131.62ms | tok/sec: 74,200 | bf16_mfu: 13.35 | epoch: 1 | total time: 8.38m | eta: 396.4m
step 00101/04357 (2.32%) | loss: 4.669545 | lrm: 1.00 | dt: 4663.93ms | tok/sec: 224,826 | bf16_mfu: 40.44 | epoch: 1 | total time: 8.46m | eta: 395.6m
step 00102/04357 (2.34%) | loss: 4.664053 | lrm: 1.00 | dt: 4665.97ms | tok/sec: 224,728 | bf16_mfu: 40.43 | epoch: 1 | total time: 8.54m | eta: 394.8m
step 00103/04357 (2.36%) | loss: 4.643853 | lrm: 1.00 | dt: 4657.61ms | tok/sec: 225,131 | bf16_mfu: 40.50 | epoch: 1 | total time: 8.61m | eta: 394.0m
step 00104/04357 (2.39%) | loss: 4.631709 | lrm: 1.00 | dt: 4675.14ms | tok/sec: 224,287 | bf16_mfu: 40.35 | epoch: 1 | total time: 8.69m | eta: 393.2m
step 00105/04357 (2.41%) | loss: 4.611804 | lrm: 1.00 | dt: 4648.77ms | tok/sec: 225,559 | bf16_mfu: 40.58 | epoch: 1 | total time: 8.77m | eta: 392.5m
step 00106/04357 (2.43%) | loss: 4.593952 | lrm: 1.00 | dt: 4705.94ms | tok/sec: 222,819 | bf16_mfu: 40.08 | epoch: 1 | total time: 8.85m | eta: 391.8m
step 00107/04357 (2.46%) | loss: 4.575100 | lrm: 1.00 | dt: 4665.71ms | tok/sec: 224,740 | bf16_mfu: 40.43 | epoch: 1 | total time: 8.92m | eta: 391.0m
step 00108/04357 (2.48%) | loss: 4.576453 | lrm: 1.00 | dt: 4721.98ms | tok/sec: 222,062 | bf16_mfu: 39.95 | epoch: 1 | total time: 9.00m | eta: 390.4m
step 00109/04357 (2.50%) | loss: 4.562855 | lrm: 1.00 | dt: 4696.35ms | tok/sec: 223,274 | bf16_mfu: 40.17 | epoch: 1 | total time: 9.08m | eta: 389.7m
step 00110/04357 (2.52%) | loss: 4.548815 | lrm: 1.00 | dt: 14099.00ms | tok/sec: 74,372 | bf16_mfu: 13.38 | epoch: 1 | total time: 9.32m | eta: 395.7m
step 00111/04357 (2.55%) | loss: 4.525927 | lrm: 1.00 | dt: 4656.45ms | tok/sec: 225,187 | bf16_mfu: 40.51 | epoch: 1 | total time: 9.39m | eta: 394.9m
step 00112/04357 (2.57%) | loss: 4.513874 | lrm: 1.00 | dt: 4639.61ms | tok/sec: 226,005 | bf16_mfu: 40.66 | epoch: 1 | total time: 9.47m | eta: 394.2m
step 00113/04357 (2.59%) | loss: 4.509699 | lrm: 1.00 | dt: 4675.62ms | tok/sec: 224,264 | bf16_mfu: 40.34 | epoch: 1 | total time: 9.55m | eta: 393.5m
step 00114/04357 (2.62%) | loss: 4.480374 | lrm: 1.00 | dt: 4651.00ms | tok/sec: 225,451 | bf16_mfu: 40.56 | epoch: 1 | total time: 9.63m | eta: 392.8m
step 00115/04357 (2.64%) | loss: 4.484793 | lrm: 1.00 | dt: 4661.54ms | tok/sec: 224,941 | bf16_mfu: 40.47 | epoch: 1 | total time: 9.70m | eta: 392.1m
step 00116/04357 (2.66%) | loss: 4.466305 | lrm: 1.00 | dt: 4662.75ms | tok/sec: 224,883 | bf16_mfu: 40.45 | epoch: 1 | total time: 9.78m | eta: 391.4m
step 00117/04357 (2.69%) | loss: 4.443385 | lrm: 1.00 | dt: 4651.84ms | tok/sec: 225,411 | bf16_mfu: 40.55 | epoch: 1 | total time: 9.86m | eta: 390.7m
step 00118/04357 (2.71%) | loss: 4.433570 | lrm: 1.00 | dt: 4688.81ms | tok/sec: 223,633 | bf16_mfu: 40.23 | epoch: 1 | total time: 9.94m | eta: 390.1m
step 00119/04357 (2.73%) | loss: 4.414824 | lrm: 1.00 | dt: 4667.26ms | tok/sec: 224,666 | bf16_mfu: 40.42 | epoch: 1 | total time: 10.02m | eta: 389.4m
step 00120/04357 (2.75%) | loss: 4.405454 | lrm: 1.00 | dt: 14080.13ms | tok/sec: 74,472 | bf16_mfu: 13.40 | epoch: 1 | total time: 10.25m | eta: 394.8m
step 00121/04357 (2.78%) | loss: 4.392492 | lrm: 1.00 | dt: 4662.11ms | tok/sec: 224,914 | bf16_mfu: 40.46 | epoch: 1 | total time: 10.33m | eta: 394.2m
step 00122/04357 (2.80%) | loss: 4.376987 | lrm: 1.00 | dt: 4622.03ms | tok/sec: 226,864 | bf16_mfu: 40.81 | epoch: 1 | total time: 10.41m | eta: 393.5m
step 00123/04357 (2.82%) | loss: 4.376096 | lrm: 1.00 | dt: 4648.26ms | tok/sec: 225,584 | bf16_mfu: 40.58 | epoch: 1 | total time: 10.48m | eta: 392.8m
step 00124/04357 (2.85%) | loss: 4.360826 | lrm: 1.00 | dt: 4638.18ms | tok/sec: 226,075 | bf16_mfu: 40.67 | epoch: 1 | total time: 10.56m | eta: 392.1m
step 00125/04357 (2.87%) | loss: 4.344014 | lrm: 1.00 | dt: 4668.32ms | tok/sec: 224,615 | bf16_mfu: 40.41 | epoch: 1 | total time: 10.64m | eta: 391.5m
step 00126/04357 (2.89%) | loss: 4.330087 | lrm: 1.00 | dt: 4667.76ms | tok/sec: 224,642 | bf16_mfu: 40.41 | epoch: 1 | total time: 10.72m | eta: 390.8m
step 00127/04357 (2.91%) | loss: 4.329908 | lrm: 1.00 | dt: 4671.03ms | tok/sec: 224,485 | bf16_mfu: 40.38 | epoch: 1 | total time: 10.79m | eta: 390.2m
step 00128/04357 (2.94%) | loss: 4.318854 | lrm: 1.00 | dt: 4666.67ms | tok/sec: 224,694 | bf16_mfu: 40.42 | epoch: 1 | total time: 10.87m | eta: 389.6m
step 00129/04357 (2.96%) | loss: 4.307319 | lrm: 1.00 | dt: 4666.65ms | tok/sec: 224,695 | bf16_mfu: 40.42 | epoch: 1 | total time: 10.95m | eta: 389.0m
step 00130/04357 (2.98%) | loss: 4.292824 | lrm: 1.00 | dt: 13991.39ms | tok/sec: 74,944 | bf16_mfu: 13.48 | epoch: 1 | total time: 11.18m | eta: 393.9m
step 00131/04357 (3.01%) | loss: 4.281940 | lrm: 1.00 | dt: 4607.93ms | tok/sec: 227,558 | bf16_mfu: 40.94 | epoch: 1 | total time: 11.26m | eta: 393.2m
step 00132/04357 (3.03%) | loss: 4.274916 | lrm: 1.00 | dt: 4653.40ms | tok/sec: 225,335 | bf16_mfu: 40.54 | epoch: 1 | total time: 11.34m | eta: 392.6m
step 00133/04357 (3.05%) | loss: 4.265208 | lrm: 1.00 | dt: 4639.56ms | tok/sec: 226,007 | bf16_mfu: 40.66 | epoch: 1 | total time: 11.41m | eta: 392.0m
step 00134/04357 (3.08%) | loss: 4.257995 | lrm: 1.00 | dt: 4633.46ms | tok/sec: 226,304 | bf16_mfu: 40.71 | epoch: 1 | total time: 11.49m | eta: 391.4m
step 00135/04357 (3.10%) | loss: 4.215570 | lrm: 1.00 | dt: 4677.05ms | tok/sec: 224,195 | bf16_mfu: 40.33 | epoch: 1 | total time: 11.57m | eta: 390.8m
step 00136/04357 (3.12%) | loss: 4.199412 | lrm: 1.00 | dt: 4645.24ms | tok/sec: 225,731 | bf16_mfu: 40.61 | epoch: 1 | total time: 11.65m | eta: 390.2m
step 00137/04357 (3.14%) | loss: 4.205095 | lrm: 1.00 | dt: 4666.41ms | tok/sec: 224,707 | bf16_mfu: 40.42 | epoch: 1 | total time: 11.72m | eta: 389.6m
step 00138/04357 (3.17%) | loss: 4.200373 | lrm: 1.00 | dt: 4672.86ms | tok/sec: 224,397 | bf16_mfu: 40.37 | epoch: 1 | total time: 11.80m | eta: 389.0m
step 00139/04357 (3.19%) | loss: 4.183206 | lrm: 1.00 | dt: 4640.28ms | tok/sec: 225,972 | bf16_mfu: 40.65 | epoch: 1 | total time: 11.88m | eta: 388.4m
step 00140/04357 (3.21%) | loss: 4.170260 | lrm: 1.00 | dt: 13960.64ms | tok/sec: 75,109 | bf16_mfu: 13.51 | epoch: 1 | total time: 12.11m | eta: 392.9m
step 00141/04357 (3.24%) | loss: 4.163505 | lrm: 1.00 | dt: 4619.59ms | tok/sec: 226,984 | bf16_mfu: 40.83 | epoch: 1 | total time: 12.19m | eta: 392.3m
step 00142/04357 (3.26%) | loss: 4.168014 | lrm: 1.00 | dt: 4655.73ms | tok/sec: 225,222 | bf16_mfu: 40.52 | epoch: 1 | total time: 12.27m | eta: 391.7m
step 00143/04357 (3.28%) | loss: 4.148015 | lrm: 1.00 | dt: 4688.35ms | tok/sec: 223,655 | bf16_mfu: 40.23 | epoch: 1 | total time: 12.35m | eta: 391.1m
step 00144/04357 (3.31%) | loss: 4.143446 | lrm: 1.00 | dt: 4661.18ms | tok/sec: 224,959 | bf16_mfu: 40.47 | epoch: 1 | total time: 12.42m | eta: 390.6m
step 00145/04357 (3.33%) | loss: 4.114110 | lrm: 1.00 | dt: 4703.70ms | tok/sec: 222,925 | bf16_mfu: 40.10 | epoch: 1 | total time: 12.50m | eta: 390.0m
step 00146/04357 (3.35%) | loss: 4.117728 | lrm: 1.00 | dt: 4677.19ms | tok/sec: 224,189 | bf16_mfu: 40.33 | epoch: 1 | total time: 12.58m | eta: 389.5m
step 00147/04357 (3.37%) | loss: 4.109416 | lrm: 1.00 | dt: 4682.11ms | tok/sec: 223,953 | bf16_mfu: 40.29 | epoch: 1 | total time: 12.66m | eta: 389.0m
step 00148/04357 (3.40%) | loss: 4.114973 | lrm: 1.00 | dt: 4663.45ms | tok/sec: 224,849 | bf16_mfu: 40.45 | epoch: 1 | total time: 12.73m | eta: 388.4m
step 00149/04357 (3.42%) | loss: 4.097328 | lrm: 1.00 | dt: 4663.21ms | tok/sec: 224,861 | bf16_mfu: 40.45 | epoch: 1 | total time: 12.81m | eta: 387.9m
step 00150/04357 (3.44%) | loss: 4.081778 | lrm: 1.00 | dt: 13897.58ms | tok/sec: 75,450 | bf16_mfu: 13.57 | epoch: 1 | total time: 13.04m | eta: 392.0m
step 00151/04357 (3.47%) | loss: 4.072873 | lrm: 1.00 | dt: 4658.37ms | tok/sec: 225,095 | bf16_mfu: 40.49 | epoch: 1 | total time: 13.12m | eta: 391.4m
step 00152/04357 (3.49%) | loss: 4.067052 | lrm: 1.00 | dt: 4666.86ms | tok/sec: 224,685 | bf16_mfu: 40.42 | epoch: 1 | total time: 13.20m | eta: 390.9m
step 00153/04357 (3.51%) | loss: 4.053320 | lrm: 1.00 | dt: 4659.78ms | tok/sec: 225,026 | bf16_mfu: 40.48 | epoch: 1 | total time: 13.28m | eta: 390.3m
========================================
Extreme Spectral Sharpen completed at: Wed Mar 11 00:06:29 EDT 2026
========================================
