cpu-bind=MASK - andreas-h100-1, task  0  0 [1223079]: mask 0xf1f0000000000000e0f0000000 set
Resolved 134 packages in 9ms
Audited 121 packages in 518ms
2026-03-10 14:40:19,231 - nanochat.common - [32m[1mINFO[0m - Distributed world size: 2
[rank0]: Traceback (most recent call last):
[rank0]:   File "/usr/lib/python3.10/runpy.py", line 196, in _run_module_as_main
[rank0]:     return _run_code(code, main_globals, None,
[rank0]:   File "/usr/lib/python3.10/runpy.py", line 86, in _run_code
[rank0]:     exec(code, run_globals)
[rank0]:   File "/data/scratch/medhaven/nanochat/scripts/trace_norm_train.py", line 513, in <module>
[rank0]:     norm_constraint.apply(orig_model, step)
[rank0]:   File "/data/scratch/medhaven/nanochat/.venv/lib/python3.10/site-packages/torch/utils/_contextlib.py", line 120, in decorate_context
[rank0]:     return func(*args, **kwargs)
[rank0]:   File "/data/scratch/medhaven/nanochat/nanochat/optim_trace_norm.py", line 209, in apply
[rank0]:     ratio = spec_norm / target
[rank0]: ZeroDivisionError: float division by zero
[rank1]: Traceback (most recent call last):
[rank1]:   File "/usr/lib/python3.10/runpy.py", line 196, in _run_module_as_main
[rank1]:     return _run_code(code, main_globals, None,
[rank1]:   File "/usr/lib/python3.10/runpy.py", line 86, in _run_code
[rank1]:     exec(code, run_globals)
[rank1]:   File "/data/scratch/medhaven/nanochat/scripts/trace_norm_train.py", line 513, in <module>
[rank1]:     norm_constraint.apply(orig_model, step)
[rank1]:   File "/data/scratch/medhaven/nanochat/.venv/lib/python3.10/site-packages/torch/utils/_contextlib.py", line 120, in decorate_context
[rank1]:     return func(*args, **kwargs)
[rank1]:   File "/data/scratch/medhaven/nanochat/nanochat/optim_trace_norm.py", line 209, in apply
[rank1]:     ratio = spec_norm / target
[rank1]: ZeroDivisionError: float division by zero
[rank0]:[W310 14:41:58.519981687 ProcessGroupNCCL.cpp:1524] Warning: WARNING: destroy_process_group() was not called before program exit, which can leak resources. For more info, please see https://pytorch.org/docs/stable/distributed.html#shutdown (function operator())
W0310 14:42:00.729000 1223107 torch/distributed/elastic/multiprocessing/api.py:908] Sending process 1223678 closing signal SIGTERM
E0310 14:42:00.730000 1223107 torch/distributed/elastic/multiprocessing/api.py:882] failed (exitcode: 1) local_rank: 1 (pid: 1223679) of binary: /data/scratch/medhaven/nanochat/.venv/bin/python
Traceback (most recent call last):
  File "/data/scratch/medhaven/nanochat/.venv/bin/torchrun", line 10, in <module>
    sys.exit(main())
  File "/data/scratch/medhaven/nanochat/.venv/lib/python3.10/site-packages/torch/distributed/elastic/multiprocessing/errors/__init__.py", line 357, in wrapper
    return f(*args, **kwargs)
  File "/data/scratch/medhaven/nanochat/.venv/lib/python3.10/site-packages/torch/distributed/run.py", line 936, in main
    run(args)
  File "/data/scratch/medhaven/nanochat/.venv/lib/python3.10/site-packages/torch/distributed/run.py", line 927, in run
    elastic_launch(
  File "/data/scratch/medhaven/nanochat/.venv/lib/python3.10/site-packages/torch/distributed/launcher/api.py", line 156, in __call__
    return launch_agent(self._config, self._entrypoint, list(args))
  File "/data/scratch/medhaven/nanochat/.venv/lib/python3.10/site-packages/torch/distributed/launcher/api.py", line 293, in launch_agent
    raise ChildFailedError(
torch.distributed.elastic.multiprocessing.errors.ChildFailedError: 
============================================================
scripts.trace_norm_train FAILED
------------------------------------------------------------
Failures:
  <NO_OTHER_FAILURES>
------------------------------------------------------------
Root Cause (first observed failure):
[0]:
  time      : 2026-03-10_14:42:00
  host      : andreas-h100-1.csail.mit.edu
  rank      : 1 (local_rank: 1)
  exitcode  : 1 (pid: 1223679)
  error_file: <N/A>
  traceback : To enable traceback see: https://pytorch.org/docs/stable/elastic/errors.html
============================================================
