========================================
Job ID: 523117
Node: andreas-h100-1
GPUs: 2
Config: Trace Norm - Extreme Spectral Sharpen (alpha=1.2, K=10)
Start Time: Tue Mar 10 23:37:53 EDT 2026
========================================
Tue Mar 10 23:37:53 2026       
+-----------------------------------------------------------------------------------------+
| NVIDIA-SMI 575.57.08              Driver Version: 575.57.08      CUDA Version: 12.9     |
|-----------------------------------------+------------------------+----------------------+
| GPU  Name                 Persistence-M | Bus-Id          Disp.A | Volatile Uncorr. ECC |
| Fan  Temp   Perf          Pwr:Usage/Cap |           Memory-Usage | GPU-Util  Compute M. |
|                                         |                        |               MIG M. |
|=========================================+========================+======================|
|   0  NVIDIA H100 NVL                On  |   00000000:A1:00.0 Off |                    0 |
| N/A   47C    P0             66W /  400W |       0MiB /  95830MiB |      0%      Default |
|                                         |                        |             Disabled |
+-----------------------------------------+------------------------+----------------------+
|   1  NVIDIA H100 NVL                On  |   00000000:C1:00.0 Off |                    0 |
| N/A   48C    P0             65W /  400W |       0MiB /  95830MiB |      0%      Default |
|                                         |                        |             Disabled |
+-----------------------------------------+------------------------+----------------------+
                                                                                         
+-----------------------------------------------------------------------------------------+
| Processes:                                                                              |
|  GPU   GI   CI              PID   Type   Process name                        GPU Memory |
|        ID   ID                                                               Usage      |
|=========================================================================================|
|  No running processes found                                                             |
+-----------------------------------------------------------------------------------------+

                                                       █████                █████
                                                      ░░███                ░░███
     ████████    ██████   ████████    ██████   ██████  ░███████    ██████  ███████
    ░░███░░███  ░░░░░███ ░░███░░███  ███░░███ ███░░███ ░███░░███  ░░░░░███░░░███░
     ░███ ░███   ███████  ░███ ░███ ░███ ░███░███ ░░░  ░███ ░███   ███████  ░███
     ░███ ░███  ███░░███  ░███ ░███ ░███ ░███░███  ███ ░███ ░███  ███░░███  ░███ ███
     ████ █████░░████████ ████ █████░░██████ ░░██████  ████ █████░░███████  ░░█████
    ░░░░ ░░░░░  ░░░░░░░░ ░░░░ ░░░░░  ░░░░░░   ░░░░░░  ░░░░ ░░░░░  ░░░░░░░░   ░░░░░
    Newton-Schulz mode: baseline (5 iterations, 15 matmuls)

Newton-Schulz mode: baseline (5 iterations, 15 matmuls)
Autodetected device type: cuda
GPU: NVIDIA H100 NVL | Peak FLOPS (BF16): 8.35e+14
Using Flash Attention 3 (Hopper GPU detected)
Vocab size: 32,768
Model config:
{
  "sequence_len": 2048,
  "vocab_size": 32768,
  "n_layer": 20,
  "n_head": 10,
  "n_kv_head": 10,
  "n_embd": 1280,
  "window_pattern": "SSSL"
}
FP8 training enabled (tensorwise scaling) - converted 121 layers
[Option 5] Spectral sharpening (K=10, alpha=1.2): 80 layers
SV entropy tracking layers: ['transformer.h.0.attn.c_q.weight', 'transformer.h.0.mlp.c_fc.weight', 'transformer.h.10.attn.c_q.weight', 'transformer.h.10.mlp.c_fc.weight', 'transformer.h.19.attn.c_q.weight', 'transformer.h.19.mlp.c_fc.weight']
Parameter counts:
wte                     : 41,943,040
value_embeds            : 419,430,400
lm_head                 : 41,943,040
transformer_matrices    : 393,219,200
scalars                 : 40
total                   : 896,535,720
Estimated FLOPs per token: 3.004189e+09
Auto-computed optimal batch size: 1,048,576 tokens
Scaling LRs by 1.4142 for batch size 1,048,576 (reference: 524,288)
Scaling weight decay from 0.200000 to 0.071563 for depth 20
Scaling the LR for the AdamW parameters ∝1/√(1280/768) = 0.774597
Calculated number of iterations from target data:param ratio: 4,357
Total number of training tokens: 4,568,645,632
Tokens : Scaling params ratio: 10.50
Total training FLOPs estimate: 1.372508e+19
Total batch size 1,048,576 => gradient accumulation steps: 16
Logging initial spectral stats (step 0)...
Logged initial spectral stats for 130 layers, entropy for 6 layers
Step 00000 | Validation bpb: 3.172610
========================================
Extreme Spectral Sharpen completed at: Tue Mar 10 23:41:11 EDT 2026
========================================
