cpu-bind=MASK - andreas-h100-1, task  0  0 [3958708]: mask 0x7f100000000000007f100 set
Resolved 134 packages in 10ms
Audited 121 packages in 572ms
2026-03-10 23:48:52,648 - nanochat.common - [32m[1mINFO[0m - Distributed world size: 2
[rank0]: Traceback (most recent call last):
[rank0]:   File "/usr/lib/python3.10/runpy.py", line 196, in _run_module_as_main
[rank0]:     return _run_code(code, main_globals, None,
[rank0]:   File "/usr/lib/python3.10/runpy.py", line 86, in _run_code
[rank0]:     exec(code, run_globals)
[rank0]:   File "/data/scratch/medhaven/nanochat/scripts/trace_norm_train.py", line 525, in <module>
[rank0]:     optimizer.step()
[rank0]:   File "/data/scratch/medhaven/nanochat/.venv/lib/python3.10/site-packages/torch/optim/optimizer.py", line 517, in wrapper
[rank0]:     out = func(*args, **kwargs)
[rank0]:   File "/data/scratch/medhaven/nanochat/.venv/lib/python3.10/site-packages/torch/utils/_contextlib.py", line 120, in decorate_context
[rank0]:     return func(*args, **kwargs)
[rank0]:   File "/data/scratch/medhaven/nanochat/nanochat/optim.py", line 516, in step
[rank0]:     reduce_infos.append(self._reduce_adamw(group, world_size))
[rank0]:   File "/data/scratch/medhaven/nanochat/nanochat/optim.py", line 383, in _reduce_adamw
[rank0]:     future = dist.reduce_scatter_tensor(grad_slice, grad, op=dist.ReduceOp.AVG, async_op=True).get_future()
[rank0]:   File "/data/scratch/medhaven/nanochat/.venv/lib/python3.10/site-packages/torch/distributed/c10d_logger.py", line 81, in wrapper
[rank0]:     return func(*args, **kwargs)
[rank0]:   File "/data/scratch/medhaven/nanochat/.venv/lib/python3.10/site-packages/torch/distributed/distributed_c10d.py", line 4513, in reduce_scatter_tensor
[rank0]:     work = group._reduce_scatter_base(output, input, opts)
[rank0]: torch.distributed.DistBackendError: NCCL error in: /pytorch/torch/csrc/distributed/c10d/ProcessGroupNCCL.cpp:3690, unhandled cuda error (run with NCCL_DEBUG=INFO for details), NCCL version 2.27.5
[rank0]: ncclUnhandledCudaError: Call to CUDA function failed.
[rank0]: Last error:
[rank0]: Cuda failure 700 'an illegal memory access was encountered'
[rank0]:[W311 00:06:26.799185899 ProcessGroupNCCL.cpp:1524] Warning: WARNING: destroy_process_group() was not called before program exit, which can leak resources. For more info, please see https://pytorch.org/docs/stable/distributed.html#shutdown (function operator())
W0311 00:06:27.956000 3958785 torch/distributed/elastic/multiprocessing/api.py:908] Sending process 3959326 closing signal SIGTERM
E0311 00:06:28.634000 3958785 torch/distributed/elastic/multiprocessing/api.py:882] failed (exitcode: 1) local_rank: 0 (pid: 3959325) of binary: /data/scratch/medhaven/nanochat/.venv/bin/python
Traceback (most recent call last):
  File "/data/scratch/medhaven/nanochat/.venv/bin/torchrun", line 10, in <module>
    sys.exit(main())
  File "/data/scratch/medhaven/nanochat/.venv/lib/python3.10/site-packages/torch/distributed/elastic/multiprocessing/errors/__init__.py", line 357, in wrapper
    return f(*args, **kwargs)
  File "/data/scratch/medhaven/nanochat/.venv/lib/python3.10/site-packages/torch/distributed/run.py", line 936, in main
    run(args)
  File "/data/scratch/medhaven/nanochat/.venv/lib/python3.10/site-packages/torch/distributed/run.py", line 927, in run
    elastic_launch(
  File "/data/scratch/medhaven/nanochat/.venv/lib/python3.10/site-packages/torch/distributed/launcher/api.py", line 156, in __call__
    return launch_agent(self._config, self._entrypoint, list(args))
  File "/data/scratch/medhaven/nanochat/.venv/lib/python3.10/site-packages/torch/distributed/launcher/api.py", line 293, in launch_agent
    raise ChildFailedError(
torch.distributed.elastic.multiprocessing.errors.ChildFailedError: 
============================================================
scripts.trace_norm_train FAILED
------------------------------------------------------------
Failures:
  <NO_OTHER_FAILURES>
------------------------------------------------------------
Root Cause (first observed failure):
[0]:
  time      : 2026-03-11_00:06:27
  host      : andreas-h100-1.csail.mit.edu
  rank      : 0 (local_rank: 0)
  exitcode  : 1 (pid: 3959325)
  error_file: <N/A>
  traceback : To enable traceback see: https://pytorch.org/docs/stable/elastic/errors.html
============================================================
