========================================
Job ID: 555146
Node: andreas-h100-1
GPUs: 2
Config: Trace Norm - Extreme Spectral Sharpen (alpha=1.2, K=10)
Start Time: Thu Mar 12 13:52:07 EDT 2026
========================================
Thu Mar 12 13:52:07 2026       
+-----------------------------------------------------------------------------------------+
| NVIDIA-SMI 575.57.08              Driver Version: 575.57.08      CUDA Version: 12.9     |
|-----------------------------------------+------------------------+----------------------+
| GPU  Name                 Persistence-M | Bus-Id          Disp.A | Volatile Uncorr. ECC |
| Fan  Temp   Perf          Pwr:Usage/Cap |           Memory-Usage | GPU-Util  Compute M. |
|                                         |                        |               MIG M. |
|=========================================+========================+======================|
|   0  NVIDIA H100 NVL                On  |   00000000:61:00.0 Off |                    0 |
| N/A   55C    P0             67W /  400W |       0MiB /  95830MiB |      0%      Default |
|                                         |                        |             Disabled |
+-----------------------------------------+------------------------+----------------------+
|   1  NVIDIA H100 NVL                On  |   00000000:E1:00.0 Off |                    0 |
| N/A   63C    P0             74W /  400W |       0MiB /  95830MiB |      0%      Default |
|                                         |                        |             Disabled |
+-----------------------------------------+------------------------+----------------------+
                                                                                         
+-----------------------------------------------------------------------------------------+
| Processes:                                                                              |
|  GPU   GI   CI              PID   Type   Process name                        GPU Memory |
|        ID   ID                                                               Usage      |
|=========================================================================================|
|  No running processes found                                                             |
+-----------------------------------------------------------------------------------------+
Newton-Schulz mode: baseline (5 iterations, 15 matmuls)

                                                       █████                █████
                                                      ░░███                ░░███
     ████████    ██████   ████████    ██████   ██████  ░███████    ██████  ███████
    ░░███░░███  ░░░░░███ ░░███░░███  ███░░███ ███░░███ ░███░░███  ░░░░░███░░░███░
     ░███ ░███   ███████  ░███ ░███ ░███ ░███░███ ░░░  ░███ ░███   ███████  ░███
     ░███ ░███  ███░░███  ░███ ░███ ░███ ░███░███  ███ ░███ ░███  ███░░███  ░███ ███
     ████ █████░░████████ ████ █████░░██████ ░░██████  ████ █████░░███████  ░░█████
    ░░░░ ░░░░░  ░░░░░░░░ ░░░░ ░░░░░  ░░░░░░   ░░░░░░  ░░░░ ░░░░░  ░░░░░░░░   ░░░░░
    
Newton-Schulz mode: baseline (5 iterations, 15 matmuls)
Autodetected device type: cuda
GPU: NVIDIA H100 NVL | Peak FLOPS (BF16): 8.35e+14
Using Flash Attention 3 (Hopper GPU detected)
Vocab size: 32,768
Model config:
{
  "sequence_len": 2048,
  "vocab_size": 32768,
  "n_layer": 20,
  "n_head": 10,
  "n_kv_head": 10,
  "n_embd": 1280,
  "window_pattern": "SSSL"
}
FP8 training enabled (tensorwise scaling) - converted 121 layers
[Option 5] Spectral sharpening (K=10, alpha=1.2): 80 layers
SV entropy tracking layers: ['transformer.h.0.attn.c_q.weight', 'transformer.h.0.mlp.c_fc.weight', 'transformer.h.10.attn.c_q.weight', 'transformer.h.10.mlp.c_fc.weight', 'transformer.h.19.attn.c_q.weight', 'transformer.h.19.mlp.c_fc.weight']
Parameter counts:
wte                     : 41,943,040
value_embeds            : 419,430,400
lm_head                 : 41,943,040
transformer_matrices    : 393,219,200
scalars                 : 40
total                   : 896,535,720
Estimated FLOPs per token: 3.004189e+09
Auto-computed optimal batch size: 1,048,576 tokens
Scaling LRs by 1.4142 for batch size 1,048,576 (reference: 524,288)
Scaling weight decay from 0.200000 to 0.071563 for depth 20
Scaling the LR for the AdamW parameters ∝1/√(1280/768) = 0.774597
Calculated number of iterations from target data:param ratio: 4,357
Total number of training tokens: 4,568,645,632
Tokens : Scaling params ratio: 10.50
Total training FLOPs estimate: 1.372508e+19
Total batch size 1,048,576 => gradient accumulation steps: 16
Logging initial spectral stats (step 0)...
Logged initial spectral stats for 130 layers, entropy for 6 layers
Step 00000 | Validation bpb: 3.172610
step 00000/04357 (0.00%) | loss: 10.398407 | lrm: 1.00 | dt: 111035.16ms | tok/sec: 9,443 | bf16_mfu: 1.70 | epoch: 1 | total time: 0.00m
step 00001/04357 (0.02%) | loss: 10.891289 | lrm: 1.00 | dt: 3886.01ms | tok/sec: 269,833 | bf16_mfu: 48.54 | epoch: 1 | total time: 0.00m
step 00002/04357 (0.05%) | loss: 10.772469 | lrm: 1.00 | dt: 3904.69ms | tok/sec: 268,542 | bf16_mfu: 48.31 | epoch: 1 | total time: 0.00m
step 00003/04357 (0.07%) | loss: 10.244662 | lrm: 1.00 | dt: 3927.91ms | tok/sec: 266,954 | bf16_mfu: 48.02 | epoch: 1 | total time: 0.00m
step 00004/04357 (0.09%) | loss: 9.604130 | lrm: 1.00 | dt: 3934.96ms | tok/sec: 266,476 | bf16_mfu: 47.94 | epoch: 1 | total time: 0.00m
step 00005/04357 (0.11%) | loss: 9.065673 | lrm: 1.00 | dt: 3962.31ms | tok/sec: 264,637 | bf16_mfu: 47.61 | epoch: 1 | total time: 0.00m
step 00006/04357 (0.14%) | loss: 8.654217 | lrm: 1.00 | dt: 3954.76ms | tok/sec: 265,142 | bf16_mfu: 47.70 | epoch: 1 | total time: 0.00m
step 00007/04357 (0.16%) | loss: 8.309690 | lrm: 1.00 | dt: 3962.37ms | tok/sec: 264,633 | bf16_mfu: 47.61 | epoch: 1 | total time: 0.00m
step 00008/04357 (0.18%) | loss: 8.034534 | lrm: 1.00 | dt: 3984.22ms | tok/sec: 263,182 | bf16_mfu: 47.34 | epoch: 1 | total time: 0.00m
step 00009/04357 (0.21%) | loss: 7.795567 | lrm: 1.00 | dt: 4001.04ms | tok/sec: 262,075 | bf16_mfu: 47.15 | epoch: 1 | total time: 0.00m
step 00010/04357 (0.23%) | loss: 7.579322 | lrm: 1.00 | dt: 11223.35ms | tok/sec: 93,428 | bf16_mfu: 16.81 | epoch: 1 | total time: 0.00m
step 00011/04357 (0.25%) | loss: 7.399361 | lrm: 1.00 | dt: 3953.62ms | tok/sec: 265,218 | bf16_mfu: 47.71 | epoch: 1 | total time: 0.07m | eta: 286.4m
step 00012/04357 (0.28%) | loss: 7.230851 | lrm: 1.00 | dt: 3997.05ms | tok/sec: 262,337 | bf16_mfu: 47.19 | epoch: 1 | total time: 0.13m | eta: 287.9m
step 00013/04357 (0.30%) | loss: 7.084968 | lrm: 1.00 | dt: 4007.91ms | tok/sec: 261,626 | bf16_mfu: 47.06 | epoch: 1 | total time: 0.20m | eta: 288.6m
step 00014/04357 (0.32%) | loss: 6.969931 | lrm: 1.00 | dt: 4013.90ms | tok/sec: 261,236 | bf16_mfu: 46.99 | epoch: 1 | total time: 0.27m | eta: 289.0m
step 00015/04357 (0.34%) | loss: 6.853557 | lrm: 1.00 | dt: 4034.63ms | tok/sec: 259,893 | bf16_mfu: 46.75 | epoch: 1 | total time: 0.33m | eta: 289.6m
step 00016/04357 (0.37%) | loss: 6.766514 | lrm: 1.00 | dt: 4031.74ms | tok/sec: 260,080 | bf16_mfu: 46.79 | epoch: 1 | total time: 0.40m | eta: 289.9m
step 00017/04357 (0.39%) | loss: 6.675438 | lrm: 1.00 | dt: 4036.64ms | tok/sec: 259,764 | bf16_mfu: 46.73 | epoch: 1 | total time: 0.47m | eta: 290.1m
step 00018/04357 (0.41%) | loss: 6.584145 | lrm: 1.00 | dt: 4055.37ms | tok/sec: 258,564 | bf16_mfu: 46.51 | epoch: 1 | total time: 0.54m | eta: 290.4m
step 00019/04357 (0.44%) | loss: 6.513039 | lrm: 1.00 | dt: 4066.88ms | tok/sec: 257,832 | bf16_mfu: 46.38 | epoch: 1 | total time: 0.60m | eta: 290.8m
step 00020/04357 (0.46%) | loss: 6.441147 | lrm: 1.00 | dt: 11383.12ms | tok/sec: 92,116 | bf16_mfu: 16.57 | epoch: 1 | total time: 0.79m | eta: 343.9m
step 00021/04357 (0.48%) | loss: 6.381929 | lrm: 1.00 | dt: 3991.96ms | tok/sec: 262,672 | bf16_mfu: 47.25 | epoch: 1 | total time: 0.86m | eta: 338.8m
step 00022/04357 (0.50%) | loss: 6.333288 | lrm: 1.00 | dt: 4053.93ms | tok/sec: 258,656 | bf16_mfu: 46.53 | epoch: 1 | total time: 0.93m | eta: 334.9m
step 00023/04357 (0.53%) | loss: 6.285255 | lrm: 1.00 | dt: 4046.06ms | tok/sec: 259,160 | bf16_mfu: 46.62 | epoch: 1 | total time: 0.99m | eta: 331.6m
step 00024/04357 (0.55%) | loss: 6.226669 | lrm: 1.00 | dt: 3964.97ms | tok/sec: 264,459 | bf16_mfu: 47.57 | epoch: 1 | total time: 1.06m | eta: 328.3m
step 00025/04357 (0.57%) | loss: 6.190526 | lrm: 1.00 | dt: 3948.04ms | tok/sec: 265,594 | bf16_mfu: 47.78 | epoch: 1 | total time: 1.13m | eta: 325.3m
step 00026/04357 (0.60%) | loss: 6.153076 | lrm: 1.00 | dt: 4029.66ms | tok/sec: 260,214 | bf16_mfu: 46.81 | epoch: 1 | total time: 1.19m | eta: 323.1m
step 00027/04357 (0.62%) | loss: 6.121412 | lrm: 1.00 | dt: 4034.61ms | tok/sec: 259,895 | bf16_mfu: 46.75 | epoch: 1 | total time: 1.26m | eta: 321.1m
step 00028/04357 (0.64%) | loss: 6.089235 | lrm: 1.00 | dt: 4048.14ms | tok/sec: 259,026 | bf16_mfu: 46.60 | epoch: 1 | total time: 1.33m | eta: 319.5m
step 00029/04357 (0.67%) | loss: 6.065712 | lrm: 1.00 | dt: 4073.68ms | tok/sec: 257,402 | bf16_mfu: 46.30 | epoch: 1 | total time: 1.40m | eta: 318.0m
step 00030/04357 (0.69%) | loss: 6.045755 | lrm: 1.00 | dt: 11522.21ms | tok/sec: 91,004 | bf16_mfu: 16.37 | epoch: 1 | total time: 1.59m | eta: 343.6m
step 00031/04357 (0.71%) | loss: 6.022401 | lrm: 1.00 | dt: 3998.76ms | tok/sec: 262,225 | bf16_mfu: 47.17 | epoch: 1 | total time: 1.65m | eta: 340.9m
step 00032/04357 (0.73%) | loss: 6.006004 | lrm: 1.00 | dt: 4053.80ms | tok/sec: 258,665 | bf16_mfu: 46.53 | epoch: 1 | total time: 1.72m | eta: 338.6m
step 00033/04357 (0.76%) | loss: 5.982687 | lrm: 1.00 | dt: 4044.69ms | tok/sec: 259,247 | bf16_mfu: 46.64 | epoch: 1 | total time: 1.79m | eta: 336.5m
step 00034/04357 (0.78%) | loss: 5.949332 | lrm: 1.00 | dt: 4059.12ms | tok/sec: 258,326 | bf16_mfu: 46.47 | epoch: 1 | total time: 1.86m | eta: 334.6m
step 00035/04357 (0.80%) | loss: 5.935605 | lrm: 1.00 | dt: 3971.78ms | tok/sec: 264,006 | bf16_mfu: 47.49 | epoch: 1 | total time: 1.92m | eta: 332.6m
step 00036/04357 (0.83%) | loss: 5.920363 | lrm: 1.00 | dt: 4078.01ms | tok/sec: 257,129 | bf16_mfu: 46.26 | epoch: 1 | total time: 1.99m | eta: 331.0m
step 00037/04357 (0.85%) | loss: 5.894178 | lrm: 1.00 | dt: 4076.10ms | tok/sec: 257,249 | bf16_mfu: 46.28 | epoch: 1 | total time: 2.06m | eta: 329.5m
step 00038/04357 (0.87%) | loss: 5.874328 | lrm: 1.00 | dt: 4080.87ms | tok/sec: 256,949 | bf16_mfu: 46.22 | epoch: 1 | total time: 2.13m | eta: 328.2m
step 00039/04357 (0.90%) | loss: 5.855902 | lrm: 1.00 | dt: 4091.16ms | tok/sec: 256,302 | bf16_mfu: 46.11 | epoch: 1 | total time: 2.20m | eta: 326.9m
step 00040/04357 (0.92%) | loss: 5.834267 | lrm: 1.00 | dt: 11705.05ms | tok/sec: 89,583 | bf16_mfu: 16.12 | epoch: 1 | total time: 2.39m | eta: 344.0m
step 00041/04357 (0.94%) | loss: 5.817433 | lrm: 1.00 | dt: 4001.45ms | tok/sec: 262,049 | bf16_mfu: 47.14 | epoch: 1 | total time: 2.46m | eta: 342.2m
step 00042/04357 (0.96%) | loss: 5.792065 | lrm: 1.00 | dt: 4066.85ms | tok/sec: 257,834 | bf16_mfu: 46.38 | epoch: 1 | total time: 2.53m | eta: 340.5m
step 00043/04357 (0.99%) | loss: 5.772391 | lrm: 1.00 | dt: 4071.31ms | tok/sec: 257,552 | bf16_mfu: 46.33 | epoch: 1 | total time: 2.59m | eta: 339.0m
step 00044/04357 (1.01%) | loss: 5.755730 | lrm: 1.00 | dt: 4073.10ms | tok/sec: 257,439 | bf16_mfu: 46.31 | epoch: 1 | total time: 2.66m | eta: 337.6m
step 00045/04357 (1.03%) | loss: 5.723554 | lrm: 1.00 | dt: 4082.60ms | tok/sec: 256,840 | bf16_mfu: 46.20 | epoch: 1 | total time: 2.73m | eta: 336.2m
step 00046/04357 (1.06%) | loss: 5.713249 | lrm: 1.00 | dt: 4070.20ms | tok/sec: 257,622 | bf16_mfu: 46.34 | epoch: 1 | total time: 2.80m | eta: 334.9m
step 00047/04357 (1.08%) | loss: 5.688155 | lrm: 1.00 | dt: 4094.80ms | tok/sec: 256,075 | bf16_mfu: 46.07 | epoch: 1 | total time: 2.87m | eta: 333.8m
step 00048/04357 (1.10%) | loss: 5.668735 | lrm: 1.00 | dt: 4084.38ms | tok/sec: 256,728 | bf16_mfu: 46.18 | epoch: 1 | total time: 2.93m | eta: 332.6m
step 00049/04357 (1.12%) | loss: 5.643031 | lrm: 1.00 | dt: 4100.32ms | tok/sec: 255,730 | bf16_mfu: 46.00 | epoch: 1 | total time: 3.00m | eta: 331.6m
step 00050/04357 (1.15%) | loss: 5.632722 | lrm: 1.00 | dt: 11770.26ms | tok/sec: 89,086 | bf16_mfu: 16.03 | epoch: 1 | total time: 3.20m | eta: 344.3m
step 00051/04357 (1.17%) | loss: 5.609394 | lrm: 1.00 | dt: 4004.21ms | tok/sec: 261,868 | bf16_mfu: 47.11 | epoch: 1 | total time: 3.26m | eta: 342.9m
step 00052/04357 (1.19%) | loss: 5.588227 | lrm: 1.00 | dt: 4055.36ms | tok/sec: 258,565 | bf16_mfu: 46.51 | epoch: 1 | total time: 3.33m | eta: 341.5m
step 00053/04357 (1.22%) | loss: 5.555448 | lrm: 1.00 | dt: 4057.02ms | tok/sec: 258,459 | bf16_mfu: 46.49 | epoch: 1 | total time: 3.40m | eta: 340.3m
step 00054/04357 (1.24%) | loss: 5.523080 | lrm: 1.00 | dt: 4071.22ms | tok/sec: 257,557 | bf16_mfu: 46.33 | epoch: 1 | total time: 3.47m | eta: 339.1m
step 00055/04357 (1.26%) | loss: 5.507923 | lrm: 1.00 | dt: 4081.72ms | tok/sec: 256,895 | bf16_mfu: 46.21 | epoch: 1 | total time: 3.54m | eta: 338.0m
step 00056/04357 (1.29%) | loss: 5.489425 | lrm: 1.00 | dt: 4077.48ms | tok/sec: 257,162 | bf16_mfu: 46.26 | epoch: 1 | total time: 3.60m | eta: 336.9m
step 00057/04357 (1.31%) | loss: 5.453896 | lrm: 1.00 | dt: 4099.39ms | tok/sec: 255,788 | bf16_mfu: 46.01 | epoch: 1 | total time: 3.67m | eta: 335.9m
step 00058/04357 (1.33%) | loss: 5.429966 | lrm: 1.00 | dt: 4109.12ms | tok/sec: 255,182 | bf16_mfu: 45.91 | epoch: 1 | total time: 3.74m | eta: 335.0m
step 00059/04357 (1.35%) | loss: 5.408862 | lrm: 1.00 | dt: 4091.40ms | tok/sec: 256,287 | bf16_mfu: 46.10 | epoch: 1 | total time: 3.81m | eta: 334.1m
step 00060/04357 (1.38%) | loss: 5.380597 | lrm: 1.00 | dt: 11829.77ms | tok/sec: 88,638 | bf16_mfu: 15.95 | epoch: 1 | total time: 4.01m | eta: 344.3m
step 00061/04357 (1.40%) | loss: 5.365360 | lrm: 1.00 | dt: 3947.58ms | tok/sec: 265,624 | bf16_mfu: 47.78 | epoch: 1 | total time: 4.07m | eta: 343.0m
step 00062/04357 (1.42%) | loss: 5.342657 | lrm: 1.00 | dt: 4045.84ms | tok/sec: 259,173 | bf16_mfu: 46.62 | epoch: 1 | total time: 4.14m | eta: 341.9m
step 00063/04357 (1.45%) | loss: 5.328416 | lrm: 1.00 | dt: 4056.16ms | tok/sec: 258,514 | bf16_mfu: 46.50 | epoch: 1 | total time: 4.21m | eta: 340.8m
step 00064/04357 (1.47%) | loss: 5.307831 | lrm: 1.00 | dt: 3983.66ms | tok/sec: 263,219 | bf16_mfu: 47.35 | epoch: 1 | total time: 4.27m | eta: 339.7m
step 00065/04357 (1.49%) | loss: 5.289301 | lrm: 1.00 | dt: 4074.78ms | tok/sec: 257,333 | bf16_mfu: 46.29 | epoch: 1 | total time: 4.34m | eta: 338.7m
step 00066/04357 (1.51%) | loss: 5.276114 | lrm: 1.00 | dt: 4078.82ms | tok/sec: 257,078 | bf16_mfu: 46.25 | epoch: 1 | total time: 4.41m | eta: 337.8m
step 00067/04357 (1.54%) | loss: 5.252346 | lrm: 1.00 | dt: 4084.69ms | tok/sec: 256,709 | bf16_mfu: 46.18 | epoch: 1 | total time: 4.48m | eta: 336.9m
step 00068/04357 (1.56%) | loss: 5.243428 | lrm: 1.00 | dt: 4097.96ms | tok/sec: 255,877 | bf16_mfu: 46.03 | epoch: 1 | total time: 4.55m | eta: 336.1m
step 00069/04357 (1.58%) | loss: 5.218465 | lrm: 1.00 | dt: 4081.98ms | tok/sec: 256,879 | bf16_mfu: 46.21 | epoch: 1 | total time: 4.61m | eta: 335.3m
step 00070/04357 (1.61%) | loss: 5.206825 | lrm: 1.00 | dt: 11869.63ms | tok/sec: 88,341 | bf16_mfu: 15.89 | epoch: 1 | total time: 4.81m | eta: 343.8m
step 00071/04357 (1.63%) | loss: 5.187732 | lrm: 1.00 | dt: 3999.80ms | tok/sec: 262,157 | bf16_mfu: 47.16 | epoch: 1 | total time: 4.88m | eta: 342.7m
step 00072/04357 (1.65%) | loss: 5.171568 | lrm: 1.00 | dt: 4064.54ms | tok/sec: 257,981 | bf16_mfu: 46.41 | epoch: 1 | total time: 4.95m | eta: 341.8m
step 00073/04357 (1.68%) | loss: 5.159609 | lrm: 1.00 | dt: 4071.14ms | tok/sec: 257,563 | bf16_mfu: 46.33 | epoch: 1 | total time: 5.01m | eta: 340.9m
step 00074/04357 (1.70%) | loss: 5.129333 | lrm: 1.00 | dt: 4081.52ms | tok/sec: 256,908 | bf16_mfu: 46.22 | epoch: 1 | total time: 5.08m | eta: 340.1m
step 00075/04357 (1.72%) | loss: 5.110169 | lrm: 1.00 | dt: 4098.26ms | tok/sec: 255,858 | bf16_mfu: 46.03 | epoch: 1 | total time: 5.15m | eta: 339.2m
step 00076/04357 (1.74%) | loss: 5.092140 | lrm: 1.00 | dt: 4094.38ms | tok/sec: 256,101 | bf16_mfu: 46.07 | epoch: 1 | total time: 5.22m | eta: 338.5m
step 00077/04357 (1.77%) | loss: 5.070370 | lrm: 1.00 | dt: 4090.88ms | tok/sec: 256,320 | bf16_mfu: 46.11 | epoch: 1 | total time: 5.29m | eta: 337.7m
step 00078/04357 (1.79%) | loss: 5.048978 | lrm: 1.00 | dt: 4102.41ms | tok/sec: 255,600 | bf16_mfu: 45.98 | epoch: 1 | total time: 5.35m | eta: 336.9m
step 00079/04357 (1.81%) | loss: 5.024753 | lrm: 1.00 | dt: 4105.85ms | tok/sec: 255,385 | bf16_mfu: 45.94 | epoch: 1 | total time: 5.42m | eta: 336.2m
step 00080/04357 (1.84%) | loss: 5.000255 | lrm: 1.00 | dt: 11915.17ms | tok/sec: 88,003 | bf16_mfu: 15.83 | epoch: 1 | total time: 5.62m | eta: 343.5m
step 00081/04357 (1.86%) | loss: 4.968064 | lrm: 1.00 | dt: 4013.39ms | tok/sec: 261,269 | bf16_mfu: 47.00 | epoch: 1 | total time: 5.69m | eta: 342.6m
step 00082/04357 (1.88%) | loss: 4.954209 | lrm: 1.00 | dt: 4086.71ms | tok/sec: 256,581 | bf16_mfu: 46.16 | epoch: 1 | total time: 5.76m | eta: 341.8m
step 00083/04357 (1.90%) | loss: 4.929081 | lrm: 1.00 | dt: 4089.20ms | tok/sec: 256,426 | bf16_mfu: 46.13 | epoch: 1 | total time: 5.82m | eta: 341.0m
step 00084/04357 (1.93%) | loss: 4.937724 | lrm: 1.00 | dt: 4102.65ms | tok/sec: 255,584 | bf16_mfu: 45.98 | epoch: 1 | total time: 5.89m | eta: 340.3m
step 00085/04357 (1.95%) | loss: 4.923960 | lrm: 1.00 | dt: 4108.52ms | tok/sec: 255,220 | bf16_mfu: 45.91 | epoch: 1 | total time: 5.96m | eta: 339.6m
step 00086/04357 (1.97%) | loss: 4.917920 | lrm: 1.00 | dt: 4122.01ms | tok/sec: 254,384 | bf16_mfu: 45.76 | epoch: 1 | total time: 6.03m | eta: 338.9m
step 00087/04357 (2.00%) | loss: 4.896944 | lrm: 1.00 | dt: 4120.22ms | tok/sec: 254,495 | bf16_mfu: 45.78 | epoch: 1 | total time: 6.10m | eta: 338.2m
step 00088/04357 (2.02%) | loss: 4.887234 | lrm: 1.00 | dt: 4128.30ms | tok/sec: 253,996 | bf16_mfu: 45.69 | epoch: 1 | total time: 6.17m | eta: 337.6m
step 00089/04357 (2.04%) | loss: 4.882605 | lrm: 1.00 | dt: 4141.70ms | tok/sec: 253,175 | bf16_mfu: 45.54 | epoch: 1 | total time: 6.24m | eta: 336.9m
step 00090/04357 (2.07%) | loss: 4.866222 | lrm: 1.00 | dt: 11934.54ms | tok/sec: 87,860 | bf16_mfu: 15.81 | epoch: 1 | total time: 6.44m | eta: 343.3m
step 00091/04357 (2.09%) | loss: 4.848605 | lrm: 1.00 | dt: 4070.75ms | tok/sec: 257,587 | bf16_mfu: 46.34 | epoch: 1 | total time: 6.50m | eta: 342.5m
step 00092/04357 (2.11%) | loss: 4.815851 | lrm: 1.00 | dt: 4091.30ms | tok/sec: 256,294 | bf16_mfu: 46.11 | epoch: 1 | total time: 6.57m | eta: 341.8m
step 00093/04357 (2.13%) | loss: 4.798827 | lrm: 1.00 | dt: 4102.51ms | tok/sec: 255,593 | bf16_mfu: 45.98 | epoch: 1 | total time: 6.64m | eta: 341.1m
step 00094/04357 (2.16%) | loss: 4.776946 | lrm: 1.00 | dt: 4114.77ms | tok/sec: 254,832 | bf16_mfu: 45.84 | epoch: 1 | total time: 6.71m | eta: 340.5m
step 00095/04357 (2.18%) | loss: 4.770659 | lrm: 1.00 | dt: 4117.15ms | tok/sec: 254,685 | bf16_mfu: 45.82 | epoch: 1 | total time: 6.78m | eta: 339.8m
step 00096/04357 (2.20%) | loss: 4.739729 | lrm: 1.00 | dt: 4111.56ms | tok/sec: 255,031 | bf16_mfu: 45.88 | epoch: 1 | total time: 6.85m | eta: 339.2m
step 00097/04357 (2.23%) | loss: 4.708986 | lrm: 1.00 | dt: 4112.45ms | tok/sec: 254,975 | bf16_mfu: 45.87 | epoch: 1 | total time: 6.91m | eta: 338.6m
step 00098/04357 (2.25%) | loss: 4.703684 | lrm: 1.00 | dt: 4130.08ms | tok/sec: 253,887 | bf16_mfu: 45.67 | epoch: 1 | total time: 6.98m | eta: 338.0m
step 00099/04357 (2.27%) | loss: 4.693739 | lrm: 1.00 | dt: 4123.18ms | tok/sec: 254,312 | bf16_mfu: 45.75 | epoch: 1 | total time: 7.05m | eta: 337.4m
step 00100/04357 (2.30%) | loss: 4.679710 | lrm: 1.00 | dt: 11955.92ms | tok/sec: 87,703 | bf16_mfu: 15.78 | epoch: 1 | total time: 7.25m | eta: 343.0m
step 00101/04357 (2.32%) | loss: 4.672614 | lrm: 1.00 | dt: 4029.22ms | tok/sec: 260,242 | bf16_mfu: 46.82 | epoch: 1 | total time: 7.32m | eta: 342.3m
step 00102/04357 (2.34%) | loss: 4.666973 | lrm: 1.00 | dt: 4094.59ms | tok/sec: 256,088 | bf16_mfu: 46.07 | epoch: 1 | total time: 7.39m | eta: 341.6m
step 00103/04357 (2.36%) | loss: 4.645675 | lrm: 1.00 | dt: 4102.52ms | tok/sec: 255,592 | bf16_mfu: 45.98 | epoch: 1 | total time: 7.45m | eta: 341.0m
step 00104/04357 (2.39%) | loss: 4.633539 | lrm: 1.00 | dt: 4102.01ms | tok/sec: 255,624 | bf16_mfu: 45.98 | epoch: 1 | total time: 7.52m | eta: 340.4m
step 00105/04357 (2.41%) | loss: 4.613161 | lrm: 1.00 | dt: 4116.45ms | tok/sec: 254,728 | bf16_mfu: 45.82 | epoch: 1 | total time: 7.59m | eta: 339.8m
step 00106/04357 (2.43%) | loss: 4.594203 | lrm: 1.00 | dt: 4114.01ms | tok/sec: 254,879 | bf16_mfu: 45.85 | epoch: 1 | total time: 7.66m | eta: 339.2m
step 00107/04357 (2.46%) | loss: 4.573710 | lrm: 1.00 | dt: 4120.48ms | tok/sec: 254,478 | bf16_mfu: 45.78 | epoch: 1 | total time: 7.73m | eta: 338.6m
step 00108/04357 (2.48%) | loss: 4.573170 | lrm: 1.00 | dt: 4126.91ms | tok/sec: 254,082 | bf16_mfu: 45.71 | epoch: 1 | total time: 7.80m | eta: 338.1m
step 00109/04357 (2.50%) | loss: 4.558125 | lrm: 1.00 | dt: 4124.51ms | tok/sec: 254,230 | bf16_mfu: 45.73 | epoch: 1 | total time: 7.87m | eta: 337.6m
step 00110/04357 (2.52%) | loss: 4.544792 | lrm: 1.00 | dt: 11938.59ms | tok/sec: 87,830 | bf16_mfu: 15.80 | epoch: 1 | total time: 8.07m | eta: 342.5m
step 00111/04357 (2.55%) | loss: 4.525093 | lrm: 1.00 | dt: 4058.09ms | tok/sec: 258,391 | bf16_mfu: 46.48 | epoch: 1 | total time: 8.13m | eta: 341.9m
step 00112/04357 (2.57%) | loss: 4.514453 | lrm: 1.00 | dt: 4101.21ms | tok/sec: 255,674 | bf16_mfu: 45.99 | epoch: 1 | total time: 8.20m | eta: 341.3m
step 00113/04357 (2.59%) | loss: 4.508959 | lrm: 1.00 | dt: 4098.89ms | tok/sec: 255,819 | bf16_mfu: 46.02 | epoch: 1 | total time: 8.27m | eta: 340.8m
step 00114/04357 (2.62%) | loss: 4.479970 | lrm: 1.00 | dt: 4103.42ms | tok/sec: 255,536 | bf16_mfu: 45.97 | epoch: 1 | total time: 8.34m | eta: 340.2m
step 00115/04357 (2.64%) | loss: 4.484919 | lrm: 1.00 | dt: 4115.68ms | tok/sec: 254,776 | bf16_mfu: 45.83 | epoch: 1 | total time: 8.41m | eta: 339.6m
step 00116/04357 (2.66%) | loss: 4.466081 | lrm: 1.00 | dt: 4118.89ms | tok/sec: 254,577 | bf16_mfu: 45.80 | epoch: 1 | total time: 8.48m | eta: 339.1m
step 00117/04357 (2.69%) | loss: 4.443168 | lrm: 1.00 | dt: 4126.84ms | tok/sec: 254,086 | bf16_mfu: 45.71 | epoch: 1 | total time: 8.54m | eta: 338.6m
step 00118/04357 (2.71%) | loss: 4.433335 | lrm: 1.00 | dt: 4128.42ms | tok/sec: 253,989 | bf16_mfu: 45.69 | epoch: 1 | total time: 8.61m | eta: 338.1m
step 00119/04357 (2.73%) | loss: 4.415916 | lrm: 1.00 | dt: 4136.69ms | tok/sec: 253,481 | bf16_mfu: 45.60 | epoch: 1 | total time: 8.68m | eta: 337.6m
step 00120/04357 (2.75%) | loss: 4.406921 | lrm: 1.00 | dt: 11913.38ms | tok/sec: 88,016 | bf16_mfu: 15.83 | epoch: 1 | total time: 8.88m | eta: 342.1m
step 00121/04357 (2.78%) | loss: 4.395391 | lrm: 1.00 | dt: 4048.53ms | tok/sec: 259,001 | bf16_mfu: 46.59 | epoch: 1 | total time: 8.95m | eta: 341.5m
step 00122/04357 (2.80%) | loss: 4.379784 | lrm: 1.00 | dt: 4091.86ms | tok/sec: 256,258 | bf16_mfu: 46.10 | epoch: 1 | total time: 9.02m | eta: 340.9m
step 00123/04357 (2.82%) | loss: 4.377126 | lrm: 1.00 | dt: 4106.40ms | tok/sec: 255,351 | bf16_mfu: 45.94 | epoch: 1 | total time: 9.08m | eta: 340.4m
step 00124/04357 (2.85%) | loss: 4.360755 | lrm: 1.00 | dt: 4095.28ms | tok/sec: 256,045 | bf16_mfu: 46.06 | epoch: 1 | total time: 9.15m | eta: 339.9m
step 00125/04357 (2.87%) | loss: 4.343732 | lrm: 1.00 | dt: 4111.75ms | tok/sec: 255,019 | bf16_mfu: 45.88 | epoch: 1 | total time: 9.22m | eta: 339.4m
step 00126/04357 (2.89%) | loss: 4.329472 | lrm: 1.00 | dt: 4115.42ms | tok/sec: 254,792 | bf16_mfu: 45.83 | epoch: 1 | total time: 9.29m | eta: 338.8m
step 00127/04357 (2.91%) | loss: 4.329210 | lrm: 1.00 | dt: 4113.18ms | tok/sec: 254,930 | bf16_mfu: 45.86 | epoch: 1 | total time: 9.36m | eta: 338.4m
step 00128/04357 (2.94%) | loss: 4.317677 | lrm: 1.00 | dt: 4115.59ms | tok/sec: 254,781 | bf16_mfu: 45.83 | epoch: 1 | total time: 9.43m | eta: 337.9m
step 00129/04357 (2.96%) | loss: 4.305799 | lrm: 1.00 | dt: 4106.94ms | tok/sec: 255,318 | bf16_mfu: 45.93 | epoch: 1 | total time: 9.50m | eta: 337.4m
step 00130/04357 (2.98%) | loss: 4.292712 | lrm: 1.00 | dt: 11893.87ms | tok/sec: 88,161 | bf16_mfu: 15.86 | epoch: 1 | total time: 9.69m | eta: 341.5m
step 00131/04357 (3.01%) | loss: 4.281225 | lrm: 1.00 | dt: 4013.76ms | tok/sec: 261,245 | bf16_mfu: 47.00 | epoch: 1 | total time: 9.76m | eta: 340.9m
step 00132/04357 (3.03%) | loss: 4.272265 | lrm: 1.00 | dt: 4093.24ms | tok/sec: 256,172 | bf16_mfu: 46.08 | epoch: 1 | total time: 9.83m | eta: 340.4m
step 00133/04357 (3.05%) | loss: 4.262049 | lrm: 1.00 | dt: 4097.16ms | tok/sec: 255,927 | bf16_mfu: 46.04 | epoch: 1 | total time: 9.90m | eta: 339.9m
step 00134/04357 (3.08%) | loss: 4.255732 | lrm: 1.00 | dt: 4097.97ms | tok/sec: 255,876 | bf16_mfu: 46.03 | epoch: 1 | total time: 9.97m | eta: 339.4m
step 00135/04357 (3.10%) | loss: 4.213485 | lrm: 1.00 | dt: 4107.39ms | tok/sec: 255,289 | bf16_mfu: 45.92 | epoch: 1 | total time: 10.03m | eta: 338.9m
step 00136/04357 (3.12%) | loss: 4.197190 | lrm: 1.00 | dt: 4105.29ms | tok/sec: 255,420 | bf16_mfu: 45.95 | epoch: 1 | total time: 10.10m | eta: 338.4m
step 00137/04357 (3.14%) | loss: 4.203361 | lrm: 1.00 | dt: 4113.25ms | tok/sec: 254,926 | bf16_mfu: 45.86 | epoch: 1 | total time: 10.17m | eta: 338.0m
step 00138/04357 (3.17%) | loss: 4.198780 | lrm: 1.00 | dt: 4110.90ms | tok/sec: 255,071 | bf16_mfu: 45.89 | epoch: 1 | total time: 10.24m | eta: 337.5m
step 00139/04357 (3.19%) | loss: 4.181473 | lrm: 1.00 | dt: 4114.57ms | tok/sec: 254,844 | bf16_mfu: 45.84 | epoch: 1 | total time: 10.31m | eta: 337.1m
step 00140/04357 (3.21%) | loss: 4.167014 | lrm: 1.00 | dt: 11821.51ms | tok/sec: 88,700 | bf16_mfu: 15.96 | epoch: 1 | total time: 10.51m | eta: 340.8m
step 00141/04357 (3.24%) | loss: 4.160320 | lrm: 1.00 | dt: 4051.26ms | tok/sec: 258,827 | bf16_mfu: 46.56 | epoch: 1 | total time: 10.57m | eta: 340.3m
step 00142/04357 (3.26%) | loss: 4.167295 | lrm: 1.00 | dt: 4084.48ms | tok/sec: 256,721 | bf16_mfu: 46.18 | epoch: 1 | total time: 10.64m | eta: 339.8m
step 00143/04357 (3.28%) | loss: 4.148525 | lrm: 1.00 | dt: 4086.28ms | tok/sec: 256,609 | bf16_mfu: 46.16 | epoch: 1 | total time: 10.71m | eta: 339.3m
step 00144/04357 (3.31%) | loss: 4.143197 | lrm: 1.00 | dt: 4100.92ms | tok/sec: 255,692 | bf16_mfu: 46.00 | epoch: 1 | total time: 10.78m | eta: 338.8m
step 00145/04357 (3.33%) | loss: 4.114572 | lrm: 1.00 | dt: 4104.38ms | tok/sec: 255,477 | bf16_mfu: 45.96 | epoch: 1 | total time: 10.85m | eta: 338.4m
step 00146/04357 (3.35%) | loss: 4.118154 | lrm: 1.00 | dt: 4106.50ms | tok/sec: 255,345 | bf16_mfu: 45.93 | epoch: 1 | total time: 10.91m | eta: 337.9m
step 00147/04357 (3.37%) | loss: 4.108500 | lrm: 1.00 | dt: 4117.10ms | tok/sec: 254,688 | bf16_mfu: 45.82 | epoch: 1 | total time: 10.98m | eta: 337.5m
step 00148/04357 (3.40%) | loss: 4.115699 | lrm: 1.00 | dt: 4112.37ms | tok/sec: 254,980 | bf16_mfu: 45.87 | epoch: 1 | total time: 11.05m | eta: 337.1m
step 00149/04357 (3.42%) | loss: 4.097670 | lrm: 1.00 | dt: 4124.32ms | tok/sec: 254,242 | bf16_mfu: 45.74 | epoch: 1 | total time: 11.12m | eta: 336.6m
step 00150/04357 (3.44%) | loss: 4.082898 | lrm: 1.00 | dt: 11796.49ms | tok/sec: 88,888 | bf16_mfu: 15.99 | epoch: 1 | total time: 11.32m | eta: 340.1m
step 00151/04357 (3.47%) | loss: 4.076747 | lrm: 1.00 | dt: 4040.18ms | tok/sec: 259,536 | bf16_mfu: 46.69 | epoch: 1 | total time: 11.38m | eta: 339.6m
step 00152/04357 (3.49%) | loss: 4.071829 | lrm: 1.00 | dt: 4080.10ms | tok/sec: 256,997 | bf16_mfu: 46.23 | epoch: 1 | total time: 11.45m | eta: 339.1m
step 00153/04357 (3.51%) | loss: 4.058155 | lrm: 1.00 | dt: 4098.93ms | tok/sec: 255,816 | bf16_mfu: 46.02 | epoch: 1 | total time: 11.52m | eta: 338.7m
step 00154/04357 (3.53%) | loss: 4.058532 | lrm: 1.00 | dt: 4101.15ms | tok/sec: 255,678 | bf16_mfu: 45.99 | epoch: 1 | total time: 11.59m | eta: 338.2m
step 00155/04357 (3.56%) | loss: 4.057295 | lrm: 1.00 | dt: 4097.41ms | tok/sec: 255,911 | bf16_mfu: 46.04 | epoch: 1 | total time: 11.66m | eta: 337.8m
step 00156/04357 (3.58%) | loss: 4.065490 | lrm: 1.00 | dt: 4115.95ms | tok/sec: 254,759 | bf16_mfu: 45.83 | epoch: 1 | total time: 11.73m | eta: 337.4m
step 00157/04357 (3.60%) | loss: 4.060120 | lrm: 1.00 | dt: 4107.84ms | tok/sec: 255,261 | bf16_mfu: 45.92 | epoch: 1 | total time: 11.79m | eta: 337.0m
step 00158/04357 (3.63%) | loss: 4.048436 | lrm: 1.00 | dt: 4121.09ms | tok/sec: 254,441 | bf16_mfu: 45.77 | epoch: 1 | total time: 11.86m | eta: 336.6m
step 00159/04357 (3.65%) | loss: 4.029758 | lrm: 1.00 | dt: 4118.37ms | tok/sec: 254,609 | bf16_mfu: 45.80 | epoch: 1 | total time: 11.93m | eta: 336.2m
step 00160/04357 (3.67%) | loss: 4.016690 | lrm: 1.00 | dt: 11738.85ms | tok/sec: 89,325 | bf16_mfu: 16.07 | epoch: 1 | total time: 12.13m | eta: 339.3m
step 00161/04357 (3.70%) | loss: 4.018700 | lrm: 1.00 | dt: 4039.99ms | tok/sec: 259,549 | bf16_mfu: 46.69 | epoch: 1 | total time: 12.19m | eta: 338.9m
step 00162/04357 (3.72%) | loss: 4.017745 | lrm: 1.00 | dt: 4092.47ms | tok/sec: 256,220 | bf16_mfu: 46.09 | epoch: 1 | total time: 12.26m | eta: 338.4m
step 00163/04357 (3.74%) | loss: 3.989445 | lrm: 1.00 | dt: 4088.53ms | tok/sec: 256,467 | bf16_mfu: 46.14 | epoch: 1 | total time: 12.33m | eta: 338.0m
step 00164/04357 (3.76%) | loss: 4.003507 | lrm: 1.00 | dt: 4095.21ms | tok/sec: 256,049 | bf16_mfu: 46.06 | epoch: 1 | total time: 12.40m | eta: 337.6m
step 00165/04357 (3.79%) | loss: 4.004952 | lrm: 1.00 | dt: 4097.48ms | tok/sec: 255,907 | bf16_mfu: 46.04 | epoch: 1 | total time: 12.47m | eta: 337.2m
step 00166/04357 (3.81%) | loss: 4.006251 | lrm: 1.00 | dt: 4111.58ms | tok/sec: 255,030 | bf16_mfu: 45.88 | epoch: 1 | total time: 12.54m | eta: 336.8m
step 00167/04357 (3.83%) | loss: 3.980503 | lrm: 1.00 | dt: 4122.73ms | tok/sec: 254,339 | bf16_mfu: 45.75 | epoch: 1 | total time: 12.60m | eta: 336.4m
step 00168/04357 (3.86%) | loss: 3.970829 | lrm: 1.00 | dt: 4105.19ms | tok/sec: 255,426 | bf16_mfu: 45.95 | epoch: 1 | total time: 12.67m | eta: 336.0m
step 00169/04357 (3.88%) | loss: 3.956825 | lrm: 1.00 | dt: 4116.10ms | tok/sec: 254,749 | bf16_mfu: 45.83 | epoch: 1 | total time: 12.74m | eta: 335.6m
step 00170/04357 (3.90%) | loss: 3.944696 | lrm: 1.00 | dt: 11705.11ms | tok/sec: 89,582 | bf16_mfu: 16.12 | epoch: 1 | total time: 12.94m | eta: 338.5m
step 00171/04357 (3.92%) | loss: 3.946911 | lrm: 1.00 | dt: 4048.16ms | tok/sec: 259,025 | bf16_mfu: 46.60 | epoch: 1 | total time: 13.00m | eta: 338.1m
step 00172/04357 (3.95%) | loss: 3.944009 | lrm: 1.00 | dt: 4086.17ms | tok/sec: 256,615 | bf16_mfu: 46.16 | epoch: 1 | total time: 13.07m | eta: 337.7m
step 00173/04357 (3.97%) | loss: 3.931368 | lrm: 1.00 | dt: 4099.49ms | tok/sec: 255,782 | bf16_mfu: 46.01 | epoch: 1 | total time: 13.14m | eta: 337.3m
step 00174/04357 (3.99%) | loss: 3.934793 | lrm: 1.00 | dt: 4096.44ms | tok/sec: 255,972 | bf16_mfu: 46.05 | epoch: 1 | total time: 13.21m | eta: 336.9m
step 00175/04357 (4.02%) | loss: 3.932108 | lrm: 1.00 | dt: 4106.30ms | tok/sec: 255,358 | bf16_mfu: 45.94 | epoch: 1 | total time: 13.28m | eta: 336.5m
step 00176/04357 (4.04%) | loss: 3.928444 | lrm: 1.00 | dt: 4101.74ms | tok/sec: 255,641 | bf16_mfu: 45.99 | epoch: 1 | total time: 13.35m | eta: 336.1m
step 00177/04357 (4.06%) | loss: 3.916293 | lrm: 1.00 | dt: 4103.41ms | tok/sec: 255,538 | bf16_mfu: 45.97 | epoch: 1 | total time: 13.41m | eta: 335.7m
step 00178/04357 (4.09%) | loss: 3.913173 | lrm: 1.00 | dt: 4122.11ms | tok/sec: 254,378 | bf16_mfu: 45.76 | epoch: 1 | total time: 13.48m | eta: 335.4m
step 00179/04357 (4.11%) | loss: 3.917710 | lrm: 1.00 | dt: 4106.57ms | tok/sec: 255,341 | bf16_mfu: 45.93 | epoch: 1 | total time: 13.55m | eta: 335.0m
step 00180/04357 (4.13%) | loss: 3.903929 | lrm: 1.00 | dt: 11649.65ms | tok/sec: 90,009 | bf16_mfu: 16.19 | epoch: 1 | total time: 13.75m | eta: 337.7m
step 00181/04357 (4.15%) | loss: 3.908131 | lrm: 1.00 | dt: 4044.36ms | tok/sec: 259,268 | bf16_mfu: 46.64 | epoch: 1 | total time: 13.81m | eta: 337.3m
step 00182/04357 (4.18%) | loss: 3.905394 | lrm: 1.00 | dt: 4091.78ms | tok/sec: 256,264 | bf16_mfu: 46.10 | epoch: 1 | total time: 13.88m | eta: 336.9m
step 00183/04357 (4.20%) | loss: 3.903469 | lrm: 1.00 | dt: 4105.96ms | tok/sec: 255,379 | bf16_mfu: 45.94 | epoch: 1 | total time: 13.95m | eta: 336.6m
step 00184/04357 (4.22%) | loss: 3.904654 | lrm: 1.00 | dt: 4106.05ms | tok/sec: 255,373 | bf16_mfu: 45.94 | epoch: 1 | total time: 14.02m | eta: 336.2m
step 00185/04357 (4.25%) | loss: 3.914510 | lrm: 1.00 | dt: 4104.89ms | tok/sec: 255,445 | bf16_mfu: 45.95 | epoch: 1 | total time: 14.09m | eta: 335.8m
step 00186/04357 (4.27%) | loss: 3.903937 | lrm: 1.00 | dt: 4105.46ms | tok/sec: 255,409 | bf16_mfu: 45.95 | epoch: 1 | total time: 14.15m | eta: 335.4m
step 00187/04357 (4.29%) | loss: 3.891713 | lrm: 1.00 | dt: 4117.87ms | tok/sec: 254,640 | bf16_mfu: 45.81 | epoch: 1 | total time: 14.22m | eta: 335.1m
step 00188/04357 (4.31%) | loss: 3.890878 | lrm: 1.00 | dt: 4113.69ms | tok/sec: 254,899 | bf16_mfu: 45.85 | epoch: 1 | total time: 14.29m | eta: 334.7m
step 00189/04357 (4.34%) | loss: 3.870295 | lrm: 1.00 | dt: 4105.97ms | tok/sec: 255,378 | bf16_mfu: 45.94 | epoch: 1 | total time: 14.36m | eta: 334.4m
step 00190/04357 (4.36%) | loss: 3.886778 | lrm: 1.00 | dt: 11620.37ms | tok/sec: 90,236 | bf16_mfu: 16.23 | epoch: 1 | total time: 14.55m | eta: 336.9m
step 00191/04357 (4.38%) | loss: 3.889298 | lrm: 1.00 | dt: 4053.09ms | tok/sec: 258,710 | bf16_mfu: 46.54 | epoch: 1 | total time: 14.62m | eta: 336.5m
step 00192/04357 (4.41%) | loss: 3.908435 | lrm: 1.00 | dt: 4066.05ms | tok/sec: 257,885 | bf16_mfu: 46.39 | epoch: 1 | total time: 14.69m | eta: 336.2m
step 00193/04357 (4.43%) | loss: 3.913226 | lrm: 1.00 | dt: 4090.92ms | tok/sec: 256,317 | bf16_mfu: 46.11 | epoch: 1 | total time: 14.76m | eta: 335.8m
step 00194/04357 (4.45%) | loss: 3.927335 | lrm: 1.00 | dt: 4092.85ms | tok/sec: 256,196 | bf16_mfu: 46.09 | epoch: 1 | total time: 14.83m | eta: 335.4m
step 00195/04357 (4.48%) | loss: 3.920755 | lrm: 1.00 | dt: 4095.64ms | tok/sec: 256,022 | bf16_mfu: 46.06 | epoch: 1 | total time: 14.89m | eta: 335.1m
step 00196/04357 (4.50%) | loss: 3.918363 | lrm: 1.00 | dt: 4097.77ms | tok/sec: 255,889 | bf16_mfu: 46.03 | epoch: 1 | total time: 14.96m | eta: 334.7m
step 00197/04357 (4.52%) | loss: 3.922209 | lrm: 1.00 | dt: 4116.45ms | tok/sec: 254,727 | bf16_mfu: 45.82 | epoch: 1 | total time: 15.03m | eta: 334.4m
step 00198/04357 (4.54%) | loss: 3.908324 | lrm: 1.00 | dt: 4108.52ms | tok/sec: 255,219 | bf16_mfu: 45.91 | epoch: 1 | total time: 15.10m | eta: 334.0m
step 00199/04357 (4.57%) | loss: 3.889603 | lrm: 1.00 | dt: 4112.42ms | tok/sec: 254,978 | bf16_mfu: 45.87 | epoch: 1 | total time: 15.17m | eta: 333.7m
step 00200/04357 (4.59%) | loss: 3.875784 | lrm: 1.00 | dt: 11593.51ms | tok/sec: 90,445 | bf16_mfu: 16.27 | epoch: 1 | total time: 15.36m | eta: 336.1m
step 00201/04357 (4.61%) | loss: 3.911160 | lrm: 1.00 | dt: 4028.61ms | tok/sec: 260,282 | bf16_mfu: 46.82 | epoch: 1 | total time: 15.43m | eta: 335.7m
step 00202/04357 (4.64%) | loss: 3.914778 | lrm: 1.00 | dt: 4085.03ms | tok/sec: 256,687 | bf16_mfu: 46.18 | epoch: 1 | total time: 15.50m | eta: 335.3m
step 00203/04357 (4.66%) | loss: 3.912319 | lrm: 1.00 | dt: 4084.06ms | tok/sec: 256,748 | bf16_mfu: 46.19 | epoch: 1 | total time: 15.56m | eta: 335.0m
step 00204/04357 (4.68%) | loss: 3.918742 | lrm: 1.00 | dt: 4091.65ms | tok/sec: 256,272 | bf16_mfu: 46.10 | epoch: 1 | total time: 15.63m | eta: 334.6m
step 00205/04357 (4.71%) | loss: 3.915910 | lrm: 1.00 | dt: 4097.12ms | tok/sec: 255,930 | bf16_mfu: 46.04 | epoch: 1 | total time: 15.70m | eta: 334.3m
step 00206/04357 (4.73%) | loss: 3.906505 | lrm: 1.00 | dt: 4099.81ms | tok/sec: 255,761 | bf16_mfu: 46.01 | epoch: 1 | total time: 15.77m | eta: 334.0m
step 00207/04357 (4.75%) | loss: 3.907835 | lrm: 1.00 | dt: 4110.84ms | tok/sec: 255,076 | bf16_mfu: 45.89 | epoch: 1 | total time: 15.84m | eta: 333.6m
step 00208/04357 (4.77%) | loss: 3.902671 | lrm: 1.00 | dt: 4119.98ms | tok/sec: 254,509 | bf16_mfu: 45.78 | epoch: 1 | total time: 15.91m | eta: 333.3m
step 00209/04357 (4.80%) | loss: 3.901705 | lrm: 1.00 | dt: 4111.18ms | tok/sec: 255,055 | bf16_mfu: 45.88 | epoch: 1 | total time: 15.97m | eta: 333.0m
step 00210/04357 (4.82%) | loss: 3.892457 | lrm: 1.00 | dt: 11551.29ms | tok/sec: 90,775 | bf16_mfu: 16.33 | epoch: 1 | total time: 16.17m | eta: 335.2m
step 00211/04357 (4.84%) | loss: 3.908840 | lrm: 1.00 | dt: 4050.87ms | tok/sec: 258,852 | bf16_mfu: 46.57 | epoch: 1 | total time: 16.23m | eta: 334.9m
step 00212/04357 (4.87%) | loss: 3.922281 | lrm: 1.00 | dt: 4068.46ms | tok/sec: 257,732 | bf16_mfu: 46.36 | epoch: 1 | total time: 16.30m | eta: 334.5m
step 00213/04357 (4.89%) | loss: 3.925534 | lrm: 1.00 | dt: 4108.18ms | tok/sec: 255,240 | bf16_mfu: 45.92 | epoch: 1 | total time: 16.37m | eta: 334.2m
step 00214/04357 (4.91%) | loss: 3.923192 | lrm: 1.00 | dt: 4078.53ms | tok/sec: 257,096 | bf16_mfu: 46.25 | epoch: 1 | total time: 16.44m | eta: 333.9m
step 00215/04357 (4.93%) | loss: 3.930934 | lrm: 1.00 | dt: 4104.69ms | tok/sec: 255,457 | bf16_mfu: 45.95 | epoch: 1 | total time: 16.51m | eta: 333.5m
step 00216/04357 (4.96%) | loss: 3.924933 | lrm: 1.00 | dt: 4116.33ms | tok/sec: 254,735 | bf16_mfu: 45.82 | epoch: 1 | total time: 16.58m | eta: 333.2m
step 00217/04357 (4.98%) | loss: 3.933476 | lrm: 1.00 | dt: 4110.07ms | tok/sec: 255,123 | bf16_mfu: 45.89 | epoch: 1 | total time: 16.64m | eta: 332.9m
step 00218/04357 (5.00%) | loss: 3.914192 | lrm: 1.00 | dt: 4113.22ms | tok/sec: 254,928 | bf16_mfu: 45.86 | epoch: 1 | total time: 16.71m | eta: 332.6m
step 00219/04357 (5.03%) | loss: 3.916614 | lrm: 1.00 | dt: 4120.70ms | tok/sec: 254,465 | bf16_mfu: 45.78 | epoch: 1 | total time: 16.78m | eta: 332.3m
step 00220/04357 (5.05%) | loss: 3.904467 | lrm: 1.00 | dt: 11539.89ms | tok/sec: 90,865 | bf16_mfu: 16.35 | epoch: 1 | total time: 16.97m | eta: 334.4m
step 00221/04357 (5.07%) | loss: 3.938848 | lrm: 1.00 | dt: 4050.88ms | tok/sec: 258,851 | bf16_mfu: 46.57 | epoch: 1 | total time: 17.04m | eta: 334.0m
step 00222/04357 (5.10%) | loss: 3.955861 | lrm: 1.00 | dt: 4076.08ms | tok/sec: 257,251 | bf16_mfu: 46.28 | epoch: 1 | total time: 17.11m | eta: 333.7m
step 00223/04357 (5.12%) | loss: 3.972806 | lrm: 1.00 | dt: 4082.25ms | tok/sec: 256,862 | bf16_mfu: 46.21 | epoch: 1 | total time: 17.18m | eta: 333.4m
step 00224/04357 (5.14%) | loss: 3.961832 | lrm: 1.00 | dt: 4103.64ms | tok/sec: 255,523 | bf16_mfu: 45.97 | epoch: 1 | total time: 17.25m | eta: 333.1m
step 00225/04357 (5.16%) | loss: 3.976475 | lrm: 1.00 | dt: 4090.11ms | tok/sec: 256,368 | bf16_mfu: 46.12 | epoch: 1 | total time: 17.31m | eta: 332.8m
step 00226/04357 (5.19%) | loss: 3.970253 | lrm: 1.00 | dt: 4117.53ms | tok/sec: 254,661 | bf16_mfu: 45.81 | epoch: 1 | total time: 17.38m | eta: 332.4m
step 00227/04357 (5.21%) | loss: 3.968485 | lrm: 1.00 | dt: 4102.60ms | tok/sec: 255,588 | bf16_mfu: 45.98 | epoch: 1 | total time: 17.45m | eta: 332.1m
step 00228/04357 (5.23%) | loss: 3.937478 | lrm: 1.00 | dt: 4112.47ms | tok/sec: 254,974 | bf16_mfu: 45.87 | epoch: 1 | total time: 17.52m | eta: 331.8m
step 00229/04357 (5.26%) | loss: 3.934455 | lrm: 1.00 | dt: 4111.29ms | tok/sec: 255,047 | bf16_mfu: 45.88 | epoch: 1 | total time: 17.59m | eta: 331.5m
step 00230/04357 (5.28%) | loss: 3.932348 | lrm: 1.00 | dt: 11529.57ms | tok/sec: 90,946 | bf16_mfu: 16.36 | epoch: 1 | total time: 17.78m | eta: 333.5m
step 00231/04357 (5.30%) | loss: 3.976360 | lrm: 1.00 | dt: 4031.19ms | tok/sec: 260,116 | bf16_mfu: 46.79 | epoch: 1 | total time: 17.85m | eta: 333.2m
step 00232/04357 (5.32%) | loss: 4.030554 | lrm: 1.00 | dt: 4069.88ms | tok/sec: 257,642 | bf16_mfu: 46.35 | epoch: 1 | total time: 17.92m | eta: 332.9m
step 00233/04357 (5.35%) | loss: 4.046160 | lrm: 1.00 | dt: 4077.48ms | tok/sec: 257,162 | bf16_mfu: 46.26 | epoch: 1 | total time: 17.98m | eta: 332.6m
step 00234/04357 (5.37%) | loss: 4.158589 | lrm: 1.00 | dt: 4077.50ms | tok/sec: 257,161 | bf16_mfu: 46.26 | epoch: 1 | total time: 18.05m | eta: 332.3m
step 00235/04357 (5.39%) | loss: 4.168773 | lrm: 1.00 | dt: 4087.75ms | tok/sec: 256,516 | bf16_mfu: 46.15 | epoch: 1 | total time: 18.12m | eta: 331.9m
step 00236/04357 (5.42%) | loss: 4.166507 | lrm: 1.00 | dt: 4091.92ms | tok/sec: 256,255 | bf16_mfu: 46.10 | epoch: 1 | total time: 18.19m | eta: 331.6m
step 00237/04357 (5.44%) | loss: 4.172284 | lrm: 1.00 | dt: 4123.79ms | tok/sec: 254,275 | bf16_mfu: 45.74 | epoch: 1 | total time: 18.26m | eta: 331.3m
step 00238/04357 (5.46%) | loss: 4.174842 | lrm: 1.00 | dt: 4105.01ms | tok/sec: 255,438 | bf16_mfu: 45.95 | epoch: 1 | total time: 18.32m | eta: 331.1m
step 00239/04357 (5.49%) | loss: 4.178801 | lrm: 1.00 | dt: 4113.26ms | tok/sec: 254,926 | bf16_mfu: 45.86 | epoch: 1 | total time: 18.39m | eta: 330.8m
step 00240/04357 (5.51%) | loss: 4.169602 | lrm: 1.00 | dt: 11597.37ms | tok/sec: 90,415 | bf16_mfu: 16.26 | epoch: 1 | total time: 18.59m | eta: 332.7m
step 00241/04357 (5.53%) | loss: 4.229455 | lrm: 1.00 | dt: 4035.04ms | tok/sec: 259,867 | bf16_mfu: 46.75 | epoch: 1 | total time: 18.65m | eta: 332.4m
step 00242/04357 (5.55%) | loss: 4.272418 | lrm: 1.00 | dt: 4077.01ms | tok/sec: 257,192 | bf16_mfu: 46.27 | epoch: 1 | total time: 18.72m | eta: 332.1m
step 00243/04357 (5.58%) | loss: 4.301553 | lrm: 1.00 | dt: 4082.49ms | tok/sec: 256,847 | bf16_mfu: 46.20 | epoch: 1 | total time: 18.79m | eta: 331.8m
step 00244/04357 (5.60%) | loss: 4.334094 | lrm: 1.00 | dt: 4109.86ms | tok/sec: 255,136 | bf16_mfu: 45.90 | epoch: 1 | total time: 18.86m | eta: 331.5m
step 00245/04357 (5.62%) | loss: 4.326418 | lrm: 1.00 | dt: 4104.57ms | tok/sec: 255,465 | bf16_mfu: 45.96 | epoch: 1 | total time: 18.93m | eta: 331.2m
step 00246/04357 (5.65%) | loss: 4.314339 | lrm: 1.00 | dt: 4108.28ms | tok/sec: 255,234 | bf16_mfu: 45.91 | epoch: 1 | total time: 19.00m | eta: 330.9m
step 00247/04357 (5.67%) | loss: 4.311127 | lrm: 1.00 | dt: 4120.81ms | tok/sec: 254,458 | bf16_mfu: 45.77 | epoch: 1 | total time: 19.06m | eta: 330.6m
step 00248/04357 (5.69%) | loss: 4.295462 | lrm: 1.00 | dt: 4115.34ms | tok/sec: 254,796 | bf16_mfu: 45.84 | epoch: 1 | total time: 19.13m | eta: 330.3m
step 00249/04357 (5.71%) | loss: 4.283362 | lrm: 1.00 | dt: 4116.64ms | tok/sec: 254,716 | bf16_mfu: 45.82 | epoch: 1 | total time: 19.20m | eta: 330.0m
Step 00250 | Validation bpb: 1.256000
step 00250/04357 (5.74%) | loss: 4.259051 | lrm: 1.00 | dt: 23972.84ms | tok/sec: 43,740 | bf16_mfu: 7.87 | epoch: 1 | total time: 19.60m | eta: 335.4m
step 00251/04357 (5.76%) | loss: 4.297198 | lrm: 1.00 | dt: 3958.86ms | tok/sec: 264,868 | bf16_mfu: 47.65 | epoch: 1 | total time: 19.67m | eta: 335.1m
step 00252/04357 (5.78%) | loss: 4.335045 | lrm: 1.00 | dt: 4003.30ms | tok/sec: 261,927 | bf16_mfu: 47.12 | epoch: 1 | total time: 19.73m | eta: 334.7m
step 00253/04357 (5.81%) | loss: 4.355910 | lrm: 1.00 | dt: 4019.49ms | tok/sec: 260,873 | bf16_mfu: 46.93 | epoch: 1 | total time: 19.80m | eta: 334.4m
step 00254/04357 (5.83%) | loss: 4.365287 | lrm: 1.00 | dt: 4034.90ms | tok/sec: 259,876 | bf16_mfu: 46.75 | epoch: 1 | total time: 19.87m | eta: 334.1m
step 00255/04357 (5.85%) | loss: 4.363545 | lrm: 1.00 | dt: 4044.19ms | tok/sec: 259,279 | bf16_mfu: 46.64 | epoch: 1 | total time: 19.93m | eta: 333.8m
step 00256/04357 (5.88%) | loss: 4.357203 | lrm: 1.00 | dt: 4063.96ms | tok/sec: 258,018 | bf16_mfu: 46.42 | epoch: 1 | total time: 20.00m | eta: 333.5m
step 00257/04357 (5.90%) | loss: 4.331153 | lrm: 1.00 | dt: 4072.50ms | tok/sec: 257,477 | bf16_mfu: 46.32 | epoch: 1 | total time: 20.07m | eta: 333.2m
step 00258/04357 (5.92%) | loss: 4.313832 | lrm: 1.00 | dt: 4074.27ms | tok/sec: 257,365 | bf16_mfu: 46.30 | epoch: 1 | total time: 20.14m | eta: 332.9m
step 00259/04357 (5.94%) | loss: 4.302609 | lrm: 1.00 | dt: 4093.89ms | tok/sec: 256,132 | bf16_mfu: 46.08 | epoch: 1 | total time: 20.21m | eta: 332.6m
step 00260/04357 (5.97%) | loss: 4.280875 | lrm: 1.00 | dt: 11672.74ms | tok/sec: 89,831 | bf16_mfu: 16.16 | epoch: 1 | total time: 20.40m | eta: 334.3m
step 00261/04357 (5.99%) | loss: 4.305111 | lrm: 1.00 | dt: 4015.70ms | tok/sec: 261,119 | bf16_mfu: 46.97 | epoch: 1 | total time: 20.47m | eta: 334.0m
step 00262/04357 (6.01%) | loss: 4.329376 | lrm: 1.00 | dt: 4059.38ms | tok/sec: 258,309 | bf16_mfu: 46.47 | epoch: 1 | total time: 20.54m | eta: 333.7m
step 00263/04357 (6.04%) | loss: 4.335543 | lrm: 1.00 | dt: 4072.09ms | tok/sec: 257,503 | bf16_mfu: 46.32 | epoch: 1 | total time: 20.60m | eta: 333.4m
step 00264/04357 (6.06%) | loss: 4.324764 | lrm: 1.00 | dt: 4086.78ms | tok/sec: 256,577 | bf16_mfu: 46.16 | epoch: 1 | total time: 20.67m | eta: 333.1m
step 00265/04357 (6.08%) | loss: 4.318930 | lrm: 1.00 | dt: 4097.30ms | tok/sec: 255,918 | bf16_mfu: 46.04 | epoch: 1 | total time: 20.74m | eta: 332.8m
step 00266/04357 (6.11%) | loss: 4.294030 | lrm: 1.00 | dt: 4094.71ms | tok/sec: 256,080 | bf16_mfu: 46.07 | epoch: 1 | total time: 20.81m | eta: 332.5m
step 00267/04357 (6.13%) | loss: 4.282503 | lrm: 1.00 | dt: 4103.53ms | tok/sec: 255,530 | bf16_mfu: 45.97 | epoch: 1 | total time: 20.88m | eta: 332.2m
step 00268/04357 (6.15%) | loss: 4.271820 | lrm: 1.00 | dt: 4110.11ms | tok/sec: 255,120 | bf16_mfu: 45.89 | epoch: 1 | total time: 20.95m | eta: 332.0m
step 00269/04357 (6.17%) | loss: 4.256865 | lrm: 1.00 | dt: 4121.60ms | tok/sec: 254,409 | bf16_mfu: 45.77 | epoch: 1 | total time: 21.01m | eta: 331.7m
step 00270/04357 (6.20%) | loss: 4.234306 | lrm: 1.00 | dt: 11641.75ms | tok/sec: 90,070 | bf16_mfu: 16.20 | epoch: 1 | total time: 21.21m | eta: 333.4m
step 00271/04357 (6.22%) | loss: 4.263148 | lrm: 1.00 | dt: 4032.76ms | tok/sec: 260,014 | bf16_mfu: 46.77 | epoch: 1 | total time: 21.28m | eta: 333.1m
step 00272/04357 (6.24%) | loss: 4.450462 | lrm: 1.00 | dt: 4048.98ms | tok/sec: 258,972 | bf16_mfu: 46.59 | epoch: 1 | total time: 21.34m | eta: 332.8m
step 00273/04357 (6.27%) | loss: 4.441898 | lrm: 1.00 | dt: 4094.30ms | tok/sec: 256,106 | bf16_mfu: 46.07 | epoch: 1 | total time: 21.41m | eta: 332.5m
step 00274/04357 (6.29%) | loss: 4.496219 | lrm: 1.00 | dt: 4092.51ms | tok/sec: 256,218 | bf16_mfu: 46.09 | epoch: 1 | total time: 21.48m | eta: 332.2m
step 00275/04357 (6.31%) | loss: 4.504530 | lrm: 1.00 | dt: 4101.13ms | tok/sec: 255,680 | bf16_mfu: 45.99 | epoch: 1 | total time: 21.55m | eta: 331.9m
step 00276/04357 (6.33%) | loss: 4.508002 | lrm: 1.00 | dt: 4114.36ms | tok/sec: 254,857 | bf16_mfu: 45.85 | epoch: 1 | total time: 21.62m | eta: 331.6m
step 00277/04357 (6.36%) | loss: 4.509865 | lrm: 1.00 | dt: 4093.51ms | tok/sec: 256,155 | bf16_mfu: 46.08 | epoch: 1 | total time: 21.68m | eta: 331.4m
step 00278/04357 (6.38%) | loss: 4.492284 | lrm: 1.00 | dt: 4104.05ms | tok/sec: 255,497 | bf16_mfu: 45.96 | epoch: 1 | total time: 21.75m | eta: 331.1m
step 00279/04357 (6.40%) | loss: 4.484750 | lrm: 1.00 | dt: 3959.44ms | tok/sec: 264,829 | bf16_mfu: 47.64 | epoch: 1 | total time: 21.82m | eta: 330.8m
step 00280/04357 (6.43%) | loss: 4.468287 | lrm: 1.00 | dt: 11675.06ms | tok/sec: 89,813 | bf16_mfu: 16.16 | epoch: 1 | total time: 22.01m | eta: 332.4m
step 00281/04357 (6.45%) | loss: 4.493966 | lrm: 1.00 | dt: 3957.55ms | tok/sec: 264,955 | bf16_mfu: 47.66 | epoch: 1 | total time: 22.08m | eta: 332.1m
step 00282/04357 (6.47%) | loss: 4.513740 | lrm: 1.00 | dt: 4006.38ms | tok/sec: 261,726 | bf16_mfu: 47.08 | epoch: 1 | total time: 22.15m | eta: 331.8m
step 00283/04357 (6.50%) | loss: 4.511277 | lrm: 1.00 | dt: 4035.06ms | tok/sec: 259,866 | bf16_mfu: 46.75 | epoch: 1 | total time: 22.21m | eta: 331.5m
step 00284/04357 (6.52%) | loss: 4.524596 | lrm: 1.00 | dt: 4051.00ms | tok/sec: 258,843 | bf16_mfu: 46.56 | epoch: 1 | total time: 22.28m | eta: 331.2m
step 00285/04357 (6.54%) | loss: 4.524153 | lrm: 1.00 | dt: 4060.12ms | tok/sec: 258,262 | bf16_mfu: 46.46 | epoch: 1 | total time: 22.35m | eta: 330.9m
step 00286/04357 (6.56%) | loss: 4.504015 | lrm: 1.00 | dt: 4080.86ms | tok/sec: 256,949 | bf16_mfu: 46.22 | epoch: 1 | total time: 22.42m | eta: 330.6m
step 00287/04357 (6.59%) | loss: 4.495700 | lrm: 1.00 | dt: 4081.91ms | tok/sec: 256,883 | bf16_mfu: 46.21 | epoch: 1 | total time: 22.48m | eta: 330.4m
step 00288/04357 (6.61%) | loss: 4.480067 | lrm: 1.00 | dt: 4091.71ms | tok/sec: 256,268 | bf16_mfu: 46.10 | epoch: 1 | total time: 22.55m | eta: 330.1m
step 00289/04357 (6.63%) | loss: 4.461020 | lrm: 1.00 | dt: 4101.02ms | tok/sec: 255,686 | bf16_mfu: 46.00 | epoch: 1 | total time: 22.62m | eta: 329.8m
step 00290/04357 (6.66%) | loss: 4.444728 | lrm: 1.00 | dt: 11840.21ms | tok/sec: 88,560 | bf16_mfu: 15.93 | epoch: 1 | total time: 22.82m | eta: 331.4m
step 00291/04357 (6.68%) | loss: 4.473931 | lrm: 1.00 | dt: 4005.15ms | tok/sec: 261,807 | bf16_mfu: 47.10 | epoch: 1 | total time: 22.89m | eta: 331.1m
step 00292/04357 (6.70%) | loss: 4.483670 | lrm: 1.00 | dt: 4062.97ms | tok/sec: 258,081 | bf16_mfu: 46.43 | epoch: 1 | total time: 22.95m | eta: 330.9m
step 00293/04357 (6.72%) | loss: 4.498419 | lrm: 1.00 | dt: 4084.26ms | tok/sec: 256,735 | bf16_mfu: 46.18 | epoch: 1 | total time: 23.02m | eta: 330.6m
step 00294/04357 (6.75%) | loss: 4.497494 | lrm: 1.00 | dt: 4076.29ms | tok/sec: 257,237 | bf16_mfu: 46.27 | epoch: 1 | total time: 23.09m | eta: 330.3m
step 00295/04357 (6.77%) | loss: 4.488464 | lrm: 1.00 | dt: 4099.94ms | tok/sec: 255,753 | bf16_mfu: 46.01 | epoch: 1 | total time: 23.16m | eta: 330.1m
step 00296/04357 (6.79%) | loss: 4.464399 | lrm: 1.00 | dt: 4102.04ms | tok/sec: 255,622 | bf16_mfu: 45.98 | epoch: 1 | total time: 23.23m | eta: 329.8m
step 00297/04357 (6.82%) | loss: 4.440898 | lrm: 1.00 | dt: 4107.00ms | tok/sec: 255,314 | bf16_mfu: 45.93 | epoch: 1 | total time: 23.29m | eta: 329.5m
step 00298/04357 (6.84%) | loss: 4.424678 | lrm: 1.00 | dt: 4120.28ms | tok/sec: 254,491 | bf16_mfu: 45.78 | epoch: 1 | total time: 23.36m | eta: 329.3m
step 00299/04357 (6.86%) | loss: 4.426437 | lrm: 1.00 | dt: 4105.03ms | tok/sec: 255,436 | bf16_mfu: 45.95 | epoch: 1 | total time: 23.43m | eta: 329.0m
step 00300/04357 (6.89%) | loss: 4.411617 | lrm: 1.00 | dt: 11844.11ms | tok/sec: 88,531 | bf16_mfu: 15.93 | epoch: 1 | total time: 23.63m | eta: 330.6m
step 00301/04357 (6.91%) | loss: 4.432483 | lrm: 1.00 | dt: 4022.33ms | tok/sec: 260,688 | bf16_mfu: 46.90 | epoch: 1 | total time: 23.70m | eta: 330.3m
step 00302/04357 (6.93%) | loss: 4.441155 | lrm: 1.00 | dt: 4067.36ms | tok/sec: 257,802 | bf16_mfu: 46.38 | epoch: 1 | total time: 23.76m | eta: 330.0m
step 00303/04357 (6.95%) | loss: 4.448317 | lrm: 1.00 | dt: 4083.77ms | tok/sec: 256,766 | bf16_mfu: 46.19 | epoch: 1 | total time: 23.83m | eta: 329.7m
step 00304/04357 (6.98%) | loss: 4.457448 | lrm: 1.00 | dt: 4099.79ms | tok/sec: 255,763 | bf16_mfu: 46.01 | epoch: 1 | total time: 23.90m | eta: 329.5m
step 00305/04357 (7.00%) | loss: 4.466020 | lrm: 1.00 | dt: 4102.99ms | tok/sec: 255,563 | bf16_mfu: 45.97 | epoch: 1 | total time: 23.97m | eta: 329.2m
step 00306/04357 (7.02%) | loss: 4.455633 | lrm: 1.00 | dt: 4106.82ms | tok/sec: 255,325 | bf16_mfu: 45.93 | epoch: 1 | total time: 24.04m | eta: 329.0m
step 00307/04357 (7.05%) | loss: 4.441935 | lrm: 1.00 | dt: 4114.07ms | tok/sec: 254,875 | bf16_mfu: 45.85 | epoch: 1 | total time: 24.11m | eta: 328.7m
step 00308/04357 (7.07%) | loss: 4.432299 | lrm: 1.00 | dt: 4104.09ms | tok/sec: 255,495 | bf16_mfu: 45.96 | epoch: 1 | total time: 24.17m | eta: 328.5m
step 00309/04357 (7.09%) | loss: 4.407293 | lrm: 1.00 | dt: 4113.71ms | tok/sec: 254,898 | bf16_mfu: 45.85 | epoch: 1 | total time: 24.24m | eta: 328.2m
step 00310/04357 (7.11%) | loss: 4.388526 | lrm: 1.00 | dt: 11819.93ms | tok/sec: 88,712 | bf16_mfu: 15.96 | epoch: 1 | total time: 24.44m | eta: 329.7m
step 00311/04357 (7.14%) | loss: 4.402462 | lrm: 1.00 | dt: 4033.17ms | tok/sec: 259,988 | bf16_mfu: 46.77 | epoch: 1 | total time: 24.51m | eta: 329.4m
step 00312/04357 (7.16%) | loss: 4.414004 | lrm: 1.00 | dt: 4085.95ms | tok/sec: 256,629 | bf16_mfu: 46.17 | epoch: 1 | total time: 24.57m | eta: 329.2m
step 00313/04357 (7.18%) | loss: 4.421380 | lrm: 1.00 | dt: 4084.20ms | tok/sec: 256,739 | bf16_mfu: 46.19 | epoch: 1 | total time: 24.64m | eta: 328.9m
step 00314/04357 (7.21%) | loss: 4.414133 | lrm: 1.00 | dt: 4100.00ms | tok/sec: 255,749 | bf16_mfu: 46.01 | epoch: 1 | total time: 24.71m | eta: 328.6m
step 00315/04357 (7.23%) | loss: 4.410654 | lrm: 1.00 | dt: 4108.76ms | tok/sec: 255,204 | bf16_mfu: 45.91 | epoch: 1 | total time: 24.78m | eta: 328.4m
step 00316/04357 (7.25%) | loss: 4.401128 | lrm: 1.00 | dt: 4124.77ms | tok/sec: 254,214 | bf16_mfu: 45.73 | epoch: 1 | total time: 24.85m | eta: 328.1m
step 00317/04357 (7.28%) | loss: 4.380062 | lrm: 1.00 | dt: 4109.57ms | tok/sec: 255,154 | bf16_mfu: 45.90 | epoch: 1 | total time: 24.92m | eta: 327.9m
step 00318/04357 (7.30%) | loss: 4.369288 | lrm: 1.00 | dt: 4126.65ms | tok/sec: 254,098 | bf16_mfu: 45.71 | epoch: 1 | total time: 24.99m | eta: 327.6m
step 00319/04357 (7.32%) | loss: 4.344891 | lrm: 1.00 | dt: 4126.04ms | tok/sec: 254,136 | bf16_mfu: 45.72 | epoch: 1 | total time: 25.05m | eta: 327.4m
step 00320/04357 (7.34%) | loss: 4.327528 | lrm: 1.00 | dt: 11757.42ms | tok/sec: 89,184 | bf16_mfu: 16.04 | epoch: 1 | total time: 25.25m | eta: 328.8m
step 00321/04357 (7.37%) | loss: 4.333905 | lrm: 1.00 | dt: 4032.23ms | tok/sec: 260,048 | bf16_mfu: 46.78 | epoch: 1 | total time: 25.32m | eta: 328.6m
step 00322/04357 (7.39%) | loss: 4.342885 | lrm: 1.00 | dt: 4088.79ms | tok/sec: 256,451 | bf16_mfu: 46.13 | epoch: 1 | total time: 25.39m | eta: 328.3m
step 00323/04357 (7.41%) | loss: 4.331545 | lrm: 1.00 | dt: 4092.34ms | tok/sec: 256,229 | bf16_mfu: 46.09 | epoch: 1 | total time: 25.45m | eta: 328.1m
step 00324/04357 (7.44%) | loss: 4.316932 | lrm: 1.00 | dt: 4106.84ms | tok/sec: 255,324 | bf16_mfu: 45.93 | epoch: 1 | total time: 25.52m | eta: 327.8m
step 00325/04357 (7.46%) | loss: 4.298543 | lrm: 1.00 | dt: 4092.90ms | tok/sec: 256,193 | bf16_mfu: 46.09 | epoch: 1 | total time: 25.59m | eta: 327.6m
step 00326/04357 (7.48%) | loss: 4.293455 | lrm: 1.00 | dt: 4104.08ms | tok/sec: 255,495 | bf16_mfu: 45.96 | epoch: 1 | total time: 25.66m | eta: 327.3m
step 00327/04357 (7.51%) | loss: 4.268044 | lrm: 1.00 | dt: 4111.63ms | tok/sec: 255,026 | bf16_mfu: 45.88 | epoch: 1 | total time: 25.73m | eta: 327.1m
step 00328/04357 (7.53%) | loss: 4.259117 | lrm: 1.00 | dt: 4123.31ms | tok/sec: 254,304 | bf16_mfu: 45.75 | epoch: 1 | total time: 25.80m | eta: 326.8m
step 00329/04357 (7.55%) | loss: 4.259062 | lrm: 1.00 | dt: 4121.99ms | tok/sec: 254,385 | bf16_mfu: 45.76 | epoch: 1 | total time: 25.86m | eta: 326.6m
step 00330/04357 (7.57%) | loss: 4.243898 | lrm: 1.00 | dt: 11700.18ms | tok/sec: 89,620 | bf16_mfu: 16.12 | epoch: 1 | total time: 26.06m | eta: 327.9m
step 00331/04357 (7.60%) | loss: 4.260182 | lrm: 1.00 | dt: 4013.45ms | tok/sec: 261,265 | bf16_mfu: 47.00 | epoch: 1 | total time: 26.13m | eta: 327.7m
step 00332/04357 (7.62%) | loss: 4.272836 | lrm: 1.00 | dt: 4084.29ms | tok/sec: 256,733 | bf16_mfu: 46.18 | epoch: 1 | total time: 26.19m | eta: 327.4m
step 00333/04357 (7.64%) | loss: 4.284333 | lrm: 1.00 | dt: 4085.40ms | tok/sec: 256,663 | bf16_mfu: 46.17 | epoch: 1 | total time: 26.26m | eta: 327.2m
step 00334/04357 (7.67%) | loss: 4.288919 | lrm: 1.00 | dt: 4084.07ms | tok/sec: 256,747 | bf16_mfu: 46.19 | epoch: 1 | total time: 26.33m | eta: 326.9m
step 00335/04357 (7.69%) | loss: 4.285556 | lrm: 1.00 | dt: 4109.13ms | tok/sec: 255,182 | bf16_mfu: 45.91 | epoch: 1 | total time: 26.40m | eta: 326.7m
step 00336/04357 (7.71%) | loss: 4.276387 | lrm: 1.00 | dt: 4115.05ms | tok/sec: 254,814 | bf16_mfu: 45.84 | epoch: 1 | total time: 26.47m | eta: 326.5m
step 00337/04357 (7.73%) | loss: 4.276114 | lrm: 1.00 | dt: 4111.74ms | tok/sec: 255,019 | bf16_mfu: 45.88 | epoch: 1 | total time: 26.54m | eta: 326.2m
step 00338/04357 (7.76%) | loss: 4.255412 | lrm: 1.00 | dt: 4115.97ms | tok/sec: 254,758 | bf16_mfu: 45.83 | epoch: 1 | total time: 26.60m | eta: 326.0m
step 00339/04357 (7.78%) | loss: 4.232102 | lrm: 1.00 | dt: 4123.51ms | tok/sec: 254,291 | bf16_mfu: 45.74 | epoch: 1 | total time: 26.67m | eta: 325.8m
step 00340/04357 (7.80%) | loss: 4.215649 | lrm: 1.00 | dt: 11660.32ms | tok/sec: 89,926 | bf16_mfu: 16.18 | epoch: 1 | total time: 26.87m | eta: 327.1m
step 00341/04357 (7.83%) | loss: 4.234373 | lrm: 1.00 | dt: 4028.38ms | tok/sec: 260,297 | bf16_mfu: 46.83 | epoch: 1 | total time: 26.94m | eta: 326.8m
step 00342/04357 (7.85%) | loss: 4.244205 | lrm: 1.00 | dt: 4090.26ms | tok/sec: 256,359 | bf16_mfu: 46.12 | epoch: 1 | total time: 27.00m | eta: 326.6m
step 00343/04357 (7.87%) | loss: 4.245452 | lrm: 1.00 | dt: 4090.80ms | tok/sec: 256,325 | bf16_mfu: 46.11 | epoch: 1 | total time: 27.07m | eta: 326.3m
step 00344/04357 (7.90%) | loss: 4.249848 | lrm: 1.00 | dt: 4095.72ms | tok/sec: 256,017 | bf16_mfu: 46.06 | epoch: 1 | total time: 27.14m | eta: 326.1m
step 00345/04357 (7.92%) | loss: 4.250762 | lrm: 1.00 | dt: 4100.52ms | tok/sec: 255,717 | bf16_mfu: 46.00 | epoch: 1 | total time: 27.21m | eta: 325.8m
step 00346/04357 (7.94%) | loss: 4.250336 | lrm: 1.00 | dt: 4117.29ms | tok/sec: 254,676 | bf16_mfu: 45.81 | epoch: 1 | total time: 27.28m | eta: 325.6m
step 00347/04357 (7.96%) | loss: 4.242319 | lrm: 1.00 | dt: 4108.71ms | tok/sec: 255,207 | bf16_mfu: 45.91 | epoch: 1 | total time: 27.35m | eta: 325.4m
step 00348/04357 (7.99%) | loss: 4.219582 | lrm: 1.00 | dt: 4119.21ms | tok/sec: 254,557 | bf16_mfu: 45.79 | epoch: 1 | total time: 27.41m | eta: 325.2m
step 00349/04357 (8.01%) | loss: 4.195030 | lrm: 1.00 | dt: 4130.14ms | tok/sec: 253,883 | bf16_mfu: 45.67 | epoch: 1 | total time: 27.48m | eta: 324.9m
step 00350/04357 (8.03%) | loss: 4.186030 | lrm: 1.00 | dt: 11604.66ms | tok/sec: 90,358 | bf16_mfu: 16.25 | epoch: 1 | total time: 27.68m | eta: 326.2m
step 00351/04357 (8.06%) | loss: 4.202833 | lrm: 1.00 | dt: 4032.39ms | tok/sec: 260,038 | bf16_mfu: 46.78 | epoch: 1 | total time: 27.74m | eta: 325.9m
step 00352/04357 (8.08%) | loss: 4.217690 | lrm: 1.00 | dt: 4076.76ms | tok/sec: 257,208 | bf16_mfu: 46.27 | epoch: 1 | total time: 27.81m | eta: 325.7m
step 00353/04357 (8.10%) | loss: 4.228947 | lrm: 1.00 | dt: 4090.71ms | tok/sec: 256,331 | bf16_mfu: 46.11 | epoch: 1 | total time: 27.88m | eta: 325.4m
step 00354/04357 (8.12%) | loss: 4.220993 | lrm: 1.00 | dt: 4089.41ms | tok/sec: 256,412 | bf16_mfu: 46.13 | epoch: 1 | total time: 27.95m | eta: 325.2m
step 00355/04357 (8.15%) | loss: 4.214967 | lrm: 1.00 | dt: 4118.18ms | tok/sec: 254,620 | bf16_mfu: 45.80 | epoch: 1 | total time: 28.02m | eta: 325.0m
step 00356/04357 (8.17%) | loss: 4.208490 | lrm: 1.00 | dt: 4101.49ms | tok/sec: 255,657 | bf16_mfu: 45.99 | epoch: 1 | total time: 28.08m | eta: 324.8m
step 00357/04357 (8.19%) | loss: 4.215970 | lrm: 1.00 | dt: 4121.83ms | tok/sec: 254,395 | bf16_mfu: 45.76 | epoch: 1 | total time: 28.15m | eta: 324.5m
step 00358/04357 (8.22%) | loss: 4.188576 | lrm: 1.00 | dt: 4114.91ms | tok/sec: 254,823 | bf16_mfu: 45.84 | epoch: 1 | total time: 28.22m | eta: 324.3m
step 00359/04357 (8.24%) | loss: 4.191519 | lrm: 1.00 | dt: 4108.02ms | tok/sec: 255,251 | bf16_mfu: 45.92 | epoch: 1 | total time: 28.29m | eta: 324.1m
step 00360/04357 (8.26%) | loss: 4.175504 | lrm: 1.00 | dt: 11601.28ms | tok/sec: 90,384 | bf16_mfu: 16.26 | epoch: 1 | total time: 28.48m | eta: 325.3m
step 00361/04357 (8.29%) | loss: 4.192540 | lrm: 1.00 | dt: 4022.85ms | tok/sec: 260,655 | bf16_mfu: 46.89 | epoch: 1 | total time: 28.55m | eta: 325.0m
step 00362/04357 (8.31%) | loss: 4.204902 | lrm: 1.00 | dt: 4079.78ms | tok/sec: 257,017 | bf16_mfu: 46.24 | epoch: 1 | total time: 28.62m | eta: 324.8m
step 00363/04357 (8.33%) | loss: 4.196503 | lrm: 1.00 | dt: 4084.04ms | tok/sec: 256,749 | bf16_mfu: 46.19 | epoch: 1 | total time: 28.69m | eta: 324.6m
step 00364/04357 (8.35%) | loss: 4.206719 | lrm: 1.00 | dt: 4101.72ms | tok/sec: 255,643 | bf16_mfu: 45.99 | epoch: 1 | total time: 28.76m | eta: 324.3m
step 00365/04357 (8.38%) | loss: 4.188087 | lrm: 1.00 | dt: 4103.53ms | tok/sec: 255,530 | bf16_mfu: 45.97 | epoch: 1 | total time: 28.82m | eta: 324.1m
step 00366/04357 (8.40%) | loss: 4.187236 | lrm: 1.00 | dt: 4110.77ms | tok/sec: 255,080 | bf16_mfu: 45.89 | epoch: 1 | total time: 28.89m | eta: 323.9m
step 00367/04357 (8.42%) | loss: 4.172642 | lrm: 1.00 | dt: 4112.93ms | tok/sec: 254,946 | bf16_mfu: 45.86 | epoch: 1 | total time: 28.96m | eta: 323.7m
step 00368/04357 (8.45%) | loss: 4.169988 | lrm: 1.00 | dt: 4118.05ms | tok/sec: 254,629 | bf16_mfu: 45.81 | epoch: 1 | total time: 29.03m | eta: 323.5m
step 00369/04357 (8.47%) | loss: 4.154224 | lrm: 1.00 | dt: 4132.02ms | tok/sec: 253,768 | bf16_mfu: 45.65 | epoch: 1 | total time: 29.10m | eta: 323.2m
step 00370/04357 (8.49%) | loss: 4.139849 | lrm: 1.00 | dt: 11641.90ms | tok/sec: 90,069 | bf16_mfu: 16.20 | epoch: 1 | total time: 29.29m | eta: 324.4m
step 00371/04357 (8.52%) | loss: 4.151917 | lrm: 1.00 | dt: 4031.66ms | tok/sec: 260,085 | bf16_mfu: 46.79 | epoch: 1 | total time: 29.36m | eta: 324.2m
step 00372/04357 (8.54%) | loss: 4.157824 | lrm: 1.00 | dt: 4074.85ms | tok/sec: 257,328 | bf16_mfu: 46.29 | epoch: 1 | total time: 29.43m | eta: 323.9m
step 00373/04357 (8.56%) | loss: 4.149063 | lrm: 1.00 | dt: 4103.69ms | tok/sec: 255,520 | bf16_mfu: 45.97 | epoch: 1 | total time: 29.50m | eta: 323.7m
step 00374/04357 (8.58%) | loss: 4.147111 | lrm: 1.00 | dt: 4093.69ms | tok/sec: 256,144 | bf16_mfu: 46.08 | epoch: 1 | total time: 29.56m | eta: 323.5m
step 00375/04357 (8.61%) | loss: 4.143900 | lrm: 1.00 | dt: 4113.11ms | tok/sec: 254,935 | bf16_mfu: 45.86 | epoch: 1 | total time: 29.63m | eta: 323.3m
step 00376/04357 (8.63%) | loss: 4.138622 | lrm: 1.00 | dt: 4116.51ms | tok/sec: 254,724 | bf16_mfu: 45.82 | epoch: 1 | total time: 29.70m | eta: 323.1m
step 00377/04357 (8.65%) | loss: 4.146168 | lrm: 1.00 | dt: 4106.97ms | tok/sec: 255,316 | bf16_mfu: 45.93 | epoch: 1 | total time: 29.77m | eta: 322.8m
step 00378/04357 (8.68%) | loss: 4.150180 | lrm: 1.00 | dt: 4121.27ms | tok/sec: 254,430 | bf16_mfu: 45.77 | epoch: 1 | total time: 29.84m | eta: 322.6m
step 00379/04357 (8.70%) | loss: 4.132438 | lrm: 1.00 | dt: 4122.00ms | tok/sec: 254,385 | bf16_mfu: 45.76 | epoch: 1 | total time: 29.91m | eta: 322.4m
step 00380/04357 (8.72%) | loss: 4.102154 | lrm: 1.00 | dt: 11643.62ms | tok/sec: 90,055 | bf16_mfu: 16.20 | epoch: 1 | total time: 30.10m | eta: 323.5m
step 00381/04357 (8.74%) | loss: 4.118734 | lrm: 1.00 | dt: 4024.29ms | tok/sec: 260,561 | bf16_mfu: 46.87 | epoch: 1 | total time: 30.17m | eta: 323.3m
step 00382/04357 (8.77%) | loss: 4.167333 | lrm: 1.00 | dt: 4066.97ms | tok/sec: 257,827 | bf16_mfu: 46.38 | epoch: 1 | total time: 30.24m | eta: 323.1m
step 00383/04357 (8.79%) | loss: 4.249272 | lrm: 1.00 | dt: 4074.46ms | tok/sec: 257,353 | bf16_mfu: 46.30 | epoch: 1 | total time: 30.30m | eta: 322.9m
step 00384/04357 (8.81%) | loss: 4.277987 | lrm: 1.00 | dt: 4078.99ms | tok/sec: 257,067 | bf16_mfu: 46.24 | epoch: 1 | total time: 30.37m | eta: 322.6m
step 00385/04357 (8.84%) | loss: 4.302702 | lrm: 1.00 | dt: 4089.26ms | tok/sec: 256,422 | bf16_mfu: 46.13 | epoch: 1 | total time: 30.44m | eta: 322.4m
step 00386/04357 (8.86%) | loss: 4.300218 | lrm: 1.00 | dt: 4098.56ms | tok/sec: 255,839 | bf16_mfu: 46.02 | epoch: 1 | total time: 30.51m | eta: 322.2m
step 00387/04357 (8.88%) | loss: 4.305360 | lrm: 1.00 | dt: 4090.34ms | tok/sec: 256,354 | bf16_mfu: 46.12 | epoch: 1 | total time: 30.58m | eta: 322.0m
step 00388/04357 (8.91%) | loss: 4.302775 | lrm: 1.00 | dt: 4099.56ms | tok/sec: 255,777 | bf16_mfu: 46.01 | epoch: 1 | total time: 30.64m | eta: 321.8m
step 00389/04357 (8.93%) | loss: 4.296423 | lrm: 1.00 | dt: 4115.75ms | tok/sec: 254,771 | bf16_mfu: 45.83 | epoch: 1 | total time: 30.71m | eta: 321.6m
step 00390/04357 (8.95%) | loss: 4.291133 | lrm: 1.00 | dt: 11725.97ms | tok/sec: 89,423 | bf16_mfu: 16.09 | epoch: 1 | total time: 30.91m | eta: 322.7m
step 00391/04357 (8.97%) | loss: 4.335851 | lrm: 1.00 | dt: 4001.95ms | tok/sec: 262,016 | bf16_mfu: 47.13 | epoch: 1 | total time: 30.98m | eta: 322.4m
step 00392/04357 (9.00%) | loss: 4.357543 | lrm: 1.00 | dt: 4055.50ms | tok/sec: 258,556 | bf16_mfu: 46.51 | epoch: 1 | total time: 31.04m | eta: 322.2m
step 00393/04357 (9.02%) | loss: 4.374106 | lrm: 1.00 | dt: 4086.85ms | tok/sec: 256,573 | bf16_mfu: 46.16 | epoch: 1 | total time: 31.11m | eta: 322.0m
step 00394/04357 (9.04%) | loss: 4.376277 | lrm: 1.00 | dt: 4078.29ms | tok/sec: 257,111 | bf16_mfu: 46.25 | epoch: 1 | total time: 31.18m | eta: 321.8m
step 00395/04357 (9.07%) | loss: 4.373462 | lrm: 1.00 | dt: 4090.08ms | tok/sec: 256,370 | bf16_mfu: 46.12 | epoch: 1 | total time: 31.25m | eta: 321.6m
step 00396/04357 (9.09%) | loss: 4.367484 | lrm: 1.00 | dt: 4094.26ms | tok/sec: 256,108 | bf16_mfu: 46.07 | epoch: 1 | total time: 31.32m | eta: 321.3m
step 00397/04357 (9.11%) | loss: 4.350866 | lrm: 1.00 | dt: 4107.47ms | tok/sec: 255,285 | bf16_mfu: 45.92 | epoch: 1 | total time: 31.38m | eta: 321.1m
step 00398/04357 (9.13%) | loss: 4.347778 | lrm: 1.00 | dt: 4101.18ms | tok/sec: 255,676 | bf16_mfu: 45.99 | epoch: 1 | total time: 31.45m | eta: 320.9m
step 00399/04357 (9.16%) | loss: 4.335025 | lrm: 1.00 | dt: 4121.04ms | tok/sec: 254,444 | bf16_mfu: 45.77 | epoch: 1 | total time: 31.52m | eta: 320.7m
step 00400/04357 (9.18%) | loss: 4.326145 | lrm: 1.00 | dt: 11842.26ms | tok/sec: 88,545 | bf16_mfu: 15.93 | epoch: 1 | total time: 31.72m | eta: 321.8m
step 00401/04357 (9.20%) | loss: 4.341278 | lrm: 1.00 | dt: 4015.72ms | tok/sec: 261,118 | bf16_mfu: 46.97 | epoch: 1 | total time: 31.79m | eta: 321.6m
step 00402/04357 (9.23%) | loss: 4.331890 | lrm: 1.00 | dt: 3980.42ms | tok/sec: 263,433 | bf16_mfu: 47.39 | epoch: 1 | total time: 31.85m | eta: 321.4m
step 00403/04357 (9.25%) | loss: 4.338123 | lrm: 1.00 | dt: 4081.64ms | tok/sec: 256,900 | bf16_mfu: 46.21 | epoch: 1 | total time: 31.92m | eta: 321.1m
step 00404/04357 (9.27%) | loss: 4.352528 | lrm: 1.00 | dt: 4086.10ms | tok/sec: 256,620 | bf16_mfu: 46.16 | epoch: 1 | total time: 31.99m | eta: 320.9m
step 00405/04357 (9.30%) | loss: 4.338471 | lrm: 1.00 | dt: 4090.70ms | tok/sec: 256,331 | bf16_mfu: 46.11 | epoch: 1 | total time: 32.06m | eta: 320.7m
step 00406/04357 (9.32%) | loss: 4.329514 | lrm: 1.00 | dt: 4100.85ms | tok/sec: 255,697 | bf16_mfu: 46.00 | epoch: 1 | total time: 32.12m | eta: 320.5m
step 00407/04357 (9.34%) | loss: 4.306256 | lrm: 1.00 | dt: 4111.46ms | tok/sec: 255,037 | bf16_mfu: 45.88 | epoch: 1 | total time: 32.19m | eta: 320.3m
step 00408/04357 (9.36%) | loss: 4.289580 | lrm: 1.00 | dt: 4117.32ms | tok/sec: 254,674 | bf16_mfu: 45.81 | epoch: 1 | total time: 32.26m | eta: 320.1m
step 00409/04357 (9.39%) | loss: 4.268242 | lrm: 1.00 | dt: 4124.16ms | tok/sec: 254,252 | bf16_mfu: 45.74 | epoch: 1 | total time: 32.33m | eta: 319.9m
step 00410/04357 (9.41%) | loss: 4.246047 | lrm: 1.00 | dt: 11843.10ms | tok/sec: 88,538 | bf16_mfu: 15.93 | epoch: 1 | total time: 32.53m | eta: 321.0m
step 00411/04357 (9.43%) | loss: 4.259872 | lrm: 1.00 | dt: 4017.78ms | tok/sec: 260,984 | bf16_mfu: 46.95 | epoch: 1 | total time: 32.59m | eta: 320.7m
step 00412/04357 (9.46%) | loss: 4.259067 | lrm: 1.00 | dt: 4080.51ms | tok/sec: 256,972 | bf16_mfu: 46.23 | epoch: 1 | total time: 32.66m | eta: 320.5m
step 00413/04357 (9.48%) | loss: 4.279724 | lrm: 1.00 | dt: 4084.92ms | tok/sec: 256,694 | bf16_mfu: 46.18 | epoch: 1 | total time: 32.73m | eta: 320.3m
step 00414/04357 (9.50%) | loss: 4.266748 | lrm: 1.00 | dt: 4096.74ms | tok/sec: 255,953 | bf16_mfu: 46.04 | epoch: 1 | total time: 32.80m | eta: 320.1m
step 00415/04357 (9.52%) | loss: 4.249090 | lrm: 1.00 | dt: 4099.24ms | tok/sec: 255,797 | bf16_mfu: 46.02 | epoch: 1 | total time: 32.87m | eta: 319.9m
step 00416/04357 (9.55%) | loss: 4.237929 | lrm: 1.00 | dt: 4112.17ms | tok/sec: 254,993 | bf16_mfu: 45.87 | epoch: 1 | total time: 32.94m | eta: 319.7m
step 00417/04357 (9.57%) | loss: 4.243367 | lrm: 1.00 | dt: 4121.57ms | tok/sec: 254,411 | bf16_mfu: 45.77 | epoch: 1 | total time: 33.00m | eta: 319.5m
step 00418/04357 (9.59%) | loss: 4.222155 | lrm: 1.00 | dt: 4116.41ms | tok/sec: 254,730 | bf16_mfu: 45.82 | epoch: 1 | total time: 33.07m | eta: 319.3m
step 00419/04357 (9.62%) | loss: 4.211773 | lrm: 1.00 | dt: 4131.46ms | tok/sec: 253,802 | bf16_mfu: 45.66 | epoch: 1 | total time: 33.14m | eta: 319.1m
step 00420/04357 (9.64%) | loss: 4.199631 | lrm: 1.00 | dt: 11834.16ms | tok/sec: 88,605 | bf16_mfu: 15.94 | epoch: 1 | total time: 33.34m | eta: 320.1m
step 00421/04357 (9.66%) | loss: 4.214259 | lrm: 1.00 | dt: 4020.10ms | tok/sec: 260,833 | bf16_mfu: 46.92 | epoch: 1 | total time: 33.41m | eta: 319.9m
step 00422/04357 (9.69%) | loss: 4.220298 | lrm: 1.00 | dt: 4086.49ms | tok/sec: 256,595 | bf16_mfu: 46.16 | epoch: 1 | total time: 33.47m | eta: 319.7m
step 00423/04357 (9.71%) | loss: 4.217611 | lrm: 1.00 | dt: 4077.60ms | tok/sec: 257,154 | bf16_mfu: 46.26 | epoch: 1 | total time: 33.54m | eta: 319.5m
step 00424/04357 (9.73%) | loss: 4.205535 | lrm: 1.00 | dt: 4092.51ms | tok/sec: 256,218 | bf16_mfu: 46.09 | epoch: 1 | total time: 33.61m | eta: 319.3m
step 00425/04357 (9.75%) | loss: 4.190029 | lrm: 1.00 | dt: 4109.71ms | tok/sec: 255,145 | bf16_mfu: 45.90 | epoch: 1 | total time: 33.68m | eta: 319.1m
step 00426/04357 (9.78%) | loss: 4.176077 | lrm: 1.00 | dt: 4108.36ms | tok/sec: 255,229 | bf16_mfu: 45.91 | epoch: 1 | total time: 33.75m | eta: 318.9m
step 00427/04357 (9.80%) | loss: 4.166503 | lrm: 1.00 | dt: 4116.17ms | tok/sec: 254,745 | bf16_mfu: 45.83 | epoch: 1 | total time: 33.82m | eta: 318.7m
step 00428/04357 (9.82%) | loss: 4.156167 | lrm: 1.00 | dt: 4110.92ms | tok/sec: 255,070 | bf16_mfu: 45.89 | epoch: 1 | total time: 33.88m | eta: 318.5m
step 00429/04357 (9.85%) | loss: 4.126203 | lrm: 1.00 | dt: 4110.55ms | tok/sec: 255,093 | bf16_mfu: 45.89 | epoch: 1 | total time: 33.95m | eta: 318.3m
step 00430/04357 (9.87%) | loss: 4.115826 | lrm: 1.00 | dt: 11778.04ms | tok/sec: 89,028 | bf16_mfu: 16.02 | epoch: 1 | total time: 34.15m | eta: 319.3m
step 00431/04357 (9.89%) | loss: 4.128017 | lrm: 1.00 | dt: 4022.66ms | tok/sec: 260,667 | bf16_mfu: 46.89 | epoch: 1 | total time: 34.22m | eta: 319.1m
step 00432/04357 (9.92%) | loss: 4.146455 | lrm: 1.00 | dt: 4067.09ms | tok/sec: 257,819 | bf16_mfu: 46.38 | epoch: 1 | total time: 34.28m | eta: 318.9m
step 00433/04357 (9.94%) | loss: 4.152001 | lrm: 1.00 | dt: 4089.40ms | tok/sec: 256,412 | bf16_mfu: 46.13 | epoch: 1 | total time: 34.35m | eta: 318.7m
step 00434/04357 (9.96%) | loss: 4.153166 | lrm: 1.00 | dt: 4084.70ms | tok/sec: 256,708 | bf16_mfu: 46.18 | epoch: 1 | total time: 34.42m | eta: 318.5m
step 00435/04357 (9.98%) | loss: 4.154148 | lrm: 1.00 | dt: 4093.41ms | tok/sec: 256,162 | bf16_mfu: 46.08 | epoch: 1 | total time: 34.49m | eta: 318.3m
step 00436/04357 (10.01%) | loss: 4.136214 | lrm: 1.00 | dt: 4098.72ms | tok/sec: 255,830 | bf16_mfu: 46.02 | epoch: 1 | total time: 34.56m | eta: 318.1m
step 00437/04357 (10.03%) | loss: 4.126205 | lrm: 1.00 | dt: 4100.79ms | tok/sec: 255,701 | bf16_mfu: 46.00 | epoch: 1 | total time: 34.63m | eta: 317.9m
step 00438/04357 (10.05%) | loss: 4.123345 | lrm: 1.00 | dt: 4121.28ms | tok/sec: 254,429 | bf16_mfu: 45.77 | epoch: 1 | total time: 34.69m | eta: 317.7m
step 00439/04357 (10.08%) | loss: 4.117590 | lrm: 1.00 | dt: 4113.92ms | tok/sec: 254,884 | bf16_mfu: 45.85 | epoch: 1 | total time: 34.76m | eta: 317.5m
step 00440/04357 (10.10%) | loss: 4.106350 | lrm: 1.00 | dt: 11721.56ms | tok/sec: 89,457 | bf16_mfu: 16.09 | epoch: 1 | total time: 34.96m | eta: 318.4m
step 00441/04357 (10.12%) | loss: 4.124769 | lrm: 1.00 | dt: 4040.82ms | tok/sec: 259,496 | bf16_mfu: 46.68 | epoch: 1 | total time: 35.03m | eta: 318.2m
step 00442/04357 (10.14%) | loss: 4.134558 | lrm: 1.00 | dt: 4059.50ms | tok/sec: 258,302 | bf16_mfu: 46.47 | epoch: 1 | total time: 35.09m | eta: 318.0m
step 00443/04357 (10.17%) | loss: 4.133385 | lrm: 1.00 | dt: 4078.90ms | tok/sec: 257,073 | bf16_mfu: 46.25 | epoch: 1 | total time: 35.16m | eta: 317.8m
step 00444/04357 (10.19%) | loss: 4.133477 | lrm: 1.00 | dt: 4082.82ms | tok/sec: 256,826 | bf16_mfu: 46.20 | epoch: 1 | total time: 35.23m | eta: 317.6m
step 00445/04357 (10.21%) | loss: 4.136936 | lrm: 1.00 | dt: 4102.91ms | tok/sec: 255,569 | bf16_mfu: 45.97 | epoch: 1 | total time: 35.30m | eta: 317.4m
step 00446/04357 (10.24%) | loss: 4.123565 | lrm: 1.00 | dt: 4106.37ms | tok/sec: 255,353 | bf16_mfu: 45.94 | epoch: 1 | total time: 35.37m | eta: 317.2m
step 00447/04357 (10.26%) | loss: 4.124670 | lrm: 1.00 | dt: 4113.75ms | tok/sec: 254,895 | bf16_mfu: 45.85 | epoch: 1 | total time: 35.43m | eta: 317.0m
step 00448/04357 (10.28%) | loss: 4.104542 | lrm: 1.00 | dt: 4114.71ms | tok/sec: 254,835 | bf16_mfu: 45.84 | epoch: 1 | total time: 35.50m | eta: 316.9m
step 00449/04357 (10.31%) | loss: 4.091582 | lrm: 1.00 | dt: 4109.46ms | tok/sec: 255,161 | bf16_mfu: 45.90 | epoch: 1 | total time: 35.57m | eta: 316.7m
step 00450/04357 (10.33%) | loss: 4.086240 | lrm: 1.00 | dt: 11744.98ms | tok/sec: 89,278 | bf16_mfu: 16.06 | epoch: 1 | total time: 35.77m | eta: 317.6m
step 00451/04357 (10.35%) | loss: 4.106186 | lrm: 1.00 | dt: 4016.28ms | tok/sec: 261,081 | bf16_mfu: 46.97 | epoch: 1 | total time: 35.83m | eta: 317.4m
step 00452/04357 (10.37%) | loss: 4.119668 | lrm: 1.00 | dt: 4079.68ms | tok/sec: 257,024 | bf16_mfu: 46.24 | epoch: 1 | total time: 35.90m | eta: 317.2m
step 00453/04357 (10.40%) | loss: 4.119639 | lrm: 1.00 | dt: 4074.40ms | tok/sec: 257,357 | bf16_mfu: 46.30 | epoch: 1 | total time: 35.97m | eta: 317.0m
step 00454/04357 (10.42%) | loss: 4.117510 | lrm: 1.00 | dt: 4090.29ms | tok/sec: 256,357 | bf16_mfu: 46.12 | epoch: 1 | total time: 36.04m | eta: 316.8m
step 00455/04357 (10.44%) | loss: 4.120090 | lrm: 1.00 | dt: 4089.68ms | tok/sec: 256,395 | bf16_mfu: 46.12 | epoch: 1 | total time: 36.11m | eta: 316.6m
step 00456/04357 (10.47%) | loss: 4.118256 | lrm: 1.00 | dt: 4114.20ms | tok/sec: 254,867 | bf16_mfu: 45.85 | epoch: 1 | total time: 36.17m | eta: 316.4m
step 00457/04357 (10.49%) | loss: 4.093229 | lrm: 1.00 | dt: 4100.58ms | tok/sec: 255,713 | bf16_mfu: 46.00 | epoch: 1 | total time: 36.24m | eta: 316.2m
step 00458/04357 (10.51%) | loss: 4.077023 | lrm: 1.00 | dt: 4109.93ms | tok/sec: 255,132 | bf16_mfu: 45.90 | epoch: 1 | total time: 36.31m | eta: 316.0m
step 00459/04357 (10.53%) | loss: 4.051872 | lrm: 1.00 | dt: 4100.67ms | tok/sec: 255,708 | bf16_mfu: 46.00 | epoch: 1 | total time: 36.38m | eta: 315.8m
step 00460/04357 (10.56%) | loss: 4.047669 | lrm: 1.00 | dt: 11698.20ms | tok/sec: 89,635 | bf16_mfu: 16.12 | epoch: 1 | total time: 36.57m | eta: 316.7m
step 00461/04357 (10.58%) | loss: 4.054470 | lrm: 1.00 | dt: 4011.41ms | tok/sec: 261,398 | bf16_mfu: 47.02 | epoch: 1 | total time: 36.64m | eta: 316.5m
step 00462/04357 (10.60%) | loss: 4.069977 | lrm: 1.00 | dt: 4083.39ms | tok/sec: 256,790 | bf16_mfu: 46.19 | epoch: 1 | total time: 36.71m | eta: 316.3m
step 00463/04357 (10.63%) | loss: 4.105032 | lrm: 1.00 | dt: 4067.43ms | tok/sec: 257,798 | bf16_mfu: 46.38 | epoch: 1 | total time: 36.78m | eta: 316.1m
step 00464/04357 (10.65%) | loss: 4.113979 | lrm: 1.00 | dt: 4083.79ms | tok/sec: 256,765 | bf16_mfu: 46.19 | epoch: 1 | total time: 36.85m | eta: 315.9m
step 00465/04357 (10.67%) | loss: 4.137569 | lrm: 1.00 | dt: 4083.53ms | tok/sec: 256,781 | bf16_mfu: 46.19 | epoch: 1 | total time: 36.91m | eta: 315.8m
step 00466/04357 (10.70%) | loss: 4.159030 | lrm: 1.00 | dt: 4092.09ms | tok/sec: 256,244 | bf16_mfu: 46.10 | epoch: 1 | total time: 36.98m | eta: 315.6m
step 00467/04357 (10.72%) | loss: 4.145789 | lrm: 1.00 | dt: 4096.92ms | tok/sec: 255,942 | bf16_mfu: 46.04 | epoch: 1 | total time: 37.05m | eta: 315.4m
step 00468/04357 (10.74%) | loss: 4.149705 | lrm: 1.00 | dt: 4107.25ms | tok/sec: 255,298 | bf16_mfu: 45.93 | epoch: 1 | total time: 37.12m | eta: 315.2m
step 00469/04357 (10.76%) | loss: 4.151967 | lrm: 1.00 | dt: 4107.35ms | tok/sec: 255,292 | bf16_mfu: 45.92 | epoch: 1 | total time: 37.19m | eta: 315.0m
step 00470/04357 (10.79%) | loss: 4.147039 | lrm: 1.00 | dt: 11788.27ms | tok/sec: 88,950 | bf16_mfu: 16.00 | epoch: 1 | total time: 37.38m | eta: 315.9m
step 00471/04357 (10.81%) | loss: 4.183832 | lrm: 1.00 | dt: 3996.89ms | tok/sec: 262,348 | bf16_mfu: 47.19 | epoch: 1 | total time: 37.45m | eta: 315.7m
step 00472/04357 (10.83%) | loss: 4.216624 | lrm: 1.00 | dt: 4058.42ms | tok/sec: 258,370 | bf16_mfu: 46.48 | epoch: 1 | total time: 37.52m | eta: 315.5m
step 00473/04357 (10.86%) | loss: 4.229041 | lrm: 1.00 | dt: 4063.27ms | tok/sec: 258,061 | bf16_mfu: 46.42 | epoch: 1 | total time: 37.59m | eta: 315.3m
step 00474/04357 (10.88%) | loss: 4.243521 | lrm: 1.00 | dt: 4086.34ms | tok/sec: 256,605 | bf16_mfu: 46.16 | epoch: 1 | total time: 37.65m | eta: 315.1m
step 00475/04357 (10.90%) | loss: 4.235077 | lrm: 1.00 | dt: 4099.27ms | tok/sec: 255,796 | bf16_mfu: 46.02 | epoch: 1 | total time: 37.72m | eta: 314.9m
step 00476/04357 (10.92%) | loss: 4.218286 | lrm: 1.00 | dt: 4090.85ms | tok/sec: 256,322 | bf16_mfu: 46.11 | epoch: 1 | total time: 37.79m | eta: 314.7m
step 00477/04357 (10.95%) | loss: 4.200335 | lrm: 1.00 | dt: 4103.01ms | tok/sec: 255,562 | bf16_mfu: 45.97 | epoch: 1 | total time: 37.86m | eta: 314.5m
step 00478/04357 (10.97%) | loss: 4.184397 | lrm: 1.00 | dt: 4109.35ms | tok/sec: 255,168 | bf16_mfu: 45.90 | epoch: 1 | total time: 37.93m | eta: 314.4m
step 00479/04357 (10.99%) | loss: 4.175095 | lrm: 1.00 | dt: 4109.40ms | tok/sec: 255,165 | bf16_mfu: 45.90 | epoch: 1 | total time: 38.00m | eta: 314.2m
step 00480/04357 (11.02%) | loss: 4.163194 | lrm: 1.00 | dt: 11860.16ms | tok/sec: 88,411 | bf16_mfu: 15.90 | epoch: 1 | total time: 38.19m | eta: 315.1m
step 00481/04357 (11.04%) | loss: 4.196363 | lrm: 1.00 | dt: 4021.65ms | tok/sec: 260,733 | bf16_mfu: 46.90 | epoch: 1 | total time: 38.26m | eta: 314.9m
step 00482/04357 (11.06%) | loss: 4.193742 | lrm: 1.00 | dt: 4077.07ms | tok/sec: 257,188 | bf16_mfu: 46.27 | epoch: 1 | total time: 38.33m | eta: 314.7m
step 00483/04357 (11.09%) | loss: 4.196144 | lrm: 1.00 | dt: 4095.23ms | tok/sec: 256,047 | bf16_mfu: 46.06 | epoch: 1 | total time: 38.40m | eta: 314.5m
step 00484/04357 (11.11%) | loss: 4.189650 | lrm: 1.00 | dt: 4086.43ms | tok/sec: 256,599 | bf16_mfu: 46.16 | epoch: 1 | total time: 38.46m | eta: 314.3m
step 00485/04357 (11.13%) | loss: 4.188857 | lrm: 1.00 | dt: 4111.52ms | tok/sec: 255,033 | bf16_mfu: 45.88 | epoch: 1 | total time: 38.53m | eta: 314.1m
step 00486/04357 (11.15%) | loss: 4.167639 | lrm: 1.00 | dt: 4110.84ms | tok/sec: 255,076 | bf16_mfu: 45.89 | epoch: 1 | total time: 38.60m | eta: 313.9m
step 00487/04357 (11.18%) | loss: 4.155925 | lrm: 1.00 | dt: 4106.47ms | tok/sec: 255,347 | bf16_mfu: 45.93 | epoch: 1 | total time: 38.67m | eta: 313.7m
step 00488/04357 (11.20%) | loss: 4.136958 | lrm: 1.00 | dt: 4122.37ms | tok/sec: 254,362 | bf16_mfu: 45.76 | epoch: 1 | total time: 38.74m | eta: 313.6m
step 00489/04357 (11.22%) | loss: 4.111198 | lrm: 1.00 | dt: 4124.78ms | tok/sec: 254,213 | bf16_mfu: 45.73 | epoch: 1 | total time: 38.81m | eta: 313.4m
step 00490/04357 (11.25%) | loss: 4.103268 | lrm: 1.00 | dt: 11851.88ms | tok/sec: 88,473 | bf16_mfu: 15.92 | epoch: 1 | total time: 39.01m | eta: 314.2m
step 00491/04357 (11.27%) | loss: 4.114190 | lrm: 1.00 | dt: 4016.26ms | tok/sec: 261,082 | bf16_mfu: 46.97 | epoch: 1 | total time: 39.07m | eta: 314.0m
step 00492/04357 (11.29%) | loss: 4.124650 | lrm: 1.00 | dt: 4068.70ms | tok/sec: 257,717 | bf16_mfu: 46.36 | epoch: 1 | total time: 39.14m | eta: 313.8m
step 00493/04357 (11.32%) | loss: 4.116579 | lrm: 1.00 | dt: 4073.84ms | tok/sec: 257,392 | bf16_mfu: 46.30 | epoch: 1 | total time: 39.21m | eta: 313.7m
step 00494/04357 (11.34%) | loss: 4.118532 | lrm: 1.00 | dt: 4079.02ms | tok/sec: 257,065 | bf16_mfu: 46.24 | epoch: 1 | total time: 39.28m | eta: 313.5m
step 00495/04357 (11.36%) | loss: 4.109877 | lrm: 1.00 | dt: 4086.44ms | tok/sec: 256,598 | bf16_mfu: 46.16 | epoch: 1 | total time: 39.34m | eta: 313.3m
step 00496/04357 (11.38%) | loss: 4.092689 | lrm: 1.00 | dt: 4097.92ms | tok/sec: 255,880 | bf16_mfu: 46.03 | epoch: 1 | total time: 39.41m | eta: 313.1m
step 00497/04357 (11.41%) | loss: 4.084271 | lrm: 1.00 | dt: 4095.63ms | tok/sec: 256,022 | bf16_mfu: 46.06 | epoch: 1 | total time: 39.48m | eta: 312.9m
step 00498/04357 (11.43%) | loss: 4.069548 | lrm: 1.00 | dt: 4104.35ms | tok/sec: 255,478 | bf16_mfu: 45.96 | epoch: 1 | total time: 39.55m | eta: 312.7m
step 00499/04357 (11.45%) | loss: 4.065332 | lrm: 1.00 | dt: 4094.63ms | tok/sec: 256,085 | bf16_mfu: 46.07 | epoch: 1 | total time: 39.62m | eta: 312.6m
Step 00500 | Validation bpb: 1.203409
step 00500/04357 (11.48%) | loss: 4.057980 | lrm: 1.00 | dt: 24275.44ms | tok/sec: 43,194 | bf16_mfu: 7.77 | epoch: 1 | total time: 40.02m | eta: 315.0m
step 00501/04357 (11.50%) | loss: 4.076776 | lrm: 1.00 | dt: 3937.74ms | tok/sec: 266,288 | bf16_mfu: 47.90 | epoch: 1 | total time: 40.09m | eta: 314.8m
step 00502/04357 (11.52%) | loss: 4.085792 | lrm: 1.00 | dt: 3985.66ms | tok/sec: 263,086 | bf16_mfu: 47.33 | epoch: 1 | total time: 40.15m | eta: 314.6m
step 00503/04357 (11.54%) | loss: 4.104920 | lrm: 1.00 | dt: 3996.89ms | tok/sec: 262,348 | bf16_mfu: 47.19 | epoch: 1 | total time: 40.22m | eta: 314.4m
step 00504/04357 (11.57%) | loss: 4.102089 | lrm: 1.00 | dt: 4024.70ms | tok/sec: 260,535 | bf16_mfu: 46.87 | epoch: 1 | total time: 40.29m | eta: 314.2m
step 00505/04357 (11.59%) | loss: 4.092718 | lrm: 1.00 | dt: 4032.95ms | tok/sec: 260,002 | bf16_mfu: 46.77 | epoch: 1 | total time: 40.35m | eta: 314.0m
step 00506/04357 (11.61%) | loss: 4.085488 | lrm: 1.00 | dt: 4040.56ms | tok/sec: 259,512 | bf16_mfu: 46.68 | epoch: 1 | total time: 40.42m | eta: 313.8m
step 00507/04357 (11.64%) | loss: 4.073491 | lrm: 1.00 | dt: 4050.26ms | tok/sec: 258,891 | bf16_mfu: 46.57 | epoch: 1 | total time: 40.49m | eta: 313.7m
step 00508/04357 (11.66%) | loss: 4.062390 | lrm: 1.00 | dt: 4063.66ms | tok/sec: 258,037 | bf16_mfu: 46.42 | epoch: 1 | total time: 40.56m | eta: 313.5m
step 00509/04357 (11.68%) | loss: 4.052332 | lrm: 1.00 | dt: 4064.98ms | tok/sec: 257,953 | bf16_mfu: 46.40 | epoch: 1 | total time: 40.62m | eta: 313.3m
step 00510/04357 (11.71%) | loss: 4.035733 | lrm: 1.00 | dt: 11749.00ms | tok/sec: 89,248 | bf16_mfu: 16.05 | epoch: 1 | total time: 40.82m | eta: 314.1m
step 00511/04357 (11.73%) | loss: 4.066326 | lrm: 1.00 | dt: 3982.08ms | tok/sec: 263,323 | bf16_mfu: 47.37 | epoch: 1 | total time: 40.89m | eta: 313.9m
step 00512/04357 (11.75%) | loss: 4.084873 | lrm: 1.00 | dt: 4038.11ms | tok/sec: 259,669 | bf16_mfu: 46.71 | epoch: 1 | total time: 40.95m | eta: 313.7m
step 00513/04357 (11.77%) | loss: 4.102713 | lrm: 1.00 | dt: 4056.79ms | tok/sec: 258,474 | bf16_mfu: 46.50 | epoch: 1 | total time: 41.02m | eta: 313.5m
step 00514/04357 (11.80%) | loss: 4.110222 | lrm: 1.00 | dt: 4052.81ms | tok/sec: 258,727 | bf16_mfu: 46.54 | epoch: 1 | total time: 41.09m | eta: 313.3m
step 00515/04357 (11.82%) | loss: 4.103300 | lrm: 1.00 | dt: 4069.08ms | tok/sec: 257,693 | bf16_mfu: 46.36 | epoch: 1 | total time: 41.16m | eta: 313.1m
step 00516/04357 (11.84%) | loss: 4.099285 | lrm: 1.00 | dt: 4083.06ms | tok/sec: 256,811 | bf16_mfu: 46.20 | epoch: 1 | total time: 41.23m | eta: 312.9m
step 00517/04357 (11.87%) | loss: 4.097114 | lrm: 1.00 | dt: 4090.53ms | tok/sec: 256,342 | bf16_mfu: 46.11 | epoch: 1 | total time: 41.29m | eta: 312.8m
step 00518/04357 (11.89%) | loss: 4.059723 | lrm: 1.00 | dt: 4084.06ms | tok/sec: 256,748 | bf16_mfu: 46.19 | epoch: 1 | total time: 41.36m | eta: 312.6m
step 00519/04357 (11.91%) | loss: 4.046399 | lrm: 1.00 | dt: 4085.74ms | tok/sec: 256,642 | bf16_mfu: 46.17 | epoch: 1 | total time: 41.43m | eta: 312.4m
step 00520/04357 (11.93%) | loss: 4.036136 | lrm: 1.00 | dt: 11764.59ms | tok/sec: 89,129 | bf16_mfu: 16.03 | epoch: 1 | total time: 41.63m | eta: 313.2m
step 00521/04357 (11.96%) | loss: 4.055133 | lrm: 1.00 | dt: 3997.84ms | tok/sec: 262,285 | bf16_mfu: 47.18 | epoch: 1 | total time: 41.69m | eta: 313.0m
step 00522/04357 (11.98%) | loss: 4.065368 | lrm: 1.00 | dt: 4058.27ms | tok/sec: 258,379 | bf16_mfu: 46.48 | epoch: 1 | total time: 41.76m | eta: 312.8m
step 00523/04357 (12.00%) | loss: 4.068106 | lrm: 1.00 | dt: 4039.53ms | tok/sec: 259,578 | bf16_mfu: 46.70 | epoch: 1 | total time: 41.83m | eta: 312.6m
step 00524/04357 (12.03%) | loss: 4.074279 | lrm: 1.00 | dt: 4075.05ms | tok/sec: 257,315 | bf16_mfu: 46.29 | epoch: 1 | total time: 41.90m | eta: 312.4m
step 00525/04357 (12.05%) | loss: 4.070450 | lrm: 1.00 | dt: 4082.05ms | tok/sec: 256,874 | bf16_mfu: 46.21 | epoch: 1 | total time: 41.96m | eta: 312.2m
step 00526/04357 (12.07%) | loss: 4.060925 | lrm: 1.00 | dt: 4080.87ms | tok/sec: 256,948 | bf16_mfu: 46.22 | epoch: 1 | total time: 42.03m | eta: 312.1m
step 00527/04357 (12.10%) | loss: 4.056134 | lrm: 1.00 | dt: 4087.82ms | tok/sec: 256,512 | bf16_mfu: 46.14 | epoch: 1 | total time: 42.10m | eta: 311.9m
step 00528/04357 (12.12%) | loss: 4.044600 | lrm: 1.00 | dt: 4096.79ms | tok/sec: 255,950 | bf16_mfu: 46.04 | epoch: 1 | total time: 42.17m | eta: 311.7m
step 00529/04357 (12.14%) | loss: 4.034937 | lrm: 1.00 | dt: 4106.17ms | tok/sec: 255,365 | bf16_mfu: 45.94 | epoch: 1 | total time: 42.24m | eta: 311.5m
step 00530/04357 (12.16%) | loss: 4.019364 | lrm: 1.00 | dt: 11746.62ms | tok/sec: 89,266 | bf16_mfu: 16.06 | epoch: 1 | total time: 42.43m | eta: 312.3m
step 00531/04357 (12.19%) | loss: 4.042446 | lrm: 1.00 | dt: 3995.75ms | tok/sec: 262,423 | bf16_mfu: 47.21 | epoch: 1 | total time: 42.50m | eta: 312.1m
step 00532/04357 (12.21%) | loss: 4.064033 | lrm: 1.00 | dt: 4053.06ms | tok/sec: 258,712 | bf16_mfu: 46.54 | epoch: 1 | total time: 42.57m | eta: 311.9m
step 00533/04357 (12.23%) | loss: 4.074719 | lrm: 1.00 | dt: 4062.58ms | tok/sec: 258,105 | bf16_mfu: 46.43 | epoch: 1 | total time: 42.63m | eta: 311.7m
step 00534/04357 (12.26%) | loss: 4.078261 | lrm: 1.00 | dt: 4071.07ms | tok/sec: 257,567 | bf16_mfu: 46.33 | epoch: 1 | total time: 42.70m | eta: 311.5m
step 00535/04357 (12.28%) | loss: 4.076017 | lrm: 1.00 | dt: 4077.51ms | tok/sec: 257,161 | bf16_mfu: 46.26 | epoch: 1 | total time: 42.77m | eta: 311.4m
step 00536/04357 (12.30%) | loss: 4.068069 | lrm: 1.00 | dt: 4090.78ms | tok/sec: 256,326 | bf16_mfu: 46.11 | epoch: 1 | total time: 42.84m | eta: 311.2m
step 00537/04357 (12.32%) | loss: 4.058294 | lrm: 1.00 | dt: 4095.56ms | tok/sec: 256,027 | bf16_mfu: 46.06 | epoch: 1 | total time: 42.91m | eta: 311.0m
step 00538/04357 (12.35%) | loss: 4.038796 | lrm: 1.00 | dt: 4096.88ms | tok/sec: 255,944 | bf16_mfu: 46.04 | epoch: 1 | total time: 42.97m | eta: 310.8m
step 00539/04357 (12.37%) | loss: 4.025965 | lrm: 1.00 | dt: 4098.31ms | tok/sec: 255,855 | bf16_mfu: 46.03 | epoch: 1 | total time: 43.04m | eta: 310.7m
step 00540/04357 (12.39%) | loss: 4.010138 | lrm: 1.00 | dt: 11743.09ms | tok/sec: 89,293 | bf16_mfu: 16.06 | epoch: 1 | total time: 43.24m | eta: 311.4m
step 00541/04357 (12.42%) | loss: 4.036019 | lrm: 1.00 | dt: 4014.14ms | tok/sec: 261,220 | bf16_mfu: 46.99 | epoch: 1 | total time: 43.31m | eta: 311.2m
step 00542/04357 (12.44%) | loss: 4.055592 | lrm: 1.00 | dt: 4062.92ms | tok/sec: 258,084 | bf16_mfu: 46.43 | epoch: 1 | total time: 43.37m | eta: 311.0m
step 00543/04357 (12.46%) | loss: 4.051554 | lrm: 1.00 | dt: 4064.36ms | tok/sec: 257,992 | bf16_mfu: 46.41 | epoch: 1 | total time: 43.44m | eta: 310.8m
step 00544/04357 (12.49%) | loss: 4.030302 | lrm: 1.00 | dt: 4081.92ms | tok/sec: 256,882 | bf16_mfu: 46.21 | epoch: 1 | total time: 43.51m | eta: 310.7m
step 00545/04357 (12.51%) | loss: 4.026751 | lrm: 1.00 | dt: 4080.42ms | tok/sec: 256,977 | bf16_mfu: 46.23 | epoch: 1 | total time: 43.58m | eta: 310.5m
step 00546/04357 (12.53%) | loss: 4.023734 | lrm: 1.00 | dt: 4089.54ms | tok/sec: 256,404 | bf16_mfu: 46.12 | epoch: 1 | total time: 43.64m | eta: 310.3m
step 00547/04357 (12.55%) | loss: 4.007958 | lrm: 1.00 | dt: 4086.63ms | tok/sec: 256,586 | bf16_mfu: 46.16 | epoch: 1 | total time: 43.71m | eta: 310.1m
step 00548/04357 (12.58%) | loss: 4.007133 | lrm: 1.00 | dt: 4097.10ms | tok/sec: 255,931 | bf16_mfu: 46.04 | epoch: 1 | total time: 43.78m | eta: 310.0m
step 00549/04357 (12.60%) | loss: 4.001343 | lrm: 1.00 | dt: 4092.39ms | tok/sec: 256,226 | bf16_mfu: 46.09 | epoch: 1 | total time: 43.85m | eta: 309.8m
step 00550/04357 (12.62%) | loss: 3.971952 | lrm: 1.00 | dt: 11713.03ms | tok/sec: 89,522 | bf16_mfu: 16.10 | epoch: 1 | total time: 44.04m | eta: 310.5m
step 00551/04357 (12.65%) | loss: 3.983702 | lrm: 1.00 | dt: 4005.94ms | tok/sec: 261,755 | bf16_mfu: 47.09 | epoch: 1 | total time: 44.11m | eta: 310.3m
